
> file-organizer-mcp@3.2.8 test
> node --experimental-vm-modules node_modules/jest/bin/jest.js

node.exe : (node:15060) ExperimentalWarning: VM Modules is an experimental feature and might change at any time
At line:1 char:1
+ & "C:\Program Files\nodejs/node.exe" "C:\Program Files\nodejs/node_mo ...
+ ~~~~~~~~~~~~~~~~~~~~~~~~~~~~~~~~~~~~~~~~~~~~~~~~~~~~~~~~~~~~~~~~~~~~~
    + CategoryInfo          : NotSpecified: ((node:15060) Ex...nge at any time:String) [], RemoteException
    + FullyQualifiedErrorId : NativeCommandError
 
(Use `node --trace-warnings ...` to show where the warning was created)
FAIL tests/unit/services/metadata-cache.test.ts
  ÔùÅ Console

    console.error
      {"timestamp":"2026-02-11T12:49:38.729Z","level":"info","message":"MetadataCacheService initialized","cacheDir":"C
:\\Users\\NewAdmin\\Desktop\\File-Organizer-MCP\\.cache","maxAge":604800000,"maxEntries":10000}

    [0m [90m 23 |[39m     }[33m;[39m
     [90m 24 |[39m
    [31m[1m>[22m[39m[90m 25 |[39m     
console[33m.[39merror([33mJSON[39m[33m.[39mstringify(entry))[33m;[39m [90m// stderr for stdio servers[39m
     [90m    |[39m             [31m[1m^[22m[39m
     [90m 26 |[39m   }
     [90m 27 |[39m
     [90m 28 |[39m   debug(message[33m:[39m string[33m,[39m context[33m?[39m[33m:[39m 
[33mRecord[39m[33m<[39m[33mstring[39m[33m,[39m any[33m>[39m) {[0m

      at Logger.log (src/utils/logger.ts:25:13)
      at Logger.info (src/utils/logger.ts:33:10)
      at new MetadataCacheService (src/services/metadata-cache.service.ts:42:12)
      at src/services/metadata-cache.service.ts:556:36

    console.error
      {"timestamp":"2026-02-11T12:49:38.759Z","level":"info","message":"MetadataCacheService initialized","cacheDir":"C
:\\Users\\NewAdmin\\Desktop\\File-Organizer-MCP\\tests\\temp\\cache-K3S7Mh","maxAge":604800000,"maxEntries":10000}

    [0m [90m 23 |[39m     }[33m;[39m
     [90m 24 |[39m
    [31m[1m>[22m[39m[90m 25 |[39m     
console[33m.[39merror([33mJSON[39m[33m.[39mstringify(entry))[33m;[39m [90m// stderr for stdio servers[39m
     [90m    |[39m             [31m[1m^[22m[39m
     [90m 26 |[39m   }
     [90m 27 |[39m
     [90m 28 |[39m   debug(message[33m:[39m string[33m,[39m context[33m?[39m[33m:[39m 
[33mRecord[39m[33m<[39m[33mstring[39m[33m,[39m any[33m>[39m) {[0m

      at Logger.log (src/utils/logger.ts:25:13)
      at Logger.info (src/utils/logger.ts:33:10)
      at new MetadataCacheService (src/services/metadata-cache.service.ts:42:12)
      at Object.<anonymous> (tests/unit/services/metadata-cache.test.ts:16:15)

    console.error
      {"timestamp":"2026-02-11T12:49:38.770Z","level":"info","message":"MetadataCacheService initialized","cacheDir":"C
:\\Users\\NewAdmin\\Desktop\\File-Organizer-MCP\\tests\\temp\\cache-UZgFKL","maxAge":604800000,"maxEntries":10000}

    [0m [90m 23 |[39m     }[33m;[39m
     [90m 24 |[39m
    [31m[1m>[22m[39m[90m 25 |[39m     
console[33m.[39merror([33mJSON[39m[33m.[39mstringify(entry))[33m;[39m [90m// stderr for stdio servers[39m
     [90m    |[39m             [31m[1m^[22m[39m
     [90m 26 |[39m   }
     [90m 27 |[39m
     [90m 28 |[39m   debug(message[33m:[39m string[33m,[39m context[33m?[39m[33m:[39m 
[33mRecord[39m[33m<[39m[33mstring[39m[33m,[39m any[33m>[39m) {[0m

      at Logger.log (src/utils/logger.ts:25:13)
      at Logger.info (src/utils/logger.ts:33:10)
      at new MetadataCacheService (src/services/metadata-cache.service.ts:42:12)
      at Object.<anonymous> (tests/unit/services/metadata-cache.test.ts:16:15)

    console.error
      {"timestamp":"2026-02-11T12:49:38.772Z","level":"error","message":"Failed to cache metadata for test-key","error"
:{"errno":-4058,"code":"ENOENT","syscall":"stat","path":"C:\\Users\\NewAdmin\\Desktop\\File-Organizer-MCP\\test-key"}}

    [0m [90m 23 |[39m     }[33m;[39m
     [90m 24 |[39m
    [31m[1m>[22m[39m[90m 25 |[39m     
console[33m.[39merror([33mJSON[39m[33m.[39mstringify(entry))[33m;[39m [90m// stderr for stdio servers[39m
     [90m    |[39m             [31m[1m^[22m[39m
     [90m 26 |[39m   }
     [90m 27 |[39m
     [90m 28 |[39m   debug(message[33m:[39m string[33m,[39m context[33m?[39m[33m:[39m 
[33mRecord[39m[33m<[39m[33mstring[39m[33m,[39m any[33m>[39m) {[0m

      at Logger.log (src/utils/logger.ts:25:13)
      at Logger.error (src/utils/logger.ts:45:10)
      at src/services/metadata-cache.service.ts:399:16
      at MetadataCacheService.acquireLock (src/services/metadata-cache.service.ts:157:22)
      at MetadataCacheService.set (src/services/metadata-cache.service.ts:326:5)
      at Object.<anonymous> (tests/unit/services/metadata-cache.test.ts:39:7)

    console.error
      {"timestamp":"2026-02-11T12:49:38.775Z","level":"info","message":"MetadataCacheService initialized","cacheDir":"C
:\\Users\\NewAdmin\\Desktop\\File-Organizer-MCP\\tests\\temp\\cache-BoDOQ7","maxAge":604800000,"maxEntries":10000}

    [0m [90m 23 |[39m     }[33m;[39m
     [90m 24 |[39m
    [31m[1m>[22m[39m[90m 25 |[39m     
console[33m.[39merror([33mJSON[39m[33m.[39mstringify(entry))[33m;[39m [90m// stderr for stdio servers[39m
     [90m    |[39m             [31m[1m^[22m[39m
     [90m 26 |[39m   }
     [90m 27 |[39m
     [90m 28 |[39m   debug(message[33m:[39m string[33m,[39m context[33m?[39m[33m:[39m 
[33mRecord[39m[33m<[39m[33mstring[39m[33m,[39m any[33m>[39m) {[0m

      at Logger.log (src/utils/logger.ts:25:13)
      at Logger.info (src/utils/logger.ts:33:10)
      at new MetadataCacheService (src/services/metadata-cache.service.ts:42:12)
      at Object.<anonymous> (tests/unit/services/metadata-cache.test.ts:16:15)

    console.error
      {"timestamp":"2026-02-11T12:49:38.776Z","level":"error","message":"Failed to cache metadata for expired-key","err
or":{"errno":-4058,"code":"ENOENT","syscall":"stat","path":"C:\\Users\\NewAdmin\\Desktop\\File-Organizer-MCP\\expired-k
ey"}}

    [0m [90m 23 |[39m     }[33m;[39m
     [90m 24 |[39m
    [31m[1m>[22m[39m[90m 25 |[39m     
console[33m.[39merror([33mJSON[39m[33m.[39mstringify(entry))[33m;[39m [90m// stderr for stdio servers[39m
     [90m    |[39m             [31m[1m^[22m[39m
     [90m 26 |[39m   }
     [90m 27 |[39m
     [90m 28 |[39m   debug(message[33m:[39m string[33m,[39m context[33m?[39m[33m:[39m 
[33mRecord[39m[33m<[39m[33mstring[39m[33m,[39m any[33m>[39m) {[0m

      at Logger.log (src/utils/logger.ts:25:13)
      at Logger.error (src/utils/logger.ts:45:10)
      at src/services/metadata-cache.service.ts:399:16
      at MetadataCacheService.acquireLock (src/services/metadata-cache.service.ts:157:22)
      at MetadataCacheService.set (src/services/metadata-cache.service.ts:326:5)
      at Object.<anonymous> (tests/unit/services/metadata-cache.test.ts:50:7)

    console.error
      {"timestamp":"2026-02-11T12:49:38.779Z","level":"info","message":"MetadataCacheService initialized","cacheDir":"C
:\\Users\\NewAdmin\\Desktop\\File-Organizer-MCP\\tests\\temp\\cache-oNW4pK","maxAge":604800000,"maxEntries":10000}

    [0m [90m 23 |[39m     }[33m;[39m
     [90m 24 |[39m
    [31m[1m>[22m[39m[90m 25 |[39m     
console[33m.[39merror([33mJSON[39m[33m.[39mstringify(entry))[33m;[39m [90m// stderr for stdio servers[39m
     [90m    |[39m             [31m[1m^[22m[39m
     [90m 26 |[39m   }
     [90m 27 |[39m
     [90m 28 |[39m   debug(message[33m:[39m string[33m,[39m context[33m?[39m[33m:[39m 
[33mRecord[39m[33m<[39m[33mstring[39m[33m,[39m any[33m>[39m) {[0m

      at Logger.log (src/utils/logger.ts:25:13)
      at Logger.info (src/utils/logger.ts:33:10)
      at new MetadataCacheService (src/services/metadata-cache.service.ts:42:12)
      at Object.<anonymous> (tests/unit/services/metadata-cache.test.ts:16:15)

    console.error
      {"timestamp":"2026-02-11T12:49:38.782Z","level":"error","message":"Failed to cache metadata for audio/metadata/so
ng1","error":{"errno":-4058,"code":"ENOENT","syscall":"stat","path":"C:\\Users\\NewAdmin\\Desktop\\File-Organizer-MCP\\
audio\\metadata\\song1"}}

    [0m [90m 23 |[39m     }[33m;[39m
     [90m 24 |[39m
    [31m[1m>[22m[39m[90m 25 |[39m     
console[33m.[39merror([33mJSON[39m[33m.[39mstringify(entry))[33m;[39m [90m// stderr for stdio servers[39m
     [90m    |[39m             [31m[1m^[22m[39m
     [90m 26 |[39m   }
     [90m 27 |[39m
     [90m 28 |[39m   debug(message[33m:[39m string[33m,[39m context[33m?[39m[33m:[39m 
[33mRecord[39m[33m<[39m[33mstring[39m[33m,[39m any[33m>[39m) {[0m

      at Logger.log (src/utils/logger.ts:25:13)
      at Logger.error (src/utils/logger.ts:45:10)
      at src/services/metadata-cache.service.ts:399:16
      at MetadataCacheService.acquireLock (src/services/metadata-cache.service.ts:157:22)
      at MetadataCacheService.set (src/services/metadata-cache.service.ts:326:5)
      at Object.<anonymous> (tests/unit/services/metadata-cache.test.ts:63:7)

    console.error
      {"timestamp":"2026-02-11T12:49:38.785Z","level":"info","message":"MetadataCacheService initialized","cacheDir":"C
:\\Users\\NewAdmin\\Desktop\\File-Organizer-MCP\\tests\\temp\\cache-JGjccg","maxAge":604800000,"maxEntries":10000}

    [0m [90m 23 |[39m     }[33m;[39m
     [90m 24 |[39m
    [31m[1m>[22m[39m[90m 25 |[39m     
console[33m.[39merror([33mJSON[39m[33m.[39mstringify(entry))[33m;[39m [90m// stderr for stdio servers[39m
     [90m    |[39m             [31m[1m^[22m[39m
     [90m 26 |[39m   }
     [90m 27 |[39m
     [90m 28 |[39m   debug(message[33m:[39m string[33m,[39m context[33m?[39m[33m:[39m 
[33mRecord[39m[33m<[39m[33mstring[39m[33m,[39m any[33m>[39m) {[0m

      at Logger.log (src/utils/logger.ts:25:13)
      at Logger.info (src/utils/logger.ts:33:10)
      at new MetadataCacheService (src/services/metadata-cache.service.ts:42:12)
      at Object.<anonymous> (tests/unit/services/metadata-cache.test.ts:16:15)

    console.error
      {"timestamp":"2026-02-11T12:49:38.786Z","level":"error","message":"Failed to cache metadata for file:/path/to/son
g.mp3","error":{"errno":-4058,"code":"ENOENT","syscall":"stat","path":"C:\\Users\\NewAdmin\\Desktop\\File-Organizer-MCP
\\file:\\path\\to\\song.mp3"}}

    [0m [90m 23 |[39m     }[33m;[39m
     [90m 24 |[39m
    [31m[1m>[22m[39m[90m 25 |[39m     
console[33m.[39merror([33mJSON[39m[33m.[39mstringify(entry))[33m;[39m [90m// stderr for stdio servers[39m
     [90m    |[39m             [31m[1m^[22m[39m
     [90m 26 |[39m   }
     [90m 27 |[39m
     [90m 28 |[39m   debug(message[33m:[39m string[33m,[39m context[33m?[39m[33m:[39m 
[33mRecord[39m[33m<[39m[33mstring[39m[33m,[39m any[33m>[39m) {[0m

      at Logger.log (src/utils/logger.ts:25:13)
      at Logger.error (src/utils/logger.ts:45:10)
      at src/services/metadata-cache.service.ts:399:16
      at MetadataCacheService.acquireLock (src/services/metadata-cache.service.ts:157:22)
      at MetadataCacheService.set (src/services/metadata-cache.service.ts:326:5)
      at Object.<anonymous> (tests/unit/services/metadata-cache.test.ts:73:7)

    console.error
      {"timestamp":"2026-02-11T12:49:38.789Z","level":"info","message":"MetadataCacheService initialized","cacheDir":"C
:\\Users\\NewAdmin\\Desktop\\File-Organizer-MCP\\tests\\temp\\cache-ztbDDo","maxAge":604800000,"maxEntries":10000}

    [0m [90m 23 |[39m     }[33m;[39m
     [90m 24 |[39m
    [31m[1m>[22m[39m[90m 25 |[39m     
console[33m.[39merror([33mJSON[39m[33m.[39mstringify(entry))[33m;[39m [90m// stderr for stdio servers[39m
     [90m    |[39m             [31m[1m^[22m[39m
     [90m 26 |[39m   }
     [90m 27 |[39m
     [90m 28 |[39m   debug(message[33m:[39m string[33m,[39m context[33m?[39m[33m:[39m 
[33mRecord[39m[33m<[39m[33mstring[39m[33m,[39m any[33m>[39m) {[0m

      at Logger.log (src/utils/logger.ts:25:13)
      at Logger.info (src/utils/logger.ts:33:10)
      at new MetadataCacheService (src/services/metadata-cache.service.ts:42:12)
      at Object.<anonymous> (tests/unit/services/metadata-cache.test.ts:16:15)

    console.error
      {"timestamp":"2026-02-11T12:49:38.789Z","level":"error","message":"Failed to cache metadata for store-test","erro
r":{"errno":-4058,"code":"ENOENT","syscall":"stat","path":"C:\\Users\\NewAdmin\\Desktop\\File-Organizer-MCP\\store-test
"}}

    [0m [90m 23 |[39m     }[33m;[39m
     [90m 24 |[39m
    [31m[1m>[22m[39m[90m 25 |[39m     
console[33m.[39merror([33mJSON[39m[33m.[39mstringify(entry))[33m;[39m [90m// stderr for stdio servers[39m
     [90m    |[39m             [31m[1m^[22m[39m
     [90m 26 |[39m   }
     [90m 27 |[39m
     [90m 28 |[39m   debug(message[33m:[39m string[33m,[39m context[33m?[39m[33m:[39m 
[33mRecord[39m[33m<[39m[33mstring[39m[33m,[39m any[33m>[39m) {[0m

      at Logger.log (src/utils/logger.ts:25:13)
      at Logger.error (src/utils/logger.ts:45:10)
      at src/services/metadata-cache.service.ts:399:16
      at MetadataCacheService.acquireLock (src/services/metadata-cache.service.ts:157:22)
      at MetadataCacheService.set (src/services/metadata-cache.service.ts:326:5)
      at Object.<anonymous> (tests/unit/services/metadata-cache.test.ts:85:7)

    console.error
      {"timestamp":"2026-02-11T12:49:38.792Z","level":"info","message":"MetadataCacheService initialized","cacheDir":"C
:\\Users\\NewAdmin\\Desktop\\File-Organizer-MCP\\tests\\temp\\cache-axilLb","maxAge":604800000,"maxEntries":10000}

    [0m [90m 23 |[39m     }[33m;[39m
     [90m 24 |[39m
    [31m[1m>[22m[39m[90m 25 |[39m     
console[33m.[39merror([33mJSON[39m[33m.[39mstringify(entry))[33m;[39m [90m// stderr for stdio servers[39m
     [90m    |[39m             [31m[1m^[22m[39m
     [90m 26 |[39m   }
     [90m 27 |[39m
     [90m 28 |[39m   debug(message[33m:[39m string[33m,[39m context[33m?[39m[33m:[39m 
[33mRecord[39m[33m<[39m[33mstring[39m[33m,[39m any[33m>[39m) {[0m

      at Logger.log (src/utils/logger.ts:25:13)
      at Logger.info (src/utils/logger.ts:33:10)
      at new MetadataCacheService (src/services/metadata-cache.service.ts:42:12)
      at Object.<anonymous> (tests/unit/services/metadata-cache.test.ts:16:15)

    console.error
      {"timestamp":"2026-02-11T12:49:38.793Z","level":"error","message":"Failed to cache metadata for overwrite-test","
error":{"errno":-4058,"code":"ENOENT","syscall":"stat","path":"C:\\Users\\NewAdmin\\Desktop\\File-Organizer-MCP\\overwr
ite-test"}}

    [0m [90m 23 |[39m     }[33m;[39m
     [90m 24 |[39m
    [31m[1m>[22m[39m[90m 25 |[39m     
console[33m.[39merror([33mJSON[39m[33m.[39mstringify(entry))[33m;[39m [90m// stderr for stdio servers[39m
     [90m    |[39m             [31m[1m^[22m[39m
     [90m 26 |[39m   }
     [90m 27 |[39m
     [90m 28 |[39m   debug(message[33m:[39m string[33m,[39m context[33m?[39m[33m:[39m 
[33mRecord[39m[33m<[39m[33mstring[39m[33m,[39m any[33m>[39m) {[0m

      at Logger.log (src/utils/logger.ts:25:13)
      at Logger.error (src/utils/logger.ts:45:10)
      at src/services/metadata-cache.service.ts:399:16
      at MetadataCacheService.acquireLock (src/services/metadata-cache.service.ts:157:22)
      at MetadataCacheService.set (src/services/metadata-cache.service.ts:326:5)
      at Object.<anonymous> (tests/unit/services/metadata-cache.test.ts:94:7)

    console.error
      {"timestamp":"2026-02-11T12:49:38.796Z","level":"info","message":"MetadataCacheService initialized","cacheDir":"C
:\\Users\\NewAdmin\\Desktop\\File-Organizer-MCP\\tests\\temp\\cache-d5omFU","maxAge":604800000,"maxEntries":10000}

    [0m [90m 23 |[39m     }[33m;[39m
     [90m 24 |[39m
    [31m[1m>[22m[39m[90m 25 |[39m     
console[33m.[39merror([33mJSON[39m[33m.[39mstringify(entry))[33m;[39m [90m// stderr for stdio servers[39m
     [90m    |[39m             [31m[1m^[22m[39m
     [90m 26 |[39m   }
     [90m 27 |[39m
     [90m 28 |[39m   debug(message[33m:[39m string[33m,[39m context[33m?[39m[33m:[39m 
[33mRecord[39m[33m<[39m[33mstring[39m[33m,[39m any[33m>[39m) {[0m

      at Logger.log (src/utils/logger.ts:25:13)
      at Logger.info (src/utils/logger.ts:33:10)
      at new MetadataCacheService (src/services/metadata-cache.service.ts:42:12)
      at Object.<anonymous> (tests/unit/services/metadata-cache.test.ts:16:15)

    console.error
      {"timestamp":"2026-02-11T12:49:38.797Z","level":"error","message":"Failed to cache metadata for complex-test","er
ror":{"errno":-4058,"code":"ENOENT","syscall":"stat","path":"C:\\Users\\NewAdmin\\Desktop\\File-Organizer-MCP\\complex-
test"}}

    [0m [90m 23 |[39m     }[33m;[39m
     [90m 24 |[39m
    [31m[1m>[22m[39m[90m 25 |[39m     
console[33m.[39merror([33mJSON[39m[33m.[39mstringify(entry))[33m;[39m [90m// stderr for stdio servers[39m
     [90m    |[39m             [31m[1m^[22m[39m
     [90m 26 |[39m   }
     [90m 27 |[39m
     [90m 28 |[39m   debug(message[33m:[39m string[33m,[39m context[33m?[39m[33m:[39m 
[33mRecord[39m[33m<[39m[33mstring[39m[33m,[39m any[33m>[39m) {[0m

      at Logger.log (src/utils/logger.ts:25:13)
      at Logger.error (src/utils/logger.ts:45:10)
      at src/services/metadata-cache.service.ts:399:16
      at MetadataCacheService.acquireLock (src/services/metadata-cache.service.ts:157:22)
      at MetadataCacheService.set (src/services/metadata-cache.service.ts:326:5)
      at Object.<anonymous> (tests/unit/services/metadata-cache.test.ts:118:7)

    console.error
      {"timestamp":"2026-02-11T12:49:38.803Z","level":"info","message":"MetadataCacheService initialized","cacheDir":"C
:\\Users\\NewAdmin\\Desktop\\File-Organizer-MCP\\tests\\temp\\cache-R5clNQ","maxAge":604800000,"maxEntries":10000}

    [0m [90m 23 |[39m     }[33m;[39m
     [90m 24 |[39m
    [31m[1m>[22m[39m[90m 25 |[39m     
console[33m.[39merror([33mJSON[39m[33m.[39mstringify(entry))[33m;[39m [90m// stderr for stdio servers[39m
     [90m    |[39m             [31m[1m^[22m[39m
     [90m 26 |[39m   }
     [90m 27 |[39m
     [90m 28 |[39m   debug(message[33m:[39m string[33m,[39m context[33m?[39m[33m:[39m 
[33mRecord[39m[33m<[39m[33mstring[39m[33m,[39m any[33m>[39m) {[0m

      at Logger.log (src/utils/logger.ts:25:13)
      at Logger.info (src/utils/logger.ts:33:10)
      at new MetadataCacheService (src/services/metadata-cache.service.ts:42:12)
      at Object.<anonymous> (tests/unit/services/metadata-cache.test.ts:16:15)

    console.error
      {"timestamp":"2026-02-11T12:49:38.805Z","level":"error","message":"Failed to cache metadata for date-test","error
":{"errno":-4058,"code":"ENOENT","syscall":"stat","path":"C:\\Users\\NewAdmin\\Desktop\\File-Organizer-MCP\\date-test"}
}

    [0m [90m 23 |[39m     }[33m;[39m
     [90m 24 |[39m
    [31m[1m>[22m[39m[90m 25 |[39m     
console[33m.[39merror([33mJSON[39m[33m.[39mstringify(entry))[33m;[39m [90m// stderr for stdio servers[39m
     [90m    |[39m             [31m[1m^[22m[39m
     [90m 26 |[39m   }
     [90m 27 |[39m
     [90m 28 |[39m   debug(message[33m:[39m string[33m,[39m context[33m?[39m[33m:[39m 
[33mRecord[39m[33m<[39m[33mstring[39m[33m,[39m any[33m>[39m) {[0m

      at Logger.log (src/utils/logger.ts:25:13)
      at Logger.error (src/utils/logger.ts:45:10)
      at src/services/metadata-cache.service.ts:399:16
      at MetadataCacheService.acquireLock (src/services/metadata-cache.service.ts:157:22)
      at MetadataCacheService.set (src/services/metadata-cache.service.ts:326:5)
      at Object.<anonymous> (tests/unit/services/metadata-cache.test.ts:129:7)

    console.error
      {"timestamp":"2026-02-11T12:49:38.808Z","level":"info","message":"MetadataCacheService initialized","cacheDir":"C
:\\Users\\NewAdmin\\Desktop\\File-Organizer-MCP\\tests\\temp\\cache-qLAnwo","maxAge":604800000,"maxEntries":10000}

    [0m [90m 23 |[39m     }[33m;[39m
     [90m 24 |[39m
    [31m[1m>[22m[39m[90m 25 |[39m     
console[33m.[39merror([33mJSON[39m[33m.[39mstringify(entry))[33m;[39m [90m// stderr for stdio servers[39m
     [90m    |[39m             [31m[1m^[22m[39m
     [90m 26 |[39m   }
     [90m 27 |[39m
     [90m 28 |[39m   debug(message[33m:[39m string[33m,[39m context[33m?[39m[33m:[39m 
[33mRecord[39m[33m<[39m[33mstring[39m[33m,[39m any[33m>[39m) {[0m

      at Logger.log (src/utils/logger.ts:25:13)
      at Logger.info (src/utils/logger.ts:33:10)
      at new MetadataCacheService (src/services/metadata-cache.service.ts:42:12)
      at Object.<anonymous> (tests/unit/services/metadata-cache.test.ts:16:15)

    console.error
      {"timestamp":"2026-02-11T12:49:38.808Z","level":"error","message":"Failed to cache metadata for delete-test","err
or":{"errno":-4058,"code":"ENOENT","syscall":"stat","path":"C:\\Users\\NewAdmin\\Desktop\\File-Organizer-MCP\\delete-te
st"}}

    [0m [90m 23 |[39m     }[33m;[39m
     [90m 24 |[39m
    [31m[1m>[22m[39m[90m 25 |[39m     
console[33m.[39merror([33mJSON[39m[33m.[39mstringify(entry))[33m;[39m [90m// stderr for stdio servers[39m
     [90m    |[39m             [31m[1m^[22m[39m
     [90m 26 |[39m   }
     [90m 27 |[39m
     [90m 28 |[39m   debug(message[33m:[39m string[33m,[39m context[33m?[39m[33m:[39m 
[33mRecord[39m[33m<[39m[33mstring[39m[33m,[39m any[33m>[39m) {[0m

      at Logger.log (src/utils/logger.ts:25:13)
      at Logger.error (src/utils/logger.ts:45:10)
      at src/services/metadata-cache.service.ts:399:16
      at MetadataCacheService.acquireLock (src/services/metadata-cache.service.ts:157:22)
      at MetadataCacheService.set (src/services/metadata-cache.service.ts:326:5)
      at Object.<anonymous> (tests/unit/services/metadata-cache.test.ts:139:7)

    console.error
      {"timestamp":"2026-02-11T12:49:38.811Z","level":"info","message":"MetadataCacheService initialized","cacheDir":"C
:\\Users\\NewAdmin\\Desktop\\File-Organizer-MCP\\tests\\temp\\cache-ICSH0g","maxAge":604800000,"maxEntries":10000}

    [0m [90m 23 |[39m     }[33m;[39m
     [90m 24 |[39m
    [31m[1m>[22m[39m[90m 25 |[39m     
console[33m.[39merror([33mJSON[39m[33m.[39mstringify(entry))[33m;[39m [90m// stderr for stdio servers[39m
     [90m    |[39m             [31m[1m^[22m[39m
     [90m 26 |[39m   }
     [90m 27 |[39m
     [90m 28 |[39m   debug(message[33m:[39m string[33m,[39m context[33m?[39m[33m:[39m 
[33mRecord[39m[33m<[39m[33mstring[39m[33m,[39m any[33m>[39m) {[0m

      at Logger.log (src/utils/logger.ts:25:13)
      at Logger.info (src/utils/logger.ts:33:10)
      at new MetadataCacheService (src/services/metadata-cache.service.ts:42:12)
      at Object.<anonymous> (tests/unit/services/metadata-cache.test.ts:16:15)

    console.error
      {"timestamp":"2026-02-11T12:49:38.836Z","level":"info","message":"MetadataCacheService initialized","cacheDir":"C
:\\Users\\NewAdmin\\Desktop\\File-Organizer-MCP\\tests\\temp\\cache-6pY8wK","maxAge":604800000,"maxEntries":10000}

    [0m [90m 23 |[39m     }[33m;[39m
     [90m 24 |[39m
    [31m[1m>[22m[39m[90m 25 |[39m     
console[33m.[39merror([33mJSON[39m[33m.[39mstringify(entry))[33m;[39m [90m// stderr for stdio servers[39m
     [90m    |[39m             [31m[1m^[22m[39m
     [90m 26 |[39m   }
     [90m 27 |[39m
     [90m 28 |[39m   debug(message[33m:[39m string[33m,[39m context[33m?[39m[33m:[39m 
[33mRecord[39m[33m<[39m[33mstring[39m[33m,[39m any[33m>[39m) {[0m

      at Logger.log (src/utils/logger.ts:25:13)
      at Logger.info (src/utils/logger.ts:33:10)
      at new MetadataCacheService (src/services/metadata-cache.service.ts:42:12)
      at Object.<anonymous> (tests/unit/services/metadata-cache.test.ts:16:15)

    console.error
      {"timestamp":"2026-02-11T12:49:38.837Z","level":"error","message":"Failed to cache metadata for key1","error":{"e
rrno":-4058,"code":"ENOENT","syscall":"stat","path":"C:\\Users\\NewAdmin\\Desktop\\File-Organizer-MCP\\key1"}}

    [0m [90m 23 |[39m     }[33m;[39m
     [90m 24 |[39m
    [31m[1m>[22m[39m[90m 25 |[39m     
console[33m.[39merror([33mJSON[39m[33m.[39mstringify(entry))[33m;[39m [90m// stderr for stdio servers[39m
     [90m    |[39m             [31m[1m^[22m[39m
     [90m 26 |[39m   }
     [90m 27 |[39m
     [90m 28 |[39m   debug(message[33m:[39m string[33m,[39m context[33m?[39m[33m:[39m 
[33mRecord[39m[33m<[39m[33mstring[39m[33m,[39m any[33m>[39m) {[0m

      at Logger.log (src/utils/logger.ts:25:13)
      at Logger.error (src/utils/logger.ts:45:10)
      at src/services/metadata-cache.service.ts:399:16
      at MetadataCacheService.acquireLock (src/services/metadata-cache.service.ts:157:22)
      at MetadataCacheService.set (src/services/metadata-cache.service.ts:326:5)
      at Object.<anonymous> (tests/unit/services/metadata-cache.test.ts:154:7)

    console.error
      {"timestamp":"2026-02-11T12:49:38.840Z","level":"info","message":"MetadataCacheService initialized","cacheDir":"C
:\\Users\\NewAdmin\\Desktop\\File-Organizer-MCP\\tests\\temp\\cache-4cKh9p","maxAge":604800000,"maxEntries":10000}

    [0m [90m 23 |[39m     }[33m;[39m
     [90m 24 |[39m
    [31m[1m>[22m[39m[90m 25 |[39m     
console[33m.[39merror([33mJSON[39m[33m.[39mstringify(entry))[33m;[39m [90m// stderr for stdio servers[39m
     [90m    |[39m             [31m[1m^[22m[39m
     [90m 26 |[39m   }
     [90m 27 |[39m
     [90m 28 |[39m   debug(message[33m:[39m string[33m,[39m context[33m?[39m[33m:[39m 
[33mRecord[39m[33m<[39m[33mstring[39m[33m,[39m any[33m>[39m) {[0m

      at Logger.log (src/utils/logger.ts:25:13)
      at Logger.info (src/utils/logger.ts:33:10)
      at new MetadataCacheService (src/services/metadata-cache.service.ts:42:12)
      at Object.<anonymous> (tests/unit/services/metadata-cache.test.ts:16:15)

    console.error
      {"timestamp":"2026-02-11T12:49:38.843Z","level":"info","message":"MetadataCacheService initialized","cacheDir":"C
:\\Users\\NewAdmin\\Desktop\\File-Organizer-MCP\\tests\\temp\\cache-UzYil4","maxAge":604800000,"maxEntries":10000}

    [0m [90m 23 |[39m     }[33m;[39m
     [90m 24 |[39m
    [31m[1m>[22m[39m[90m 25 |[39m     
console[33m.[39merror([33mJSON[39m[33m.[39mstringify(entry))[33m;[39m [90m// stderr for stdio servers[39m
     [90m    |[39m             [31m[1m^[22m[39m
     [90m 26 |[39m   }
     [90m 27 |[39m
     [90m 28 |[39m   debug(message[33m:[39m string[33m,[39m context[33m?[39m[33m:[39m 
[33mRecord[39m[33m<[39m[33mstring[39m[33m,[39m any[33m>[39m) {[0m

      at Logger.log (src/utils/logger.ts:25:13)
      at Logger.info (src/utils/logger.ts:33:10)
      at new MetadataCacheService (src/services/metadata-cache.service.ts:42:12)
      at Object.<anonymous> (tests/unit/services/metadata-cache.test.ts:16:15)

    console.error
      {"timestamp":"2026-02-11T12:49:38.844Z","level":"error","message":"Failed to cache metadata for has-test","error"
:{"errno":-4058,"code":"ENOENT","syscall":"stat","path":"C:\\Users\\NewAdmin\\Desktop\\File-Organizer-MCP\\has-test"}}

    [0m [90m 23 |[39m     }[33m;[39m
     [90m 24 |[39m
    [31m[1m>[22m[39m[90m 25 |[39m     
console[33m.[39merror([33mJSON[39m[33m.[39mstringify(entry))[33m;[39m [90m// stderr for stdio servers[39m
     [90m    |[39m             [31m[1m^[22m[39m
     [90m 26 |[39m   }
     [90m 27 |[39m
     [90m 28 |[39m   debug(message[33m:[39m string[33m,[39m context[33m?[39m[33m:[39m 
[33mRecord[39m[33m<[39m[33mstring[39m[33m,[39m any[33m>[39m) {[0m

      at Logger.log (src/utils/logger.ts:25:13)
      at Logger.error (src/utils/logger.ts:45:10)
      at src/services/metadata-cache.service.ts:399:16
      at MetadataCacheService.acquireLock (src/services/metadata-cache.service.ts:157:22)
      at MetadataCacheService.set (src/services/metadata-cache.service.ts:326:5)
      at Object.<anonymous> (tests/unit/services/metadata-cache.test.ts:173:7)

    console.error
      {"timestamp":"2026-02-11T12:49:38.849Z","level":"info","message":"MetadataCacheService initialized","cacheDir":"C
:\\Users\\NewAdmin\\Desktop\\File-Organizer-MCP\\tests\\temp\\cache-cxEG09","maxAge":604800000,"maxEntries":10000}

    [0m [90m 23 |[39m     }[33m;[39m
     [90m 24 |[39m
    [31m[1m>[22m[39m[90m 25 |[39m     
console[33m.[39merror([33mJSON[39m[33m.[39mstringify(entry))[33m;[39m [90m// stderr for stdio servers[39m
     [90m    |[39m             [31m[1m^[22m[39m
     [90m 26 |[39m   }
     [90m 27 |[39m
     [90m 28 |[39m   debug(message[33m:[39m string[33m,[39m context[33m?[39m[33m:[39m 
[33mRecord[39m[33m<[39m[33mstring[39m[33m,[39m any[33m>[39m) {[0m

      at Logger.log (src/utils/logger.ts:25:13)
      at Logger.info (src/utils/logger.ts:33:10)
      at new MetadataCacheService (src/services/metadata-cache.service.ts:42:12)
      at Object.<anonymous> (tests/unit/services/metadata-cache.test.ts:16:15)

    console.error
      {"timestamp":"2026-02-11T12:49:38.854Z","level":"info","message":"MetadataCacheService initialized","cacheDir":"C
:\\Users\\NewAdmin\\Desktop\\File-Organizer-MCP\\tests\\temp\\cache-R6kQ1y","maxAge":604800000,"maxEntries":10000}

    [0m [90m 23 |[39m     }[33m;[39m
     [90m 24 |[39m
    [31m[1m>[22m[39m[90m 25 |[39m     
console[33m.[39merror([33mJSON[39m[33m.[39mstringify(entry))[33m;[39m [90m// stderr for stdio servers[39m
     [90m    |[39m             [31m[1m^[22m[39m
     [90m 26 |[39m   }
     [90m 27 |[39m
     [90m 28 |[39m   debug(message[33m:[39m string[33m,[39m context[33m?[39m[33m:[39m 
[33mRecord[39m[33m<[39m[33mstring[39m[33m,[39m any[33m>[39m) {[0m

      at Logger.log (src/utils/logger.ts:25:13)
      at Logger.info (src/utils/logger.ts:33:10)
      at new MetadataCacheService (src/services/metadata-cache.service.ts:42:12)
      at Object.<anonymous> (tests/unit/services/metadata-cache.test.ts:16:15)

    console.error
      {"timestamp":"2026-02-11T12:49:38.855Z","level":"error","message":"Failed to cache metadata for expired-has-test"
,"error":{"errno":-4058,"code":"ENOENT","syscall":"stat","path":"C:\\Users\\NewAdmin\\Desktop\\File-Organizer-MCP\\expi
red-has-test"}}

    [0m [90m 23 |[39m     }[33m;[39m
     [90m 24 |[39m
    [31m[1m>[22m[39m[90m 25 |[39m     
console[33m.[39merror([33mJSON[39m[33m.[39mstringify(entry))[33m;[39m [90m// stderr for stdio servers[39m
     [90m    |[39m             [31m[1m^[22m[39m
     [90m 26 |[39m   }
     [90m 27 |[39m
     [90m 28 |[39m   debug(message[33m:[39m string[33m,[39m context[33m?[39m[33m:[39m 
[33mRecord[39m[33m<[39m[33mstring[39m[33m,[39m any[33m>[39m) {[0m

      at Logger.log (src/utils/logger.ts:25:13)
      at Logger.error (src/utils/logger.ts:45:10)
      at src/services/metadata-cache.service.ts:399:16
      at MetadataCacheService.acquireLock (src/services/metadata-cache.service.ts:157:22)
      at MetadataCacheService.set (src/services/metadata-cache.service.ts:326:5)
      at Object.<anonymous> (tests/unit/services/metadata-cache.test.ts:186:7)

    console.error
      {"timestamp":"2026-02-11T12:49:38.857Z","level":"info","message":"MetadataCacheService initialized","cacheDir":"C
:\\Users\\NewAdmin\\Desktop\\File-Organizer-MCP\\tests\\temp\\cache-plqky5","maxAge":604800000,"maxEntries":10000}

    [0m [90m 23 |[39m     }[33m;[39m
     [90m 24 |[39m
    [31m[1m>[22m[39m[90m 25 |[39m     
console[33m.[39merror([33mJSON[39m[33m.[39mstringify(entry))[33m;[39m [90m// stderr for stdio servers[39m
     [90m    |[39m             [31m[1m^[22m[39m
     [90m 26 |[39m   }
     [90m 27 |[39m
     [90m 28 |[39m   debug(message[33m:[39m string[33m,[39m context[33m?[39m[33m:[39m 
[33mRecord[39m[33m<[39m[33mstring[39m[33m,[39m any[33m>[39m) {[0m

      at Logger.log (src/utils/logger.ts:25:13)
      at Logger.info (src/utils/logger.ts:33:10)
      at new MetadataCacheService (src/services/metadata-cache.service.ts:42:12)
      at Object.<anonymous> (tests/unit/services/metadata-cache.test.ts:16:15)

    console.error
      {"timestamp":"2026-02-11T12:49:38.858Z","level":"error","message":"Failed to cache metadata for persist-test","er
ror":{"errno":-4058,"code":"ENOENT","syscall":"stat","path":"C:\\Users\\NewAdmin\\Desktop\\File-Organizer-MCP\\persist-
test"}}

    [0m [90m 23 |[39m     }[33m;[39m
     [90m 24 |[39m
    [31m[1m>[22m[39m[90m 25 |[39m     
console[33m.[39merror([33mJSON[39m[33m.[39mstringify(entry))[33m;[39m [90m// stderr for stdio servers[39m
     [90m    |[39m             [31m[1m^[22m[39m
     [90m 26 |[39m   }
     [90m 27 |[39m
     [90m 28 |[39m   debug(message[33m:[39m string[33m,[39m context[33m?[39m[33m:[39m 
[33mRecord[39m[33m<[39m[33mstring[39m[33m,[39m any[33m>[39m) {[0m

      at Logger.log (src/utils/logger.ts:25:13)
      at Logger.error (src/utils/logger.ts:45:10)
      at src/services/metadata-cache.service.ts:399:16
      at MetadataCacheService.acquireLock (src/services/metadata-cache.service.ts:157:22)
      at MetadataCacheService.set (src/services/metadata-cache.service.ts:326:5)
      at Object.<anonymous> (tests/unit/services/metadata-cache.test.ts:202:7)

    console.error
      {"timestamp":"2026-02-11T12:49:38.861Z","level":"info","message":"MetadataCacheService initialized","cacheDir":"C
:\\Users\\NewAdmin\\Desktop\\File-Organizer-MCP\\tests\\temp\\cache-RsVtjP","maxAge":604800000,"maxEntries":10000}

    [0m [90m 23 |[39m     }[33m;[39m
     [90m 24 |[39m
    [31m[1m>[22m[39m[90m 25 |[39m     
console[33m.[39merror([33mJSON[39m[33m.[39mstringify(entry))[33m;[39m [90m// stderr for stdio servers[39m
     [90m    |[39m             [31m[1m^[22m[39m
     [90m 26 |[39m   }
     [90m 27 |[39m
     [90m 28 |[39m   debug(message[33m:[39m string[33m,[39m context[33m?[39m[33m:[39m 
[33mRecord[39m[33m<[39m[33mstring[39m[33m,[39m any[33m>[39m) {[0m

      at Logger.log (src/utils/logger.ts:25:13)
      at Logger.info (src/utils/logger.ts:33:10)
      at new MetadataCacheService (src/services/metadata-cache.service.ts:42:12)
      at Object.<anonymous> (tests/unit/services/metadata-cache.test.ts:16:15)

    console.error
      {"timestamp":"2026-02-11T12:49:38.867Z","level":"info","message":"MetadataCacheService initialized","cacheDir":"C
:\\Users\\NewAdmin\\Desktop\\File-Organizer-MCP\\tests\\temp\\cache-RsVtjP","maxAge":604800000,"maxEntries":10000}

    [0m [90m 23 |[39m     }[33m;[39m
     [90m 24 |[39m
    [31m[1m>[22m[39m[90m 25 |[39m     
console[33m.[39merror([33mJSON[39m[33m.[39mstringify(entry))[33m;[39m [90m// stderr for stdio servers[39m
     [90m    |[39m             [31m[1m^[22m[39m
     [90m 26 |[39m   }
     [90m 27 |[39m
     [90m 28 |[39m   debug(message[33m:[39m string[33m,[39m context[33m?[39m[33m:[39m 
[33mRecord[39m[33m<[39m[33mstring[39m[33m,[39m any[33m>[39m) {[0m

      at Logger.log (src/utils/logger.ts:25:13)
      at Logger.info (src/utils/logger.ts:33:10)
      at new MetadataCacheService (src/services/metadata-cache.service.ts:42:12)
      at Object.<anonymous> (tests/unit/services/metadata-cache.test.ts:229:26)

    console.error
      {"timestamp":"2026-02-11T12:49:38.876Z","level":"info","message":"MetadataCacheService initialized","cacheDir":"C
:\\Users\\NewAdmin\\Desktop\\File-Organizer-MCP\\tests\\temp\\cache-UfFvRK","maxAge":604800000,"maxEntries":10000}

    [0m [90m 23 |[39m     }[33m;[39m
     [90m 24 |[39m
    [31m[1m>[22m[39m[90m 25 |[39m     
console[33m.[39merror([33mJSON[39m[33m.[39mstringify(entry))[33m;[39m [90m// stderr for stdio servers[39m
     [90m    |[39m             [31m[1m^[22m[39m
     [90m 26 |[39m   }
     [90m 27 |[39m
     [90m 28 |[39m   debug(message[33m:[39m string[33m,[39m context[33m?[39m[33m:[39m 
[33mRecord[39m[33m<[39m[33mstring[39m[33m,[39m any[33m>[39m) {[0m

      at Logger.log (src/utils/logger.ts:25:13)
      at Logger.info (src/utils/logger.ts:33:10)
      at new MetadataCacheService (src/services/metadata-cache.service.ts:42:12)
      at Object.<anonymous> (tests/unit/services/metadata-cache.test.ts:16:15)

    console.error
      {"timestamp":"2026-02-11T12:49:38.878Z","level":"info","message":"MetadataCacheService initialized","cacheDir":"C
:\\Users\\NewAdmin\\Desktop\\File-Organizer-MCP\\tests\\temp\\cache-UfFvRK","maxAge":604800000,"maxEntries":10000}

    [0m [90m 23 |[39m     }[33m;[39m
     [90m 24 |[39m
    [31m[1m>[22m[39m[90m 25 |[39m     
console[33m.[39merror([33mJSON[39m[33m.[39mstringify(entry))[33m;[39m [90m// stderr for stdio servers[39m
     [90m    |[39m             [31m[1m^[22m[39m
     [90m 26 |[39m   }
     [90m 27 |[39m
     [90m 28 |[39m   debug(message[33m:[39m string[33m,[39m context[33m?[39m[33m:[39m 
[33mRecord[39m[33m<[39m[33mstring[39m[33m,[39m any[33m>[39m) {[0m

      at Logger.log (src/utils/logger.ts:25:13)
      at Logger.info (src/utils/logger.ts:33:10)
      at new MetadataCacheService (src/services/metadata-cache.service.ts:42:12)
      at Object.<anonymous> (tests/unit/services/metadata-cache.test.ts:243:26)

    console.error
      {"timestamp":"2026-02-11T12:49:38.884Z","level":"info","message":"MetadataCacheService initialized","cacheDir":"C
:\\Users\\NewAdmin\\Desktop\\File-Organizer-MCP\\tests\\temp\\cache-afYhIS","maxAge":604800000,"maxEntries":10000}

    [0m [90m 23 |[39m     }[33m;[39m
     [90m 24 |[39m
    [31m[1m>[22m[39m[90m 25 |[39m     
console[33m.[39merror([33mJSON[39m[33m.[39mstringify(entry))[33m;[39m [90m// stderr for stdio servers[39m
     [90m    |[39m             [31m[1m^[22m[39m
     [90m 26 |[39m   }
     [90m 27 |[39m
     [90m 28 |[39m   debug(message[33m:[39m string[33m,[39m context[33m?[39m[33m:[39m 
[33mRecord[39m[33m<[39m[33mstring[39m[33m,[39m any[33m>[39m) {[0m

      at Logger.log (src/utils/logger.ts:25:13)
      at Logger.info (src/utils/logger.ts:33:10)
      at new MetadataCacheService (src/services/metadata-cache.service.ts:42:12)
      at Object.<anonymous> (tests/unit/services/metadata-cache.test.ts:16:15)

    console.error
      {"timestamp":"2026-02-11T12:49:38.885Z","level":"info","message":"MetadataCacheService initialized","cacheDir":"C
:\\Users\\NewAdmin\\Desktop\\File-Organizer-MCP\\tests\\temp\\cache-afYhIS\\nonexistent\\nested","maxAge":604800000,"ma
xEntries":10000}

    [0m [90m 23 |[39m     }[33m;[39m
     [90m 24 |[39m
    [31m[1m>[22m[39m[90m 25 |[39m     
console[33m.[39merror([33mJSON[39m[33m.[39mstringify(entry))[33m;[39m [90m// stderr for stdio servers[39m
     [90m    |[39m             [31m[1m^[22m[39m
     [90m 26 |[39m   }
     [90m 27 |[39m
     [90m 28 |[39m   debug(message[33m:[39m string[33m,[39m context[33m?[39m[33m:[39m 
[33mRecord[39m[33m<[39m[33mstring[39m[33m,[39m any[33m>[39m) {[0m

      at Logger.log (src/utils/logger.ts:25:13)
      at Logger.info (src/utils/logger.ts:33:10)
      at new MetadataCacheService (src/services/metadata-cache.service.ts:42:12)
      at Object.<anonymous> (tests/unit/services/metadata-cache.test.ts:250:26)

    console.error
      {"timestamp":"2026-02-11T12:49:38.887Z","level":"error","message":"Failed to cache metadata for key","error":{"er
rno":-4058,"code":"ENOENT","syscall":"stat","path":"C:\\Users\\NewAdmin\\Desktop\\File-Organizer-MCP\\key"}}

    [0m [90m 23 |[39m     }[33m;[39m
     [90m 24 |[39m
    [31m[1m>[22m[39m[90m 25 |[39m     
console[33m.[39merror([33mJSON[39m[33m.[39mstringify(entry))[33m;[39m [90m// stderr for stdio servers[39m
     [90m    |[39m             [31m[1m^[22m[39m
     [90m 26 |[39m   }
     [90m 27 |[39m
     [90m 28 |[39m   debug(message[33m:[39m string[33m,[39m context[33m?[39m[33m:[39m 
[33mRecord[39m[33m<[39m[33mstring[39m[33m,[39m any[33m>[39m) {[0m

      at Logger.log (src/utils/logger.ts:25:13)
      at Logger.error (src/utils/logger.ts:45:10)
      at src/services/metadata-cache.service.ts:399:16
      at MetadataCacheService.acquireLock (src/services/metadata-cache.service.ts:157:22)
      at MetadataCacheService.set (src/services/metadata-cache.service.ts:326:5)
      at Object.<anonymous> (tests/unit/services/metadata-cache.test.ts:252:7)

    console.error
      {"timestamp":"2026-02-11T12:49:38.889Z","level":"info","message":"MetadataCacheService initialized","cacheDir":"C
:\\Users\\NewAdmin\\Desktop\\File-Organizer-MCP\\tests\\temp\\cache-DzwKzA","maxAge":604800000,"maxEntries":10000}

    [0m [90m 23 |[39m     }[33m;[39m
     [90m 24 |[39m
    [31m[1m>[22m[39m[90m 25 |[39m     
console[33m.[39merror([33mJSON[39m[33m.[39mstringify(entry))[33m;[39m [90m// stderr for stdio servers[39m
     [90m    |[39m             [31m[1m^[22m[39m
     [90m 26 |[39m   }
     [90m 27 |[39m
     [90m 28 |[39m   debug(message[33m:[39m string[33m,[39m context[33m?[39m[33m:[39m 
[33mRecord[39m[33m<[39m[33mstring[39m[33m,[39m any[33m>[39m) {[0m

      at Logger.log (src/utils/logger.ts:25:13)
      at Logger.info (src/utils/logger.ts:33:10)
      at new MetadataCacheService (src/services/metadata-cache.service.ts:42:12)
      at Object.<anonymous> (tests/unit/services/metadata-cache.test.ts:16:15)

    console.error
      {"timestamp":"2026-02-11T12:49:38.894Z","level":"error","message":"Failed to cache metadata for ttl-test","error"
:{"errno":-4058,"code":"ENOENT","syscall":"stat","path":"C:\\Users\\NewAdmin\\Desktop\\File-Organizer-MCP\\ttl-test"}}

    [0m [90m 23 |[39m     }[33m;[39m
     [90m 24 |[39m
    [31m[1m>[22m[39m[90m 25 |[39m     
console[33m.[39merror([33mJSON[39m[33m.[39mstringify(entry))[33m;[39m [90m// stderr for stdio servers[39m
     [90m    |[39m             [31m[1m^[22m[39m
     [90m 26 |[39m   }
     [90m 27 |[39m
     [90m 28 |[39m   debug(message[33m:[39m string[33m,[39m context[33m?[39m[33m:[39m 
[33mRecord[39m[33m<[39m[33mstring[39m[33m,[39m any[33m>[39m) {[0m

      at Logger.log (src/utils/logger.ts:25:13)
      at Logger.error (src/utils/logger.ts:45:10)
      at src/services/metadata-cache.service.ts:399:16
      at MetadataCacheService.acquireLock (src/services/metadata-cache.service.ts:157:22)
      at MetadataCacheService.set (src/services/metadata-cache.service.ts:326:5)
      at Object.<anonymous> (tests/unit/services/metadata-cache.test.ts:266:7)

    console.error
      {"timestamp":"2026-02-11T12:49:38.897Z","level":"info","message":"MetadataCacheService initialized","cacheDir":"C
:\\Users\\NewAdmin\\Desktop\\File-Organizer-MCP\\tests\\temp\\cache-8gNthH","maxAge":604800000,"maxEntries":10000}

    [0m [90m 23 |[39m     }[33m;[39m
     [90m 24 |[39m
    [31m[1m>[22m[39m[90m 25 |[39m     
console[33m.[39merror([33mJSON[39m[33m.[39mstringify(entry))[33m;[39m [90m// stderr for stdio servers[39m
     [90m    |[39m             [31m[1m^[22m[39m
     [90m 26 |[39m   }
     [90m 27 |[39m
     [90m 28 |[39m   debug(message[33m:[39m string[33m,[39m context[33m?[39m[33m:[39m 
[33mRecord[39m[33m<[39m[33mstring[39m[33m,[39m any[33m>[39m) {[0m

      at Logger.log (src/utils/logger.ts:25:13)
      at Logger.info (src/utils/logger.ts:33:10)
      at new MetadataCacheService (src/services/metadata-cache.service.ts:42:12)
      at Object.<anonymous> (tests/unit/services/metadata-cache.test.ts:16:15)

    console.error
      {"timestamp":"2026-02-11T12:49:38.900Z","level":"error","message":"Failed to cache metadata for no-ttl-test","err
or":{"errno":-4058,"code":"ENOENT","syscall":"stat","path":"C:\\Users\\NewAdmin\\Desktop\\File-Organizer-MCP\\no-ttl-te
st"}}

    [0m [90m 23 |[39m     }[33m;[39m
     [90m 24 |[39m
    [31m[1m>[22m[39m[90m 25 |[39m     
console[33m.[39merror([33mJSON[39m[33m.[39mstringify(entry))[33m;[39m [90m// stderr for stdio servers[39m
     [90m    |[39m             [31m[1m^[22m[39m
     [90m 26 |[39m   }
     [90m 27 |[39m
     [90m 28 |[39m   debug(message[33m:[39m string[33m,[39m context[33m?[39m[33m:[39m 
[33mRecord[39m[33m<[39m[33mstring[39m[33m,[39m any[33m>[39m) {[0m

      at Logger.log (src/utils/logger.ts:25:13)
      at Logger.error (src/utils/logger.ts:45:10)
      at src/services/metadata-cache.service.ts:399:16
      at MetadataCacheService.acquireLock (src/services/metadata-cache.service.ts:157:22)
      at MetadataCacheService.set (src/services/metadata-cache.service.ts:326:5)
      at Object.<anonymous> (tests/unit/services/metadata-cache.test.ts:282:7)

    console.error
      {"timestamp":"2026-02-11T12:49:38.904Z","level":"info","message":"MetadataCacheService initialized","cacheDir":"C
:\\Users\\NewAdmin\\Desktop\\File-Organizer-MCP\\tests\\temp\\cache-dVhZMp","maxAge":604800000,"maxEntries":10000}

    [0m [90m 23 |[39m     }[33m;[39m
     [90m 24 |[39m
    [31m[1m>[22m[39m[90m 25 |[39m     
console[33m.[39merror([33mJSON[39m[33m.[39mstringify(entry))[33m;[39m [90m// stderr for stdio servers[39m
     [90m    |[39m             [31m[1m^[22m[39m
     [90m 26 |[39m   }
     [90m 27 |[39m
     [90m 28 |[39m   debug(message[33m:[39m string[33m,[39m context[33m?[39m[33m:[39m 
[33mRecord[39m[33m<[39m[33mstring[39m[33m,[39m any[33m>[39m) {[0m

      at Logger.log (src/utils/logger.ts:25:13)
      at Logger.info (src/utils/logger.ts:33:10)
      at new MetadataCacheService (src/services/metadata-cache.service.ts:42:12)
      at Object.<anonymous> (tests/unit/services/metadata-cache.test.ts:16:15)

    console.error
      {"timestamp":"2026-02-11T12:49:38.905Z","level":"error","message":"Failed to cache metadata for update-ttl","erro
r":{"errno":-4058,"code":"ENOENT","syscall":"stat","path":"C:\\Users\\NewAdmin\\Desktop\\File-Organizer-MCP\\update-ttl
"}}

    [0m [90m 23 |[39m     }[33m;[39m
     [90m 24 |[39m
    [31m[1m>[22m[39m[90m 25 |[39m     
console[33m.[39merror([33mJSON[39m[33m.[39mstringify(entry))[33m;[39m [90m// stderr for stdio servers[39m
     [90m    |[39m             [31m[1m^[22m[39m
     [90m 26 |[39m   }
     [90m 27 |[39m
     [90m 28 |[39m   debug(message[33m:[39m string[33m,[39m context[33m?[39m[33m:[39m 
[33mRecord[39m[33m<[39m[33mstring[39m[33m,[39m any[33m>[39m) {[0m

      at Logger.log (src/utils/logger.ts:25:13)
      at Logger.error (src/utils/logger.ts:45:10)
      at src/services/metadata-cache.service.ts:399:16
      at MetadataCacheService.acquireLock (src/services/metadata-cache.service.ts:157:22)
      at MetadataCacheService.set (src/services/metadata-cache.service.ts:326:5)
      at Object.<anonymous> (tests/unit/services/metadata-cache.test.ts:295:7)

    console.error
      {"timestamp":"2026-02-11T12:49:38.907Z","level":"info","message":"MetadataCacheService initialized","cacheDir":"C
:\\Users\\NewAdmin\\Desktop\\File-Organizer-MCP\\tests\\temp\\cache-FPRxfD","maxAge":604800000,"maxEntries":10000}

    [0m [90m 23 |[39m     }[33m;[39m
     [90m 24 |[39m
    [31m[1m>[22m[39m[90m 25 |[39m     
console[33m.[39merror([33mJSON[39m[33m.[39mstringify(entry))[33m;[39m [90m// stderr for stdio servers[39m
     [90m    |[39m             [31m[1m^[22m[39m
     [90m 26 |[39m   }
     [90m 27 |[39m
     [90m 28 |[39m   debug(message[33m:[39m string[33m,[39m context[33m?[39m[33m:[39m 
[33mRecord[39m[33m<[39m[33mstring[39m[33m,[39m any[33m>[39m) {[0m

      at Logger.log (src/utils/logger.ts:25:13)
      at Logger.info (src/utils/logger.ts:33:10)
      at new MetadataCacheService (src/services/metadata-cache.service.ts:42:12)
      at Object.<anonymous> (tests/unit/services/metadata-cache.test.ts:16:15)

    console.error
      {"timestamp":"2026-02-11T12:49:38.908Z","level":"error","message":"Failed to cache metadata for key1","error":{"e
rrno":-4058,"code":"ENOENT","syscall":"stat","path":"C:\\Users\\NewAdmin\\Desktop\\File-Organizer-MCP\\key1"}}

    [0m [90m 23 |[39m     }[33m;[39m
     [90m 24 |[39m
    [31m[1m>[22m[39m[90m 25 |[39m     
console[33m.[39merror([33mJSON[39m[33m.[39mstringify(entry))[33m;[39m [90m// stderr for stdio servers[39m
     [90m    |[39m             [31m[1m^[22m[39m
     [90m 26 |[39m   }
     [90m 27 |[39m
     [90m 28 |[39m   debug(message[33m:[39m string[33m,[39m context[33m?[39m[33m:[39m 
[33mRecord[39m[33m<[39m[33mstring[39m[33m,[39m any[33m>[39m) {[0m

      at Logger.log (src/utils/logger.ts:25:13)
      at Logger.error (src/utils/logger.ts:45:10)
      at src/services/metadata-cache.service.ts:399:16
      at MetadataCacheService.acquireLock (src/services/metadata-cache.service.ts:157:22)
      at MetadataCacheService.set (src/services/metadata-cache.service.ts:326:5)
      at Object.<anonymous> (tests/unit/services/metadata-cache.test.ts:313:7)

    console.error
      {"timestamp":"2026-02-11T12:49:38.909Z","level":"info","message":"MetadataCacheService initialized","cacheDir":"C
:\\Users\\NewAdmin\\Desktop\\File-Organizer-MCP\\tests\\temp\\cache-ZE0580","maxAge":604800000,"maxEntries":10000}

    [0m [90m 23 |[39m     }[33m;[39m
     [90m 24 |[39m
    [31m[1m>[22m[39m[90m 25 |[39m     
console[33m.[39merror([33mJSON[39m[33m.[39mstringify(entry))[33m;[39m [90m// stderr for stdio servers[39m
     [90m    |[39m             [31m[1m^[22m[39m
     [90m 26 |[39m   }
     [90m 27 |[39m
     [90m 28 |[39m   debug(message[33m:[39m string[33m,[39m context[33m?[39m[33m:[39m 
[33mRecord[39m[33m<[39m[33mstring[39m[33m,[39m any[33m>[39m) {[0m

      at Logger.log (src/utils/logger.ts:25:13)
      at Logger.info (src/utils/logger.ts:33:10)
      at new MetadataCacheService (src/services/metadata-cache.service.ts:42:12)
      at Object.<anonymous> (tests/unit/services/metadata-cache.test.ts:16:15)

    console.error
      {"timestamp":"2026-02-11T12:49:38.910Z","level":"error","message":"Failed to cache metadata for exists","error":{
"errno":-4058,"code":"ENOENT","syscall":"stat","path":"C:\\Users\\NewAdmin\\Desktop\\File-Organizer-MCP\\exists"}}

    [0m [90m 23 |[39m     }[33m;[39m
     [90m 24 |[39m
    [31m[1m>[22m[39m[90m 25 |[39m     
console[33m.[39merror([33mJSON[39m[33m.[39mstringify(entry))[33m;[39m [90m// stderr for stdio servers[39m
     [90m    |[39m             [31m[1m^[22m[39m
     [90m 26 |[39m   }
     [90m 27 |[39m
     [90m 28 |[39m   debug(message[33m:[39m string[33m,[39m context[33m?[39m[33m:[39m 
[33mRecord[39m[33m<[39m[33mstring[39m[33m,[39m any[33m>[39m) {[0m

      at Logger.log (src/utils/logger.ts:25:13)
      at Logger.error (src/utils/logger.ts:45:10)
      at src/services/metadata-cache.service.ts:399:16
      at MetadataCacheService.acquireLock (src/services/metadata-cache.service.ts:157:22)
      at MetadataCacheService.set (src/services/metadata-cache.service.ts:326:5)
      at Object.<anonymous> (tests/unit/services/metadata-cache.test.ts:325:7)

    console.error
      {"timestamp":"2026-02-11T12:49:38.912Z","level":"info","message":"MetadataCacheService initialized","cacheDir":"C
:\\Users\\NewAdmin\\Desktop\\File-Organizer-MCP\\tests\\temp\\cache-fLtHWa","maxAge":604800000,"maxEntries":10000}

    [0m [90m 23 |[39m     }[33m;[39m
     [90m 24 |[39m
    [31m[1m>[22m[39m[90m 25 |[39m     
console[33m.[39merror([33mJSON[39m[33m.[39mstringify(entry))[33m;[39m [90m// stderr for stdio servers[39m
     [90m    |[39m             [31m[1m^[22m[39m
     [90m 26 |[39m   }
     [90m 27 |[39m
     [90m 28 |[39m   debug(message[33m:[39m string[33m,[39m context[33m?[39m[33m:[39m 
[33mRecord[39m[33m<[39m[33mstring[39m[33m,[39m any[33m>[39m) {[0m

      at Logger.log (src/utils/logger.ts:25:13)
      at Logger.info (src/utils/logger.ts:33:10)
      at new MetadataCacheService (src/services/metadata-cache.service.ts:42:12)
      at Object.<anonymous> (tests/unit/services/metadata-cache.test.ts:16:15)

    console.error
      {"timestamp":"2026-02-11T12:49:38.917Z","level":"info","message":"MetadataCacheService initialized","cacheDir":"C
:\\Users\\NewAdmin\\Desktop\\File-Organizer-MCP\\tests\\temp\\cache-s4iI1J","maxAge":604800000,"maxEntries":10000}

    [0m [90m 23 |[39m     }[33m;[39m
     [90m 24 |[39m
    [31m[1m>[22m[39m[90m 25 |[39m     
console[33m.[39merror([33mJSON[39m[33m.[39mstringify(entry))[33m;[39m [90m// stderr for stdio servers[39m
     [90m    |[39m             [31m[1m^[22m[39m
     [90m 26 |[39m   }
     [90m 27 |[39m
     [90m 28 |[39m   debug(message[33m:[39m string[33m,[39m context[33m?[39m[33m:[39m 
[33mRecord[39m[33m<[39m[33mstring[39m[33m,[39m any[33m>[39m) {[0m

      at Logger.log (src/utils/logger.ts:25:13)
      at Logger.info (src/utils/logger.ts:33:10)
      at new MetadataCacheService (src/services/metadata-cache.service.ts:42:12)
      at Object.<anonymous> (tests/unit/services/metadata-cache.test.ts:16:15)

    console.error
      {"timestamp":"2026-02-11T12:49:38.919Z","level":"error","message":"Failed to cache metadata for file:C:\\Users\\N
ewAdmin\\Desktop\\File-Organizer-MCP\\tests\\temp\\cache-s4iI1J\\test.txt","error":{"errno":-4058,"code":"ENOENT","sysc
all":"stat","path":"C:\\Users\\NewAdmin\\Desktop\\File-Organizer-MCP\\file:C:\\Users\\NewAdmin\\Desktop\\File-Organizer
-MCP\\tests\\temp\\cache-s4iI1J\\test.txt"}}

    [0m [90m 23 |[39m     }[33m;[39m
     [90m 24 |[39m
    [31m[1m>[22m[39m[90m 25 |[39m     
console[33m.[39merror([33mJSON[39m[33m.[39mstringify(entry))[33m;[39m [90m// stderr for stdio servers[39m
     [90m    |[39m             [31m[1m^[22m[39m
     [90m 26 |[39m   }
     [90m 27 |[39m
     [90m 28 |[39m   debug(message[33m:[39m string[33m,[39m context[33m?[39m[33m:[39m 
[33mRecord[39m[33m<[39m[33mstring[39m[33m,[39m any[33m>[39m) {[0m

      at Logger.log (src/utils/logger.ts:25:13)
      at Logger.error (src/utils/logger.ts:45:10)
      at src/services/metadata-cache.service.ts:399:16
      at MetadataCacheService.acquireLock (src/services/metadata-cache.service.ts:157:22)
      at MetadataCacheService.set (src/services/metadata-cache.service.ts:326:5)
      at Object.<anonymous> (tests/unit/services/metadata-cache.test.ts:354:7)

    console.error
      {"timestamp":"2026-02-11T12:49:38.922Z","level":"info","message":"MetadataCacheService initialized","cacheDir":"C
:\\Users\\NewAdmin\\Desktop\\File-Organizer-MCP\\tests\\temp\\cache-G3Ka15","maxAge":604800000,"maxEntries":10000}

    [0m [90m 23 |[39m     }[33m;[39m
     [90m 24 |[39m
    [31m[1m>[22m[39m[90m 25 |[39m     
console[33m.[39merror([33mJSON[39m[33m.[39mstringify(entry))[33m;[39m [90m// stderr for stdio servers[39m
     [90m    |[39m             [31m[1m^[22m[39m
     [90m 26 |[39m   }
     [90m 27 |[39m
     [90m 28 |[39m   debug(message[33m:[39m string[33m,[39m context[33m?[39m[33m:[39m 
[33mRecord[39m[33m<[39m[33mstring[39m[33m,[39m any[33m>[39m) {[0m

      at Logger.log (src/utils/logger.ts:25:13)
      at Logger.info (src/utils/logger.ts:33:10)
      at new MetadataCacheService (src/services/metadata-cache.service.ts:42:12)
      at Object.<anonymous> (tests/unit/services/metadata-cache.test.ts:16:15)

    console.error
      {"timestamp":"2026-02-11T12:49:38.924Z","level":"error","message":"Failed to cache metadata for file:C:\\Users\\N
ewAdmin\\Desktop\\File-Organizer-MCP\\tests\\temp\\cache-G3Ka15\\unchanged.txt","error":{"errno":-4058,"code":"ENOENT",
"syscall":"stat","path":"C:\\Users\\NewAdmin\\Desktop\\File-Organizer-MCP\\file:C:\\Users\\NewAdmin\\Desktop\\File-Orga
nizer-MCP\\tests\\temp\\cache-G3Ka15\\unchanged.txt"}}

    [0m [90m 23 |[39m     }[33m;[39m
     [90m 24 |[39m
    [31m[1m>[22m[39m[90m 25 |[39m     
console[33m.[39merror([33mJSON[39m[33m.[39mstringify(entry))[33m;[39m [90m// stderr for stdio servers[39m
     [90m    |[39m             [31m[1m^[22m[39m
     [90m 26 |[39m   }
     [90m 27 |[39m
     [90m 28 |[39m   debug(message[33m:[39m string[33m,[39m context[33m?[39m[33m:[39m 
[33mRecord[39m[33m<[39m[33mstring[39m[33m,[39m any[33m>[39m) {[0m

      at Logger.log (src/utils/logger.ts:25:13)
      at Logger.error (src/utils/logger.ts:45:10)
      at src/services/metadata-cache.service.ts:399:16
      at MetadataCacheService.acquireLock (src/services/metadata-cache.service.ts:157:22)
      at MetadataCacheService.set (src/services/metadata-cache.service.ts:326:5)
      at Object.<anonymous> (tests/unit/services/metadata-cache.test.ts:370:7)

    console.error
      {"timestamp":"2026-02-11T12:49:38.927Z","level":"info","message":"MetadataCacheService initialized","cacheDir":"C
:\\Users\\NewAdmin\\Desktop\\File-Organizer-MCP\\tests\\temp\\cache-WfCTO1","maxAge":604800000,"maxEntries":10000}

    [0m [90m 23 |[39m     }[33m;[39m
     [90m 24 |[39m
    [31m[1m>[22m[39m[90m 25 |[39m     
console[33m.[39merror([33mJSON[39m[33m.[39mstringify(entry))[33m;[39m [90m// stderr for stdio servers[39m
     [90m    |[39m             [31m[1m^[22m[39m
     [90m 26 |[39m   }
     [90m 27 |[39m
     [90m 28 |[39m   debug(message[33m:[39m string[33m,[39m context[33m?[39m[33m:[39m 
[33mRecord[39m[33m<[39m[33mstring[39m[33m,[39m any[33m>[39m) {[0m

      at Logger.log (src/utils/logger.ts:25:13)
      at Logger.info (src/utils/logger.ts:33:10)
      at new MetadataCacheService (src/services/metadata-cache.service.ts:42:12)
      at Object.<anonymous> (tests/unit/services/metadata-cache.test.ts:16:15)

    console.error
      {"timestamp":"2026-02-11T12:49:38.929Z","level":"error","message":"Failed to cache metadata for file:C:\\Users\\N
ewAdmin\\Desktop\\File-Organizer-MCP\\tests\\temp\\cache-WfCTO1\\deleted.txt","error":{"errno":-4058,"code":"ENOENT","s
yscall":"stat","path":"C:\\Users\\NewAdmin\\Desktop\\File-Organizer-MCP\\file:C:\\Users\\NewAdmin\\Desktop\\File-Organi
zer-MCP\\tests\\temp\\cache-WfCTO1\\deleted.txt"}}

    [0m [90m 23 |[39m     }[33m;[39m
     [90m 24 |[39m
    [31m[1m>[22m[39m[90m 25 |[39m     
console[33m.[39merror([33mJSON[39m[33m.[39mstringify(entry))[33m;[39m [90m// stderr for stdio servers[39m
     [90m    |[39m             [31m[1m^[22m[39m
     [90m 26 |[39m   }
     [90m 27 |[39m
     [90m 28 |[39m   debug(message[33m:[39m string[33m,[39m context[33m?[39m[33m:[39m 
[33mRecord[39m[33m<[39m[33mstring[39m[33m,[39m any[33m>[39m) {[0m

      at Logger.log (src/utils/logger.ts:25:13)
      at Logger.error (src/utils/logger.ts:45:10)
      at src/services/metadata-cache.service.ts:399:16
      at MetadataCacheService.acquireLock (src/services/metadata-cache.service.ts:157:22)
      at MetadataCacheService.set (src/services/metadata-cache.service.ts:326:5)
      at Object.<anonymous> (tests/unit/services/metadata-cache.test.ts:381:7)

    console.error
      {"timestamp":"2026-02-11T12:49:38.934Z","level":"info","message":"MetadataCacheService initialized","cacheDir":"C
:\\Users\\NewAdmin\\Desktop\\File-Organizer-MCP\\tests\\temp\\cache-iOB5Rd","maxAge":604800000,"maxEntries":10000}

    [0m [90m 23 |[39m     }[33m;[39m
     [90m 24 |[39m
    [31m[1m>[22m[39m[90m 25 |[39m     
console[33m.[39merror([33mJSON[39m[33m.[39mstringify(entry))[33m;[39m [90m// stderr for stdio servers[39m
     [90m    |[39m             [31m[1m^[22m[39m
     [90m 26 |[39m   }
     [90m 27 |[39m
     [90m 28 |[39m   debug(message[33m:[39m string[33m,[39m context[33m?[39m[33m:[39m 
[33mRecord[39m[33m<[39m[33mstring[39m[33m,[39m any[33m>[39m) {[0m

      at Logger.log (src/utils/logger.ts:25:13)
      at Logger.info (src/utils/logger.ts:33:10)
      at new MetadataCacheService (src/services/metadata-cache.service.ts:42:12)
      at Object.<anonymous> (tests/unit/services/metadata-cache.test.ts:16:15)

    console.error
      {"timestamp":"2026-02-11T12:49:38.935Z","level":"error","message":"Failed to cache metadata for concurrent-0","er
ror":{"errno":-4058,"code":"ENOENT","syscall":"stat","path":"C:\\Users\\NewAdmin\\Desktop\\File-Organizer-MCP\\concurre
nt-0"}}

    [0m [90m 23 |[39m     }[33m;[39m
     [90m 24 |[39m
    [31m[1m>[22m[39m[90m 25 |[39m     
console[33m.[39merror([33mJSON[39m[33m.[39mstringify(entry))[33m;[39m [90m// stderr for stdio servers[39m
     [90m    |[39m             [31m[1m^[22m[39m
     [90m 26 |[39m   }
     [90m 27 |[39m
     [90m 28 |[39m   debug(message[33m:[39m string[33m,[39m context[33m?[39m[33m:[39m 
[33mRecord[39m[33m<[39m[33mstring[39m[33m,[39m any[33m>[39m) {[0m

      at Logger.log (src/utils/logger.ts:25:13)
      at Logger.error (src/utils/logger.ts:45:10)
      at src/services/metadata-cache.service.ts:399:16
      at MetadataCacheService.acquireLock (src/services/metadata-cache.service.ts:157:22)
      at MetadataCacheService.set (src/services/metadata-cache.service.ts:326:5)
          at async Promise.all (index 0)
      at Object.<anonymous> (tests/unit/services/metadata-cache.test.ts:401:7)

    console.error
      {"timestamp":"2026-02-11T12:49:38.936Z","level":"error","message":"Failed to cache metadata for concurrent-1","er
ror":{"errno":-4058,"code":"ENOENT","syscall":"stat","path":"C:\\Users\\NewAdmin\\Desktop\\File-Organizer-MCP\\concurre
nt-1"}}

    [0m [90m 23 |[39m     }[33m;[39m
     [90m 24 |[39m
    [31m[1m>[22m[39m[90m 25 |[39m     
console[33m.[39merror([33mJSON[39m[33m.[39mstringify(entry))[33m;[39m [90m// stderr for stdio servers[39m
     [90m    |[39m             [31m[1m^[22m[39m
     [90m 26 |[39m   }
     [90m 27 |[39m
     [90m 28 |[39m   debug(message[33m:[39m string[33m,[39m context[33m?[39m[33m:[39m 
[33mRecord[39m[33m<[39m[33mstring[39m[33m,[39m any[33m>[39m) {[0m

      at Logger.log (src/utils/logger.ts:25:13)
      at Logger.error (src/utils/logger.ts:45:10)
      at src/services/metadata-cache.service.ts:399:16
      at MetadataCacheService.acquireLock (src/services/metadata-cache.service.ts:157:22)
      at MetadataCacheService.set (src/services/metadata-cache.service.ts:326:5)
          at async Promise.all (index 1)

    console.error
      {"timestamp":"2026-02-11T12:49:38.937Z","level":"error","message":"Failed to cache metadata for concurrent-2","er
ror":{"errno":-4058,"code":"ENOENT","syscall":"stat","path":"C:\\Users\\NewAdmin\\Desktop\\File-Organizer-MCP\\concurre
nt-2"}}

    [0m [90m 23 |[39m     }[33m;[39m
     [90m 24 |[39m
    [31m[1m>[22m[39m[90m 25 |[39m     
console[33m.[39merror([33mJSON[39m[33m.[39mstringify(entry))[33m;[39m [90m// stderr for stdio servers[39m
     [90m    |[39m             [31m[1m^[22m[39m
     [90m 26 |[39m   }
     [90m 27 |[39m
     [90m 28 |[39m   debug(message[33m:[39m string[33m,[39m context[33m?[39m[33m:[39m 
[33mRecord[39m[33m<[39m[33mstring[39m[33m,[39m any[33m>[39m) {[0m

      at Logger.log (src/utils/logger.ts:25:13)
      at Logger.error (src/utils/logger.ts:45:10)
      at src/services/metadata-cache.service.ts:399:16
      at MetadataCacheService.acquireLock (src/services/metadata-cache.service.ts:157:22)
      at MetadataCacheService.set (src/services/metadata-cache.service.ts:326:5)
          at async Promise.all (index 2)

    console.error
      {"timestamp":"2026-02-11T12:49:38.937Z","level":"error","message":"Failed to cache metadata for concurrent-3","er
ror":{"errno":-4058,"code":"ENOENT","syscall":"stat","path":"C:\\Users\\NewAdmin\\Desktop\\File-Organizer-MCP\\concurre
nt-3"}}

    [0m [90m 23 |[39m     }[33m;[39m
     [90m 24 |[39m
    [31m[1m>[22m[39m[90m 25 |[39m     
console[33m.[39merror([33mJSON[39m[33m.[39mstringify(entry))[33m;[39m [90m// stderr for stdio servers[39m
     [90m    |[39m             [31m[1m^[22m[39m
     [90m 26 |[39m   }
     [90m 27 |[39m
     [90m 28 |[39m   debug(message[33m:[39m string[33m,[39m context[33m?[39m[33m:[39m 
[33mRecord[39m[33m<[39m[33mstring[39m[33m,[39m any[33m>[39m) {[0m

      at Logger.log (src/utils/logger.ts:25:13)
      at Logger.error (src/utils/logger.ts:45:10)
      at src/services/metadata-cache.service.ts:399:16
      at MetadataCacheService.acquireLock (src/services/metadata-cache.service.ts:157:22)
      at MetadataCacheService.set (src/services/metadata-cache.service.ts:326:5)
          at async Promise.all (index 3)

    console.error
      {"timestamp":"2026-02-11T12:49:38.937Z","level":"error","message":"Failed to cache metadata for concurrent-4","er
ror":{"errno":-4058,"code":"ENOENT","syscall":"stat","path":"C:\\Users\\NewAdmin\\Desktop\\File-Organizer-MCP\\concurre
nt-4"}}

    [0m [90m 23 |[39m     }[33m;[39m
     [90m 24 |[39m
    [31m[1m>[22m[39m[90m 25 |[39m     
console[33m.[39merror([33mJSON[39m[33m.[39mstringify(entry))[33m;[39m [90m// stderr for stdio servers[39m
     [90m    |[39m             [31m[1m^[22m[39m
     [90m 26 |[39m   }
     [90m 27 |[39m
     [90m 28 |[39m   debug(message[33m:[39m string[33m,[39m context[33m?[39m[33m:[39m 
[33mRecord[39m[33m<[39m[33mstring[39m[33m,[39m any[33m>[39m) {[0m

      at Logger.log (src/utils/logger.ts:25:13)
      at Logger.error (src/utils/logger.ts:45:10)
      at src/services/metadata-cache.service.ts:399:16
      at MetadataCacheService.acquireLock (src/services/metadata-cache.service.ts:157:22)
      at MetadataCacheService.set (src/services/metadata-cache.service.ts:326:5)
          at async Promise.all (index 4)

    console.error
      {"timestamp":"2026-02-11T12:49:38.937Z","level":"error","message":"Failed to cache metadata for concurrent-5","er
ror":{"errno":-4058,"code":"ENOENT","syscall":"stat","path":"C:\\Users\\NewAdmin\\Desktop\\File-Organizer-MCP\\concurre
nt-5"}}

    [0m [90m 23 |[39m     }[33m;[39m
     [90m 24 |[39m
    [31m[1m>[22m[39m[90m 25 |[39m     
console[33m.[39merror([33mJSON[39m[33m.[39mstringify(entry))[33m;[39m [90m// stderr for stdio servers[39m
     [90m    |[39m             [31m[1m^[22m[39m
     [90m 26 |[39m   }
     [90m 27 |[39m
     [90m 28 |[39m   debug(message[33m:[39m string[33m,[39m context[33m?[39m[33m:[39m 
[33mRecord[39m[33m<[39m[33mstring[39m[33m,[39m any[33m>[39m) {[0m

      at Logger.log (src/utils/logger.ts:25:13)
      at Logger.error (src/utils/logger.ts:45:10)
      at src/services/metadata-cache.service.ts:399:16
      at MetadataCacheService.acquireLock (src/services/metadata-cache.service.ts:157:22)
      at MetadataCacheService.set (src/services/metadata-cache.service.ts:326:5)
          at async Promise.all (index 5)

    console.error
      {"timestamp":"2026-02-11T12:49:38.937Z","level":"error","message":"Failed to cache metadata for concurrent-6","er
ror":{"errno":-4058,"code":"ENOENT","syscall":"stat","path":"C:\\Users\\NewAdmin\\Desktop\\File-Organizer-MCP\\concurre
nt-6"}}

    [0m [90m 23 |[39m     }[33m;[39m
     [90m 24 |[39m
    [31m[1m>[22m[39m[90m 25 |[39m     
console[33m.[39merror([33mJSON[39m[33m.[39mstringify(entry))[33m;[39m [90m// stderr for stdio servers[39m
     [90m    |[39m             [31m[1m^[22m[39m
     [90m 26 |[39m   }
     [90m 27 |[39m
     [90m 28 |[39m   debug(message[33m:[39m string[33m,[39m context[33m?[39m[33m:[39m 
[33mRecord[39m[33m<[39m[33mstring[39m[33m,[39m any[33m>[39m) {[0m

      at Logger.log (src/utils/logger.ts:25:13)
      at Logger.error (src/utils/logger.ts:45:10)
      at src/services/metadata-cache.service.ts:399:16
      at MetadataCacheService.acquireLock (src/services/metadata-cache.service.ts:157:22)
      at MetadataCacheService.set (src/services/metadata-cache.service.ts:326:5)
          at async Promise.all (index 6)

    console.error
      {"timestamp":"2026-02-11T12:49:38.937Z","level":"error","message":"Failed to cache metadata for concurrent-7","er
ror":{"errno":-4058,"code":"ENOENT","syscall":"stat","path":"C:\\Users\\NewAdmin\\Desktop\\File-Organizer-MCP\\concurre
nt-7"}}

    [0m [90m 23 |[39m     }[33m;[39m
     [90m 24 |[39m
    [31m[1m>[22m[39m[90m 25 |[39m     
console[33m.[39merror([33mJSON[39m[33m.[39mstringify(entry))[33m;[39m [90m// stderr for stdio servers[39m
     [90m    |[39m             [31m[1m^[22m[39m
     [90m 26 |[39m   }
     [90m 27 |[39m
     [90m 28 |[39m   debug(message[33m:[39m string[33m,[39m context[33m?[39m[33m:[39m 
[33mRecord[39m[33m<[39m[33mstring[39m[33m,[39m any[33m>[39m) {[0m

      at Logger.log (src/utils/logger.ts:25:13)
      at Logger.error (src/utils/logger.ts:45:10)
      at src/services/metadata-cache.service.ts:399:16
      at MetadataCacheService.acquireLock (src/services/metadata-cache.service.ts:157:22)
      at MetadataCacheService.set (src/services/metadata-cache.service.ts:326:5)
          at async Promise.all (index 7)

    console.error
      {"timestamp":"2026-02-11T12:49:38.937Z","level":"error","message":"Failed to cache metadata for concurrent-8","er
ror":{"errno":-4058,"code":"ENOENT","syscall":"stat","path":"C:\\Users\\NewAdmin\\Desktop\\File-Organizer-MCP\\concurre
nt-8"}}

    [0m [90m 23 |[39m     }[33m;[39m
     [90m 24 |[39m
    [31m[1m>[22m[39m[90m 25 |[39m     
console[33m.[39merror([33mJSON[39m[33m.[39mstringify(entry))[33m;[39m [90m// stderr for stdio servers[39m
     [90m    |[39m             [31m[1m^[22m[39m
     [90m 26 |[39m   }
     [90m 27 |[39m
     [90m 28 |[39m   debug(message[33m:[39m string[33m,[39m context[33m?[39m[33m:[39m 
[33mRecord[39m[33m<[39m[33mstring[39m[33m,[39m any[33m>[39m) {[0m

      at Logger.log (src/utils/logger.ts:25:13)
      at Logger.error (src/utils/logger.ts:45:10)
      at src/services/metadata-cache.service.ts:399:16
      at MetadataCacheService.acquireLock (src/services/metadata-cache.service.ts:157:22)
      at MetadataCacheService.set (src/services/metadata-cache.service.ts:326:5)
          at async Promise.all (index 8)

    console.error
      {"timestamp":"2026-02-11T12:49:38.938Z","level":"error","message":"Failed to cache metadata for concurrent-9","er
ror":{"errno":-4058,"code":"ENOENT","syscall":"stat","path":"C:\\Users\\NewAdmin\\Desktop\\File-Organizer-MCP\\concurre
nt-9"}}

    [0m [90m 23 |[39m     }[33m;[39m
     [90m 24 |[39m
    [31m[1m>[22m[39m[90m 25 |[39m     
console[33m.[39merror([33mJSON[39m[33m.[39mstringify(entry))[33m;[39m [90m// stderr for stdio servers[39m
     [90m    |[39m             [31m[1m^[22m[39m
     [90m 26 |[39m   }
     [90m 27 |[39m
     [90m 28 |[39m   debug(message[33m:[39m string[33m,[39m context[33m?[39m[33m:[39m 
[33mRecord[39m[33m<[39m[33mstring[39m[33m,[39m any[33m>[39m) {[0m

      at Logger.log (src/utils/logger.ts:25:13)
      at Logger.error (src/utils/logger.ts:45:10)
      at src/services/metadata-cache.service.ts:399:16
      at MetadataCacheService.acquireLock (src/services/metadata-cache.service.ts:157:22)
      at MetadataCacheService.set (src/services/metadata-cache.service.ts:326:5)
          at async Promise.all (index 9)

    console.error
      {"timestamp":"2026-02-11T12:49:38.939Z","level":"info","message":"MetadataCacheService initialized","cacheDir":"C
:\\Users\\NewAdmin\\Desktop\\File-Organizer-MCP\\tests\\temp\\cache-DuO3Al","maxAge":604800000,"maxEntries":10000}

    [0m [90m 23 |[39m     }[33m;[39m
     [90m 24 |[39m
    [31m[1m>[22m[39m[90m 25 |[39m     
console[33m.[39merror([33mJSON[39m[33m.[39mstringify(entry))[33m;[39m [90m// stderr for stdio servers[39m
     [90m    |[39m             [31m[1m^[22m[39m
     [90m 26 |[39m   }
     [90m 27 |[39m
     [90m 28 |[39m   debug(message[33m:[39m string[33m,[39m context[33m?[39m[33m:[39m 
[33mRecord[39m[33m<[39m[33mstring[39m[33m,[39m any[33m>[39m) {[0m

      at Logger.log (src/utils/logger.ts:25:13)
      at Logger.info (src/utils/logger.ts:33:10)
      at new MetadataCacheService (src/services/metadata-cache.service.ts:42:12)
      at Object.<anonymous> (tests/unit/services/metadata-cache.test.ts:16:15)

    console.error
      {"timestamp":"2026-02-11T12:49:38.940Z","level":"error","message":"Failed to cache metadata for fresh","error":{"
errno":-4058,"code":"ENOENT","syscall":"stat","path":"C:\\Users\\NewAdmin\\Desktop\\File-Organizer-MCP\\fresh"}}

    [0m [90m 23 |[39m     }[33m;[39m
     [90m 24 |[39m
    [31m[1m>[22m[39m[90m 25 |[39m     
console[33m.[39merror([33mJSON[39m[33m.[39mstringify(entry))[33m;[39m [90m// stderr for stdio servers[39m
     [90m    |[39m             [31m[1m^[22m[39m
     [90m 26 |[39m   }
     [90m 27 |[39m
     [90m 28 |[39m   debug(message[33m:[39m string[33m,[39m context[33m?[39m[33m:[39m 
[33mRecord[39m[33m<[39m[33mstring[39m[33m,[39m any[33m>[39m) {[0m

      at Logger.log (src/utils/logger.ts:25:13)
      at Logger.error (src/utils/logger.ts:45:10)
      at src/services/metadata-cache.service.ts:399:16
      at MetadataCacheService.acquireLock (src/services/metadata-cache.service.ts:157:22)
      at MetadataCacheService.set (src/services/metadata-cache.service.ts:326:5)
      at Object.<anonymous> (tests/unit/services/metadata-cache.test.ts:415:7)

    console.error
      {"timestamp":"2026-02-11T12:49:38.942Z","level":"info","message":"MetadataCacheService initialized","cacheDir":"C
:\\Users\\NewAdmin\\Desktop\\File-Organizer-MCP\\tests\\temp\\cache-ozrSsJ","maxAge":604800000,"maxEntries":10000}

    [0m [90m 23 |[39m     }[33m;[39m
     [90m 24 |[39m
    [31m[1m>[22m[39m[90m 25 |[39m     
console[33m.[39merror([33mJSON[39m[33m.[39mstringify(entry))[33m;[39m [90m// stderr for stdio servers[39m
     [90m    |[39m             [31m[1m^[22m[39m
     [90m 26 |[39m   }
     [90m 27 |[39m
     [90m 28 |[39m   debug(message[33m:[39m string[33m,[39m context[33m?[39m[33m:[39m 
[33mRecord[39m[33m<[39m[33mstring[39m[33m,[39m any[33m>[39m) {[0m

      at Logger.log (src/utils/logger.ts:25:13)
      at Logger.info (src/utils/logger.ts:33:10)
      at new MetadataCacheService (src/services/metadata-cache.service.ts:42:12)
      at Object.<anonymous> (tests/unit/services/metadata-cache.test.ts:16:15)

    console.error
      {"timestamp":"2026-02-11T12:49:38.944Z","level":"info","message":"MetadataCacheService initialized","cacheDir":"C
:\\Users\\NewAdmin\\Desktop\\File-Organizer-MCP\\tests\\temp\\cache-zK4pSE","maxAge":604800000,"maxEntries":10000}

    [0m [90m 23 |[39m     }[33m;[39m
     [90m 24 |[39m
    [31m[1m>[22m[39m[90m 25 |[39m     
console[33m.[39merror([33mJSON[39m[33m.[39mstringify(entry))[33m;[39m [90m// stderr for stdio servers[39m
     [90m    |[39m             [31m[1m^[22m[39m
     [90m 26 |[39m   }
     [90m 27 |[39m
     [90m 28 |[39m   debug(message[33m:[39m string[33m,[39m context[33m?[39m[33m:[39m 
[33mRecord[39m[33m<[39m[33mstring[39m[33m,[39m any[33m>[39m) {[0m

      at Logger.log (src/utils/logger.ts:25:13)
      at Logger.info (src/utils/logger.ts:33:10)
      at new MetadataCacheService (src/services/metadata-cache.service.ts:42:12)
      at Object.<anonymous> (tests/unit/services/metadata-cache.test.ts:16:15)

    console.error
      {"timestamp":"2026-02-11T12:49:38.945Z","level":"error","message":"Failed to cache metadata for 
","error":{"errno":-4058,"code":"ENOENT","syscall":"stat","path":""}}

    [0m [90m 23 |[39m     }[33m;[39m
     [90m 24 |[39m
    [31m[1m>[22m[39m[90m 25 |[39m     
console[33m.[39merror([33mJSON[39m[33m.[39mstringify(entry))[33m;[39m [90m// stderr for stdio servers[39m
     [90m    |[39m             [31m[1m^[22m[39m
     [90m 26 |[39m   }
     [90m 27 |[39m
     [90m 28 |[39m   debug(message[33m:[39m string[33m,[39m context[33m?[39m[33m:[39m 
[33mRecord[39m[33m<[39m[33mstring[39m[33m,[39m any[33m>[39m) {[0m

      at Logger.log (src/utils/logger.ts:25:13)
      at Logger.error (src/utils/logger.ts:45:10)
      at src/services/metadata-cache.service.ts:399:16
      at MetadataCacheService.acquireLock (src/services/metadata-cache.service.ts:157:22)
      at MetadataCacheService.set (src/services/metadata-cache.service.ts:326:5)
      at Object.<anonymous> (tests/unit/services/metadata-cache.test.ts:435:7)

    console.error
      {"timestamp":"2026-02-11T12:49:38.948Z","level":"info","message":"MetadataCacheService initialized","cacheDir":"C
:\\Users\\NewAdmin\\Desktop\\File-Organizer-MCP\\tests\\temp\\cache-PsvzAC","maxAge":604800000,"maxEntries":10000}

    [0m [90m 23 |[39m     }[33m;[39m
     [90m 24 |[39m
    [31m[1m>[22m[39m[90m 25 |[39m     
console[33m.[39merror([33mJSON[39m[33m.[39mstringify(entry))[33m;[39m [90m// stderr for stdio servers[39m
     [90m    |[39m             [31m[1m^[22m[39m
     [90m 26 |[39m   }
     [90m 27 |[39m
     [90m 28 |[39m   debug(message[33m:[39m string[33m,[39m context[33m?[39m[33m:[39m 
[33mRecord[39m[33m<[39m[33mstring[39m[33m,[39m any[33m>[39m) {[0m

      at Logger.log (src/utils/logger.ts:25:13)
      at Logger.info (src/utils/logger.ts:33:10)
      at new MetadataCacheService (src/services/metadata-cache.service.ts:42:12)
      at Object.<anonymous> (tests/unit/services/metadata-cache.test.ts:16:15)

    console.error
      {"timestamp":"2026-02-11T12:49:38.950Z","level":"error","message":"Failed to cache metadata for null-key","error"
:{"errno":-4058,"code":"ENOENT","syscall":"stat","path":"C:\\Users\\NewAdmin\\Desktop\\File-Organizer-MCP\\null-key"}}

    [0m [90m 23 |[39m     }[33m;[39m
     [90m 24 |[39m
    [31m[1m>[22m[39m[90m 25 |[39m     
console[33m.[39merror([33mJSON[39m[33m.[39mstringify(entry))[33m;[39m [90m// stderr for stdio servers[39m
     [90m    |[39m             [31m[1m^[22m[39m
     [90m 26 |[39m   }
     [90m 27 |[39m
     [90m 28 |[39m   debug(message[33m:[39m string[33m,[39m context[33m?[39m[33m:[39m 
[33mRecord[39m[33m<[39m[33mstring[39m[33m,[39m any[33m>[39m) {[0m

      at Logger.log (src/utils/logger.ts:25:13)
      at Logger.error (src/utils/logger.ts:45:10)
      at src/services/metadata-cache.service.ts:399:16
      at MetadataCacheService.acquireLock (src/services/metadata-cache.service.ts:157:22)
      at MetadataCacheService.set (src/services/metadata-cache.service.ts:326:5)
      at Object.<anonymous> (tests/unit/services/metadata-cache.test.ts:441:7)

    console.error
      {"timestamp":"2026-02-11T12:49:38.953Z","level":"info","message":"MetadataCacheService initialized","cacheDir":"C
:\\Users\\NewAdmin\\Desktop\\File-Organizer-MCP\\tests\\temp\\cache-OeLQAn","maxAge":604800000,"maxEntries":10000}

    [0m [90m 23 |[39m     }[33m;[39m
     [90m 24 |[39m
    [31m[1m>[22m[39m[90m 25 |[39m     
console[33m.[39merror([33mJSON[39m[33m.[39mstringify(entry))[33m;[39m [90m// stderr for stdio servers[39m
     [90m    |[39m             [31m[1m^[22m[39m
     [90m 26 |[39m   }
     [90m 27 |[39m
     [90m 28 |[39m   debug(message[33m:[39m string[33m,[39m context[33m?[39m[33m:[39m 
[33mRecord[39m[33m<[39m[33mstring[39m[33m,[39m any[33m>[39m) {[0m

      at Logger.log (src/utils/logger.ts:25:13)
      at Logger.info (src/utils/logger.ts:33:10)
      at new MetadataCacheService (src/services/metadata-cache.service.ts:42:12)
      at Object.<anonymous> (tests/unit/services/metadata-cache.test.ts:16:15)

    console.error
      {"timestamp":"2026-02-11T12:49:38.953Z","level":"error","message":"Failed to cache metadata for undefined-key","e
rror":{"errno":-4058,"code":"ENOENT","syscall":"stat","path":"C:\\Users\\NewAdmin\\Desktop\\File-Organizer-MCP\\undefin
ed-key"}}

    [0m [90m 23 |[39m     }[33m;[39m
     [90m 24 |[39m
    [31m[1m>[22m[39m[90m 25 |[39m     
console[33m.[39merror([33mJSON[39m[33m.[39mstringify(entry))[33m;[39m [90m// stderr for stdio servers[39m
     [90m    |[39m             [31m[1m^[22m[39m
     [90m 26 |[39m   }
     [90m 27 |[39m
     [90m 28 |[39m   debug(message[33m:[39m string[33m,[39m context[33m?[39m[33m:[39m 
[33mRecord[39m[33m<[39m[33mstring[39m[33m,[39m any[33m>[39m) {[0m

      at Logger.log (src/utils/logger.ts:25:13)
      at Logger.error (src/utils/logger.ts:45:10)
      at src/services/metadata-cache.service.ts:399:16
      at MetadataCacheService.acquireLock (src/services/metadata-cache.service.ts:157:22)
      at MetadataCacheService.set (src/services/metadata-cache.service.ts:326:5)
      at Object.<anonymous> (tests/unit/services/metadata-cache.test.ts:447:7)

    console.error
      {"timestamp":"2026-02-11T12:49:38.955Z","level":"info","message":"MetadataCacheService initialized","cacheDir":"C
:\\Users\\NewAdmin\\Desktop\\File-Organizer-MCP\\tests\\temp\\cache-N4nOa2","maxAge":604800000,"maxEntries":10000}

    [0m [90m 23 |[39m     }[33m;[39m
     [90m 24 |[39m
    [31m[1m>[22m[39m[90m 25 |[39m     
console[33m.[39merror([33mJSON[39m[33m.[39mstringify(entry))[33m;[39m [90m// stderr for stdio servers[39m
     [90m    |[39m             [31m[1m^[22m[39m
     [90m 26 |[39m   }
     [90m 27 |[39m
     [90m 28 |[39m   debug(message[33m:[39m string[33m,[39m context[33m?[39m[33m:[39m 
[33mRecord[39m[33m<[39m[33mstring[39m[33m,[39m any[33m>[39m) {[0m

      at Logger.log (src/utils/logger.ts:25:13)
      at Logger.info (src/utils/logger.ts:33:10)
      at new MetadataCacheService (src/services/metadata-cache.service.ts:42:12)
      at Object.<anonymous> (tests/unit/services/metadata-cache.test.ts:16:15)

    console.error
      {"timestamp":"2026-02-11T12:49:38.956Z","level":"error","message":"Failed to cache metadata for aaaaaaaaaaaaaaaaa
aaaaaaaaaaaaaaaaaaaaaaaaaaaaaaaaaaaaaaaaaaaaaaaaaaaaaaaaaaaaaaaaaaaaaaaaaaaaaaaaaaaaaaaaaaaaaaaaaaaaaaaaaaaaaaaaaaaaaaa
aaaaaaaaaaaaaaaaaaaaaaaaaaaaaaaaaaaaaaaaaaaaaaaaaaaaaaaaaaaaaaaaaaaaaaaaaaaaaaaaaaaaaaaaaaaaaaaaaaaaaaaaaaaaaaaaaaaaaaa
aaaaaaaaaaaaaaaaaaaaaaaaaaaaaaaaaaaaaaaaaaaaaaaaaaaaaaaaaaaaaaaaaaaaaaaaaaaaaaaaaaaaaaaaaaaaaaaaaaaaaaaaaaaaaaaaaaaaaaa
aaaaaaaaaaaaaaaaaaaaaaaaaaaaaaaaaaaaaaaaaaaaaaaaaaaaaaaaaaaaaaaaaaaaaaaaaaaaaaaaaaaaaaaaaaaaaaaaaaaaaaaaaaaaaaaaaaaaaaa
aaaaaaa","error":{"errno":-4058,"code":"ENOENT","syscall":"stat","path":"C:\\Users\\NewAdmin\\Desktop\\File-Organizer-M
CP\\aaaaaaaaaaaaaaaaaaaaaaaaaaaaaaaaaaaaaaaaaaaaaaaaaaaaaaaaaaaaaaaaaaaaaaaaaaaaaaaaaaaaaaaaaaaaaaaaaaaaaaaaaaaaaaaaaaa
aaaaaaaaaaaaaaaaaaaaaaaaaaaaaaaaaaaaaaaaaaaaaaaaaaaaaaaaaaaaaaaaaaaaaaaaaaaaaaaaaaaaaaaaaaaaaaaaaaaaaaaaaaaaaaaaaaaaaaa
aaaaaaaaaaaaaaaaaaaaaaaaaaaaaaaaaaaaaaaaaaaaaaaaaaaaaaaaaaaaaaaaaaaaaaaaaaaaaaaaaaaaaaaaaaaaaaaaaaaaaaaaaaaaaaaaaaaaaaa
aaaaaaaaaaaaaaaaaaaaaaaaaaaaaaaaaaaaaaaaaaaaaaaaaaaaaaaaaaaaaaaaaaaaaaaaaaaaaaaaaaaaaaaaaaaaaaaaaaaaaaaaaaaaaaaaaaaaaaa
aaaaaaaaaaaaaaaaaaaaaaaaaaaa"}}

    [0m [90m 23 |[39m     }[33m;[39m
     [90m 24 |[39m
    [31m[1m>[22m[39m[90m 25 |[39m     
console[33m.[39merror([33mJSON[39m[33m.[39mstringify(entry))[33m;[39m [90m// stderr for stdio servers[39m
     [90m    |[39m             [31m[1m^[22m[39m
     [90m 26 |[39m   }
     [90m 27 |[39m
     [90m 28 |[39m   debug(message[33m:[39m string[33m,[39m context[33m?[39m[33m:[39m 
[33mRecord[39m[33m<[39m[33mstring[39m[33m,[39m any[33m>[39m) {[0m

      at Logger.log (src/utils/logger.ts:25:13)
      at Logger.error (src/utils/logger.ts:45:10)
      at src/services/metadata-cache.service.ts:399:16
      at MetadataCacheService.acquireLock (src/services/metadata-cache.service.ts:157:22)
      at MetadataCacheService.set (src/services/metadata-cache.service.ts:326:5)
      at Object.<anonymous> (tests/unit/services/metadata-cache.test.ts:456:7)

    console.error
      {"timestamp":"2026-02-11T12:49:38.958Z","level":"info","message":"MetadataCacheService initialized","cacheDir":"C
:\\Users\\NewAdmin\\Desktop\\File-Organizer-MCP\\tests\\temp\\cache-XUbrYH","maxAge":604800000,"maxEntries":10000}

    [0m [90m 23 |[39m     }[33m;[39m
     [90m 24 |[39m
    [31m[1m>[22m[39m[90m 25 |[39m     
console[33m.[39merror([33mJSON[39m[33m.[39mstringify(entry))[33m;[39m [90m// stderr for stdio servers[39m
     [90m    |[39m             [31m[1m^[22m[39m
     [90m 26 |[39m   }
     [90m 27 |[39m
     [90m 28 |[39m   debug(message[33m:[39m string[33m,[39m context[33m?[39m[33m:[39m 
[33mRecord[39m[33m<[39m[33mstring[39m[33m,[39m any[33m>[39m) {[0m

      at Logger.log (src/utils/logger.ts:25:13)
      at Logger.info (src/utils/logger.ts:33:10)
      at new MetadataCacheService (src/services/metadata-cache.service.ts:42:12)
      at Object.<anonymous> (tests/unit/services/metadata-cache.test.ts:16:15)

    console.error
      {"timestamp":"2026-02-11T12:49:38.958Z","level":"error","message":"Failed to cache metadata for key:with:colons",
"error":{"errno":-4058,"code":"ENOENT","syscall":"stat","path":"C:\\Users\\NewAdmin\\Desktop\\File-Organizer-MCP\\key:w
ith:colons"}}

    [0m [90m 23 |[39m     }[33m;[39m
     [90m 24 |[39m
    [31m[1m>[22m[39m[90m 25 |[39m     
console[33m.[39merror([33mJSON[39m[33m.[39mstringify(entry))[33m;[39m [90m// stderr for stdio servers[39m
     [90m    |[39m             [31m[1m^[22m[39m
     [90m 26 |[39m   }
     [90m 27 |[39m
     [90m 28 |[39m   debug(message[33m:[39m string[33m,[39m context[33m?[39m[33m:[39m 
[33mRecord[39m[33m<[39m[33mstring[39m[33m,[39m any[33m>[39m) {[0m

      at Logger.log (src/utils/logger.ts:25:13)
      at Logger.error (src/utils/logger.ts:45:10)
      at src/services/metadata-cache.service.ts:399:16
      at MetadataCacheService.acquireLock (src/services/metadata-cache.service.ts:157:22)
      at MetadataCacheService.set (src/services/metadata-cache.service.ts:326:5)
      at Object.<anonymous> (tests/unit/services/metadata-cache.test.ts:473:9)

    console.error
      {"timestamp":"2026-02-11T12:49:38.960Z","level":"info","message":"MetadataCacheService initialized","cacheDir":"C
:\\Users\\NewAdmin\\Desktop\\File-Organizer-MCP\\tests\\temp\\cache-hZFbZ2","maxAge":604800000,"maxEntries":10000}

    [0m [90m 23 |[39m     }[33m;[39m
     [90m 24 |[39m
    [31m[1m>[22m[39m[90m 25 |[39m     
console[33m.[39merror([33mJSON[39m[33m.[39mstringify(entry))[33m;[39m [90m// stderr for stdio servers[39m
     [90m    |[39m             [31m[1m^[22m[39m
     [90m 26 |[39m   }
     [90m 27 |[39m
     [90m 28 |[39m   debug(message[33m:[39m string[33m,[39m context[33m?[39m[33m:[39m 
[33mRecord[39m[33m<[39m[33mstring[39m[33m,[39m any[33m>[39m) {[0m

      at Logger.log (src/utils/logger.ts:25:13)
      at Logger.info (src/utils/logger.ts:33:10)
      at new MetadataCacheService (src/services/metadata-cache.service.ts:42:12)
      at Object.<anonymous> (tests/unit/services/metadata-cache.test.ts:16:15)

    console.error
      {"timestamp":"2026-02-11T12:49:38.961Z","level":"error","message":"Failed to cache metadata for large-value","err
or":{"errno":-4058,"code":"ENOENT","syscall":"stat","path":"C:\\Users\\NewAdmin\\Desktop\\File-Organizer-MCP\\large-val
ue"}}

    [0m [90m 23 |[39m     }[33m;[39m
     [90m 24 |[39m
    [31m[1m>[22m[39m[90m 25 |[39m     
console[33m.[39merror([33mJSON[39m[33m.[39mstringify(entry))[33m;[39m [90m// stderr for stdio servers[39m
     [90m    |[39m             [31m[1m^[22m[39m
     [90m 26 |[39m   }
     [90m 27 |[39m
     [90m 28 |[39m   debug(message[33m:[39m string[33m,[39m context[33m?[39m[33m:[39m 
[33mRecord[39m[33m<[39m[33mstring[39m[33m,[39m any[33m>[39m) {[0m

      at Logger.log (src/utils/logger.ts:25:13)
      at Logger.error (src/utils/logger.ts:45:10)
      at src/services/metadata-cache.service.ts:399:16
      at MetadataCacheService.acquireLock (src/services/metadata-cache.service.ts:157:22)
      at MetadataCacheService.set (src/services/metadata-cache.service.ts:326:5)
      at Object.<anonymous> (tests/unit/services/metadata-cache.test.ts:486:7)

    console.error
      {"timestamp":"2026-02-11T12:49:38.963Z","level":"info","message":"MetadataCacheService initialized","cacheDir":"C
:\\Users\\NewAdmin\\Desktop\\File-Organizer-MCP\\tests\\temp\\cache-uLg2Oo","maxAge":604800000,"maxEntries":10000}

    [0m [90m 23 |[39m     }[33m;[39m
     [90m 24 |[39m
    [31m[1m>[22m[39m[90m 25 |[39m     
console[33m.[39merror([33mJSON[39m[33m.[39mstringify(entry))[33m;[39m [90m// stderr for stdio servers[39m
     [90m    |[39m             [31m[1m^[22m[39m
     [90m 26 |[39m   }
     [90m 27 |[39m
     [90m 28 |[39m   debug(message[33m:[39m string[33m,[39m context[33m?[39m[33m:[39m 
[33mRecord[39m[33m<[39m[33mstring[39m[33m,[39m any[33m>[39m) {[0m

      at Logger.log (src/utils/logger.ts:25:13)
      at Logger.info (src/utils/logger.ts:33:10)
      at new MetadataCacheService (src/services/metadata-cache.service.ts:42:12)
      at Object.<anonymous> (tests/unit/services/metadata-cache.test.ts:16:15)

    console.error
      {"timestamp":"2026-02-11T12:49:38.966Z","level":"error","message":"Failed to cache metadata for entry-0","error":
{"errno":-4058,"code":"ENOENT","syscall":"stat","path":"C:\\Users\\NewAdmin\\Desktop\\File-Organizer-MCP\\entry-0"}}

    [0m [90m 23 |[39m     }[33m;[39m
     [90m 24 |[39m
    [31m[1m>[22m[39m[90m 25 |[39m     
console[33m.[39merror([33mJSON[39m[33m.[39mstringify(entry))[33m;[39m [90m// stderr for stdio servers[39m
     [90m    |[39m             [31m[1m^[22m[39m
     [90m 26 |[39m   }
     [90m 27 |[39m
     [90m 28 |[39m   debug(message[33m:[39m string[33m,[39m context[33m?[39m[33m:[39m 
[33mRecord[39m[33m<[39m[33mstring[39m[33m,[39m any[33m>[39m) {[0m

      at Logger.log (src/utils/logger.ts:25:13)
      at Logger.error (src/utils/logger.ts:45:10)
      at src/services/metadata-cache.service.ts:399:16
      at MetadataCacheService.acquireLock (src/services/metadata-cache.service.ts:157:22)
      at MetadataCacheService.set (src/services/metadata-cache.service.ts:326:5)
      at Object.<anonymous> (tests/unit/services/metadata-cache.test.ts:496:9)

    console.error
      {"timestamp":"2026-02-11T12:49:38.968Z","level":"info","message":"MetadataCacheService initialized","cacheDir":"C
:\\Users\\NewAdmin\\Desktop\\File-Organizer-MCP\\tests\\temp\\cache-cyfx8G","maxAge":604800000,"maxEntries":10000}

    [0m [90m 23 |[39m     }[33m;[39m
     [90m 24 |[39m
    [31m[1m>[22m[39m[90m 25 |[39m     
console[33m.[39merror([33mJSON[39m[33m.[39mstringify(entry))[33m;[39m [90m// stderr for stdio servers[39m
     [90m    |[39m             [31m[1m^[22m[39m
     [90m 26 |[39m   }
     [90m 27 |[39m
     [90m 28 |[39m   debug(message[33m:[39m string[33m,[39m context[33m?[39m[33m:[39m 
[33mRecord[39m[33m<[39m[33mstring[39m[33m,[39m any[33m>[39m) {[0m

      at Logger.log (src/utils/logger.ts:25:13)
      at Logger.info (src/utils/logger.ts:33:10)
      at new MetadataCacheService (src/services/metadata-cache.service.ts:42:12)
      at Object.<anonymous> (tests/unit/services/metadata-cache.test.ts:16:15)

    console.error
      {"timestamp":"2026-02-11T12:49:38.971Z","level":"error","message":"Failed to cache metadata for concurrent-0","er
ror":{"errno":-4058,"code":"ENOENT","syscall":"stat","path":"C:\\Users\\NewAdmin\\Desktop\\File-Organizer-MCP\\concurre
nt-0"}}

    [0m [90m 23 |[39m     }[33m;[39m
     [90m 24 |[39m
    [31m[1m>[22m[39m[90m 25 |[39m     
console[33m.[39merror([33mJSON[39m[33m.[39mstringify(entry))[33m;[39m [90m// stderr for stdio servers[39m
     [90m    |[39m             [31m[1m^[22m[39m
     [90m 26 |[39m   }
     [90m 27 |[39m
     [90m 28 |[39m   debug(message[33m:[39m string[33m,[39m context[33m?[39m[33m:[39m 
[33mRecord[39m[33m<[39m[33mstring[39m[33m,[39m any[33m>[39m) {[0m

      at Logger.log (src/utils/logger.ts:25:13)
      at Logger.error (src/utils/logger.ts:45:10)
      at src/services/metadata-cache.service.ts:399:16
      at MetadataCacheService.acquireLock (src/services/metadata-cache.service.ts:157:22)
      at MetadataCacheService.set (src/services/metadata-cache.service.ts:326:5)
          at async Promise.all (index 0)
      at Object.<anonymous> (tests/unit/services/metadata-cache.test.ts:512:7)

    console.error
      {"timestamp":"2026-02-11T12:49:38.971Z","level":"error","message":"Failed to cache metadata for concurrent-1","er
ror":{"errno":-4058,"code":"ENOENT","syscall":"stat","path":"C:\\Users\\NewAdmin\\Desktop\\File-Organizer-MCP\\concurre
nt-1"}}

    [0m [90m 23 |[39m     }[33m;[39m
     [90m 24 |[39m
    [31m[1m>[22m[39m[90m 25 |[39m     
console[33m.[39merror([33mJSON[39m[33m.[39mstringify(entry))[33m;[39m [90m// stderr for stdio servers[39m
     [90m    |[39m             [31m[1m^[22m[39m
     [90m 26 |[39m   }
     [90m 27 |[39m
     [90m 28 |[39m   debug(message[33m:[39m string[33m,[39m context[33m?[39m[33m:[39m 
[33mRecord[39m[33m<[39m[33mstring[39m[33m,[39m any[33m>[39m) {[0m

      at Logger.log (src/utils/logger.ts:25:13)
      at Logger.error (src/utils/logger.ts:45:10)
      at src/services/metadata-cache.service.ts:399:16
      at MetadataCacheService.acquireLock (src/services/metadata-cache.service.ts:157:22)
      at MetadataCacheService.set (src/services/metadata-cache.service.ts:326:5)
          at async Promise.all (index 3)

    console.error
      {"timestamp":"2026-02-11T12:49:38.971Z","level":"error","message":"Failed to cache metadata for concurrent-2","er
ror":{"errno":-4058,"code":"ENOENT","syscall":"stat","path":"C:\\Users\\NewAdmin\\Desktop\\File-Organizer-MCP\\concurre
nt-2"}}

    [0m [90m 23 |[39m     }[33m;[39m
     [90m 24 |[39m
    [31m[1m>[22m[39m[90m 25 |[39m     
console[33m.[39merror([33mJSON[39m[33m.[39mstringify(entry))[33m;[39m [90m// stderr for stdio servers[39m
     [90m    |[39m             [31m[1m^[22m[39m
     [90m 26 |[39m   }
     [90m 27 |[39m
     [90m 28 |[39m   debug(message[33m:[39m string[33m,[39m context[33m?[39m[33m:[39m 
[33mRecord[39m[33m<[39m[33mstring[39m[33m,[39m any[33m>[39m) {[0m

      at Logger.log (src/utils/logger.ts:25:13)
      at Logger.error (src/utils/logger.ts:45:10)
      at src/services/metadata-cache.service.ts:399:16
      at MetadataCacheService.acquireLock (src/services/metadata-cache.service.ts:157:22)
      at MetadataCacheService.set (src/services/metadata-cache.service.ts:326:5)
          at async Promise.all (index 6)

    console.error
      {"timestamp":"2026-02-11T12:49:38.971Z","level":"error","message":"Failed to cache metadata for concurrent-3","er
ror":{"errno":-4058,"code":"ENOENT","syscall":"stat","path":"C:\\Users\\NewAdmin\\Desktop\\File-Organizer-MCP\\concurre
nt-3"}}

    [0m [90m 23 |[39m     }[33m;[39m
     [90m 24 |[39m
    [31m[1m>[22m[39m[90m 25 |[39m     
console[33m.[39merror([33mJSON[39m[33m.[39mstringify(entry))[33m;[39m [90m// stderr for stdio servers[39m
     [90m    |[39m             [31m[1m^[22m[39m
     [90m 26 |[39m   }
     [90m 27 |[39m
     [90m 28 |[39m   debug(message[33m:[39m string[33m,[39m context[33m?[39m[33m:[39m 
[33mRecord[39m[33m<[39m[33mstring[39m[33m,[39m any[33m>[39m) {[0m

      at Logger.log (src/utils/logger.ts:25:13)
      at Logger.error (src/utils/logger.ts:45:10)
      at src/services/metadata-cache.service.ts:399:16
      at MetadataCacheService.acquireLock (src/services/metadata-cache.service.ts:157:22)
      at MetadataCacheService.set (src/services/metadata-cache.service.ts:326:5)
          at async Promise.all (index 9)

    console.error
      {"timestamp":"2026-02-11T12:49:38.972Z","level":"error","message":"Failed to cache metadata for concurrent-4","er
ror":{"errno":-4058,"code":"ENOENT","syscall":"stat","path":"C:\\Users\\NewAdmin\\Desktop\\File-Organizer-MCP\\concurre
nt-4"}}

    [0m [90m 23 |[39m     }[33m;[39m
     [90m 24 |[39m
    [31m[1m>[22m[39m[90m 25 |[39m     
console[33m.[39merror([33mJSON[39m[33m.[39mstringify(entry))[33m;[39m [90m// stderr for stdio servers[39m
     [90m    |[39m             [31m[1m^[22m[39m
     [90m 26 |[39m   }
     [90m 27 |[39m
     [90m 28 |[39m   debug(message[33m:[39m string[33m,[39m context[33m?[39m[33m:[39m 
[33mRecord[39m[33m<[39m[33mstring[39m[33m,[39m any[33m>[39m) {[0m

      at Logger.log (src/utils/logger.ts:25:13)
      at Logger.error (src/utils/logger.ts:45:10)
      at src/services/metadata-cache.service.ts:399:16
      at MetadataCacheService.acquireLock (src/services/metadata-cache.service.ts:157:22)
      at MetadataCacheService.set (src/services/metadata-cache.service.ts:326:5)
          at async Promise.all (index 12)

    console.error
      {"timestamp":"2026-02-11T12:49:38.972Z","level":"error","message":"Failed to cache metadata for concurrent-5","er
ror":{"errno":-4058,"code":"ENOENT","syscall":"stat","path":"C:\\Users\\NewAdmin\\Desktop\\File-Organizer-MCP\\concurre
nt-5"}}

    [0m [90m 23 |[39m     }[33m;[39m
     [90m 24 |[39m
    [31m[1m>[22m[39m[90m 25 |[39m     
console[33m.[39merror([33mJSON[39m[33m.[39mstringify(entry))[33m;[39m [90m// stderr for stdio servers[39m
     [90m    |[39m             [31m[1m^[22m[39m
     [90m 26 |[39m   }
     [90m 27 |[39m
     [90m 28 |[39m   debug(message[33m:[39m string[33m,[39m context[33m?[39m[33m:[39m 
[33mRecord[39m[33m<[39m[33mstring[39m[33m,[39m any[33m>[39m) {[0m

      at Logger.log (src/utils/logger.ts:25:13)
      at Logger.error (src/utils/logger.ts:45:10)
      at src/services/metadata-cache.service.ts:399:16
      at MetadataCacheService.acquireLock (src/services/metadata-cache.service.ts:157:22)
      at MetadataCacheService.set (src/services/metadata-cache.service.ts:326:5)
          at async Promise.all (index 15)

    console.error
      {"timestamp":"2026-02-11T12:49:38.972Z","level":"error","message":"Failed to cache metadata for concurrent-6","er
ror":{"errno":-4058,"code":"ENOENT","syscall":"stat","path":"C:\\Users\\NewAdmin\\Desktop\\File-Organizer-MCP\\concurre
nt-6"}}

    [0m [90m 23 |[39m     }[33m;[39m
     [90m 24 |[39m
    [31m[1m>[22m[39m[90m 25 |[39m     
console[33m.[39merror([33mJSON[39m[33m.[39mstringify(entry))[33m;[39m [90m// stderr for stdio servers[39m
     [90m    |[39m             [31m[1m^[22m[39m
     [90m 26 |[39m   }
     [90m 27 |[39m
     [90m 28 |[39m   debug(message[33m:[39m string[33m,[39m context[33m?[39m[33m:[39m 
[33mRecord[39m[33m<[39m[33mstring[39m[33m,[39m any[33m>[39m) {[0m

      at Logger.log (src/utils/logger.ts:25:13)
      at Logger.error (src/utils/logger.ts:45:10)
      at src/services/metadata-cache.service.ts:399:16
      at MetadataCacheService.acquireLock (src/services/metadata-cache.service.ts:157:22)
      at MetadataCacheService.set (src/services/metadata-cache.service.ts:326:5)
          at async Promise.all (index 18)

    console.error
      {"timestamp":"2026-02-11T12:49:38.972Z","level":"error","message":"Failed to cache metadata for concurrent-7","er
ror":{"errno":-4058,"code":"ENOENT","syscall":"stat","path":"C:\\Users\\NewAdmin\\Desktop\\File-Organizer-MCP\\concurre
nt-7"}}

    [0m [90m 23 |[39m     }[33m;[39m
     [90m 24 |[39m
    [31m[1m>[22m[39m[90m 25 |[39m     
console[33m.[39merror([33mJSON[39m[33m.[39mstringify(entry))[33m;[39m [90m// stderr for stdio servers[39m
     [90m    |[39m             [31m[1m^[22m[39m
     [90m 26 |[39m   }
     [90m 27 |[39m
     [90m 28 |[39m   debug(message[33m:[39m string[33m,[39m context[33m?[39m[33m:[39m 
[33mRecord[39m[33m<[39m[33mstring[39m[33m,[39m any[33m>[39m) {[0m

      at Logger.log (src/utils/logger.ts:25:13)
      at Logger.error (src/utils/logger.ts:45:10)
      at src/services/metadata-cache.service.ts:399:16
      at MetadataCacheService.acquireLock (src/services/metadata-cache.service.ts:157:22)
      at MetadataCacheService.set (src/services/metadata-cache.service.ts:326:5)
          at async Promise.all (index 21)

    console.error
      {"timestamp":"2026-02-11T12:49:38.972Z","level":"error","message":"Failed to cache metadata for concurrent-8","er
ror":{"errno":-4058,"code":"ENOENT","syscall":"stat","path":"C:\\Users\\NewAdmin\\Desktop\\File-Organizer-MCP\\concurre
nt-8"}}

    [0m [90m 23 |[39m     }[33m;[39m
     [90m 24 |[39m
    [31m[1m>[22m[39m[90m 25 |[39m     
console[33m.[39merror([33mJSON[39m[33m.[39mstringify(entry))[33m;[39m [90m// stderr for stdio servers[39m
     [90m    |[39m             [31m[1m^[22m[39m
     [90m 26 |[39m   }
     [90m 27 |[39m
     [90m 28 |[39m   debug(message[33m:[39m string[33m,[39m context[33m?[39m[33m:[39m 
[33mRecord[39m[33m<[39m[33mstring[39m[33m,[39m any[33m>[39m) {[0m

      at Logger.log (src/utils/logger.ts:25:13)
      at Logger.error (src/utils/logger.ts:45:10)
      at src/services/metadata-cache.service.ts:399:16
      at MetadataCacheService.acquireLock (src/services/metadata-cache.service.ts:157:22)
      at MetadataCacheService.set (src/services/metadata-cache.service.ts:326:5)
          at async Promise.all (index 24)

    console.error
      {"timestamp":"2026-02-11T12:49:38.972Z","level":"error","message":"Failed to cache metadata for concurrent-9","er
ror":{"errno":-4058,"code":"ENOENT","syscall":"stat","path":"C:\\Users\\NewAdmin\\Desktop\\File-Organizer-MCP\\concurre
nt-9"}}

    [0m [90m 23 |[39m     }[33m;[39m
     [90m 24 |[39m
    [31m[1m>[22m[39m[90m 25 |[39m     
console[33m.[39merror([33mJSON[39m[33m.[39mstringify(entry))[33m;[39m [90m// stderr for stdio servers[39m
     [90m    |[39m             [31m[1m^[22m[39m
     [90m 26 |[39m   }
     [90m 27 |[39m
     [90m 28 |[39m   debug(message[33m:[39m string[33m,[39m context[33m?[39m[33m:[39m 
[33mRecord[39m[33m<[39m[33mstring[39m[33m,[39m any[33m>[39m) {[0m

      at Logger.log (src/utils/logger.ts:25:13)
      at Logger.error (src/utils/logger.ts:45:10)
      at src/services/metadata-cache.service.ts:399:16
      at MetadataCacheService.acquireLock (src/services/metadata-cache.service.ts:157:22)
      at MetadataCacheService.set (src/services/metadata-cache.service.ts:326:5)
          at async Promise.all (index 27)

    console.error
      {"timestamp":"2026-02-11T12:49:38.972Z","level":"error","message":"Failed to cache metadata for concurrent-10","e
rror":{"errno":-4058,"code":"ENOENT","syscall":"stat","path":"C:\\Users\\NewAdmin\\Desktop\\File-Organizer-MCP\\concurr
ent-10"}}

    [0m [90m 23 |[39m     }[33m;[39m
     [90m 24 |[39m
    [31m[1m>[22m[39m[90m 25 |[39m     
console[33m.[39merror([33mJSON[39m[33m.[39mstringify(entry))[33m;[39m [90m// stderr for stdio servers[39m
     [90m    |[39m             [31m[1m^[22m[39m
     [90m 26 |[39m   }
     [90m 27 |[39m
     [90m 28 |[39m   debug(message[33m:[39m string[33m,[39m context[33m?[39m[33m:[39m 
[33mRecord[39m[33m<[39m[33mstring[39m[33m,[39m any[33m>[39m) {[0m

      at Logger.log (src/utils/logger.ts:25:13)
      at Logger.error (src/utils/logger.ts:45:10)
      at src/services/metadata-cache.service.ts:399:16
      at MetadataCacheService.acquireLock (src/services/metadata-cache.service.ts:157:22)
      at MetadataCacheService.set (src/services/metadata-cache.service.ts:326:5)
          at async Promise.all (index 30)

    console.error
      {"timestamp":"2026-02-11T12:49:38.972Z","level":"error","message":"Failed to cache metadata for concurrent-11","e
rror":{"errno":-4058,"code":"ENOENT","syscall":"stat","path":"C:\\Users\\NewAdmin\\Desktop\\File-Organizer-MCP\\concurr
ent-11"}}

    [0m [90m 23 |[39m     }[33m;[39m
     [90m 24 |[39m
    [31m[1m>[22m[39m[90m 25 |[39m     
console[33m.[39merror([33mJSON[39m[33m.[39mstringify(entry))[33m;[39m [90m// stderr for stdio servers[39m
     [90m    |[39m             [31m[1m^[22m[39m
     [90m 26 |[39m   }
     [90m 27 |[39m
     [90m 28 |[39m   debug(message[33m:[39m string[33m,[39m context[33m?[39m[33m:[39m 
[33mRecord[39m[33m<[39m[33mstring[39m[33m,[39m any[33m>[39m) {[0m

      at Logger.log (src/utils/logger.ts:25:13)
      at Logger.error (src/utils/logger.ts:45:10)
      at src/services/metadata-cache.service.ts:399:16
      at MetadataCacheService.acquireLock (src/services/metadata-cache.service.ts:157:22)
      at MetadataCacheService.set (src/services/metadata-cache.service.ts:326:5)
          at async Promise.all (index 33)

    console.error
      {"timestamp":"2026-02-11T12:49:38.973Z","level":"error","message":"Failed to cache metadata for concurrent-12","e
rror":{"errno":-4058,"code":"ENOENT","syscall":"stat","path":"C:\\Users\\NewAdmin\\Desktop\\File-Organizer-MCP\\concurr
ent-12"}}

    [0m [90m 23 |[39m     }[33m;[39m
     [90m 24 |[39m
    [31m[1m>[22m[39m[90m 25 |[39m     
console[33m.[39merror([33mJSON[39m[33m.[39mstringify(entry))[33m;[39m [90m// stderr for stdio servers[39m
     [90m    |[39m             [31m[1m^[22m[39m
     [90m 26 |[39m   }
     [90m 27 |[39m
     [90m 28 |[39m   debug(message[33m:[39m string[33m,[39m context[33m?[39m[33m:[39m 
[33mRecord[39m[33m<[39m[33mstring[39m[33m,[39m any[33m>[39m) {[0m

      at Logger.log (src/utils/logger.ts:25:13)
      at Logger.error (src/utils/logger.ts:45:10)
      at src/services/metadata-cache.service.ts:399:16
      at MetadataCacheService.acquireLock (src/services/metadata-cache.service.ts:157:22)
      at MetadataCacheService.set (src/services/metadata-cache.service.ts:326:5)
          at async Promise.all (index 36)

    console.error
      {"timestamp":"2026-02-11T12:49:38.973Z","level":"error","message":"Failed to cache metadata for concurrent-13","e
rror":{"errno":-4058,"code":"ENOENT","syscall":"stat","path":"C:\\Users\\NewAdmin\\Desktop\\File-Organizer-MCP\\concurr
ent-13"}}

    [0m [90m 23 |[39m     }[33m;[39m
     [90m 24 |[39m
    [31m[1m>[22m[39m[90m 25 |[39m     
console[33m.[39merror([33mJSON[39m[33m.[39mstringify(entry))[33m;[39m [90m// stderr for stdio servers[39m
     [90m    |[39m             [31m[1m^[22m[39m
     [90m 26 |[39m   }
     [90m 27 |[39m
     [90m 28 |[39m   debug(message[33m:[39m string[33m,[39m context[33m?[39m[33m:[39m 
[33mRecord[39m[33m<[39m[33mstring[39m[33m,[39m any[33m>[39m) {[0m

      at Logger.log (src/utils/logger.ts:25:13)
      at Logger.error (src/utils/logger.ts:45:10)
      at src/services/metadata-cache.service.ts:399:16
      at MetadataCacheService.acquireLock (src/services/metadata-cache.service.ts:157:22)
      at MetadataCacheService.set (src/services/metadata-cache.service.ts:326:5)
          at async Promise.all (index 39)

    console.error
      {"timestamp":"2026-02-11T12:49:38.973Z","level":"error","message":"Failed to cache metadata for concurrent-14","e
rror":{"errno":-4058,"code":"ENOENT","syscall":"stat","path":"C:\\Users\\NewAdmin\\Desktop\\File-Organizer-MCP\\concurr
ent-14"}}

    [0m [90m 23 |[39m     }[33m;[39m
     [90m 24 |[39m
    [31m[1m>[22m[39m[90m 25 |[39m     
console[33m.[39merror([33mJSON[39m[33m.[39mstringify(entry))[33m;[39m [90m// stderr for stdio servers[39m
     [90m    |[39m             [31m[1m^[22m[39m
     [90m 26 |[39m   }
     [90m 27 |[39m
     [90m 28 |[39m   debug(message[33m:[39m string[33m,[39m context[33m?[39m[33m:[39m 
[33mRecord[39m[33m<[39m[33mstring[39m[33m,[39m any[33m>[39m) {[0m

      at Logger.log (src/utils/logger.ts:25:13)
      at Logger.error (src/utils/logger.ts:45:10)
      at src/services/metadata-cache.service.ts:399:16
      at MetadataCacheService.acquireLock (src/services/metadata-cache.service.ts:157:22)
      at MetadataCacheService.set (src/services/metadata-cache.service.ts:326:5)
          at async Promise.all (index 42)

    console.error
      {"timestamp":"2026-02-11T12:49:38.973Z","level":"error","message":"Failed to cache metadata for concurrent-15","e
rror":{"errno":-4058,"code":"ENOENT","syscall":"stat","path":"C:\\Users\\NewAdmin\\Desktop\\File-Organizer-MCP\\concurr
ent-15"}}

    [0m [90m 23 |[39m     }[33m;[39m
     [90m 24 |[39m
    [31m[1m>[22m[39m[90m 25 |[39m     
console[33m.[39merror([33mJSON[39m[33m.[39mstringify(entry))[33m;[39m [90m// stderr for stdio servers[39m
     [90m    |[39m             [31m[1m^[22m[39m
     [90m 26 |[39m   }
     [90m 27 |[39m
     [90m 28 |[39m   debug(message[33m:[39m string[33m,[39m context[33m?[39m[33m:[39m 
[33mRecord[39m[33m<[39m[33mstring[39m[33m,[39m any[33m>[39m) {[0m

      at Logger.log (src/utils/logger.ts:25:13)
      at Logger.error (src/utils/logger.ts:45:10)
      at src/services/metadata-cache.service.ts:399:16
      at MetadataCacheService.acquireLock (src/services/metadata-cache.service.ts:157:22)
      at MetadataCacheService.set (src/services/metadata-cache.service.ts:326:5)
          at async Promise.all (index 45)

    console.error
      {"timestamp":"2026-02-11T12:49:38.973Z","level":"error","message":"Failed to cache metadata for concurrent-16","e
rror":{"errno":-4058,"code":"ENOENT","syscall":"stat","path":"C:\\Users\\NewAdmin\\Desktop\\File-Organizer-MCP\\concurr
ent-16"}}

    [0m [90m 23 |[39m     }[33m;[39m
     [90m 24 |[39m
    [31m[1m>[22m[39m[90m 25 |[39m     
console[33m.[39merror([33mJSON[39m[33m.[39mstringify(entry))[33m;[39m [90m// stderr for stdio servers[39m
     [90m    |[39m             [31m[1m^[22m[39m
     [90m 26 |[39m   }
     [90m 27 |[39m
     [90m 28 |[39m   debug(message[33m:[39m string[33m,[39m context[33m?[39m[33m:[39m 
[33mRecord[39m[33m<[39m[33mstring[39m[33m,[39m any[33m>[39m) {[0m

      at Logger.log (src/utils/logger.ts:25:13)
      at Logger.error (src/utils/logger.ts:45:10)
      at src/services/metadata-cache.service.ts:399:16
      at MetadataCacheService.acquireLock (src/services/metadata-cache.service.ts:157:22)
      at MetadataCacheService.set (src/services/metadata-cache.service.ts:326:5)
          at async Promise.all (index 48)

    console.error
      {"timestamp":"2026-02-11T12:49:38.973Z","level":"error","message":"Failed to cache metadata for concurrent-17","e
rror":{"errno":-4058,"code":"ENOENT","syscall":"stat","path":"C:\\Users\\NewAdmin\\Desktop\\File-Organizer-MCP\\concurr
ent-17"}}

    [0m [90m 23 |[39m     }[33m;[39m
     [90m 24 |[39m
    [31m[1m>[22m[39m[90m 25 |[39m     
console[33m.[39merror([33mJSON[39m[33m.[39mstringify(entry))[33m;[39m [90m// stderr for stdio servers[39m
     [90m    |[39m             [31m[1m^[22m[39m
     [90m 26 |[39m   }
     [90m 27 |[39m
     [90m 28 |[39m   debug(message[33m:[39m string[33m,[39m context[33m?[39m[33m:[39m 
[33mRecord[39m[33m<[39m[33mstring[39m[33m,[39m any[33m>[39m) {[0m

      at Logger.log (src/utils/logger.ts:25:13)
      at Logger.error (src/utils/logger.ts:45:10)
      at src/services/metadata-cache.service.ts:399:16
      at MetadataCacheService.acquireLock (src/services/metadata-cache.service.ts:157:22)
      at MetadataCacheService.set (src/services/metadata-cache.service.ts:326:5)
          at async Promise.all (index 51)

    console.error
      {"timestamp":"2026-02-11T12:49:38.973Z","level":"error","message":"Failed to cache metadata for concurrent-18","e
rror":{"errno":-4058,"code":"ENOENT","syscall":"stat","path":"C:\\Users\\NewAdmin\\Desktop\\File-Organizer-MCP\\concurr
ent-18"}}

    [0m [90m 23 |[39m     }[33m;[39m
     [90m 24 |[39m
    [31m[1m>[22m[39m[90m 25 |[39m     
console[33m.[39merror([33mJSON[39m[33m.[39mstringify(entry))[33m;[39m [90m// stderr for stdio servers[39m
     [90m    |[39m             [31m[1m^[22m[39m
     [90m 26 |[39m   }
     [90m 27 |[39m
     [90m 28 |[39m   debug(message[33m:[39m string[33m,[39m context[33m?[39m[33m:[39m 
[33mRecord[39m[33m<[39m[33mstring[39m[33m,[39m any[33m>[39m) {[0m

      at Logger.log (src/utils/logger.ts:25:13)
      at Logger.error (src/utils/logger.ts:45:10)
      at src/services/metadata-cache.service.ts:399:16
      at MetadataCacheService.acquireLock (src/services/metadata-cache.service.ts:157:22)
      at MetadataCacheService.set (src/services/metadata-cache.service.ts:326:5)
          at async Promise.all (index 54)

    console.error
      {"timestamp":"2026-02-11T12:49:38.973Z","level":"error","message":"Failed to cache metadata for concurrent-19","e
rror":{"errno":-4058,"code":"ENOENT","syscall":"stat","path":"C:\\Users\\NewAdmin\\Desktop\\File-Organizer-MCP\\concurr
ent-19"}}

    [0m [90m 23 |[39m     }[33m;[39m
     [90m 24 |[39m
    [31m[1m>[22m[39m[90m 25 |[39m     
console[33m.[39merror([33mJSON[39m[33m.[39mstringify(entry))[33m;[39m [90m// stderr for stdio servers[39m
     [90m    |[39m             [31m[1m^[22m[39m
     [90m 26 |[39m   }
     [90m 27 |[39m
     [90m 28 |[39m   debug(message[33m:[39m string[33m,[39m context[33m?[39m[33m:[39m 
[33mRecord[39m[33m<[39m[33mstring[39m[33m,[39m any[33m>[39m) {[0m

      at Logger.log (src/utils/logger.ts:25:13)
      at Logger.error (src/utils/logger.ts:45:10)
      at src/services/metadata-cache.service.ts:399:16
      at MetadataCacheService.acquireLock (src/services/metadata-cache.service.ts:157:22)
      at MetadataCacheService.set (src/services/metadata-cache.service.ts:326:5)
          at async Promise.all (index 57)

    console.error
      {"timestamp":"2026-02-11T12:49:38.975Z","level":"info","message":"MetadataCacheService initialized","cacheDir":"C
:\\Users\\NewAdmin\\Desktop\\File-Organizer-MCP\\tests\\temp\\cache-YxOb8c","maxAge":604800000,"maxEntries":10000}

    [0m [90m 23 |[39m     }[33m;[39m
     [90m 24 |[39m
    [31m[1m>[22m[39m[90m 25 |[39m     
console[33m.[39merror([33mJSON[39m[33m.[39mstringify(entry))[33m;[39m [90m// stderr for stdio servers[39m
     [90m    |[39m             [31m[1m^[22m[39m
     [90m 26 |[39m   }
     [90m 27 |[39m
     [90m 28 |[39m   debug(message[33m:[39m string[33m,[39m context[33m?[39m[33m:[39m 
[33mRecord[39m[33m<[39m[33mstring[39m[33m,[39m any[33m>[39m) {[0m

      at Logger.log (src/utils/logger.ts:25:13)
      at Logger.info (src/utils/logger.ts:33:10)
      at new MetadataCacheService (src/services/metadata-cache.service.ts:42:12)
      at Object.<anonymous> (tests/unit/services/metadata-cache.test.ts:16:15)

    console.error
      {"timestamp":"2026-02-11T12:49:38.976Z","level":"error","message":"Failed to cache metadata for key1","error":{"e
rrno":-4058,"code":"ENOENT","syscall":"stat","path":"C:\\Users\\NewAdmin\\Desktop\\File-Organizer-MCP\\key1"}}

    [0m [90m 23 |[39m     }[33m;[39m
     [90m 24 |[39m
    [31m[1m>[22m[39m[90m 25 |[39m     
console[33m.[39merror([33mJSON[39m[33m.[39mstringify(entry))[33m;[39m [90m// stderr for stdio servers[39m
     [90m    |[39m             [31m[1m^[22m[39m
     [90m 26 |[39m   }
     [90m 27 |[39m
     [90m 28 |[39m   debug(message[33m:[39m string[33m,[39m context[33m?[39m[33m:[39m 
[33mRecord[39m[33m<[39m[33mstring[39m[33m,[39m any[33m>[39m) {[0m

      at Logger.log (src/utils/logger.ts:25:13)
      at Logger.error (src/utils/logger.ts:45:10)
      at src/services/metadata-cache.service.ts:399:16
      at MetadataCacheService.acquireLock (src/services/metadata-cache.service.ts:157:22)
      at MetadataCacheService.set (src/services/metadata-cache.service.ts:326:5)
      at Object.<anonymous> (tests/unit/services/metadata-cache.test.ts:522:7)

    console.error
      {"timestamp":"2026-02-11T12:49:38.977Z","level":"info","message":"MetadataCacheService initialized","cacheDir":"C
:\\Users\\NewAdmin\\Desktop\\File-Organizer-MCP\\tests\\temp\\cache-31YhkA","maxAge":604800000,"maxEntries":10000}

    [0m [90m 23 |[39m     }[33m;[39m
     [90m 24 |[39m
    [31m[1m>[22m[39m[90m 25 |[39m     
console[33m.[39merror([33mJSON[39m[33m.[39mstringify(entry))[33m;[39m [90m// stderr for stdio servers[39m
     [90m    |[39m             [31m[1m^[22m[39m
     [90m 26 |[39m   }
     [90m 27 |[39m
     [90m 28 |[39m   debug(message[33m:[39m string[33m,[39m context[33m?[39m[33m:[39m 
[33mRecord[39m[33m<[39m[33mstring[39m[33m,[39m any[33m>[39m) {[0m

      at Logger.log (src/utils/logger.ts:25:13)
      at Logger.info (src/utils/logger.ts:33:10)
      at new MetadataCacheService (src/services/metadata-cache.service.ts:42:12)
      at Object.<anonymous> (tests/unit/services/metadata-cache.test.ts:16:15)

    console.error
      {"timestamp":"2026-02-11T12:49:38.979Z","level":"info","message":"MetadataCacheService initialized","cacheDir":"C
:\\Users\\NewAdmin\\Desktop\\File-Organizer-MCP\\tests\\temp\\cache-31YhkA\\restricted","maxAge":604800000,"maxEntries"
:10000}

    [0m [90m 23 |[39m     }[33m;[39m
     [90m 24 |[39m
    [31m[1m>[22m[39m[90m 25 |[39m     
console[33m.[39merror([33mJSON[39m[33m.[39mstringify(entry))[33m;[39m [90m// stderr for stdio servers[39m
     [90m    |[39m             [31m[1m^[22m[39m
     [90m 26 |[39m   }
     [90m 27 |[39m
     [90m 28 |[39m   debug(message[33m:[39m string[33m,[39m context[33m?[39m[33m:[39m 
[33mRecord[39m[33m<[39m[33mstring[39m[33m,[39m any[33m>[39m) {[0m

      at Logger.log (src/utils/logger.ts:25:13)
      at Logger.info (src/utils/logger.ts:33:10)
      at new MetadataCacheService (src/services/metadata-cache.service.ts:42:12)
      at Object.<anonymous> (tests/unit/services/metadata-cache.test.ts:542:35)

    console.error
      {"timestamp":"2026-02-11T12:49:38.980Z","level":"error","message":"Failed to cache metadata for key","error":{"er
rno":-4058,"code":"ENOENT","syscall":"stat","path":"C:\\Users\\NewAdmin\\Desktop\\File-Organizer-MCP\\key"}}

    [0m [90m 23 |[39m     }[33m;[39m
     [90m 24 |[39m
    [31m[1m>[22m[39m[90m 25 |[39m     
console[33m.[39merror([33mJSON[39m[33m.[39mstringify(entry))[33m;[39m [90m// stderr for stdio servers[39m
     [90m    |[39m             [31m[1m^[22m[39m
     [90m 26 |[39m   }
     [90m 27 |[39m
     [90m 28 |[39m   debug(message[33m:[39m string[33m,[39m context[33m?[39m[33m:[39m 
[33mRecord[39m[33m<[39m[33mstring[39m[33m,[39m any[33m>[39m) {[0m

      at Logger.log (src/utils/logger.ts:25:13)
      at Logger.error (src/utils/logger.ts:45:10)
      at src/services/metadata-cache.service.ts:399:16
      at MetadataCacheService.acquireLock (src/services/metadata-cache.service.ts:157:22)
      at MetadataCacheService.set (src/services/metadata-cache.service.ts:326:5)
      at Object.<anonymous> (tests/unit/services/metadata-cache.test.ts:547:9)

    console.error
      {"timestamp":"2026-02-11T12:49:38.985Z","level":"info","message":"MetadataCacheService initialized","cacheDir":"C
:\\Users\\NewAdmin\\Desktop\\File-Organizer-MCP\\tests\\temp\\cache-AqKOy6","maxAge":604800000,"maxEntries":10000}

    [0m [90m 23 |[39m     }[33m;[39m
     [90m 24 |[39m
    [31m[1m>[22m[39m[90m 25 |[39m     
console[33m.[39merror([33mJSON[39m[33m.[39mstringify(entry))[33m;[39m [90m// stderr for stdio servers[39m
     [90m    |[39m             [31m[1m^[22m[39m
     [90m 26 |[39m   }
     [90m 27 |[39m
     [90m 28 |[39m   debug(message[33m:[39m string[33m,[39m context[33m?[39m[33m:[39m 
[33mRecord[39m[33m<[39m[33mstring[39m[33m,[39m any[33m>[39m) {[0m

      at Logger.log (src/utils/logger.ts:25:13)
      at Logger.info (src/utils/logger.ts:33:10)
      at new MetadataCacheService (src/services/metadata-cache.service.ts:42:12)
      at Object.<anonymous> (tests/unit/services/metadata-cache.test.ts:16:15)

    console.error
      {"timestamp":"2026-02-11T12:49:38.986Z","level":"error","message":"Failed to cache metadata for audio:/music/song
1.mp3","error":{"errno":-4058,"code":"ENOENT","syscall":"stat","path":"C:\\Users\\NewAdmin\\Desktop\\File-Organizer-MCP
\\audio:\\music\\song1.mp3"}}

    [0m [90m 23 |[39m     }[33m;[39m
     [90m 24 |[39m
    [31m[1m>[22m[39m[90m 25 |[39m     
console[33m.[39merror([33mJSON[39m[33m.[39mstringify(entry))[33m;[39m [90m// stderr for stdio servers[39m
     [90m    |[39m             [31m[1m^[22m[39m
     [90m 26 |[39m   }
     [90m 27 |[39m
     [90m 28 |[39m   debug(message[33m:[39m string[33m,[39m context[33m?[39m[33m:[39m 
[33mRecord[39m[33m<[39m[33mstring[39m[33m,[39m any[33m>[39m) {[0m

      at Logger.log (src/utils/logger.ts:25:13)
      at Logger.error (src/utils/logger.ts:45:10)
      at src/services/metadata-cache.service.ts:399:16
      at MetadataCacheService.acquireLock (src/services/metadata-cache.service.ts:157:22)
      at MetadataCacheService.set (src/services/metadata-cache.service.ts:326:5)
      at Object.<anonymous> (tests/unit/services/metadata-cache.test.ts:570:9)

    console.error
      {"timestamp":"2026-02-11T12:49:38.988Z","level":"info","message":"MetadataCacheService initialized","cacheDir":"C
:\\Users\\NewAdmin\\Desktop\\File-Organizer-MCP\\tests\\temp\\cache-WA9aQa","maxAge":604800000,"maxEntries":10000}

    [0m [90m 23 |[39m     }[33m;[39m
     [90m 24 |[39m
    [31m[1m>[22m[39m[90m 25 |[39m     
console[33m.[39merror([33mJSON[39m[33m.[39mstringify(entry))[33m;[39m [90m// stderr for stdio servers[39m
     [90m    |[39m             [31m[1m^[22m[39m
     [90m 26 |[39m   }
     [90m 27 |[39m
     [90m 28 |[39m   debug(message[33m:[39m string[33m,[39m context[33m?[39m[33m:[39m 
[33mRecord[39m[33m<[39m[33mstring[39m[33m,[39m any[33m>[39m) {[0m

      at Logger.log (src/utils/logger.ts:25:13)
      at Logger.info (src/utils/logger.ts:33:10)
      at new MetadataCacheService (src/services/metadata-cache.service.ts:42:12)
      at Object.<anonymous> (tests/unit/services/metadata-cache.test.ts:16:15)

    console.error
      {"timestamp":"2026-02-11T12:49:38.989Z","level":"error","message":"Failed to cache metadata for image:/photos/img
1.jpg","error":{"errno":-4058,"code":"ENOENT","syscall":"stat","path":"C:\\Users\\NewAdmin\\Desktop\\File-Organizer-MCP
\\image:\\photos\\img1.jpg"}}

    [0m [90m 23 |[39m     }[33m;[39m
     [90m 24 |[39m
    [31m[1m>[22m[39m[90m 25 |[39m     
console[33m.[39merror([33mJSON[39m[33m.[39mstringify(entry))[33m;[39m [90m// stderr for stdio servers[39m
     [90m    |[39m             [31m[1m^[22m[39m
     [90m 26 |[39m   }
     [90m 27 |[39m
     [90m 28 |[39m   debug(message[33m:[39m string[33m,[39m context[33m?[39m[33m:[39m 
[33mRecord[39m[33m<[39m[33mstring[39m[33m,[39m any[33m>[39m) {[0m

      at Logger.log (src/utils/logger.ts:25:13)
      at Logger.error (src/utils/logger.ts:45:10)
      at src/services/metadata-cache.service.ts:399:16
      at MetadataCacheService.acquireLock (src/services/metadata-cache.service.ts:157:22)
      at MetadataCacheService.set (src/services/metadata-cache.service.ts:326:5)
      at Object.<anonymous> (tests/unit/services/metadata-cache.test.ts:601:9)

    console.error
      {"timestamp":"2026-02-11T12:49:38.991Z","level":"info","message":"MetadataCacheService initialized","cacheDir":"C
:\\Users\\NewAdmin\\Desktop\\File-Organizer-MCP\\tests\\temp\\cache-hfeQq9","maxAge":604800000,"maxEntries":10000}

    [0m [90m 23 |[39m     }[33m;[39m
     [90m 24 |[39m
    [31m[1m>[22m[39m[90m 25 |[39m     
console[33m.[39merror([33mJSON[39m[33m.[39mstringify(entry))[33m;[39m [90m// stderr for stdio servers[39m
     [90m    |[39m             [31m[1m^[22m[39m
     [90m 26 |[39m   }
     [90m 27 |[39m
     [90m 28 |[39m   debug(message[33m:[39m string[33m,[39m context[33m?[39m[33m:[39m 
[33mRecord[39m[33m<[39m[33mstring[39m[33m,[39m any[33m>[39m) {[0m

      at Logger.log (src/utils/logger.ts:25:13)
      at Logger.info (src/utils/logger.ts:33:10)
      at new MetadataCacheService (src/services/metadata-cache.service.ts:42:12)
      at Object.<anonymous> (tests/unit/services/metadata-cache.test.ts:16:15)

    console.error
      {"timestamp":"2026-02-11T12:49:38.992Z","level":"error","message":"Failed to cache metadata for persistent","erro
r":{"errno":-4058,"code":"ENOENT","syscall":"stat","path":"C:\\Users\\NewAdmin\\Desktop\\File-Organizer-MCP\\persistent
"}}

    [0m [90m 23 |[39m     }[33m;[39m
     [90m 24 |[39m
    [31m[1m>[22m[39m[90m 25 |[39m     
console[33m.[39merror([33mJSON[39m[33m.[39mstringify(entry))[33m;[39m [90m// stderr for stdio servers[39m
     [90m    |[39m             [31m[1m^[22m[39m
     [90m 26 |[39m   }
     [90m 27 |[39m
     [90m 28 |[39m   debug(message[33m:[39m string[33m,[39m context[33m?[39m[33m:[39m 
[33mRecord[39m[33m<[39m[33mstring[39m[33m,[39m any[33m>[39m) {[0m

      at Logger.log (src/utils/logger.ts:25:13)
      at Logger.error (src/utils/logger.ts:45:10)
      at src/services/metadata-cache.service.ts:399:16
      at MetadataCacheService.acquireLock (src/services/metadata-cache.service.ts:157:22)
      at MetadataCacheService.set (src/services/metadata-cache.service.ts:326:5)
      at Object.<anonymous> (tests/unit/services/metadata-cache.test.ts:619:7)

  ÔùÅ MetadataCacheService ÔÇ║ get ÔÇ║ should return cached value

    ENOENT: no such file or directory, stat 'C:\Users\NewAdmin\Desktop\File-Organizer-MCP\test-key'

    [0m [90m 327 |[39m       [36mtry[39m {
     [90m 328 |[39m         [90m// Get current file stats[39m
    [31m[1m>[22m[39m[90m 329 |[39m         [36mconst[39m stats [33m=[39m [36mawait[39m 
fs[33m.[39mstat(filePath)[33m;[39m
     [90m     |[39m                       [31m[1m^[22m[39m
     [90m 330 |[39m         [36mconst[39m fileHash [33m=[39m 
[36mthis[39m[33m.[39mgenerateFileHash(filePath[33m,[39m stats[33m.[39mmtimeMs)[33m;[39m
     [90m 331 |[39m
     [90m 332 |[39m         [90m// Read current cache[39m[0m

      at src/services/metadata-cache.service.ts:329:23
      at MetadataCacheService.acquireLock (src/services/metadata-cache.service.ts:157:22)
      at MetadataCacheService.set (src/services/metadata-cache.service.ts:326:5)
      at Object.<anonymous> (tests/unit/services/metadata-cache.test.ts:39:7)

  ÔùÅ MetadataCacheService ÔÇ║ get ÔÇ║ should return null for expired cache entry

    ENOENT: no such file or directory, stat 'C:\Users\NewAdmin\Desktop\File-Organizer-MCP\expired-key'

    [0m [90m 327 |[39m       [36mtry[39m {
     [90m 328 |[39m         [90m// Get current file stats[39m
    [31m[1m>[22m[39m[90m 329 |[39m         [36mconst[39m stats [33m=[39m [36mawait[39m 
fs[33m.[39mstat(filePath)[33m;[39m
     [90m     |[39m                       [31m[1m^[22m[39m
     [90m 330 |[39m         [36mconst[39m fileHash [33m=[39m 
[36mthis[39m[33m.[39mgenerateFileHash(filePath[33m,[39m stats[33m.[39mmtimeMs)[33m;[39m
     [90m 331 |[39m
     [90m 332 |[39m         [90m// Read current cache[39m[0m

      at src/services/metadata-cache.service.ts:329:23
      at MetadataCacheService.acquireLock (src/services/metadata-cache.service.ts:157:22)
      at MetadataCacheService.set (src/services/metadata-cache.service.ts:326:5)
      at Object.<anonymous> (tests/unit/services/metadata-cache.test.ts:50:7)

  ÔùÅ MetadataCacheService ÔÇ║ get ÔÇ║ should handle nested keys

    ENOENT: no such file or directory, stat 'C:\Users\NewAdmin\Desktop\File-Organizer-MCP\audio\metadata\song1'

    [0m [90m 327 |[39m       [36mtry[39m {
     [90m 328 |[39m         [90m// Get current file stats[39m
    [31m[1m>[22m[39m[90m 329 |[39m         [36mconst[39m stats [33m=[39m [36mawait[39m 
fs[33m.[39mstat(filePath)[33m;[39m
     [90m     |[39m                       [31m[1m^[22m[39m
     [90m 330 |[39m         [36mconst[39m fileHash [33m=[39m 
[36mthis[39m[33m.[39mgenerateFileHash(filePath[33m,[39m stats[33m.[39mmtimeMs)[33m;[39m
     [90m 331 |[39m
     [90m 332 |[39m         [90m// Read current cache[39m[0m

      at src/services/metadata-cache.service.ts:329:23
      at MetadataCacheService.acquireLock (src/services/metadata-cache.service.ts:157:22)
      at MetadataCacheService.set (src/services/metadata-cache.service.ts:326:5)
      at Object.<anonymous> (tests/unit/services/metadata-cache.test.ts:63:7)

  ÔùÅ MetadataCacheService ÔÇ║ get ÔÇ║ should handle keys with special characters

    ENOENT: no such file or directory, stat 'C:\Users\NewAdmin\Desktop\File-Organizer-MCP\file:\path\to\song.mp3'

    [0m [90m 327 |[39m       [36mtry[39m {
     [90m 328 |[39m         [90m// Get current file stats[39m
    [31m[1m>[22m[39m[90m 329 |[39m         [36mconst[39m stats [33m=[39m [36mawait[39m 
fs[33m.[39mstat(filePath)[33m;[39m
     [90m     |[39m                       [31m[1m^[22m[39m
     [90m 330 |[39m         [36mconst[39m fileHash [33m=[39m 
[36mthis[39m[33m.[39mgenerateFileHash(filePath[33m,[39m stats[33m.[39mmtimeMs)[33m;[39m
     [90m 331 |[39m
     [90m 332 |[39m         [90m// Read current cache[39m[0m

      at src/services/metadata-cache.service.ts:329:23
      at MetadataCacheService.acquireLock (src/services/metadata-cache.service.ts:157:22)
      at MetadataCacheService.set (src/services/metadata-cache.service.ts:326:5)
      at Object.<anonymous> (tests/unit/services/metadata-cache.test.ts:73:7)

  ÔùÅ MetadataCacheService ÔÇ║ set ÔÇ║ should store value in cache

    ENOENT: no such file or directory, stat 'C:\Users\NewAdmin\Desktop\File-Organizer-MCP\store-test'

    [0m [90m 327 |[39m       [36mtry[39m {
     [90m 328 |[39m         [90m// Get current file stats[39m
    [31m[1m>[22m[39m[90m 329 |[39m         [36mconst[39m stats [33m=[39m [36mawait[39m 
fs[33m.[39mstat(filePath)[33m;[39m
     [90m     |[39m                       [31m[1m^[22m[39m
     [90m 330 |[39m         [36mconst[39m fileHash [33m=[39m 
[36mthis[39m[33m.[39mgenerateFileHash(filePath[33m,[39m stats[33m.[39mmtimeMs)[33m;[39m
     [90m 331 |[39m
     [90m 332 |[39m         [90m// Read current cache[39m[0m

      at src/services/metadata-cache.service.ts:329:23
      at MetadataCacheService.acquireLock (src/services/metadata-cache.service.ts:157:22)
      at MetadataCacheService.set (src/services/metadata-cache.service.ts:326:5)
      at Object.<anonymous> (tests/unit/services/metadata-cache.test.ts:85:7)

  ÔùÅ MetadataCacheService ÔÇ║ set ÔÇ║ should overwrite existing value

    ENOENT: no such file or directory, stat 'C:\Users\NewAdmin\Desktop\File-Organizer-MCP\overwrite-test'

    [0m [90m 327 |[39m       [36mtry[39m {
     [90m 328 |[39m         [90m// Get current file stats[39m
    [31m[1m>[22m[39m[90m 329 |[39m         [36mconst[39m stats [33m=[39m [36mawait[39m 
fs[33m.[39mstat(filePath)[33m;[39m
     [90m     |[39m                       [31m[1m^[22m[39m
     [90m 330 |[39m         [36mconst[39m fileHash [33m=[39m 
[36mthis[39m[33m.[39mgenerateFileHash(filePath[33m,[39m stats[33m.[39mmtimeMs)[33m;[39m
     [90m 331 |[39m
     [90m 332 |[39m         [90m// Read current cache[39m[0m

      at src/services/metadata-cache.service.ts:329:23
      at MetadataCacheService.acquireLock (src/services/metadata-cache.service.ts:157:22)
      at MetadataCacheService.set (src/services/metadata-cache.service.ts:326:5)
      at Object.<anonymous> (tests/unit/services/metadata-cache.test.ts:94:7)

  ÔùÅ MetadataCacheService ÔÇ║ set ÔÇ║ should store complex objects

    ENOENT: no such file or directory, stat 'C:\Users\NewAdmin\Desktop\File-Organizer-MCP\complex-test'

    [0m [90m 327 |[39m       [36mtry[39m {
     [90m 328 |[39m         [90m// Get current file stats[39m
    [31m[1m>[22m[39m[90m 329 |[39m         [36mconst[39m stats [33m=[39m [36mawait[39m 
fs[33m.[39mstat(filePath)[33m;[39m
     [90m     |[39m                       [31m[1m^[22m[39m
     [90m 330 |[39m         [36mconst[39m fileHash [33m=[39m 
[36mthis[39m[33m.[39mgenerateFileHash(filePath[33m,[39m stats[33m.[39mmtimeMs)[33m;[39m
     [90m 331 |[39m
     [90m 332 |[39m         [90m// Read current cache[39m[0m

      at src/services/metadata-cache.service.ts:329:23
      at MetadataCacheService.acquireLock (src/services/metadata-cache.service.ts:157:22)
      at MetadataCacheService.set (src/services/metadata-cache.service.ts:326:5)
      at Object.<anonymous> (tests/unit/services/metadata-cache.test.ts:118:7)

  ÔùÅ MetadataCacheService ÔÇ║ set ÔÇ║ should handle Date objects

    ENOENT: no such file or directory, stat 'C:\Users\NewAdmin\Desktop\File-Organizer-MCP\date-test'

    [0m [90m 327 |[39m       [36mtry[39m {
     [90m 328 |[39m         [90m// Get current file stats[39m
    [31m[1m>[22m[39m[90m 329 |[39m         [36mconst[39m stats [33m=[39m [36mawait[39m 
fs[33m.[39mstat(filePath)[33m;[39m
     [90m     |[39m                       [31m[1m^[22m[39m
     [90m 330 |[39m         [36mconst[39m fileHash [33m=[39m 
[36mthis[39m[33m.[39mgenerateFileHash(filePath[33m,[39m stats[33m.[39mmtimeMs)[33m;[39m
     [90m 331 |[39m
     [90m 332 |[39m         [90m// Read current cache[39m[0m

      at src/services/metadata-cache.service.ts:329:23
      at MetadataCacheService.acquireLock (src/services/metadata-cache.service.ts:157:22)
      at MetadataCacheService.set (src/services/metadata-cache.service.ts:326:5)
      at Object.<anonymous> (tests/unit/services/metadata-cache.test.ts:129:7)

  ÔùÅ MetadataCacheService ÔÇ║ delete ÔÇ║ should remove cached value

    ENOENT: no such file or directory, stat 'C:\Users\NewAdmin\Desktop\File-Organizer-MCP\delete-test'

    [0m [90m 327 |[39m       [36mtry[39m {
     [90m 328 |[39m         [90m// Get current file stats[39m
    [31m[1m>[22m[39m[90m 329 |[39m         [36mconst[39m stats [33m=[39m [36mawait[39m 
fs[33m.[39mstat(filePath)[33m;[39m
     [90m     |[39m                       [31m[1m^[22m[39m
     [90m 330 |[39m         [36mconst[39m fileHash [33m=[39m 
[36mthis[39m[33m.[39mgenerateFileHash(filePath[33m,[39m stats[33m.[39mmtimeMs)[33m;[39m
     [90m 331 |[39m
     [90m 332 |[39m         [90m// Read current cache[39m[0m

      at src/services/metadata-cache.service.ts:329:23
      at MetadataCacheService.acquireLock (src/services/metadata-cache.service.ts:157:22)
      at MetadataCacheService.set (src/services/metadata-cache.service.ts:326:5)
      at Object.<anonymous> (tests/unit/services/metadata-cache.test.ts:139:7)

  ÔùÅ MetadataCacheService ÔÇ║ delete ÔÇ║ should handle deleting non-existent key

    TypeError: service.delete is not a function

    [0m [90m 146 |[39m
     [90m 147 |[39m     it([32m"should handle deleting non-existent key"[39m[33m,[39m [36masync[39m () 
[33m=>[39m {
    [31m[1m>[22m[39m[90m 148 |[39m       [36mawait[39m expect(service[33m.[39m[36mdelete[39m([32m"nonexist
ent"[39m))[33m.[39mresolves[33m.[39mnot[33m.[39mtoThrow()[33m;[39m
     [90m     |[39m                                  [31m[1m^[22m[39m
     [90m 149 |[39m     })[33m;[39m
     [90m 150 |[39m   })[33m;[39m
     [90m 151 |[39m[0m

      at Object.<anonymous> (tests/unit/services/metadata-cache.test.ts:148:34)

  ÔùÅ MetadataCacheService ÔÇ║ clear ÔÇ║ should remove all cached values

    ENOENT: no such file or directory, stat 'C:\Users\NewAdmin\Desktop\File-Organizer-MCP\key1'

    [0m [90m 327 |[39m       [36mtry[39m {
     [90m 328 |[39m         [90m// Get current file stats[39m
    [31m[1m>[22m[39m[90m 329 |[39m         [36mconst[39m stats [33m=[39m [36mawait[39m 
fs[33m.[39mstat(filePath)[33m;[39m
     [90m     |[39m                       [31m[1m^[22m[39m
     [90m 330 |[39m         [36mconst[39m fileHash [33m=[39m 
[36mthis[39m[33m.[39mgenerateFileHash(filePath[33m,[39m stats[33m.[39mmtimeMs)[33m;[39m
     [90m 331 |[39m
     [90m 332 |[39m         [90m// Read current cache[39m[0m

      at src/services/metadata-cache.service.ts:329:23
      at MetadataCacheService.acquireLock (src/services/metadata-cache.service.ts:157:22)
      at MetadataCacheService.set (src/services/metadata-cache.service.ts:326:5)
      at Object.<anonymous> (tests/unit/services/metadata-cache.test.ts:154:7)

  ÔùÅ MetadataCacheService ÔÇ║ clear ÔÇ║ should handle empty cache

    TypeError: service.clear is not a function

    [0m [90m 164 |[39m
     [90m 165 |[39m     it([32m"should handle empty cache"[39m[33m,[39m [36masync[39m () [33m=>[39m {
    [31m[1m>[22m[39m[90m 166 |[39m       [36mawait[39m 
expect(service[33m.[39mclear())[33m.[39mresolves[33m.[39mnot[33m.[39mtoThrow()[33m;[39m
     [90m     |[39m                            [31m[1m^[22m[39m
     [90m 167 |[39m     })[33m;[39m
     [90m 168 |[39m   })[33m;[39m
     [90m 169 |[39m[0m

      at Object.<anonymous> (tests/unit/services/metadata-cache.test.ts:166:28)

  ÔùÅ MetadataCacheService ÔÇ║ has ÔÇ║ should return true for existing key

    ENOENT: no such file or directory, stat 'C:\Users\NewAdmin\Desktop\File-Organizer-MCP\has-test'

    [0m [90m 327 |[39m       [36mtry[39m {
     [90m 328 |[39m         [90m// Get current file stats[39m
    [31m[1m>[22m[39m[90m 329 |[39m         [36mconst[39m stats [33m=[39m [36mawait[39m 
fs[33m.[39mstat(filePath)[33m;[39m
     [90m     |[39m                       [31m[1m^[22m[39m
     [90m 330 |[39m         [36mconst[39m fileHash [33m=[39m 
[36mthis[39m[33m.[39mgenerateFileHash(filePath[33m,[39m stats[33m.[39mmtimeMs)[33m;[39m
     [90m 331 |[39m
     [90m 332 |[39m         [90m// Read current cache[39m[0m

      at src/services/metadata-cache.service.ts:329:23
      at MetadataCacheService.acquireLock (src/services/metadata-cache.service.ts:157:22)
      at MetadataCacheService.set (src/services/metadata-cache.service.ts:326:5)
      at Object.<anonymous> (tests/unit/services/metadata-cache.test.ts:173:7)

  ÔùÅ MetadataCacheService ÔÇ║ has ÔÇ║ should return false for expired key

    ENOENT: no such file or directory, stat 'C:\Users\NewAdmin\Desktop\File-Organizer-MCP\expired-has-test'

    [0m [90m 327 |[39m       [36mtry[39m {
     [90m 328 |[39m         [90m// Get current file stats[39m
    [31m[1m>[22m[39m[90m 329 |[39m         [36mconst[39m stats [33m=[39m [36mawait[39m 
fs[33m.[39mstat(filePath)[33m;[39m
     [90m     |[39m                       [31m[1m^[22m[39m
     [90m 330 |[39m         [36mconst[39m fileHash [33m=[39m 
[36mthis[39m[33m.[39mgenerateFileHash(filePath[33m,[39m stats[33m.[39mmtimeMs)[33m;[39m
     [90m 331 |[39m
     [90m 332 |[39m         [90m// Read current cache[39m[0m

      at src/services/metadata-cache.service.ts:329:23
      at MetadataCacheService.acquireLock (src/services/metadata-cache.service.ts:157:22)
      at MetadataCacheService.set (src/services/metadata-cache.service.ts:326:5)
      at Object.<anonymous> (tests/unit/services/metadata-cache.test.ts:186:7)

  ÔùÅ MetadataCacheService ÔÇ║ Persistence ÔÇ║ should persist cache to disk

    ENOENT: no such file or directory, stat 'C:\Users\NewAdmin\Desktop\File-Organizer-MCP\persist-test'

    [0m [90m 327 |[39m       [36mtry[39m {
     [90m 328 |[39m         [90m// Get current file stats[39m
    [31m[1m>[22m[39m[90m 329 |[39m         [36mconst[39m stats [33m=[39m [36mawait[39m 
fs[33m.[39mstat(filePath)[33m;[39m
     [90m     |[39m                       [31m[1m^[22m[39m
     [90m 330 |[39m         [36mconst[39m fileHash [33m=[39m 
[36mthis[39m[33m.[39mgenerateFileHash(filePath[33m,[39m stats[33m.[39mmtimeMs)[33m;[39m
     [90m 331 |[39m
     [90m 332 |[39m         [90m// Read current cache[39m[0m

      at src/services/metadata-cache.service.ts:329:23
      at MetadataCacheService.acquireLock (src/services/metadata-cache.service.ts:157:22)
      at MetadataCacheService.set (src/services/metadata-cache.service.ts:326:5)
      at Object.<anonymous> (tests/unit/services/metadata-cache.test.ts:202:7)

  ÔùÅ MetadataCacheService ÔÇ║ Persistence ÔÇ║ should load existing cache on initialization

    expect(received).toEqual(expected) // deep equality

    Expected: {"title": "Preloaded"}
    Received: null

    [0m [90m 230 |[39m       [36mconst[39m result [33m=[39m [36mawait[39m 
newService[33m.[39m[36mget[39m([32m"preloaded"[39m)[33m;[39m
     [90m 231 |[39m
    [31m[1m>[22m[39m[90m 232 |[39m       expect(result)[33m.[39mtoEqual({ title[33m:[39m 
[32m"Preloaded"[39m })[33m;[39m
     [90m     |[39m                      [31m[1m^[22m[39m
     [90m 233 |[39m     })[33m;[39m
     [90m 234 |[39m
     [90m 235 |[39m     it([32m"should handle corrupted cache file"[39m[33m,[39m [36masync[39m () [33m=>[39m 
{[0m

      at Object.<anonymous> (tests/unit/services/metadata-cache.test.ts:232:22)

  ÔùÅ MetadataCacheService ÔÇ║ Persistence ÔÇ║ should handle missing cache directory

    ENOENT: no such file or directory, stat 'C:\Users\NewAdmin\Desktop\File-Organizer-MCP\key'

    [0m [90m 327 |[39m       [36mtry[39m {
     [90m 328 |[39m         [90m// Get current file stats[39m
    [31m[1m>[22m[39m[90m 329 |[39m         [36mconst[39m stats [33m=[39m [36mawait[39m 
fs[33m.[39mstat(filePath)[33m;[39m
     [90m     |[39m                       [31m[1m^[22m[39m
     [90m 330 |[39m         [36mconst[39m fileHash [33m=[39m 
[36mthis[39m[33m.[39mgenerateFileHash(filePath[33m,[39m stats[33m.[39mmtimeMs)[33m;[39m
     [90m 331 |[39m
     [90m 332 |[39m         [90m// Read current cache[39m[0m

      at src/services/metadata-cache.service.ts:329:23
      at MetadataCacheService.acquireLock (src/services/metadata-cache.service.ts:157:22)
      at MetadataCacheService.set (src/services/metadata-cache.service.ts:326:5)
      at Object.<anonymous> (tests/unit/services/metadata-cache.test.ts:252:7)

  ÔùÅ MetadataCacheService ÔÇ║ TTL (Time To Live) ÔÇ║ should expire entries after TTL

    ENOENT: no such file or directory, stat 'C:\Users\NewAdmin\Desktop\File-Organizer-MCP\ttl-test'

    [0m [90m 327 |[39m       [36mtry[39m {
     [90m 328 |[39m         [90m// Get current file stats[39m
    [31m[1m>[22m[39m[90m 329 |[39m         [36mconst[39m stats [33m=[39m [36mawait[39m 
fs[33m.[39mstat(filePath)[33m;[39m
     [90m     |[39m                       [31m[1m^[22m[39m
     [90m 330 |[39m         [36mconst[39m fileHash [33m=[39m 
[36mthis[39m[33m.[39mgenerateFileHash(filePath[33m,[39m stats[33m.[39mmtimeMs)[33m;[39m
     [90m 331 |[39m
     [90m 332 |[39m         [90m// Read current cache[39m[0m

      at src/services/metadata-cache.service.ts:329:23
      at MetadataCacheService.acquireLock (src/services/metadata-cache.service.ts:157:22)
      at MetadataCacheService.set (src/services/metadata-cache.service.ts:326:5)
      at Object.<anonymous> (tests/unit/services/metadata-cache.test.ts:266:7)

  ÔùÅ MetadataCacheService ÔÇ║ TTL (Time To Live) ÔÇ║ should not expire entries without TTL

    ENOENT: no such file or directory, stat 'C:\Users\NewAdmin\Desktop\File-Organizer-MCP\no-ttl-test'

    [0m [90m 327 |[39m       [36mtry[39m {
     [90m 328 |[39m         [90m// Get current file stats[39m
    [31m[1m>[22m[39m[90m 329 |[39m         [36mconst[39m stats [33m=[39m [36mawait[39m 
fs[33m.[39mstat(filePath)[33m;[39m
     [90m     |[39m                       [31m[1m^[22m[39m
     [90m 330 |[39m         [36mconst[39m fileHash [33m=[39m 
[36mthis[39m[33m.[39mgenerateFileHash(filePath[33m,[39m stats[33m.[39mmtimeMs)[33m;[39m
     [90m 331 |[39m
     [90m 332 |[39m         [90m// Read current cache[39m[0m

      at src/services/metadata-cache.service.ts:329:23
      at MetadataCacheService.acquireLock (src/services/metadata-cache.service.ts:157:22)
      at MetadataCacheService.set (src/services/metadata-cache.service.ts:326:5)
      at Object.<anonymous> (tests/unit/services/metadata-cache.test.ts:282:7)

  ÔùÅ MetadataCacheService ÔÇ║ TTL (Time To Live) ÔÇ║ should update TTL on set

    ENOENT: no such file or directory, stat 'C:\Users\NewAdmin\Desktop\File-Organizer-MCP\update-ttl'

    [0m [90m 327 |[39m       [36mtry[39m {
     [90m 328 |[39m         [90m// Get current file stats[39m
    [31m[1m>[22m[39m[90m 329 |[39m         [36mconst[39m stats [33m=[39m [36mawait[39m 
fs[33m.[39mstat(filePath)[33m;[39m
     [90m     |[39m                       [31m[1m^[22m[39m
     [90m 330 |[39m         [36mconst[39m fileHash [33m=[39m 
[36mthis[39m[33m.[39mgenerateFileHash(filePath[33m,[39m stats[33m.[39mmtimeMs)[33m;[39m
     [90m 331 |[39m
     [90m 332 |[39m         [90m// Read current cache[39m[0m

      at src/services/metadata-cache.service.ts:329:23
      at MetadataCacheService.acquireLock (src/services/metadata-cache.service.ts:157:22)
      at MetadataCacheService.set (src/services/metadata-cache.service.ts:326:5)
      at Object.<anonymous> (tests/unit/services/metadata-cache.test.ts:295:7)

  ÔùÅ MetadataCacheService ÔÇ║ getStats ÔÇ║ should return cache statistics

    ENOENT: no such file or directory, stat 'C:\Users\NewAdmin\Desktop\File-Organizer-MCP\key1'

    [0m [90m 327 |[39m       [36mtry[39m {
     [90m 328 |[39m         [90m// Get current file stats[39m
    [31m[1m>[22m[39m[90m 329 |[39m         [36mconst[39m stats [33m=[39m [36mawait[39m 
fs[33m.[39mstat(filePath)[33m;[39m
     [90m     |[39m                       [31m[1m^[22m[39m
     [90m 330 |[39m         [36mconst[39m fileHash [33m=[39m 
[36mthis[39m[33m.[39mgenerateFileHash(filePath[33m,[39m stats[33m.[39mmtimeMs)[33m;[39m
     [90m 331 |[39m
     [90m 332 |[39m         [90m// Read current cache[39m[0m

      at src/services/metadata-cache.service.ts:329:23
      at MetadataCacheService.acquireLock (src/services/metadata-cache.service.ts:157:22)
      at MetadataCacheService.set (src/services/metadata-cache.service.ts:326:5)
      at Object.<anonymous> (tests/unit/services/metadata-cache.test.ts:313:7)

  ÔùÅ MetadataCacheService ÔÇ║ getStats ÔÇ║ should track hits and misses

    ENOENT: no such file or directory, stat 'C:\Users\NewAdmin\Desktop\File-Organizer-MCP\exists'

    [0m [90m 327 |[39m       [36mtry[39m {
     [90m 328 |[39m         [90m// Get current file stats[39m
    [31m[1m>[22m[39m[90m 329 |[39m         [36mconst[39m stats [33m=[39m [36mawait[39m 
fs[33m.[39mstat(filePath)[33m;[39m
     [90m     |[39m                       [31m[1m^[22m[39m
     [90m 330 |[39m         [36mconst[39m fileHash [33m=[39m 
[36mthis[39m[33m.[39mgenerateFileHash(filePath[33m,[39m stats[33m.[39mmtimeMs)[33m;[39m
     [90m 331 |[39m
     [90m 332 |[39m         [90m// Read current cache[39m[0m

      at src/services/metadata-cache.service.ts:329:23
      at MetadataCacheService.acquireLock (src/services/metadata-cache.service.ts:157:22)
      at MetadataCacheService.set (src/services/metadata-cache.service.ts:326:5)
      at Object.<anonymous> (tests/unit/services/metadata-cache.test.ts:325:7)

  ÔùÅ MetadataCacheService ÔÇ║ getStats ÔÇ║ should return zero stats for empty cache

    expect(received).toBe(expected) // Object.is equality

    Expected: 0
    Received: undefined

    [0m [90m 339 |[39m       [36mconst[39m stats [33m=[39m [36mawait[39m 
service[33m.[39mgetStats()[33m;[39m
     [90m 340 |[39m
    [31m[1m>[22m[39m[90m 341 |[39m       expect(stats[33m.[39mentries)[33m.[39mtoBe([35m0[39m)[33m;[39m
     [90m     |[39m                             [31m[1m^[22m[39m
     [90m 342 |[39m       expect(stats[33m.[39msize)[33m.[39mtoBe([35m0[39m)[33m;[39m
     [90m 343 |[39m     })[33m;[39m
     [90m 344 |[39m   })[33m;[39m[0m

      at Object.<anonymous> (tests/unit/services/metadata-cache.test.ts:341:29)

  ÔùÅ MetadataCacheService ÔÇ║ File Validation ÔÇ║ should invalidate stale cache entries based on file mtime

    ENOENT: no such file or directory, stat 'C:\Users\NewAdmin\Desktop\File-Organizer-MCP\file:C:\Users\NewAdmin\Deskto
p\File-Organizer-MCP\tests\temp\cache-s4iI1J\test.txt'

    [0m [90m 327 |[39m       [36mtry[39m {
     [90m 328 |[39m         [90m// Get current file stats[39m
    [31m[1m>[22m[39m[90m 329 |[39m         [36mconst[39m stats [33m=[39m [36mawait[39m 
fs[33m.[39mstat(filePath)[33m;[39m
     [90m     |[39m                       [31m[1m^[22m[39m
     [90m 330 |[39m         [36mconst[39m fileHash [33m=[39m 
[36mthis[39m[33m.[39mgenerateFileHash(filePath[33m,[39m stats[33m.[39mmtimeMs)[33m;[39m
     [90m 331 |[39m
     [90m 332 |[39m         [90m// Read current cache[39m[0m

      at src/services/metadata-cache.service.ts:329:23
      at MetadataCacheService.acquireLock (src/services/metadata-cache.service.ts:157:22)
      at MetadataCacheService.set (src/services/metadata-cache.service.ts:326:5)
      at Object.<anonymous> (tests/unit/services/metadata-cache.test.ts:354:7)

  ÔùÅ MetadataCacheService ÔÇ║ File Validation ÔÇ║ should return fresh for unchanged files

    ENOENT: no such file or directory, stat 'C:\Users\NewAdmin\Desktop\File-Organizer-MCP\file:C:\Users\NewAdmin\Deskto
p\File-Organizer-MCP\tests\temp\cache-G3Ka15\unchanged.txt'

    [0m [90m 327 |[39m       [36mtry[39m {
     [90m 328 |[39m         [90m// Get current file stats[39m
    [31m[1m>[22m[39m[90m 329 |[39m         [36mconst[39m stats [33m=[39m [36mawait[39m 
fs[33m.[39mstat(filePath)[33m;[39m
     [90m     |[39m                       [31m[1m^[22m[39m
     [90m 330 |[39m         [36mconst[39m fileHash [33m=[39m 
[36mthis[39m[33m.[39mgenerateFileHash(filePath[33m,[39m stats[33m.[39mmtimeMs)[33m;[39m
     [90m 331 |[39m
     [90m 332 |[39m         [90m// Read current cache[39m[0m

      at src/services/metadata-cache.service.ts:329:23
      at MetadataCacheService.acquireLock (src/services/metadata-cache.service.ts:157:22)
      at MetadataCacheService.set (src/services/metadata-cache.service.ts:326:5)
      at Object.<anonymous> (tests/unit/services/metadata-cache.test.ts:370:7)

  ÔùÅ MetadataCacheService ÔÇ║ File Validation ÔÇ║ should handle missing files

    ENOENT: no such file or directory, stat 'C:\Users\NewAdmin\Desktop\File-Organizer-MCP\file:C:\Users\NewAdmin\Deskto
p\File-Organizer-MCP\tests\temp\cache-WfCTO1\deleted.txt'

    [0m [90m 327 |[39m       [36mtry[39m {
     [90m 328 |[39m         [90m// Get current file stats[39m
    [31m[1m>[22m[39m[90m 329 |[39m         [36mconst[39m stats [33m=[39m [36mawait[39m 
fs[33m.[39mstat(filePath)[33m;[39m
     [90m     |[39m                       [31m[1m^[22m[39m
     [90m 330 |[39m         [36mconst[39m fileHash [33m=[39m 
[36mthis[39m[33m.[39mgenerateFileHash(filePath[33m,[39m stats[33m.[39mmtimeMs)[33m;[39m
     [90m 331 |[39m
     [90m 332 |[39m         [90m// Read current cache[39m[0m

      at src/services/metadata-cache.service.ts:329:23
      at MetadataCacheService.acquireLock (src/services/metadata-cache.service.ts:157:22)
      at MetadataCacheService.set (src/services/metadata-cache.service.ts:326:5)
      at Object.<anonymous> (tests/unit/services/metadata-cache.test.ts:381:7)

  ÔùÅ MetadataCacheService ÔÇ║ Atomic Writes ÔÇ║ should write cache atomically

    ENOENT: no such file or directory, stat 'C:\Users\NewAdmin\Desktop\File-Organizer-MCP\concurrent-0'

    [0m [90m 327 |[39m       [36mtry[39m {
     [90m 328 |[39m         [90m// Get current file stats[39m
    [31m[1m>[22m[39m[90m 329 |[39m         [36mconst[39m stats [33m=[39m [36mawait[39m 
fs[33m.[39mstat(filePath)[33m;[39m
     [90m     |[39m                       [31m[1m^[22m[39m
     [90m 330 |[39m         [36mconst[39m fileHash [33m=[39m 
[36mthis[39m[33m.[39mgenerateFileHash(filePath[33m,[39m stats[33m.[39mmtimeMs)[33m;[39m
     [90m 331 |[39m
     [90m 332 |[39m         [90m// Read current cache[39m[0m

      at src/services/metadata-cache.service.ts:329:23
      at MetadataCacheService.acquireLock (src/services/metadata-cache.service.ts:157:22)
      at MetadataCacheService.set (src/services/metadata-cache.service.ts:326:5)
          at async Promise.all (index 0)
      at Object.<anonymous> (tests/unit/services/metadata-cache.test.ts:401:7)

  ÔùÅ MetadataCacheService ÔÇ║ prune ÔÇ║ should remove expired entries

    ENOENT: no such file or directory, stat 'C:\Users\NewAdmin\Desktop\File-Organizer-MCP\fresh'

    [0m [90m 327 |[39m       [36mtry[39m {
     [90m 328 |[39m         [90m// Get current file stats[39m
    [31m[1m>[22m[39m[90m 329 |[39m         [36mconst[39m stats [33m=[39m [36mawait[39m 
fs[33m.[39mstat(filePath)[33m;[39m
     [90m     |[39m                       [31m[1m^[22m[39m
     [90m 330 |[39m         [36mconst[39m fileHash [33m=[39m 
[36mthis[39m[33m.[39mgenerateFileHash(filePath[33m,[39m stats[33m.[39mmtimeMs)[33m;[39m
     [90m 331 |[39m
     [90m 332 |[39m         [90m// Read current cache[39m[0m

      at src/services/metadata-cache.service.ts:329:23
      at MetadataCacheService.acquireLock (src/services/metadata-cache.service.ts:157:22)
      at MetadataCacheService.set (src/services/metadata-cache.service.ts:326:5)
      at Object.<anonymous> (tests/unit/services/metadata-cache.test.ts:415:7)

  ÔùÅ MetadataCacheService ÔÇ║ prune ÔÇ║ should handle empty cache during prune

    TypeError: service.prune is not a function

    [0m [90m 425 |[39m
     [90m 426 |[39m     it([32m"should handle empty cache during prune"[39m[33m,[39m [36masync[39m () 
[33m=>[39m {
    [31m[1m>[22m[39m[90m 427 |[39m       [36mawait[39m 
expect(service[33m.[39mprune())[33m.[39mresolves[33m.[39mnot[33m.[39mtoThrow()[33m;[39m
     [90m     |[39m                            [31m[1m^[22m[39m
     [90m 428 |[39m     })[33m;[39m
     [90m 429 |[39m   })[33m;[39m
     [90m 430 |[39m[0m

      at Object.<anonymous> (tests/unit/services/metadata-cache.test.ts:427:28)

  ÔùÅ MetadataCacheService ÔÇ║ Edge Cases ÔÇ║ should handle empty string keys

    ENOENT: no such file or directory, stat ''

    [0m [90m 327 |[39m       [36mtry[39m {
     [90m 328 |[39m         [90m// Get current file stats[39m
    [31m[1m>[22m[39m[90m 329 |[39m         [36mconst[39m stats [33m=[39m [36mawait[39m 
fs[33m.[39mstat(filePath)[33m;[39m
     [90m     |[39m                       [31m[1m^[22m[39m
     [90m 330 |[39m         [36mconst[39m fileHash [33m=[39m 
[36mthis[39m[33m.[39mgenerateFileHash(filePath[33m,[39m stats[33m.[39mmtimeMs)[33m;[39m
     [90m 331 |[39m
     [90m 332 |[39m         [90m// Read current cache[39m[0m

      at src/services/metadata-cache.service.ts:329:23
      at MetadataCacheService.acquireLock (src/services/metadata-cache.service.ts:157:22)
      at MetadataCacheService.set (src/services/metadata-cache.service.ts:326:5)
      at Object.<anonymous> (tests/unit/services/metadata-cache.test.ts:435:7)

  ÔùÅ MetadataCacheService ÔÇ║ Edge Cases ÔÇ║ should handle null values

    ENOENT: no such file or directory, stat 'C:\Users\NewAdmin\Desktop\File-Organizer-MCP\null-key'

    [0m [90m 327 |[39m       [36mtry[39m {
     [90m 328 |[39m         [90m// Get current file stats[39m
    [31m[1m>[22m[39m[90m 329 |[39m         [36mconst[39m stats [33m=[39m [36mawait[39m 
fs[33m.[39mstat(filePath)[33m;[39m
     [90m     |[39m                       [31m[1m^[22m[39m
     [90m 330 |[39m         [36mconst[39m fileHash [33m=[39m 
[36mthis[39m[33m.[39mgenerateFileHash(filePath[33m,[39m stats[33m.[39mmtimeMs)[33m;[39m
     [90m 331 |[39m
     [90m 332 |[39m         [90m// Read current cache[39m[0m

      at src/services/metadata-cache.service.ts:329:23
      at MetadataCacheService.acquireLock (src/services/metadata-cache.service.ts:157:22)
      at MetadataCacheService.set (src/services/metadata-cache.service.ts:326:5)
      at Object.<anonymous> (tests/unit/services/metadata-cache.test.ts:441:7)

  ÔùÅ MetadataCacheService ÔÇ║ Edge Cases ÔÇ║ should handle undefined values

    ENOENT: no such file or directory, stat 'C:\Users\NewAdmin\Desktop\File-Organizer-MCP\undefined-key'

    [0m [90m 327 |[39m       [36mtry[39m {
     [90m 328 |[39m         [90m// Get current file stats[39m
    [31m[1m>[22m[39m[90m 329 |[39m         [36mconst[39m stats [33m=[39m [36mawait[39m 
fs[33m.[39mstat(filePath)[33m;[39m
     [90m     |[39m                       [31m[1m^[22m[39m
     [90m 330 |[39m         [36mconst[39m fileHash [33m=[39m 
[36mthis[39m[33m.[39mgenerateFileHash(filePath[33m,[39m stats[33m.[39mmtimeMs)[33m;[39m
     [90m 331 |[39m
     [90m 332 |[39m         [90m// Read current cache[39m[0m

      at src/services/metadata-cache.service.ts:329:23
      at MetadataCacheService.acquireLock (src/services/metadata-cache.service.ts:157:22)
      at MetadataCacheService.set (src/services/metadata-cache.service.ts:326:5)
      at Object.<anonymous> (tests/unit/services/metadata-cache.test.ts:447:7)

  ÔùÅ MetadataCacheService ÔÇ║ Edge Cases ÔÇ║ should handle very long keys

    ENOENT: no such file or directory, stat 'C:\Users\NewAdmin\Desktop\File-Organizer-MCP\aaaaaaaaaaaaaaaaaaaaaaaaaaaaa
aaaaaaaaaaaaaaaaaaaaaaaaaaaaaaaaaaaaaaaaaaaaaaaaaaaaaaaaaaaaaaaaaaaaaaaaaaaaaaaaaaaaaaaaaaaaaaaaaaaaaaaaaaaaaaaaaaaaaaa
aaaaaaaaaaaaaaaaaaaaaaaaaaaaaaaaaaaaaaaaaaaaaaaaaaaaaaaaaaaaaaaaaaaaaaaaaaaaaaaaaaaaaaaaaaaaaaaaaaaaaaaaaaaaaaaaaaaaaaa
aaaaaaaaaaaaaaaaaaaaaaaaaaaaaaaaaaaaaaaaaaaaaaaaaaaaaaaaaaaaaaaaaaaaaaaaaaaaaaaaaaaaaaaaaaaaaaaaaaaaaaaaaaaaaaaaaaaaaaa
aaaaaaaaaaaaaaaaaaaaaaaaaaaaaaaaaaaaaaaaaaaaaaaaaaaaaaaaaaaaaaaaaaaaaaaaaaaaaaaaaaaaaaaaaaaaaaaaaaaaaaaaaaaaaaaaaa'

    [0m [90m 327 |[39m       [36mtry[39m {
     [90m 328 |[39m         [90m// Get current file stats[39m
    [31m[1m>[22m[39m[90m 329 |[39m         [36mconst[39m stats [33m=[39m [36mawait[39m 
fs[33m.[39mstat(filePath)[33m;[39m
     [90m     |[39m                       [31m[1m^[22m[39m
     [90m 330 |[39m         [36mconst[39m fileHash [33m=[39m 
[36mthis[39m[33m.[39mgenerateFileHash(filePath[33m,[39m stats[33m.[39mmtimeMs)[33m;[39m
     [90m 331 |[39m
     [90m 332 |[39m         [90m// Read current cache[39m[0m

      at src/services/metadata-cache.service.ts:329:23
      at MetadataCacheService.acquireLock (src/services/metadata-cache.service.ts:157:22)
      at MetadataCacheService.set (src/services/metadata-cache.service.ts:326:5)
      at Object.<anonymous> (tests/unit/services/metadata-cache.test.ts:456:7)

  ÔùÅ MetadataCacheService ÔÇ║ Edge Cases ÔÇ║ should handle special characters in keys

    ENOENT: no such file or directory, stat 'C:\Users\NewAdmin\Desktop\File-Organizer-MCP\key:with:colons'

    [0m [90m 327 |[39m       [36mtry[39m {
     [90m 328 |[39m         [90m// Get current file stats[39m
    [31m[1m>[22m[39m[90m 329 |[39m         [36mconst[39m stats [33m=[39m [36mawait[39m 
fs[33m.[39mstat(filePath)[33m;[39m
     [90m     |[39m                       [31m[1m^[22m[39m
     [90m 330 |[39m         [36mconst[39m fileHash [33m=[39m 
[36mthis[39m[33m.[39mgenerateFileHash(filePath[33m,[39m stats[33m.[39mmtimeMs)[33m;[39m
     [90m 331 |[39m
     [90m 332 |[39m         [90m// Read current cache[39m[0m

      at src/services/metadata-cache.service.ts:329:23
      at MetadataCacheService.acquireLock (src/services/metadata-cache.service.ts:157:22)
      at MetadataCacheService.set (src/services/metadata-cache.service.ts:326:5)
      at Object.<anonymous> (tests/unit/services/metadata-cache.test.ts:473:9)

  ÔùÅ MetadataCacheService ÔÇ║ Edge Cases ÔÇ║ should handle large values

    ENOENT: no such file or directory, stat 'C:\Users\NewAdmin\Desktop\File-Organizer-MCP\large-value'

    [0m [90m 327 |[39m       [36mtry[39m {
     [90m 328 |[39m         [90m// Get current file stats[39m
    [31m[1m>[22m[39m[90m 329 |[39m         [36mconst[39m stats [33m=[39m [36mawait[39m 
fs[33m.[39mstat(filePath)[33m;[39m
     [90m     |[39m                       [31m[1m^[22m[39m
     [90m 330 |[39m         [36mconst[39m fileHash [33m=[39m 
[36mthis[39m[33m.[39mgenerateFileHash(filePath[33m,[39m stats[33m.[39mmtimeMs)[33m;[39m
     [90m 331 |[39m
     [90m 332 |[39m         [90m// Read current cache[39m[0m

      at src/services/metadata-cache.service.ts:329:23
      at MetadataCacheService.acquireLock (src/services/metadata-cache.service.ts:157:22)
      at MetadataCacheService.set (src/services/metadata-cache.service.ts:326:5)
      at Object.<anonymous> (tests/unit/services/metadata-cache.test.ts:486:7)

  ÔùÅ MetadataCacheService ÔÇ║ Edge Cases ÔÇ║ should handle many entries

    ENOENT: no such file or directory, stat 'C:\Users\NewAdmin\Desktop\File-Organizer-MCP\entry-0'

    [0m [90m 327 |[39m       [36mtry[39m {
     [90m 328 |[39m         [90m// Get current file stats[39m
    [31m[1m>[22m[39m[90m 329 |[39m         [36mconst[39m stats [33m=[39m [36mawait[39m 
fs[33m.[39mstat(filePath)[33m;[39m
     [90m     |[39m                       [31m[1m^[22m[39m
     [90m 330 |[39m         [36mconst[39m fileHash [33m=[39m 
[36mthis[39m[33m.[39mgenerateFileHash(filePath[33m,[39m stats[33m.[39mmtimeMs)[33m;[39m
     [90m 331 |[39m
     [90m 332 |[39m         [90m// Read current cache[39m[0m

      at src/services/metadata-cache.service.ts:329:23
      at MetadataCacheService.acquireLock (src/services/metadata-cache.service.ts:157:22)
      at MetadataCacheService.set (src/services/metadata-cache.service.ts:326:5)
      at Object.<anonymous> (tests/unit/services/metadata-cache.test.ts:496:9)

  ÔùÅ MetadataCacheService ÔÇ║ Edge Cases ÔÇ║ should handle concurrent reads and writes

    ENOENT: no such file or directory, stat 'C:\Users\NewAdmin\Desktop\File-Organizer-MCP\concurrent-0'

    [0m [90m 327 |[39m       [36mtry[39m {
     [90m 328 |[39m         [90m// Get current file stats[39m
    [31m[1m>[22m[39m[90m 329 |[39m         [36mconst[39m stats [33m=[39m [36mawait[39m 
fs[33m.[39mstat(filePath)[33m;[39m
     [90m     |[39m                       [31m[1m^[22m[39m
     [90m 330 |[39m         [36mconst[39m fileHash [33m=[39m 
[36mthis[39m[33m.[39mgenerateFileHash(filePath[33m,[39m stats[33m.[39mmtimeMs)[33m;[39m
     [90m 331 |[39m
     [90m 332 |[39m         [90m// Read current cache[39m[0m

      at src/services/metadata-cache.service.ts:329:23
      at MetadataCacheService.acquireLock (src/services/metadata-cache.service.ts:157:22)
      at MetadataCacheService.set (src/services/metadata-cache.service.ts:326:5)
          at async Promise.all (index 0)
      at Object.<anonymous> (tests/unit/services/metadata-cache.test.ts:512:7)

  ÔùÅ MetadataCacheService ÔÇ║ Edge Cases ÔÇ║ should handle cache file corruption gracefully

    ENOENT: no such file or directory, stat 'C:\Users\NewAdmin\Desktop\File-Organizer-MCP\key1'

    [0m [90m 327 |[39m       [36mtry[39m {
     [90m 328 |[39m         [90m// Get current file stats[39m
    [31m[1m>[22m[39m[90m 329 |[39m         [36mconst[39m stats [33m=[39m [36mawait[39m 
fs[33m.[39mstat(filePath)[33m;[39m
     [90m     |[39m                       [31m[1m^[22m[39m
     [90m 330 |[39m         [36mconst[39m fileHash [33m=[39m 
[36mthis[39m[33m.[39mgenerateFileHash(filePath[33m,[39m stats[33m.[39mmtimeMs)[33m;[39m
     [90m 331 |[39m
     [90m 332 |[39m         [90m// Read current cache[39m[0m

      at src/services/metadata-cache.service.ts:329:23
      at MetadataCacheService.acquireLock (src/services/metadata-cache.service.ts:157:22)
      at MetadataCacheService.set (src/services/metadata-cache.service.ts:326:5)
      at Object.<anonymous> (tests/unit/services/metadata-cache.test.ts:522:7)

  ÔùÅ MetadataCacheService ÔÇ║ Integration ÔÇ║ should work with audio metadata workflow

    ENOENT: no such file or directory, stat 'C:\Users\NewAdmin\Desktop\File-Organizer-MCP\audio:\music\song1.mp3'

    [0m [90m 327 |[39m       [36mtry[39m {
     [90m 328 |[39m         [90m// Get current file stats[39m
    [31m[1m>[22m[39m[90m 329 |[39m         [36mconst[39m stats [33m=[39m [36mawait[39m 
fs[33m.[39mstat(filePath)[33m;[39m
     [90m     |[39m                       [31m[1m^[22m[39m
     [90m 330 |[39m         [36mconst[39m fileHash [33m=[39m 
[36mthis[39m[33m.[39mgenerateFileHash(filePath[33m,[39m stats[33m.[39mmtimeMs)[33m;[39m
     [90m 331 |[39m
     [90m 332 |[39m         [90m// Read current cache[39m[0m

      at src/services/metadata-cache.service.ts:329:23
      at MetadataCacheService.acquireLock (src/services/metadata-cache.service.ts:157:22)
      at MetadataCacheService.set (src/services/metadata-cache.service.ts:326:5)
      at Object.<anonymous> (tests/unit/services/metadata-cache.test.ts:570:9)

  ÔùÅ MetadataCacheService ÔÇ║ Integration ÔÇ║ should work with image metadata workflow

    ENOENT: no such file or directory, stat 'C:\Users\NewAdmin\Desktop\File-Organizer-MCP\image:\photos\img1.jpg'

    [0m [90m 327 |[39m       [36mtry[39m {
     [90m 328 |[39m         [90m// Get current file stats[39m
    [31m[1m>[22m[39m[90m 329 |[39m         [36mconst[39m stats [33m=[39m [36mawait[39m 
fs[33m.[39mstat(filePath)[33m;[39m
     [90m     |[39m                       [31m[1m^[22m[39m
     [90m 330 |[39m         [36mconst[39m fileHash [33m=[39m 
[36mthis[39m[33m.[39mgenerateFileHash(filePath[33m,[39m stats[33m.[39mmtimeMs)[33m;[39m
     [90m 331 |[39m
     [90m 332 |[39m         [90m// Read current cache[39m[0m

      at src/services/metadata-cache.service.ts:329:23
      at MetadataCacheService.acquireLock (src/services/metadata-cache.service.ts:157:22)
      at MetadataCacheService.set (src/services/metadata-cache.service.ts:326:5)
      at Object.<anonymous> (tests/unit/services/metadata-cache.test.ts:601:9)

  ÔùÅ MetadataCacheService ÔÇ║ Integration ÔÇ║ should maintain cache across service restarts

    ENOENT: no such file or directory, stat 'C:\Users\NewAdmin\Desktop\File-Organizer-MCP\persistent'

    [0m [90m 327 |[39m       [36mtry[39m {
     [90m 328 |[39m         [90m// Get current file stats[39m
    [31m[1m>[22m[39m[90m 329 |[39m         [36mconst[39m stats [33m=[39m [36mawait[39m 
fs[33m.[39mstat(filePath)[33m;[39m
     [90m     |[39m                       [31m[1m^[22m[39m
     [90m 330 |[39m         [36mconst[39m fileHash [33m=[39m 
[36mthis[39m[33m.[39mgenerateFileHash(filePath[33m,[39m stats[33m.[39mmtimeMs)[33m;[39m
     [90m 331 |[39m
     [90m 332 |[39m         [90m// Read current cache[39m[0m

      at src/services/metadata-cache.service.ts:329:23
      at MetadataCacheService.acquireLock (src/services/metadata-cache.service.ts:157:22)
      at MetadataCacheService.set (src/services/metadata-cache.service.ts:326:5)
      at Object.<anonymous> (tests/unit/services/metadata-cache.test.ts:619:7)

FAIL tests/unit/services/audio-metadata.test.ts
  ÔùÅ Console

    console.error
      {"timestamp":"2026-02-11T12:49:41.081Z","level":"info","message":"Extracting metadata from: 
C:\\Users\\NewAdmin\\Desktop\\File-Organizer-MCP\\tests\\temp\\audio-test-yWjdh3\\test.mp3"}

    [0m [90m 23 |[39m     }[33m;[39m
     [90m 24 |[39m
    [31m[1m>[22m[39m[90m 25 |[39m     
console[33m.[39merror([33mJSON[39m[33m.[39mstringify(entry))[33m;[39m [90m// stderr for stdio servers[39m
     [90m    |[39m             [31m[1m^[22m[39m
     [90m 26 |[39m   }
     [90m 27 |[39m
     [90m 28 |[39m   debug(message[33m:[39m string[33m,[39m context[33m?[39m[33m:[39m 
[33mRecord[39m[33m<[39m[33mstring[39m[33m,[39m any[33m>[39m) {[0m

      at Logger.log (src/utils/logger.ts:25:13)
      at Logger.info (src/utils/logger.ts:33:10)
      at AudioMetadataService.extract (src/services/audio-metadata.service.ts:73:12)
      at Object.<anonymous> (tests/unit/services/audio-metadata.test.ts:83:38)

    console.error
      {"timestamp":"2026-02-11T12:49:41.094Z","level":"info","message":"Metadata extracted in 13ms: 
C:\\Users\\NewAdmin\\Desktop\\File-Organizer-MCP\\tests\\temp\\audio-test-yWjdh3\\test.mp3"}

    [0m [90m 23 |[39m     }[33m;[39m
     [90m 24 |[39m
    [31m[1m>[22m[39m[90m 25 |[39m     
console[33m.[39merror([33mJSON[39m[33m.[39mstringify(entry))[33m;[39m [90m// stderr for stdio servers[39m
     [90m    |[39m             [31m[1m^[22m[39m
     [90m 26 |[39m   }
     [90m 27 |[39m
     [90m 28 |[39m   debug(message[33m:[39m string[33m,[39m context[33m?[39m[33m:[39m 
[33mRecord[39m[33m<[39m[33mstring[39m[33m,[39m any[33m>[39m) {[0m

      at Logger.log (src/utils/logger.ts:25:13)
      at Logger.info (src/utils/logger.ts:33:10)
      at AudioMetadataService.extract (src/services/audio-metadata.service.ts:120:14)
      at Object.<anonymous> (tests/unit/services/audio-metadata.test.ts:83:24)

    console.error
      {"timestamp":"2026-02-11T12:49:41.103Z","level":"info","message":"Extracting metadata from: 
C:\\Users\\NewAdmin\\Desktop\\File-Organizer-MCP\\tests\\temp\\audio-test-BM9all\\test-utf16.mp3"}

    [0m [90m 23 |[39m     }[33m;[39m
     [90m 24 |[39m
    [31m[1m>[22m[39m[90m 25 |[39m     
console[33m.[39merror([33mJSON[39m[33m.[39mstringify(entry))[33m;[39m [90m// stderr for stdio servers[39m
     [90m    |[39m             [31m[1m^[22m[39m
     [90m 26 |[39m   }
     [90m 27 |[39m
     [90m 28 |[39m   debug(message[33m:[39m string[33m,[39m context[33m?[39m[33m:[39m 
[33mRecord[39m[33m<[39m[33mstring[39m[33m,[39m any[33m>[39m) {[0m

      at Logger.log (src/utils/logger.ts:25:13)
      at Logger.info (src/utils/logger.ts:33:10)
      at AudioMetadataService.extract (src/services/audio-metadata.service.ts:73:12)
      at Object.<anonymous> (tests/unit/services/audio-metadata.test.ts:115:38)

    console.error
      {"timestamp":"2026-02-11T12:49:41.104Z","level":"info","message":"Metadata extracted in 1ms: 
C:\\Users\\NewAdmin\\Desktop\\File-Organizer-MCP\\tests\\temp\\audio-test-BM9all\\test-utf16.mp3"}

    [0m [90m 23 |[39m     }[33m;[39m
     [90m 24 |[39m
    [31m[1m>[22m[39m[90m 25 |[39m     
console[33m.[39merror([33mJSON[39m[33m.[39mstringify(entry))[33m;[39m [90m// stderr for stdio servers[39m
     [90m    |[39m             [31m[1m^[22m[39m
     [90m 26 |[39m   }
     [90m 27 |[39m
     [90m 28 |[39m   debug(message[33m:[39m string[33m,[39m context[33m?[39m[33m:[39m 
[33mRecord[39m[33m<[39m[33mstring[39m[33m,[39m any[33m>[39m) {[0m

      at Logger.log (src/utils/logger.ts:25:13)
      at Logger.info (src/utils/logger.ts:33:10)
      at AudioMetadataService.extract (src/services/audio-metadata.service.ts:120:14)
      at Object.<anonymous> (tests/unit/services/audio-metadata.test.ts:115:24)

    console.error
      {"timestamp":"2026-02-11T12:49:41.115Z","level":"info","message":"Extracting metadata from: 
C:\\Users\\NewAdmin\\Desktop\\File-Organizer-MCP\\tests\\temp\\audio-test-p9sHEK\\test-id3v1.mp3"}

    [0m [90m 23 |[39m     }[33m;[39m
     [90m 24 |[39m
    [31m[1m>[22m[39m[90m 25 |[39m     
console[33m.[39merror([33mJSON[39m[33m.[39mstringify(entry))[33m;[39m [90m// stderr for stdio servers[39m
     [90m    |[39m             [31m[1m^[22m[39m
     [90m 26 |[39m   }
     [90m 27 |[39m
     [90m 28 |[39m   debug(message[33m:[39m string[33m,[39m context[33m?[39m[33m:[39m 
[33mRecord[39m[33m<[39m[33mstring[39m[33m,[39m any[33m>[39m) {[0m

      at Logger.log (src/utils/logger.ts:25:13)
      at Logger.info (src/utils/logger.ts:33:10)
      at AudioMetadataService.extract (src/services/audio-metadata.service.ts:73:12)
      at Object.<anonymous> (tests/unit/services/audio-metadata.test.ts:139:38)

    console.error
      {"timestamp":"2026-02-11T12:49:41.116Z","level":"info","message":"Metadata extracted in 1ms: 
C:\\Users\\NewAdmin\\Desktop\\File-Organizer-MCP\\tests\\temp\\audio-test-p9sHEK\\test-id3v1.mp3"}

    [0m [90m 23 |[39m     }[33m;[39m
     [90m 24 |[39m
    [31m[1m>[22m[39m[90m 25 |[39m     
console[33m.[39merror([33mJSON[39m[33m.[39mstringify(entry))[33m;[39m [90m// stderr for stdio servers[39m
     [90m    |[39m             [31m[1m^[22m[39m
     [90m 26 |[39m   }
     [90m 27 |[39m
     [90m 28 |[39m   debug(message[33m:[39m string[33m,[39m context[33m?[39m[33m:[39m 
[33mRecord[39m[33m<[39m[33mstring[39m[33m,[39m any[33m>[39m) {[0m

      at Logger.log (src/utils/logger.ts:25:13)
      at Logger.info (src/utils/logger.ts:33:10)
      at AudioMetadataService.extract (src/services/audio-metadata.service.ts:120:14)
      at Object.<anonymous> (tests/unit/services/audio-metadata.test.ts:139:24)

    console.error
      {"timestamp":"2026-02-11T12:49:41.126Z","level":"info","message":"Extracting metadata from: 
C:\\Users\\NewAdmin\\Desktop\\File-Organizer-MCP\\tests\\temp\\audio-test-idaHM3\\test-tracks.mp3"}

    [0m [90m 23 |[39m     }[33m;[39m
     [90m 24 |[39m
    [31m[1m>[22m[39m[90m 25 |[39m     
console[33m.[39merror([33mJSON[39m[33m.[39mstringify(entry))[33m;[39m [90m// stderr for stdio servers[39m
     [90m    |[39m             [31m[1m^[22m[39m
     [90m 26 |[39m   }
     [90m 27 |[39m
     [90m 28 |[39m   debug(message[33m:[39m string[33m,[39m context[33m?[39m[33m:[39m 
[33mRecord[39m[33m<[39m[33mstring[39m[33m,[39m any[33m>[39m) {[0m

      at Logger.log (src/utils/logger.ts:25:13)
      at Logger.info (src/utils/logger.ts:33:10)
      at AudioMetadataService.extract (src/services/audio-metadata.service.ts:73:12)
      at Object.<anonymous> (tests/unit/services/audio-metadata.test.ts:175:38)

    console.error
      {"timestamp":"2026-02-11T12:49:41.127Z","level":"info","message":"Metadata extracted in 1ms: 
C:\\Users\\NewAdmin\\Desktop\\File-Organizer-MCP\\tests\\temp\\audio-test-idaHM3\\test-tracks.mp3"}

    [0m [90m 23 |[39m     }[33m;[39m
     [90m 24 |[39m
    [31m[1m>[22m[39m[90m 25 |[39m     
console[33m.[39merror([33mJSON[39m[33m.[39mstringify(entry))[33m;[39m [90m// stderr for stdio servers[39m
     [90m    |[39m             [31m[1m^[22m[39m
     [90m 26 |[39m   }
     [90m 27 |[39m
     [90m 28 |[39m   debug(message[33m:[39m string[33m,[39m context[33m?[39m[33m:[39m 
[33mRecord[39m[33m<[39m[33mstring[39m[33m,[39m any[33m>[39m) {[0m

      at Logger.log (src/utils/logger.ts:25:13)
      at Logger.info (src/utils/logger.ts:33:10)
      at AudioMetadataService.extract (src/services/audio-metadata.service.ts:120:14)
      at Object.<anonymous> (tests/unit/services/audio-metadata.test.ts:175:24)

    console.error
      {"timestamp":"2026-02-11T12:49:41.173Z","level":"info","message":"Extracting metadata from: 
C:\\Users\\NewAdmin\\Desktop\\File-Organizer-MCP\\tests\\temp\\audio-test-KdtsDy\\test-artwork.mp3"}

    [0m [90m 23 |[39m     }[33m;[39m
     [90m 24 |[39m
    [31m[1m>[22m[39m[90m 25 |[39m     
console[33m.[39merror([33mJSON[39m[33m.[39mstringify(entry))[33m;[39m [90m// stderr for stdio servers[39m
     [90m    |[39m             [31m[1m^[22m[39m
     [90m 26 |[39m   }
     [90m 27 |[39m
     [90m 28 |[39m   debug(message[33m:[39m string[33m,[39m context[33m?[39m[33m:[39m 
[33mRecord[39m[33m<[39m[33mstring[39m[33m,[39m any[33m>[39m) {[0m

      at Logger.log (src/utils/logger.ts:25:13)
      at Logger.info (src/utils/logger.ts:33:10)
      at AudioMetadataService.extract (src/services/audio-metadata.service.ts:73:12)
      at Object.<anonymous> (tests/unit/services/audio-metadata.test.ts:207:38)

    console.error
      {"timestamp":"2026-02-11T12:49:41.175Z","level":"info","message":"Metadata extracted in 2ms: 
C:\\Users\\NewAdmin\\Desktop\\File-Organizer-MCP\\tests\\temp\\audio-test-KdtsDy\\test-artwork.mp3"}

    [0m [90m 23 |[39m     }[33m;[39m
     [90m 24 |[39m
    [31m[1m>[22m[39m[90m 25 |[39m     
console[33m.[39merror([33mJSON[39m[33m.[39mstringify(entry))[33m;[39m [90m// stderr for stdio servers[39m
     [90m    |[39m             [31m[1m^[22m[39m
     [90m 26 |[39m   }
     [90m 27 |[39m
     [90m 28 |[39m   debug(message[33m:[39m string[33m,[39m context[33m?[39m[33m:[39m 
[33mRecord[39m[33m<[39m[33mstring[39m[33m,[39m any[33m>[39m) {[0m

      at Logger.log (src/utils/logger.ts:25:13)
      at Logger.info (src/utils/logger.ts:33:10)
      at AudioMetadataService.extract (src/services/audio-metadata.service.ts:120:14)
      at Object.<anonymous> (tests/unit/services/audio-metadata.test.ts:207:24)

    console.error
      {"timestamp":"2026-02-11T12:49:41.184Z","level":"info","message":"Extracting metadata from: 
C:\\Users\\NewAdmin\\Desktop\\File-Organizer-MCP\\tests\\temp\\audio-test-zf0iU1\\test.flac"}

    [0m [90m 23 |[39m     }[33m;[39m
     [90m 24 |[39m
    [31m[1m>[22m[39m[90m 25 |[39m     
console[33m.[39merror([33mJSON[39m[33m.[39mstringify(entry))[33m;[39m [90m// stderr for stdio servers[39m
     [90m    |[39m             [31m[1m^[22m[39m
     [90m 26 |[39m   }
     [90m 27 |[39m
     [90m 28 |[39m   debug(message[33m:[39m string[33m,[39m context[33m?[39m[33m:[39m 
[33mRecord[39m[33m<[39m[33mstring[39m[33m,[39m any[33m>[39m) {[0m

      at Logger.log (src/utils/logger.ts:25:13)
      at Logger.info (src/utils/logger.ts:33:10)
      at AudioMetadataService.extract (src/services/audio-metadata.service.ts:73:12)
      at Object.<anonymous> (tests/unit/services/audio-metadata.test.ts:260:38)

    console.error
      {"timestamp":"2026-02-11T12:49:41.186Z","level":"info","message":"Metadata extracted in 2ms: 
C:\\Users\\NewAdmin\\Desktop\\File-Organizer-MCP\\tests\\temp\\audio-test-zf0iU1\\test.flac"}

    [0m [90m 23 |[39m     }[33m;[39m
     [90m 24 |[39m
    [31m[1m>[22m[39m[90m 25 |[39m     
console[33m.[39merror([33mJSON[39m[33m.[39mstringify(entry))[33m;[39m [90m// stderr for stdio servers[39m
     [90m    |[39m             [31m[1m^[22m[39m
     [90m 26 |[39m   }
     [90m 27 |[39m
     [90m 28 |[39m   debug(message[33m:[39m string[33m,[39m context[33m?[39m[33m:[39m 
[33mRecord[39m[33m<[39m[33mstring[39m[33m,[39m any[33m>[39m) {[0m

      at Logger.log (src/utils/logger.ts:25:13)
      at Logger.info (src/utils/logger.ts:33:10)
      at AudioMetadataService.extract (src/services/audio-metadata.service.ts:120:14)
      at Object.<anonymous> (tests/unit/services/audio-metadata.test.ts:260:24)

    console.error
      {"timestamp":"2026-02-11T12:49:41.198Z","level":"info","message":"Extracting metadata from: 
C:\\Users\\NewAdmin\\Desktop\\File-Organizer-MCP\\tests\\temp\\audio-test-JAWuyr\\invalid.flac"}

    [0m [90m 23 |[39m     }[33m;[39m
     [90m 24 |[39m
    [31m[1m>[22m[39m[90m 25 |[39m     
console[33m.[39merror([33mJSON[39m[33m.[39mstringify(entry))[33m;[39m [90m// stderr for stdio servers[39m
     [90m    |[39m             [31m[1m^[22m[39m
     [90m 26 |[39m   }
     [90m 27 |[39m
     [90m 28 |[39m   debug(message[33m:[39m string[33m,[39m context[33m?[39m[33m:[39m 
[33mRecord[39m[33m<[39m[33mstring[39m[33m,[39m any[33m>[39m) {[0m

      at Logger.log (src/utils/logger.ts:25:13)
      at Logger.info (src/utils/logger.ts:33:10)
      at AudioMetadataService.extract (src/services/audio-metadata.service.ts:73:12)
      at Object.<anonymous> (tests/unit/services/audio-metadata.test.ts:273:38)

    console.error
      {"timestamp":"2026-02-11T12:49:41.199Z","level":"warn","message":"Invalid FLAC file: 
C:\\Users\\NewAdmin\\Desktop\\File-Organizer-MCP\\tests\\temp\\audio-test-JAWuyr\\invalid.flac"}

    [0m [90m 23 |[39m     }[33m;[39m
     [90m 24 |[39m
    [31m[1m>[22m[39m[90m 25 |[39m     
console[33m.[39merror([33mJSON[39m[33m.[39mstringify(entry))[33m;[39m [90m// stderr for stdio servers[39m
     [90m    |[39m             [31m[1m^[22m[39m
     [90m 26 |[39m   }
     [90m 27 |[39m
     [90m 28 |[39m   debug(message[33m:[39m string[33m,[39m context[33m?[39m[33m:[39m 
[33mRecord[39m[33m<[39m[33mstring[39m[33m,[39m any[33m>[39m) {[0m

      at Logger.log (src/utils/logger.ts:25:13)
      at Logger.warn (src/utils/logger.ts:37:10)
      at AudioMetadataService.parseFLAC (src/services/audio-metadata.service.ts:466:14)
      at AudioMetadataService.extract (src/services/audio-metadata.service.ts:93:22)
      at Object.<anonymous> (tests/unit/services/audio-metadata.test.ts:273:24)

    console.error
      {"timestamp":"2026-02-11T12:49:41.200Z","level":"info","message":"Metadata extracted in 2ms: 
C:\\Users\\NewAdmin\\Desktop\\File-Organizer-MCP\\tests\\temp\\audio-test-JAWuyr\\invalid.flac"}

    [0m [90m 23 |[39m     }[33m;[39m
     [90m 24 |[39m
    [31m[1m>[22m[39m[90m 25 |[39m     
console[33m.[39merror([33mJSON[39m[33m.[39mstringify(entry))[33m;[39m [90m// stderr for stdio servers[39m
     [90m    |[39m             [31m[1m^[22m[39m
     [90m 26 |[39m   }
     [90m 27 |[39m
     [90m 28 |[39m   debug(message[33m:[39m string[33m,[39m context[33m?[39m[33m:[39m 
[33mRecord[39m[33m<[39m[33mstring[39m[33m,[39m any[33m>[39m) {[0m

      at Logger.log (src/utils/logger.ts:25:13)
      at Logger.info (src/utils/logger.ts:33:10)
      at AudioMetadataService.extract (src/services/audio-metadata.service.ts:120:14)
      at Object.<anonymous> (tests/unit/services/audio-metadata.test.ts:273:24)

    console.error
      {"timestamp":"2026-02-11T12:49:41.209Z","level":"info","message":"Extracting metadata from: 
C:\\Users\\NewAdmin\\Desktop\\File-Organizer-MCP\\tests\\temp\\audio-test-fAMuIb\\test.m4a"}

    [0m [90m 23 |[39m     }[33m;[39m
     [90m 24 |[39m
    [31m[1m>[22m[39m[90m 25 |[39m     
console[33m.[39merror([33mJSON[39m[33m.[39mstringify(entry))[33m;[39m [90m// stderr for stdio servers[39m
     [90m    |[39m             [31m[1m^[22m[39m
     [90m 26 |[39m   }
     [90m 27 |[39m
     [90m 28 |[39m   debug(message[33m:[39m string[33m,[39m context[33m?[39m[33m:[39m 
[33mRecord[39m[33m<[39m[33mstring[39m[33m,[39m any[33m>[39m) {[0m

      at Logger.log (src/utils/logger.ts:25:13)
      at Logger.info (src/utils/logger.ts:33:10)
      at AudioMetadataService.extract (src/services/audio-metadata.service.ts:73:12)
      at Object.<anonymous> (tests/unit/services/audio-metadata.test.ts:323:38)

    console.error
      {"timestamp":"2026-02-11T12:49:41.210Z","level":"info","message":"Metadata extracted in 1ms: 
C:\\Users\\NewAdmin\\Desktop\\File-Organizer-MCP\\tests\\temp\\audio-test-fAMuIb\\test.m4a"}

    [0m [90m 23 |[39m     }[33m;[39m
     [90m 24 |[39m
    [31m[1m>[22m[39m[90m 25 |[39m     
console[33m.[39merror([33mJSON[39m[33m.[39mstringify(entry))[33m;[39m [90m// stderr for stdio servers[39m
     [90m    |[39m             [31m[1m^[22m[39m
     [90m 26 |[39m   }
     [90m 27 |[39m
     [90m 28 |[39m   debug(message[33m:[39m string[33m,[39m context[33m?[39m[33m:[39m 
[33mRecord[39m[33m<[39m[33mstring[39m[33m,[39m any[33m>[39m) {[0m

      at Logger.log (src/utils/logger.ts:25:13)
      at Logger.info (src/utils/logger.ts:33:10)
      at AudioMetadataService.extract (src/services/audio-metadata.service.ts:120:14)
      at Object.<anonymous> (tests/unit/services/audio-metadata.test.ts:323:24)

    console.error
      {"timestamp":"2026-02-11T12:49:41.216Z","level":"info","message":"Extracting metadata from: 
C:\\Users\\NewAdmin\\Desktop\\File-Organizer-MCP\\tests\\temp\\audio-test-wa7NZ6\\test.aac"}

    [0m [90m 23 |[39m     }[33m;[39m
     [90m 24 |[39m
    [31m[1m>[22m[39m[90m 25 |[39m     
console[33m.[39merror([33mJSON[39m[33m.[39mstringify(entry))[33m;[39m [90m// stderr for stdio servers[39m
     [90m    |[39m             [31m[1m^[22m[39m
     [90m 26 |[39m   }
     [90m 27 |[39m
     [90m 28 |[39m   debug(message[33m:[39m string[33m,[39m context[33m?[39m[33m:[39m 
[33mRecord[39m[33m<[39m[33mstring[39m[33m,[39m any[33m>[39m) {[0m

      at Logger.log (src/utils/logger.ts:25:13)
      at Logger.info (src/utils/logger.ts:33:10)
      at AudioMetadataService.extract (src/services/audio-metadata.service.ts:73:12)
      at Object.<anonymous> (tests/unit/services/audio-metadata.test.ts:339:38)

    console.error
      {"timestamp":"2026-02-11T12:49:41.217Z","level":"info","message":"Metadata extracted in 1ms: 
C:\\Users\\NewAdmin\\Desktop\\File-Organizer-MCP\\tests\\temp\\audio-test-wa7NZ6\\test.aac"}

    [0m [90m 23 |[39m     }[33m;[39m
     [90m 24 |[39m
    [31m[1m>[22m[39m[90m 25 |[39m     
console[33m.[39merror([33mJSON[39m[33m.[39mstringify(entry))[33m;[39m [90m// stderr for stdio servers[39m
     [90m    |[39m             [31m[1m^[22m[39m
     [90m 26 |[39m   }
     [90m 27 |[39m
     [90m 28 |[39m   debug(message[33m:[39m string[33m,[39m context[33m?[39m[33m:[39m 
[33mRecord[39m[33m<[39m[33mstring[39m[33m,[39m any[33m>[39m) {[0m

      at Logger.log (src/utils/logger.ts:25:13)
      at Logger.info (src/utils/logger.ts:33:10)
      at AudioMetadataService.extract (src/services/audio-metadata.service.ts:120:14)
      at Object.<anonymous> (tests/unit/services/audio-metadata.test.ts:339:24)

    console.error
      {"timestamp":"2026-02-11T12:49:41.224Z","level":"info","message":"Extracting metadata from: 
C:\\Users\\NewAdmin\\Desktop\\File-Organizer-MCP\\tests\\temp\\audio-test-lCCoAn\\test.ogg"}

    [0m [90m 23 |[39m     }[33m;[39m
     [90m 24 |[39m
    [31m[1m>[22m[39m[90m 25 |[39m     
console[33m.[39merror([33mJSON[39m[33m.[39mstringify(entry))[33m;[39m [90m// stderr for stdio servers[39m
     [90m    |[39m             [31m[1m^[22m[39m
     [90m 26 |[39m   }
     [90m 27 |[39m
     [90m 28 |[39m   debug(message[33m:[39m string[33m,[39m context[33m?[39m[33m:[39m 
[33mRecord[39m[33m<[39m[33mstring[39m[33m,[39m any[33m>[39m) {[0m

      at Logger.log (src/utils/logger.ts:25:13)
      at Logger.info (src/utils/logger.ts:33:10)
      at AudioMetadataService.extract (src/services/audio-metadata.service.ts:73:12)
      at Object.<anonymous> (tests/unit/services/audio-metadata.test.ts:373:38)

    console.error
      {"timestamp":"2026-02-11T12:49:41.226Z","level":"warn","message":"OGG parsing not fully implemented: 
C:\\Users\\NewAdmin\\Desktop\\File-Organizer-MCP\\tests\\temp\\audio-test-lCCoAn\\test.ogg"}

    [0m [90m 23 |[39m     }[33m;[39m
     [90m 24 |[39m
    [31m[1m>[22m[39m[90m 25 |[39m     
console[33m.[39merror([33mJSON[39m[33m.[39mstringify(entry))[33m;[39m [90m// stderr for stdio servers[39m
     [90m    |[39m             [31m[1m^[22m[39m
     [90m 26 |[39m   }
     [90m 27 |[39m
     [90m 28 |[39m   debug(message[33m:[39m string[33m,[39m context[33m?[39m[33m:[39m 
[33mRecord[39m[33m<[39m[33mstring[39m[33m,[39m any[33m>[39m) {[0m

      at Logger.log (src/utils/logger.ts:25:13)
      at Logger.warn (src/utils/logger.ts:37:10)
      at AudioMetadataService.parseOGG (src/services/audio-metadata.service.ts:701:12)
      at AudioMetadataService.extract (src/services/audio-metadata.service.ts:100:33)
      at Object.<anonymous> (tests/unit/services/audio-metadata.test.ts:373:24)

    console.error
      {"timestamp":"2026-02-11T12:49:41.226Z","level":"info","message":"Metadata extracted in 2ms: 
C:\\Users\\NewAdmin\\Desktop\\File-Organizer-MCP\\tests\\temp\\audio-test-lCCoAn\\test.ogg"}

    [0m [90m 23 |[39m     }[33m;[39m
     [90m 24 |[39m
    [31m[1m>[22m[39m[90m 25 |[39m     
console[33m.[39merror([33mJSON[39m[33m.[39mstringify(entry))[33m;[39m [90m// stderr for stdio servers[39m
     [90m    |[39m             [31m[1m^[22m[39m
     [90m 26 |[39m   }
     [90m 27 |[39m
     [90m 28 |[39m   debug(message[33m:[39m string[33m,[39m context[33m?[39m[33m:[39m 
[33mRecord[39m[33m<[39m[33mstring[39m[33m,[39m any[33m>[39m) {[0m

      at Logger.log (src/utils/logger.ts:25:13)
      at Logger.info (src/utils/logger.ts:33:10)
      at AudioMetadataService.extract (src/services/audio-metadata.service.ts:120:14)
      at Object.<anonymous> (tests/unit/services/audio-metadata.test.ts:373:24)

    console.error
      {"timestamp":"2026-02-11T12:49:41.236Z","level":"info","message":"Batch extracting metadata for 3 files with 
concurrency 4"}

    [0m [90m 23 |[39m     }[33m;[39m
     [90m 24 |[39m
    [31m[1m>[22m[39m[90m 25 |[39m     
console[33m.[39merror([33mJSON[39m[33m.[39mstringify(entry))[33m;[39m [90m// stderr for stdio servers[39m
     [90m    |[39m             [31m[1m^[22m[39m
     [90m 26 |[39m   }
     [90m 27 |[39m
     [90m 28 |[39m   debug(message[33m:[39m string[33m,[39m context[33m?[39m[33m:[39m 
[33mRecord[39m[33m<[39m[33mstring[39m[33m,[39m any[33m>[39m) {[0m

      at Logger.log (src/utils/logger.ts:25:13)
      at Logger.info (src/utils/logger.ts:33:10)
      at AudioMetadataService.extractBatch (src/services/audio-metadata.service.ts:134:12)
      at Object.<anonymous> (tests/unit/services/audio-metadata.test.ts:396:37)

    console.error
      {"timestamp":"2026-02-11T12:49:41.237Z","level":"info","message":"Extracting metadata from: 
C:\\Users\\NewAdmin\\Desktop\\File-Organizer-MCP\\tests\\temp\\audio-test-UKAA9E\\batch-0.mp3"}

    [0m [90m 23 |[39m     }[33m;[39m
     [90m 24 |[39m
    [31m[1m>[22m[39m[90m 25 |[39m     
console[33m.[39merror([33mJSON[39m[33m.[39mstringify(entry))[33m;[39m [90m// stderr for stdio servers[39m
     [90m    |[39m             [31m[1m^[22m[39m
     [90m 26 |[39m   }
     [90m 27 |[39m
     [90m 28 |[39m   debug(message[33m:[39m string[33m,[39m context[33m?[39m[33m:[39m 
[33mRecord[39m[33m<[39m[33mstring[39m[33m,[39m any[33m>[39m) {[0m

      at Logger.log (src/utils/logger.ts:25:13)
      at Logger.info (src/utils/logger.ts:33:10)
      at AudioMetadataService.extract (src/services/audio-metadata.service.ts:73:12)
      at src/services/audio-metadata.service.ts:161:39
          at Array.map (<anonymous>)
      at AudioMetadataService.extractBatch (src/services/audio-metadata.service.ts:150:35)
      at Object.<anonymous> (tests/unit/services/audio-metadata.test.ts:396:37)

    console.error
      {"timestamp":"2026-02-11T12:49:41.237Z","level":"info","message":"Extracting metadata from: 
C:\\Users\\NewAdmin\\Desktop\\File-Organizer-MCP\\tests\\temp\\audio-test-UKAA9E\\batch-1.mp3"}

    [0m [90m 23 |[39m     }[33m;[39m
     [90m 24 |[39m
    [31m[1m>[22m[39m[90m 25 |[39m     
console[33m.[39merror([33mJSON[39m[33m.[39mstringify(entry))[33m;[39m [90m// stderr for stdio servers[39m
     [90m    |[39m             [31m[1m^[22m[39m
     [90m 26 |[39m   }
     [90m 27 |[39m
     [90m 28 |[39m   debug(message[33m:[39m string[33m,[39m context[33m?[39m[33m:[39m 
[33mRecord[39m[33m<[39m[33mstring[39m[33m,[39m any[33m>[39m) {[0m

      at Logger.log (src/utils/logger.ts:25:13)
      at Logger.info (src/utils/logger.ts:33:10)
      at AudioMetadataService.extract (src/services/audio-metadata.service.ts:73:12)
      at src/services/audio-metadata.service.ts:161:39
          at Array.map (<anonymous>)
      at AudioMetadataService.extractBatch (src/services/audio-metadata.service.ts:150:35)
      at Object.<anonymous> (tests/unit/services/audio-metadata.test.ts:396:37)

    console.error
      {"timestamp":"2026-02-11T12:49:41.237Z","level":"info","message":"Extracting metadata from: 
C:\\Users\\NewAdmin\\Desktop\\File-Organizer-MCP\\tests\\temp\\audio-test-UKAA9E\\batch-2.mp3"}

    [0m [90m 23 |[39m     }[33m;[39m
     [90m 24 |[39m
    [31m[1m>[22m[39m[90m 25 |[39m     
console[33m.[39merror([33mJSON[39m[33m.[39mstringify(entry))[33m;[39m [90m// stderr for stdio servers[39m
     [90m    |[39m             [31m[1m^[22m[39m
     [90m 26 |[39m   }
     [90m 27 |[39m
     [90m 28 |[39m   debug(message[33m:[39m string[33m,[39m context[33m?[39m[33m:[39m 
[33mRecord[39m[33m<[39m[33mstring[39m[33m,[39m any[33m>[39m) {[0m

      at Logger.log (src/utils/logger.ts:25:13)
      at Logger.info (src/utils/logger.ts:33:10)
      at AudioMetadataService.extract (src/services/audio-metadata.service.ts:73:12)
      at src/services/audio-metadata.service.ts:161:39
          at Array.map (<anonymous>)
      at AudioMetadataService.extractBatch (src/services/audio-metadata.service.ts:150:35)
      at Object.<anonymous> (tests/unit/services/audio-metadata.test.ts:396:37)

    console.error
      {"timestamp":"2026-02-11T12:49:41.239Z","level":"info","message":"Metadata extracted in 2ms: 
C:\\Users\\NewAdmin\\Desktop\\File-Organizer-MCP\\tests\\temp\\audio-test-UKAA9E\\batch-0.mp3"}

    [0m [90m 23 |[39m     }[33m;[39m
     [90m 24 |[39m
    [31m[1m>[22m[39m[90m 25 |[39m     
console[33m.[39merror([33mJSON[39m[33m.[39mstringify(entry))[33m;[39m [90m// stderr for stdio servers[39m
     [90m    |[39m             [31m[1m^[22m[39m
     [90m 26 |[39m   }
     [90m 27 |[39m
     [90m 28 |[39m   debug(message[33m:[39m string[33m,[39m context[33m?[39m[33m:[39m 
[33mRecord[39m[33m<[39m[33mstring[39m[33m,[39m any[33m>[39m) {[0m

      at Logger.log (src/utils/logger.ts:25:13)
      at Logger.info (src/utils/logger.ts:33:10)
      at AudioMetadataService.extract (src/services/audio-metadata.service.ts:120:14)
      at src/services/audio-metadata.service.ts:161:28
          at async Promise.all (index 0)
      at AudioMetadataService.extractBatch (src/services/audio-metadata.service.ts:194:28)
      at Object.<anonymous> (tests/unit/services/audio-metadata.test.ts:396:23)

    console.error
      {"timestamp":"2026-02-11T12:49:41.239Z","level":"info","message":"Metadata extracted in 2ms: 
C:\\Users\\NewAdmin\\Desktop\\File-Organizer-MCP\\tests\\temp\\audio-test-UKAA9E\\batch-1.mp3"}

    [0m [90m 23 |[39m     }[33m;[39m
     [90m 24 |[39m
    [31m[1m>[22m[39m[90m 25 |[39m     
console[33m.[39merror([33mJSON[39m[33m.[39mstringify(entry))[33m;[39m [90m// stderr for stdio servers[39m
     [90m    |[39m             [31m[1m^[22m[39m
     [90m 26 |[39m   }
     [90m 27 |[39m
     [90m 28 |[39m   debug(message[33m:[39m string[33m,[39m context[33m?[39m[33m:[39m 
[33mRecord[39m[33m<[39m[33mstring[39m[33m,[39m any[33m>[39m) {[0m

      at Logger.log (src/utils/logger.ts:25:13)
      at Logger.info (src/utils/logger.ts:33:10)
      at AudioMetadataService.extract (src/services/audio-metadata.service.ts:120:14)
      at src/services/audio-metadata.service.ts:161:28
          at async Promise.all (index 1)
      at AudioMetadataService.extractBatch (src/services/audio-metadata.service.ts:194:28)
      at Object.<anonymous> (tests/unit/services/audio-metadata.test.ts:396:23)

    console.error
      {"timestamp":"2026-02-11T12:49:41.240Z","level":"info","message":"Metadata extracted in 3ms: 
C:\\Users\\NewAdmin\\Desktop\\File-Organizer-MCP\\tests\\temp\\audio-test-UKAA9E\\batch-2.mp3"}

    [0m [90m 23 |[39m     }[33m;[39m
     [90m 24 |[39m
    [31m[1m>[22m[39m[90m 25 |[39m     
console[33m.[39merror([33mJSON[39m[33m.[39mstringify(entry))[33m;[39m [90m// stderr for stdio servers[39m
     [90m    |[39m             [31m[1m^[22m[39m
     [90m 26 |[39m   }
     [90m 27 |[39m
     [90m 28 |[39m   debug(message[33m:[39m string[33m,[39m context[33m?[39m[33m:[39m 
[33mRecord[39m[33m<[39m[33mstring[39m[33m,[39m any[33m>[39m) {[0m

      at Logger.log (src/utils/logger.ts:25:13)
      at Logger.info (src/utils/logger.ts:33:10)
      at AudioMetadataService.extract (src/services/audio-metadata.service.ts:120:14)
      at src/services/audio-metadata.service.ts:161:28
          at async Promise.all (index 2)
      at AudioMetadataService.extractBatch (src/services/audio-metadata.service.ts:194:28)
      at Object.<anonymous> (tests/unit/services/audio-metadata.test.ts:396:23)

    console.error
      {"timestamp":"2026-02-11T12:49:41.241Z","level":"info","message":"Batch extraction complete: 3 files processed"}

    [0m [90m 23 |[39m     }[33m;[39m
     [90m 24 |[39m
    [31m[1m>[22m[39m[90m 25 |[39m     
console[33m.[39merror([33mJSON[39m[33m.[39mstringify(entry))[33m;[39m [90m// stderr for stdio servers[39m
     [90m    |[39m             [31m[1m^[22m[39m
     [90m 26 |[39m   }
     [90m 27 |[39m
     [90m 28 |[39m   debug(message[33m:[39m string[33m,[39m context[33m?[39m[33m:[39m 
[33mRecord[39m[33m<[39m[33mstring[39m[33m,[39m any[33m>[39m) {[0m

      at Logger.log (src/utils/logger.ts:25:13)
      at Logger.info (src/utils/logger.ts:33:10)
      at AudioMetadataService.extractBatch (src/services/audio-metadata.service.ts:198:12)
      at Object.<anonymous> (tests/unit/services/audio-metadata.test.ts:396:23)

    console.error
      {"timestamp":"2026-02-11T12:49:41.248Z","level":"info","message":"Batch extracting metadata for 2 files with 
concurrency 4"}

    [0m [90m 23 |[39m     }[33m;[39m
     [90m 24 |[39m
    [31m[1m>[22m[39m[90m 25 |[39m     
console[33m.[39merror([33mJSON[39m[33m.[39mstringify(entry))[33m;[39m [90m// stderr for stdio servers[39m
     [90m    |[39m             [31m[1m^[22m[39m
     [90m 26 |[39m   }
     [90m 27 |[39m
     [90m 28 |[39m   debug(message[33m:[39m string[33m,[39m context[33m?[39m[33m:[39m 
[33mRecord[39m[33m<[39m[33mstring[39m[33m,[39m any[33m>[39m) {[0m

      at Logger.log (src/utils/logger.ts:25:13)
      at Logger.info (src/utils/logger.ts:33:10)
      at AudioMetadataService.extractBatch (src/services/audio-metadata.service.ts:134:12)
      at Object.<anonymous> (tests/unit/services/audio-metadata.test.ts:414:37)

    console.error
      {"timestamp":"2026-02-11T12:49:41.249Z","level":"info","message":"Extracting metadata from: 
C:\\Users\\NewAdmin\\Desktop\\File-Organizer-MCP\\tests\\temp\\audio-test-szEDJv\\valid.mp3"}

    [0m [90m 23 |[39m     }[33m;[39m
     [90m 24 |[39m
    [31m[1m>[22m[39m[90m 25 |[39m     
console[33m.[39merror([33mJSON[39m[33m.[39mstringify(entry))[33m;[39m [90m// stderr for stdio servers[39m
     [90m    |[39m             [31m[1m^[22m[39m
     [90m 26 |[39m   }
     [90m 27 |[39m
     [90m 28 |[39m   debug(message[33m:[39m string[33m,[39m context[33m?[39m[33m:[39m 
[33mRecord[39m[33m<[39m[33mstring[39m[33m,[39m any[33m>[39m) {[0m

      at Logger.log (src/utils/logger.ts:25:13)
      at Logger.info (src/utils/logger.ts:33:10)
      at AudioMetadataService.extract (src/services/audio-metadata.service.ts:73:12)
      at src/services/audio-metadata.service.ts:161:39
          at Array.map (<anonymous>)
      at AudioMetadataService.extractBatch (src/services/audio-metadata.service.ts:150:35)
      at Object.<anonymous> (tests/unit/services/audio-metadata.test.ts:414:37)

    console.error
      {"timestamp":"2026-02-11T12:49:41.249Z","level":"info","message":"Extracting metadata from: 
C:\\Users\\NewAdmin\\Desktop\\File-Organizer-MCP\\tests\\temp\\audio-test-szEDJv\\nonexistent.mp3"}

    [0m [90m 23 |[39m     }[33m;[39m
     [90m 24 |[39m
    [31m[1m>[22m[39m[90m 25 |[39m     
console[33m.[39merror([33mJSON[39m[33m.[39mstringify(entry))[33m;[39m [90m// stderr for stdio servers[39m
     [90m    |[39m             [31m[1m^[22m[39m
     [90m 26 |[39m   }
     [90m 27 |[39m
     [90m 28 |[39m   debug(message[33m:[39m string[33m,[39m context[33m?[39m[33m:[39m 
[33mRecord[39m[33m<[39m[33mstring[39m[33m,[39m any[33m>[39m) {[0m

      at Logger.log (src/utils/logger.ts:25:13)
      at Logger.info (src/utils/logger.ts:33:10)
      at AudioMetadataService.extract (src/services/audio-metadata.service.ts:73:12)
      at src/services/audio-metadata.service.ts:161:39
          at Array.map (<anonymous>)
      at AudioMetadataService.extractBatch (src/services/audio-metadata.service.ts:150:35)
      at Object.<anonymous> (tests/unit/services/audio-metadata.test.ts:414:37)

    console.error
      {"timestamp":"2026-02-11T12:49:41.250Z","level":"error","message":"Cannot access file: C:\\Users\\NewAdmin\\Deskt
op\\File-Organizer-MCP\\tests\\temp\\audio-test-szEDJv\\nonexistent.mp3","error":{"errno":-4058,"code":"ENOENT","syscal
l":"stat","path":"C:\\Users\\NewAdmin\\Desktop\\File-Organizer-MCP\\tests\\temp\\audio-test-szEDJv\\nonexistent.mp3"}}

    [0m [90m 23 |[39m     }[33m;[39m
     [90m 24 |[39m
    [31m[1m>[22m[39m[90m 25 |[39m     
console[33m.[39merror([33mJSON[39m[33m.[39mstringify(entry))[33m;[39m [90m// stderr for stdio servers[39m
     [90m    |[39m             [31m[1m^[22m[39m
     [90m 26 |[39m   }
     [90m 27 |[39m
     [90m 28 |[39m   debug(message[33m:[39m string[33m,[39m context[33m?[39m[33m:[39m 
[33mRecord[39m[33m<[39m[33mstring[39m[33m,[39m any[33m>[39m) {[0m

      at Logger.log (src/utils/logger.ts:25:13)
      at Logger.error (src/utils/logger.ts:45:10)
      at AudioMetadataService.extract (src/services/audio-metadata.service.ts:81:14)
      at src/services/audio-metadata.service.ts:161:28
          at async Promise.all (index 1)
      at AudioMetadataService.extractBatch (src/services/audio-metadata.service.ts:194:28)
      at Object.<anonymous> (tests/unit/services/audio-metadata.test.ts:414:23)

    console.error
      {"timestamp":"2026-02-11T12:49:41.252Z","level":"info","message":"Metadata extracted in 3ms: 
C:\\Users\\NewAdmin\\Desktop\\File-Organizer-MCP\\tests\\temp\\audio-test-szEDJv\\valid.mp3"}

    [0m [90m 23 |[39m     }[33m;[39m
     [90m 24 |[39m
    [31m[1m>[22m[39m[90m 25 |[39m     
console[33m.[39merror([33mJSON[39m[33m.[39mstringify(entry))[33m;[39m [90m// stderr for stdio servers[39m
     [90m    |[39m             [31m[1m^[22m[39m
     [90m 26 |[39m   }
     [90m 27 |[39m
     [90m 28 |[39m   debug(message[33m:[39m string[33m,[39m context[33m?[39m[33m:[39m 
[33mRecord[39m[33m<[39m[33mstring[39m[33m,[39m any[33m>[39m) {[0m

      at Logger.log (src/utils/logger.ts:25:13)
      at Logger.info (src/utils/logger.ts:33:10)
      at AudioMetadataService.extract (src/services/audio-metadata.service.ts:120:14)
      at src/services/audio-metadata.service.ts:161:28
          at async Promise.all (index 0)
      at AudioMetadataService.extractBatch (src/services/audio-metadata.service.ts:194:28)
      at Object.<anonymous> (tests/unit/services/audio-metadata.test.ts:414:23)

    console.error
      {"timestamp":"2026-02-11T12:49:41.253Z","level":"info","message":"Batch extraction complete: 2 files processed"}

    [0m [90m 23 |[39m     }[33m;[39m
     [90m 24 |[39m
    [31m[1m>[22m[39m[90m 25 |[39m     
console[33m.[39merror([33mJSON[39m[33m.[39mstringify(entry))[33m;[39m [90m// stderr for stdio servers[39m
     [90m    |[39m             [31m[1m^[22m[39m
     [90m 26 |[39m   }
     [90m 27 |[39m
     [90m 28 |[39m   debug(message[33m:[39m string[33m,[39m context[33m?[39m[33m:[39m 
[33mRecord[39m[33m<[39m[33mstring[39m[33m,[39m any[33m>[39m) {[0m

      at Logger.log (src/utils/logger.ts:25:13)
      at Logger.info (src/utils/logger.ts:33:10)
      at AudioMetadataService.extractBatch (src/services/audio-metadata.service.ts:198:12)
      at Object.<anonymous> (tests/unit/services/audio-metadata.test.ts:414:23)

    console.error
      {"timestamp":"2026-02-11T12:49:41.268Z","level":"warn","message":"Error checking metadata for 
C:\\Users\\NewAdmin\\Desktop\\File-Organizer-MCP\\tests\\temp\\audio-test-geXB2H\\nonexistent.mp3:"}

    [0m [90m 23 |[39m     }[33m;[39m
     [90m 24 |[39m
    [31m[1m>[22m[39m[90m 25 |[39m     
console[33m.[39merror([33mJSON[39m[33m.[39mstringify(entry))[33m;[39m [90m// stderr for stdio servers[39m
     [90m    |[39m             [31m[1m^[22m[39m
     [90m 26 |[39m   }
     [90m 27 |[39m
     [90m 28 |[39m   debug(message[33m:[39m string[33m,[39m context[33m?[39m[33m:[39m 
[33mRecord[39m[33m<[39m[33mstring[39m[33m,[39m any[33m>[39m) {[0m

      at Logger.log (src/utils/logger.ts:25:13)
      at Logger.warn (src/utils/logger.ts:37:10)
      at AudioMetadataService.hasMetadata (src/services/audio-metadata.service.ts:228:14)
      at Object.<anonymous> (tests/unit/services/audio-metadata.test.ts:448:23)

    console.error
      {"timestamp":"2026-02-11T12:49:41.284Z","level":"info","message":"Extracting metadata from: 
C:\\Users\\NewAdmin\\Desktop\\File-Organizer-MCP\\tests\\temp\\audio-test-AILtvM\\empty.mp3"}

    [0m [90m 23 |[39m     }[33m;[39m
     [90m 24 |[39m
    [31m[1m>[22m[39m[90m 25 |[39m     
console[33m.[39merror([33mJSON[39m[33m.[39mstringify(entry))[33m;[39m [90m// stderr for stdio servers[39m
     [90m    |[39m             [31m[1m^[22m[39m
     [90m 26 |[39m   }
     [90m 27 |[39m
     [90m 28 |[39m   debug(message[33m:[39m string[33m,[39m context[33m?[39m[33m:[39m 
[33mRecord[39m[33m<[39m[33mstring[39m[33m,[39m any[33m>[39m) {[0m

      at Logger.log (src/utils/logger.ts:25:13)
      at Logger.info (src/utils/logger.ts:33:10)
      at AudioMetadataService.extract (src/services/audio-metadata.service.ts:73:12)
      at Object.<anonymous> (tests/unit/services/audio-metadata.test.ts:479:38)

    console.error
      {"timestamp":"2026-02-11T12:49:41.285Z","level":"info","message":"Metadata extracted in 1ms: 
C:\\Users\\NewAdmin\\Desktop\\File-Organizer-MCP\\tests\\temp\\audio-test-AILtvM\\empty.mp3"}

    [0m [90m 23 |[39m     }[33m;[39m
     [90m 24 |[39m
    [31m[1m>[22m[39m[90m 25 |[39m     
console[33m.[39merror([33mJSON[39m[33m.[39mstringify(entry))[33m;[39m [90m// stderr for stdio servers[39m
     [90m    |[39m             [31m[1m^[22m[39m
     [90m 26 |[39m   }
     [90m 27 |[39m
     [90m 28 |[39m   debug(message[33m:[39m string[33m,[39m context[33m?[39m[33m:[39m 
[33mRecord[39m[33m<[39m[33mstring[39m[33m,[39m any[33m>[39m) {[0m

      at Logger.log (src/utils/logger.ts:25:13)
      at Logger.info (src/utils/logger.ts:33:10)
      at AudioMetadataService.extract (src/services/audio-metadata.service.ts:120:14)
      at Object.<anonymous> (tests/unit/services/audio-metadata.test.ts:479:24)

    console.error
      {"timestamp":"2026-02-11T12:49:41.292Z","level":"info","message":"Extracting metadata from: 
C:\\Users\\NewAdmin\\Desktop\\File-Organizer-MCP\\tests\\temp\\audio-test-xw5HEv\\large.mp3"}

    [0m [90m 23 |[39m     }[33m;[39m
     [90m 24 |[39m
    [31m[1m>[22m[39m[90m 25 |[39m     
console[33m.[39merror([33mJSON[39m[33m.[39mstringify(entry))[33m;[39m [90m// stderr for stdio servers[39m
     [90m    |[39m             [31m[1m^[22m[39m
     [90m 26 |[39m   }
     [90m 27 |[39m
     [90m 28 |[39m   debug(message[33m:[39m string[33m,[39m context[33m?[39m[33m:[39m 
[33mRecord[39m[33m<[39m[33mstring[39m[33m,[39m any[33m>[39m) {[0m

      at Logger.log (src/utils/logger.ts:25:13)
      at Logger.info (src/utils/logger.ts:33:10)
      at AudioMetadataService.extract (src/services/audio-metadata.service.ts:73:12)
      at Object.<anonymous> (tests/unit/services/audio-metadata.test.ts:495:38)

    console.error
      {"timestamp":"2026-02-11T12:49:41.299Z","level":"info","message":"Metadata extracted in 7ms: 
C:\\Users\\NewAdmin\\Desktop\\File-Organizer-MCP\\tests\\temp\\audio-test-xw5HEv\\large.mp3"}

    [0m [90m 23 |[39m     }[33m;[39m
     [90m 24 |[39m
    [31m[1m>[22m[39m[90m 25 |[39m     
console[33m.[39merror([33mJSON[39m[33m.[39mstringify(entry))[33m;[39m [90m// stderr for stdio servers[39m
     [90m    |[39m             [31m[1m^[22m[39m
     [90m 26 |[39m   }
     [90m 27 |[39m
     [90m 28 |[39m   debug(message[33m:[39m string[33m,[39m context[33m?[39m[33m:[39m 
[33mRecord[39m[33m<[39m[33mstring[39m[33m,[39m any[33m>[39m) {[0m

      at Logger.log (src/utils/logger.ts:25:13)
      at Logger.info (src/utils/logger.ts:33:10)
      at AudioMetadataService.extract (src/services/audio-metadata.service.ts:120:14)
      at Object.<anonymous> (tests/unit/services/audio-metadata.test.ts:495:24)

    console.error
      {"timestamp":"2026-02-11T12:49:41.307Z","level":"info","message":"Extracting metadata from: 
C:\\Users\\NewAdmin\\Desktop\\File-Organizer-MCP\\tests\\temp\\audio-test-nE7PsM\\unicode.mp3"}

    [0m [90m 23 |[39m     }[33m;[39m
     [90m 24 |[39m
    [31m[1m>[22m[39m[90m 25 |[39m     
console[33m.[39merror([33mJSON[39m[33m.[39mstringify(entry))[33m;[39m [90m// stderr for stdio servers[39m
     [90m    |[39m             [31m[1m^[22m[39m
     [90m 26 |[39m   }
     [90m 27 |[39m
     [90m 28 |[39m   debug(message[33m:[39m string[33m,[39m context[33m?[39m[33m:[39m 
[33mRecord[39m[33m<[39m[33mstring[39m[33m,[39m any[33m>[39m) {[0m

      at Logger.log (src/utils/logger.ts:25:13)
      at Logger.info (src/utils/logger.ts:33:10)
      at AudioMetadataService.extract (src/services/audio-metadata.service.ts:73:12)
      at Object.<anonymous> (tests/unit/services/audio-metadata.test.ts:519:38)

    console.error
      {"timestamp":"2026-02-11T12:49:41.310Z","level":"info","message":"Metadata extracted in 3ms: 
C:\\Users\\NewAdmin\\Desktop\\File-Organizer-MCP\\tests\\temp\\audio-test-nE7PsM\\unicode.mp3"}

    [0m [90m 23 |[39m     }[33m;[39m
     [90m 24 |[39m
    [31m[1m>[22m[39m[90m 25 |[39m     
console[33m.[39merror([33mJSON[39m[33m.[39mstringify(entry))[33m;[39m [90m// stderr for stdio servers[39m
     [90m    |[39m             [31m[1m^[22m[39m
     [90m 26 |[39m   }
     [90m 27 |[39m
     [90m 28 |[39m   debug(message[33m:[39m string[33m,[39m context[33m?[39m[33m:[39m 
[33mRecord[39m[33m<[39m[33mstring[39m[33m,[39m any[33m>[39m) {[0m

      at Logger.log (src/utils/logger.ts:25:13)
      at Logger.info (src/utils/logger.ts:33:10)
      at AudioMetadataService.extract (src/services/audio-metadata.service.ts:120:14)
      at Object.<anonymous> (tests/unit/services/audio-metadata.test.ts:519:24)

    console.error
      {"timestamp":"2026-02-11T12:49:41.317Z","level":"info","message":"Extracting metadata from: 
C:\\Users\\NewAdmin\\Desktop\\File-Organizer-MCP\\tests\\temp\\audio-test-xJBfZM\\corrupted.mp3"}

    [0m [90m 23 |[39m     }[33m;[39m
     [90m 24 |[39m
    [31m[1m>[22m[39m[90m 25 |[39m     
console[33m.[39merror([33mJSON[39m[33m.[39mstringify(entry))[33m;[39m [90m// stderr for stdio servers[39m
     [90m    |[39m             [31m[1m^[22m[39m
     [90m 26 |[39m   }
     [90m 27 |[39m
     [90m 28 |[39m   debug(message[33m:[39m string[33m,[39m context[33m?[39m[33m:[39m 
[33mRecord[39m[33m<[39m[33mstring[39m[33m,[39m any[33m>[39m) {[0m

      at Logger.log (src/utils/logger.ts:25:13)
      at Logger.info (src/utils/logger.ts:33:10)
      at AudioMetadataService.extract (src/services/audio-metadata.service.ts:73:12)
      at Object.<anonymous> (tests/unit/services/audio-metadata.test.ts:543:38)

    console.error
      {"timestamp":"2026-02-11T12:49:41.318Z","level":"info","message":"Metadata extracted in 1ms: 
C:\\Users\\NewAdmin\\Desktop\\File-Organizer-MCP\\tests\\temp\\audio-test-xJBfZM\\corrupted.mp3"}

    [0m [90m 23 |[39m     }[33m;[39m
     [90m 24 |[39m
    [31m[1m>[22m[39m[90m 25 |[39m     
console[33m.[39merror([33mJSON[39m[33m.[39mstringify(entry))[33m;[39m [90m// stderr for stdio servers[39m
     [90m    |[39m             [31m[1m^[22m[39m
     [90m 26 |[39m   }
     [90m 27 |[39m
     [90m 28 |[39m   debug(message[33m:[39m string[33m,[39m context[33m?[39m[33m:[39m 
[33mRecord[39m[33m<[39m[33mstring[39m[33m,[39m any[33m>[39m) {[0m

      at Logger.log (src/utils/logger.ts:25:13)
      at Logger.info (src/utils/logger.ts:33:10)
      at AudioMetadataService.extract (src/services/audio-metadata.service.ts:120:14)
      at Object.<anonymous> (tests/unit/services/audio-metadata.test.ts:543:24)

    console.error
      {"timestamp":"2026-02-11T12:49:41.323Z","level":"info","message":"Extracting metadata from: 
C:\\Users\\NewAdmin\\Desktop\\File-Organizer-MCP\\tests\\temp\\audio-test-6jgnBX\\adir"}

    [0m [90m 23 |[39m     }[33m;[39m
     [90m 24 |[39m
    [31m[1m>[22m[39m[90m 25 |[39m     
console[33m.[39merror([33mJSON[39m[33m.[39mstringify(entry))[33m;[39m [90m// stderr for stdio servers[39m
     [90m    |[39m             [31m[1m^[22m[39m
     [90m 26 |[39m   }
     [90m 27 |[39m
     [90m 28 |[39m   debug(message[33m:[39m string[33m,[39m context[33m?[39m[33m:[39m 
[33mRecord[39m[33m<[39m[33mstring[39m[33m,[39m any[33m>[39m) {[0m

      at Logger.log (src/utils/logger.ts:25:13)
      at Logger.info (src/utils/logger.ts:33:10)
      at AudioMetadataService.extract (src/services/audio-metadata.service.ts:73:12)
      at Object.<anonymous> (tests/unit/services/audio-metadata.test.ts:553:38)

    console.error
      {"timestamp":"2026-02-11T12:49:41.334Z","level":"error","message":"Cannot access file: 
C:\\Users\\NewAdmin\\Desktop\\File-Organizer-MCP\\tests\\temp\\audio-test-6jgnBX\\adir","error":{"message":"Path is 
not a file: C:\\Users\\NewAdmin\\Desktop\\File-Organizer-MCP\\tests\\temp\\audio-test-6jgnBX\\adir","stack":"Error: 
Path is not a file: C:\\Users\\NewAdmin\\Desktop\\File-Organizer-MCP\\tests\\temp\\audio-test-6jgnBX\\adir\n    at 
AudioMetadataService.extract 
(C:\\Users\\NewAdmin\\Desktop\\File-Organizer-MCP\\src\\services\\audio-metadata.service.ts:78:15)\n    at 
Object.<anonymous> 
(C:\\Users\\NewAdmin\\Desktop\\File-Organizer-MCP\\tests\\unit\\services\\audio-metadata.test.ts:553:24)"}}

    [0m [90m 23 |[39m     }[33m;[39m
     [90m 24 |[39m
    [31m[1m>[22m[39m[90m 25 |[39m     
console[33m.[39merror([33mJSON[39m[33m.[39mstringify(entry))[33m;[39m [90m// stderr for stdio servers[39m
     [90m    |[39m             [31m[1m^[22m[39m
     [90m 26 |[39m   }
     [90m 27 |[39m
     [90m 28 |[39m   debug(message[33m:[39m string[33m,[39m context[33m?[39m[33m:[39m 
[33mRecord[39m[33m<[39m[33mstring[39m[33m,[39m any[33m>[39m) {[0m

      at Logger.log (src/utils/logger.ts:25:13)
      at Logger.error (src/utils/logger.ts:45:10)
      at AudioMetadataService.extract (src/services/audio-metadata.service.ts:81:14)
      at Object.<anonymous> (tests/unit/services/audio-metadata.test.ts:553:24)

    console.error
      {"timestamp":"2026-02-11T12:49:41.339Z","level":"info","message":"Extracting metadata from: 
C:\\Users\\NewAdmin\\Desktop\\File-Organizer-MCP\\tests\\temp\\audio-test-edk3y8\\genre.mp3"}

    [0m [90m 23 |[39m     }[33m;[39m
     [90m 24 |[39m
    [31m[1m>[22m[39m[90m 25 |[39m     
console[33m.[39merror([33mJSON[39m[33m.[39mstringify(entry))[33m;[39m [90m// stderr for stdio servers[39m
     [90m    |[39m             [31m[1m^[22m[39m
     [90m 26 |[39m   }
     [90m 27 |[39m
     [90m 28 |[39m   debug(message[33m:[39m string[33m,[39m context[33m?[39m[33m:[39m 
[33mRecord[39m[33m<[39m[33mstring[39m[33m,[39m any[33m>[39m) {[0m

      at Logger.log (src/utils/logger.ts:25:13)
      at Logger.info (src/utils/logger.ts:33:10)
      at AudioMetadataService.extract (src/services/audio-metadata.service.ts:73:12)
      at Object.<anonymous> (tests/unit/services/audio-metadata.test.ts:572:38)

    console.error
      {"timestamp":"2026-02-11T12:49:41.344Z","level":"info","message":"Metadata extracted in 5ms: 
C:\\Users\\NewAdmin\\Desktop\\File-Organizer-MCP\\tests\\temp\\audio-test-edk3y8\\genre.mp3"}

    [0m [90m 23 |[39m     }[33m;[39m
     [90m 24 |[39m
    [31m[1m>[22m[39m[90m 25 |[39m     
console[33m.[39merror([33mJSON[39m[33m.[39mstringify(entry))[33m;[39m [90m// stderr for stdio servers[39m
     [90m    |[39m             [31m[1m^[22m[39m
     [90m 26 |[39m   }
     [90m 27 |[39m
     [90m 28 |[39m   debug(message[33m:[39m string[33m,[39m context[33m?[39m[33m:[39m 
[33mRecord[39m[33m<[39m[33mstring[39m[33m,[39m any[33m>[39m) {[0m

      at Logger.log (src/utils/logger.ts:25:13)
      at Logger.info (src/utils/logger.ts:33:10)
      at AudioMetadataService.extract (src/services/audio-metadata.service.ts:120:14)
      at Object.<anonymous> (tests/unit/services/audio-metadata.test.ts:572:24)

    console.error
      {"timestamp":"2026-02-11T12:49:41.367Z","level":"info","message":"Extracting metadata from: 
C:\\Users\\NewAdmin\\Desktop\\File-Organizer-MCP\\tests\\temp\\audio-test-b9dzTy\\complete.mp3"}

    [0m [90m 23 |[39m     }[33m;[39m
     [90m 24 |[39m
    [31m[1m>[22m[39m[90m 25 |[39m     
console[33m.[39merror([33mJSON[39m[33m.[39mstringify(entry))[33m;[39m [90m// stderr for stdio servers[39m
     [90m    |[39m             [31m[1m^[22m[39m
     [90m 26 |[39m   }
     [90m 27 |[39m
     [90m 28 |[39m   debug(message[33m:[39m string[33m,[39m context[33m?[39m[33m:[39m 
[33mRecord[39m[33m<[39m[33mstring[39m[33m,[39m any[33m>[39m) {[0m

      at Logger.log (src/utils/logger.ts:25:13)
      at Logger.info (src/utils/logger.ts:33:10)
      at AudioMetadataService.extract (src/services/audio-metadata.service.ts:73:12)
      at Object.<anonymous> (tests/unit/services/audio-metadata.test.ts:624:38)

    console.error
      {"timestamp":"2026-02-11T12:49:41.370Z","level":"info","message":"Metadata extracted in 3ms: 
C:\\Users\\NewAdmin\\Desktop\\File-Organizer-MCP\\tests\\temp\\audio-test-b9dzTy\\complete.mp3"}

    [0m [90m 23 |[39m     }[33m;[39m
     [90m 24 |[39m
    [31m[1m>[22m[39m[90m 25 |[39m     
console[33m.[39merror([33mJSON[39m[33m.[39mstringify(entry))[33m;[39m [90m// stderr for stdio servers[39m
     [90m    |[39m             [31m[1m^[22m[39m
     [90m 26 |[39m   }
     [90m 27 |[39m
     [90m 28 |[39m   debug(message[33m:[39m string[33m,[39m context[33m?[39m[33m:[39m 
[33mRecord[39m[33m<[39m[33mstring[39m[33m,[39m any[33m>[39m) {[0m

      at Logger.log (src/utils/logger.ts:25:13)
      at Logger.info (src/utils/logger.ts:33:10)
      at AudioMetadataService.extract (src/services/audio-metadata.service.ts:120:14)
      at Object.<anonymous> (tests/unit/services/audio-metadata.test.ts:624:24)

    console.error
      {"timestamp":"2026-02-11T12:49:41.377Z","level":"info","message":"Extracting metadata from: 
C:\\Users\\NewAdmin\\Desktop\\File-Organizer-MCP\\tests\\temp\\audio-test-4FM0dL\\mixed.mp3"}

    [0m [90m 23 |[39m     }[33m;[39m
     [90m 24 |[39m
    [31m[1m>[22m[39m[90m 25 |[39m     
console[33m.[39merror([33mJSON[39m[33m.[39mstringify(entry))[33m;[39m [90m// stderr for stdio servers[39m
     [90m    |[39m             [31m[1m^[22m[39m
     [90m 26 |[39m   }
     [90m 27 |[39m
     [90m 28 |[39m   debug(message[33m:[39m string[33m,[39m context[33m?[39m[33m:[39m 
[33mRecord[39m[33m<[39m[33mstring[39m[33m,[39m any[33m>[39m) {[0m

      at Logger.log (src/utils/logger.ts:25:13)
      at Logger.info (src/utils/logger.ts:33:10)
      at AudioMetadataService.extract (src/services/audio-metadata.service.ts:73:12)
      at Object.<anonymous> (tests/unit/services/audio-metadata.test.ts:662:38)

    console.error
      {"timestamp":"2026-02-11T12:49:41.381Z","level":"info","message":"Metadata extracted in 4ms: 
C:\\Users\\NewAdmin\\Desktop\\File-Organizer-MCP\\tests\\temp\\audio-test-4FM0dL\\mixed.mp3"}

    [0m [90m 23 |[39m     }[33m;[39m
     [90m 24 |[39m
    [31m[1m>[22m[39m[90m 25 |[39m     
console[33m.[39merror([33mJSON[39m[33m.[39mstringify(entry))[33m;[39m [90m// stderr for stdio servers[39m
     [90m    |[39m             [31m[1m^[22m[39m
     [90m 26 |[39m   }
     [90m 27 |[39m
     [90m 28 |[39m   debug(message[33m:[39m string[33m,[39m context[33m?[39m[33m:[39m 
[33mRecord[39m[33m<[39m[33mstring[39m[33m,[39m any[33m>[39m) {[0m

      at Logger.log (src/utils/logger.ts:25:13)
      at Logger.info (src/utils/logger.ts:33:10)
      at AudioMetadataService.extract (src/services/audio-metadata.service.ts:120:14)
      at Object.<anonymous> (tests/unit/services/audio-metadata.test.ts:662:24)

  ÔùÅ AudioMetadataService ÔÇ║ MP3 Metadata Extraction ÔÇ║ should parse track and disc numbers

    expect(received).toBe(expected) // Object.is equality

    Expected: 2
    Received: undefined

    [0m [90m 177 |[39m       expect(metadata[33m.[39mtrackNumber)[33m.[39mtoBe([35m5[39m)[33m;[39m
     [90m 178 |[39m       expect(metadata[33m.[39mtotalTracks)[33m.[39mtoBe([35m12[39m)[33m;[39m
    [31m[1m>[22m[39m[90m 179 |[39m       
expect(metadata[33m.[39mdiscNumber)[33m.[39mtoBe([35m2[39m)[33m;[39m
     [90m     |[39m                                   [31m[1m^[22m[39m
     [90m 180 |[39m       expect(metadata[33m.[39mtotalDiscs)[33m.[39mtoBe([35m3[39m)[33m;[39m
     [90m 181 |[39m     })[33m;[39m
     [90m 182 |[39m[0m

      at Object.<anonymous> (tests/unit/services/audio-metadata.test.ts:179:35)

  ÔùÅ AudioMetadataService ÔÇ║ MP3 Metadata Extraction ÔÇ║ should detect embedded artwork in MP3

    expect(received).toBe(expected) // Object.is equality

    Expected: true
    Received: false

    [0m [90m 207 |[39m       [36mconst[39m metadata [33m=[39m [36mawait[39m 
service[33m.[39mextract(filePath)[33m;[39m
     [90m 208 |[39m
    [31m[1m>[22m[39m[90m 209 |[39m       
expect(metadata[33m.[39mhasEmbeddedArtwork)[33m.[39mtoBe([36mtrue[39m)[33m;[39m
     [90m     |[39m                                           [31m[1m^[22m[39m
     [90m 210 |[39m     })[33m;[39m
     [90m 211 |[39m   })[33m;[39m
     [90m 212 |[39m[0m

      at Object.<anonymous> (tests/unit/services/audio-metadata.test.ts:209:43)

  ÔùÅ AudioMetadataService ÔÇ║ FLAC Metadata Extraction ÔÇ║ should extract Vorbis comments from FLAC

    expect(received).toBe(expected) // Object.is equality

    Expected: "FLAC Test Song"
    Received: undefined

    [0m [90m 261 |[39m
     [90m 262 |[39m       expect(metadata[33m.[39mformat)[33m.[39mtoBe([32m"FLAC"[39m)[33m;[39m
    [31m[1m>[22m[39m[90m 263 |[39m       expect(metadata[33m.[39mtitle)[33m.[39mtoBe([32m"FLAC Test 
Song"[39m)[33m;[39m
     [90m     |[39m                              [31m[1m^[22m[39m
     [90m 264 |[39m       expect(metadata[33m.[39martist)[33m.[39mtoBe([32m"FLAC Test Artist"[39m)[33m;[39m
     [90m 265 |[39m       expect(metadata[33m.[39malbum)[33m.[39mtoBe([32m"FLAC Test Album"[39m)[33m;[39m
     [90m 266 |[39m     })[33m;[39m[0m

      at Object.<anonymous> (tests/unit/services/audio-metadata.test.ts:263:30)

FAIL tests/unit/services/image-metadata.test.ts
  ÔùÅ ImageMetadataService ÔÇ║ isFormatSupported ÔÇ║ should return true for supported formats

    expect(received).toBe(expected) // Object.is equality

    Expected: true
    Received: false

    [0m [90m 143 |[39m   describe([32m"isFormatSupported"[39m[33m,[39m () [33m=>[39m {
     [90m 144 |[39m     it([32m"should return true for supported formats"[39m[33m,[39m () [33m=>[39m {
    [31m[1m>[22m[39m[90m 145 |[39m       
expect(service[33m.[39misFormatSupported([32m"image.jpg"[39m))[33m.[39mtoBe([36mtrue[39m)[33m;[39m
     [90m     |[39m                                                      [31m[1m^[22m[39m
     [90m 146 |[39m       
expect(service[33m.[39misFormatSupported([32m"image.jpeg"[39m))[33m.[39mtoBe([36mtrue[39m)[33m;[39m
     [90m 147 |[39m       
expect(service[33m.[39misFormatSupported([32m"image.png"[39m))[33m.[39mtoBe([36mtrue[39m)[33m;[39m
     [90m 148 |[39m     })[33m;[39m[0m

      at Object.<anonymous> (tests/unit/services/image-metadata.test.ts:145:54)

  ÔùÅ ImageMetadataService ÔÇ║ isFormatSupported ÔÇ║ should be case insensitive

    expect(received).toBe(expected) // Object.is equality

    Expected: true
    Received: false

    [0m [90m 154 |[39m
     [90m 155 |[39m     it([32m"should be case insensitive"[39m[33m,[39m () [33m=>[39m {
    [31m[1m>[22m[39m[90m 156 |[39m       
expect(service[33m.[39misFormatSupported([32m"image.JPG"[39m))[33m.[39mtoBe([36mtrue[39m)[33m;[39m
     [90m     |[39m                                                      [31m[1m^[22m[39m
     [90m 157 |[39m       
expect(service[33m.[39misFormatSupported([32m"image.JPEG"[39m))[33m.[39mtoBe([36mtrue[39m)[33m;[39m
     [90m 158 |[39m     })[33m;[39m
     [90m 159 |[39m   })[33m;[39m[0m

      at Object.<anonymous> (tests/unit/services/image-metadata.test.ts:156:54)

  ÔùÅ ImageMetadataService ÔÇ║ extract ÔÇ║ should extract basic JPEG metadata

    expect(received).toBe(expected) // Object.is equality

    Expected: "JPEG"
    Received: "jpeg"

    [0m [90m 172 |[39m
     [90m 173 |[39m       expect(metadata[33m.[39mfilePath)[33m.[39mtoBe(filePath)[33m;[39m
    [31m[1m>[22m[39m[90m 174 |[39m       
expect(metadata[33m.[39mformat)[33m.[39mtoBe([32m"JPEG"[39m)[33m;[39m
     [90m     |[39m                               [31m[1m^[22m[39m
     [90m 175 |[39m       expect(metadata[33m.[39mwidth)[33m.[39mtoBe([35m1920[39m)[33m;[39m
     [90m 176 |[39m       expect(metadata[33m.[39mheight)[33m.[39mtoBe([35m1080[39m)[33m;[39m
     [90m 177 |[39m       expect(metadata[33m.[39mhasEXIF)[33m.[39mtoBe([36mtrue[39m)[33m;[39m[0m

      at Object.<anonymous> (tests/unit/services/image-metadata.test.ts:174:31)

  ÔùÅ ImageMetadataService ÔÇ║ extract ÔÇ║ should extract camera information

    expect(received).toBe(expected) // Object.is equality

    Expected: "Canon"
    Received: undefined

    [0m [90m 187 |[39m       [36mconst[39m metadata [33m=[39m [36mawait[39m 
service[33m.[39mextract(filePath)[33m;[39m
     [90m 188 |[39m
    [31m[1m>[22m[39m[90m 189 |[39m       
expect(metadata[33m.[39mcamera[33m?[39m[33m.[39mmake)[33m.[39mtoBe([32m"Canon"[39m)[33m;[39m
     [90m     |[39m                                     [31m[1m^[22m[39m
     [90m 190 |[39m       expect(metadata[33m.[39mcamera[33m?[39m[33m.[39mmodel)[33m.[39mtoBe([32m"EOS 
5D"[39m)[33m;[39m
     [90m 191 |[39m     })[33m;[39m
     [90m 192 |[39m[0m

      at Object.<anonymous> (tests/unit/services/image-metadata.test.ts:189:37)

  ÔùÅ ImageMetadataService ÔÇ║ extract ÔÇ║ should handle JPEG without EXIF

    expect(received).toBe(expected) // Object.is equality

    Expected: "JPEG"
    Received: "jpeg"

    [0m [90m 196 |[39m       [36mconst[39m metadata [33m=[39m [36mawait[39m 
service[33m.[39mextract(filePath)[33m;[39m
     [90m 197 |[39m
    [31m[1m>[22m[39m[90m 198 |[39m       
expect(metadata[33m.[39mformat)[33m.[39mtoBe([32m"JPEG"[39m)[33m;[39m
     [90m     |[39m                               [31m[1m^[22m[39m
     [90m 199 |[39m       expect(metadata[33m.[39mhasEXIF)[33m.[39mtoBe([36mfalse[39m)[33m;[39m
     [90m 200 |[39m     })[33m;[39m
     [90m 201 |[39m[0m

      at Object.<anonymous> (tests/unit/services/image-metadata.test.ts:198:31)

  ÔùÅ ImageMetadataService ÔÇ║ extract ÔÇ║ should detect orientation

    expect(received).toBeDefined()

    Received: undefined

    [0m [90m 205 |[39m       [36mconst[39m metadata [33m=[39m [36mawait[39m 
service[33m.[39mextract(filePath)[33m;[39m
     [90m 206 |[39m
    [31m[1m>[22m[39m[90m 207 |[39m       
expect(metadata[33m.[39morientation)[33m.[39mtoBeDefined()[33m;[39m
     [90m     |[39m                                    [31m[1m^[22m[39m
     [90m 208 |[39m     })[33m;[39m
     [90m 209 |[39m
     [90m 210 |[39m     it([32m"should handle non-existent files"[39m[33m,[39m [36masync[39m () [33m=>[39m 
{[0m

      at Object.<anonymous> (tests/unit/services/image-metadata.test.ts:207:36)

  ÔùÅ ImageMetadataService ÔÇ║ extract ÔÇ║ should handle non-existent files

    expect(received).rejects.toThrow()

    Received promise resolved instead of rejected
    Resolved to value: {"extractedAt": 2026-02-11T12:49:41.951Z, "filePath": 
"C:\\Users\\NewAdmin\\Desktop\\File-Organizer-MCP\\tests\\temp\\image-meta-0idd50\\nonexistent.jpg", "format": "jpeg", 
"hasGPS": false}

    [0m [90m 211 |[39m       [36mconst[39m filePath [33m=[39m path[33m.[39mjoin(testDir[33m,[39m 
[32m"nonexistent.jpg"[39m)[33m;[39m
     [90m 212 |[39m
    [31m[1m>[22m[39m[90m 213 |[39m       [36mawait[39m 
expect(service[33m.[39mextract(filePath))[33m.[39mrejects[33m.[39mtoThrow()[33m;[39m
     [90m     |[39m             [31m[1m^[22m[39m
     [90m 214 |[39m     })[33m;[39m
     [90m 215 |[39m
     [90m 216 |[39m     it([32m"should handle directories"[39m[33m,[39m [36masync[39m () [33m=>[39m {[0m

      at expect (node_modules/expect/build/index.js:113:15)
      at Object.<anonymous> (tests/unit/services/image-metadata.test.ts:213:13)

  ÔùÅ ImageMetadataService ÔÇ║ extract ÔÇ║ should handle directories

    expect(received).rejects.toThrow()

    Received promise resolved instead of rejected
    Resolved to value: {"extractedAt": 2026-02-11T12:49:41.959Z, "filePath": 
"C:\\Users\\NewAdmin\\Desktop\\File-Organizer-MCP\\tests\\temp\\image-meta-rW2eTT\\adir", "format": "unknown", 
"hasGPS": false}

    [0m [90m 218 |[39m       [36mawait[39m fs[33m.[39mmkdir(dirPath)[33m;[39m
     [90m 219 |[39m
    [31m[1m>[22m[39m[90m 220 |[39m       [36mawait[39m 
expect(service[33m.[39mextract(dirPath))[33m.[39mrejects[33m.[39mtoThrow()[33m;[39m
     [90m     |[39m             [31m[1m^[22m[39m
     [90m 221 |[39m     })[33m;[39m
     [90m 222 |[39m   })[33m;[39m
     [90m 223 |[39m[0m

      at expect (node_modules/expect/build/index.js:113:15)
      at Object.<anonymous> (tests/unit/services/image-metadata.test.ts:220:13)

  ÔùÅ ImageMetadataService ÔÇ║ GPS Extraction ÔÇ║ should extract GPS coordinates when available

    expect(received).toBe(expected) // Object.is equality

    Expected: true
    Received: undefined

    [0m [90m 232 |[39m       [36mconst[39m metadata [33m=[39m [36mawait[39m 
service[33m.[39mextract(filePath[33m,[39m { extractGPS[33m:[39m [36mtrue[39m })[33m;[39m
     [90m 233 |[39m
    [31m[1m>[22m[39m[90m 234 |[39m       
expect(metadata[33m.[39mgps[33m?[39m[33m.[39mhasGPS)[33m.[39mtoBe([36mtrue[39m)[33m;[39m
     [90m     |[39m                                    [31m[1m^[22m[39m
     [90m 235 |[39m       
expect(metadata[33m.[39mgps[33m?[39m[33m.[39mlatitude)[33m.[39mtoBeCloseTo([35m40.7128[39m[33m,[39m 
[35m2[39m)[33m;[39m
     [90m 236 |[39m       expect(metadata[33m.[39mgps[33m?[39m[33m.[39mlongitude)[33m.[39mtoBeCloseTo([33m-
[39m[35m74.0060[39m[33m,[39m [35m2[39m)[33m;[39m
     [90m 237 |[39m     })[33m;[39m[0m

      at Object.<anonymous> (tests/unit/services/image-metadata.test.ts:234:36)

  ÔùÅ ImageMetadataService ÔÇ║ GPS Extraction ÔÇ║ should handle images without GPS

    expect(received).toBe(expected) // Object.is equality

    Expected: false
    Received: undefined

    [0m [90m 253 |[39m       [36mconst[39m metadata [33m=[39m [36mawait[39m 
service[33m.[39mextract(filePath[33m,[39m { extractGPS[33m:[39m [36mtrue[39m })[33m;[39m
     [90m 254 |[39m
    [31m[1m>[22m[39m[90m 255 |[39m       
expect(metadata[33m.[39mgps[33m?[39m[33m.[39mhasGPS)[33m.[39mtoBe([36mfalse[39m)[33m;[39m
     [90m     |[39m                                    [31m[1m^[22m[39m
     [90m 256 |[39m     })[33m;[39m
     [90m 257 |[39m
     [90m 258 |[39m     it([32m"should extract GPS timestamp when available"[39m[33m,[39m [36masync[39m () 
[33m=>[39m {[0m

      at Object.<anonymous> (tests/unit/services/image-metadata.test.ts:255:36)

  ÔùÅ ImageMetadataService ÔÇ║ Date Extraction ÔÇ║ should fallback to file modification date

    expect(received).toBeInstanceOf(expected)

    Expected constructor: Date

    Received value has no prototype
    Received value: undefined

    [0m [90m 292 |[39m
     [90m 293 |[39m       [90m// Should use file modification date[39m
    [31m[1m>[22m[39m[90m 294 |[39m       
expect(metadata[33m.[39mdateTaken)[33m.[39mtoBeInstanceOf([33mDate[39m)[33m;[39m
     [90m     |[39m                                  [31m[1m^[22m[39m
     [90m 295 |[39m     })[33m;[39m
     [90m 296 |[39m   })[33m;[39m
     [90m 297 |[39m[0m

      at Object.<anonymous> (tests/unit/services/image-metadata.test.ts:294:34)

  ÔùÅ ImageMetadataService ÔÇ║ extractBatch ÔÇ║ should extract metadata from multiple images

    expect(received).toBe(expected) // Object.is equality

    Expected: "JPEG"
    Received: "jpeg"

    [0m [90m 315 |[39m       results[33m.[39mforEach((metadata[33m,[39m i) [33m=>[39m {
     [90m 316 |[39m         expect(metadata[33m.[39mfilePath)[33m.[39mtoBe(files[i])[33m;[39m
    [31m[1m>[22m[39m[90m 317 |[39m         
expect(metadata[33m.[39mformat)[33m.[39mtoBe([32m"JPEG"[39m)[33m;[39m
     [90m     |[39m                                 [31m[1m^[22m[39m
     [90m 318 |[39m       })[33m;[39m
     [90m 319 |[39m     })[33m;[39m
     [90m 320 |[39m[0m

      at tests/unit/services/image-metadata.test.ts:317:33
          at Array.forEach (<anonymous>)
      at Object.<anonymous> (tests/unit/services/image-metadata.test.ts:315:15)

  ÔùÅ ImageMetadataService ÔÇ║ Privacy Features ÔÇ║ should strip GPS data when requested

    TypeError: service.stripGPS is not a function

    [0m [90m 340 |[39m       [36mconst[39m outputPath [33m=[39m path[33m.[39mjoin(testDir[33m,[39m 
[32m"stripped.jpg"[39m)[33m;[39m
     [90m 341 |[39m
    [31m[1m>[22m[39m[90m 342 |[39m       [36mconst[39m result [33m=[39m [36mawait[39m 
service[33m.[39mstripGPS(filePath[33m,[39m outputPath)[33m;[39m
     [90m     |[39m                                    [31m[1m^[22m[39m
     [90m 343 |[39m
     [90m 344 |[39m       expect(result[33m.[39msuccess)[33m.[39mtoBe([36mtrue[39m)[33m;[39m
     [90m 345 |[39m       expect(result[33m.[39mgpsRemoved)[33m.[39mtoBe([36mtrue[39m)[33m;[39m[0m

      at Object.<anonymous> (tests/unit/services/image-metadata.test.ts:342:36)

  ÔùÅ ImageMetadataService ÔÇ║ Privacy Features ÔÇ║ should handle stripGPS on image without GPS

    TypeError: service.stripGPS is not a function

    [0m [90m 354 |[39m       [36mconst[39m outputPath [33m=[39m path[33m.[39mjoin(testDir[33m,[39m 
[32m"stillnogps.jpg"[39m)[33m;[39m
     [90m 355 |[39m
    [31m[1m>[22m[39m[90m 356 |[39m       [36mconst[39m result [33m=[39m [36mawait[39m 
service[33m.[39mstripGPS(filePath[33m,[39m outputPath)[33m;[39m
     [90m     |[39m                                    [31m[1m^[22m[39m
     [90m 357 |[39m
     [90m 358 |[39m       expect(result[33m.[39msuccess)[33m.[39mtoBe([36mtrue[39m)[33m;[39m
     [90m 359 |[39m       expect(result[33m.[39mgpsRemoved)[33m.[39mtoBe([36mfalse[39m)[33m;[39m[0m

      at Object.<anonymous> (tests/unit/services/image-metadata.test.ts:356:36)

  ÔùÅ ImageMetadataService ÔÇ║ Privacy Features ÔÇ║ should strip all metadata when requested

    TypeError: service.stripAllMetadata is not a function

    [0m [90m 368 |[39m       [36mconst[39m outputPath [33m=[39m path[33m.[39mjoin(testDir[33m,[39m 
[32m"stripped_all.jpg"[39m)[33m;[39m
     [90m 369 |[39m
    [31m[1m>[22m[39m[90m 370 |[39m       [36mconst[39m result [33m=[39m [36mawait[39m 
service[33m.[39mstripAllMetadata(filePath[33m,[39m outputPath)[33m;[39m
     [90m     |[39m                                    [31m[1m^[22m[39m
     [90m 371 |[39m
     [90m 372 |[39m       expect(result[33m.[39msuccess)[33m.[39mtoBe([36mtrue[39m)[33m;[39m
     [90m 373 |[39m[0m

      at Object.<anonymous> (tests/unit/services/image-metadata.test.ts:370:36)

  ÔùÅ ImageMetadataService ÔÇ║ Thumbnail Extraction ÔÇ║ should detect embedded thumbnail

    expect(received).toBe(expected) // Object.is equality

    Expected: true
    Received: false

    [0m [90m 389 |[39m
     [90m 390 |[39m       [90m// Thumbnail detection depends on implementation[39m
    [31m[1m>[22m[39m[90m 391 |[39m       expect(metadata[33m.[39mhasThumbnail [33m!==[39m 
undefined)[33m.[39mtoBe([36mtrue[39m)[33m;[39m
     [90m     |[39m                                                   [31m[1m^[22m[39m
     [90m 392 |[39m     })[33m;[39m
     [90m 393 |[39m   })[33m;[39m
     [90m 394 |[39m[0m

      at Object.<anonymous> (tests/unit/services/image-metadata.test.ts:391:51)

  ÔùÅ ImageMetadataService ÔÇ║ Edge Cases ÔÇ║ should handle empty JPEG files

    expect(received).toBe(expected) // Object.is equality

    Expected: "JPEG"
    Received: "jpeg"

    [0m [90m 402 |[39m       [36mconst[39m metadata [33m=[39m [36mawait[39m 
service[33m.[39mextract(filePath)[33m;[39m
     [90m 403 |[39m
    [31m[1m>[22m[39m[90m 404 |[39m       
expect(metadata[33m.[39mformat)[33m.[39mtoBe([32m"JPEG"[39m)[33m;[39m
     [90m     |[39m                               [31m[1m^[22m[39m
     [90m 405 |[39m     })[33m;[39m
     [90m 406 |[39m
     [90m 407 |[39m     it([32m"should handle corrupted EXIF data"[39m[33m,[39m [36masync[39m () [33m=>[39m 
{[0m

      at Object.<anonymous> (tests/unit/services/image-metadata.test.ts:404:31)

  ÔùÅ ImageMetadataService ÔÇ║ Edge Cases ÔÇ║ should handle corrupted EXIF data

    expect(received).toBe(expected) // Object.is equality

    Expected: "JPEG"
    Received: "jpeg"

    [0m [90m 423 |[39m
     [90m 424 |[39m       [90m// Should not throw[39m
    [31m[1m>[22m[39m[90m 425 |[39m       
expect(metadata[33m.[39mformat)[33m.[39mtoBe([32m"JPEG"[39m)[33m;[39m
     [90m     |[39m                               [31m[1m^[22m[39m
     [90m 426 |[39m     })[33m;[39m
     [90m 427 |[39m
     [90m 428 |[39m     it([32m"should handle very large EXIF data"[39m[33m,[39m [36masync[39m () [33m=>[39m 
{[0m

      at Object.<anonymous> (tests/unit/services/image-metadata.test.ts:425:31)

  ÔùÅ ImageMetadataService ÔÇ║ Edge Cases ÔÇ║ should handle very large EXIF data

    expect(received).toBe(expected) // Object.is equality

    Expected: "JPEG"
    Received: "jpeg"

    [0m [90m 434 |[39m       [36mconst[39m metadata [33m=[39m [36mawait[39m 
service[33m.[39mextract(filePath)[33m;[39m
     [90m 435 |[39m
    [31m[1m>[22m[39m[90m 436 |[39m       
expect(metadata[33m.[39mformat)[33m.[39mtoBe([32m"JPEG"[39m)[33m;[39m
     [90m     |[39m                               [31m[1m^[22m[39m
     [90m 437 |[39m     })[33m;[39m
     [90m 438 |[39m
     [90m 439 |[39m     it([32m"should handle Unicode in EXIF"[39m[33m,[39m [36masync[39m () [33m=>[39m {[0m

      at Object.<anonymous> (tests/unit/services/image-metadata.test.ts:436:31)

  ÔùÅ ImageMetadataService ÔÇ║ Edge Cases ÔÇ║ should handle Unicode in EXIF

    expect(received).toBe(expected) // Object.is equality

    Expected: "JPEG"
    Received: "jpeg"

    [0m [90m 445 |[39m       [36mconst[39m metadata [33m=[39m [36mawait[39m 
service[33m.[39mextract(filePath)[33m;[39m
     [90m 446 |[39m
    [31m[1m>[22m[39m[90m 447 |[39m       
expect(metadata[33m.[39mformat)[33m.[39mtoBe([32m"JPEG"[39m)[33m;[39m
     [90m     |[39m                               [31m[1m^[22m[39m
     [90m 448 |[39m     })[33m;[39m
     [90m 449 |[39m
     [90m 450 |[39m     it([32m"should handle multiple APP segments"[39m[33m,[39m [36masync[39m () 
[33m=>[39m {[0m

      at Object.<anonymous> (tests/unit/services/image-metadata.test.ts:447:31)

  ÔùÅ ImageMetadataService ÔÇ║ Edge Cases ÔÇ║ should handle multiple APP segments

    expect(received).toBe(expected) // Object.is equality

    Expected: "JPEG"
    Received: "jpeg"

    [0m [90m 466 |[39m       [36mconst[39m metadata [33m=[39m [36mawait[39m 
service[33m.[39mextract(filePath)[33m;[39m
     [90m 467 |[39m
    [31m[1m>[22m[39m[90m 468 |[39m       
expect(metadata[33m.[39mformat)[33m.[39mtoBe([32m"JPEG"[39m)[33m;[39m
     [90m     |[39m                               [31m[1m^[22m[39m
     [90m 469 |[39m     })[33m;[39m
     [90m 470 |[39m
     [90m 471 |[39m     it([32m"should handle TIFF images"[39m[33m,[39m [36masync[39m () [33m=>[39m {[0m

      at Object.<anonymous> (tests/unit/services/image-metadata.test.ts:468:31)

  ÔùÅ ImageMetadataService ÔÇ║ Edge Cases ÔÇ║ should handle TIFF images

    expect(received).toBe(expected) // Object.is equality

    Expected: "TIFF"
    Received: "tiff"

    [0m [90m 487 |[39m       [36mconst[39m metadata [33m=[39m [36mawait[39m 
service[33m.[39mextract(filePath)[33m;[39m
     [90m 488 |[39m
    [31m[1m>[22m[39m[90m 489 |[39m       
expect(metadata[33m.[39mformat)[33m.[39mtoBe([32m"TIFF"[39m)[33m;[39m
     [90m     |[39m                               [31m[1m^[22m[39m
     [90m 490 |[39m     })[33m;[39m
     [90m 491 |[39m
     [90m 492 |[39m     it([32m"should handle PNG images"[39m[33m,[39m [36masync[39m () [33m=>[39m {[0m

      at Object.<anonymous> (tests/unit/services/image-metadata.test.ts:489:31)

  ÔùÅ ImageMetadataService ÔÇ║ Edge Cases ÔÇ║ should handle PNG images

    expect(received).toBe(expected) // Object.is equality

    Expected: "PNG"
    Received: "png"

    [0m [90m 513 |[39m       [36mconst[39m metadata [33m=[39m [36mawait[39m 
service[33m.[39mextract(filePath)[33m;[39m
     [90m 514 |[39m
    [31m[1m>[22m[39m[90m 515 |[39m       
expect(metadata[33m.[39mformat)[33m.[39mtoBe([32m"PNG"[39m)[33m;[39m
     [90m     |[39m                               [31m[1m^[22m[39m
     [90m 516 |[39m       expect(metadata[33m.[39mwidth)[33m.[39mtoBe([35m100[39m)[33m;[39m
     [90m 517 |[39m       expect(metadata[33m.[39mheight)[33m.[39mtoBe([35m100[39m)[33m;[39m
     [90m 518 |[39m     })[33m;[39m[0m

      at Object.<anonymous> (tests/unit/services/image-metadata.test.ts:515:31)

  ÔùÅ ImageMetadataService ÔÇ║ Integration Tests ÔÇ║ should handle complete workflow with privacy stripping

    expect(received).toBe(expected) // Object.is equality

    Expected: true
    Received: undefined

    [0m [90m 533 |[39m       [90m// Extract original metadata[39m
     [90m 534 |[39m       [36mconst[39m originalMeta [33m=[39m [36mawait[39m 
service[33m.[39mextract(originalPath[33m,[39m { extractGPS[33m:[39m [36mtrue[39m })[33m;[39m
    [31m[1m>[22m[39m[90m 535 |[39m       
expect(originalMeta[33m.[39mgps[33m?[39m[33m.[39mhasGPS)[33m.[39mtoBe([36mtrue[39m)[33m;[39m
     [90m     |[39m                                        [31m[1m^[22m[39m
     [90m 536 |[39m       
expect(originalMeta[33m.[39mcamera[33m?[39m[33m.[39mmake)[33m.[39mtoBe([32m"Nikon"[39m)[33m;[39m
     [90m 537 |[39m
     [90m 538 |[39m       [90m// Strip GPS[39m[0m

      at Object.<anonymous> (tests/unit/services/image-metadata.test.ts:535:40)

  ÔùÅ ImageMetadataService ÔÇ║ Integration Tests ÔÇ║ should organize batch with mixed metadata

    expect(received).toBe(expected) // Object.is equality

    Expected: "Canon"
    Received: undefined

    [0m [90m 566 |[39m
     [90m 567 |[39m       expect(results)[33m.[39mtoHaveLength([35m3[39m)[33m;[39m
    [31m[1m>[22m[39m[90m 568 |[39m       
expect(results[[35m0[39m][33m.[39mcamera[33m?[39m[33m.[39mmake)[33m.[39mtoBe([32m"Canon"[39m)[33m;[39m
     [90m     |[39m                                       [31m[1m^[22m[39m
     [90m 569 |[39m       expect(results[[35m1[39m][33m.[39mhasEXIF)[33m.[39mtoBe([36mfalse[39m)[33m;[39m
     [90m 570 |[39m       
expect(results[[35m2[39m][33m.[39mgps[33m?[39m[33m.[39mhasGPS)[33m.[39mtoBe([36mtrue[39m)[33m;[39m
     [90m 571 |[39m     })[33m;[39m[0m

      at Object.<anonymous> (tests/unit/services/image-metadata.test.ts:568:39)

PASS tests/unit/services/content-analyzer.test.ts (5.047 s)
  ÔùÅ Console

    console.error
      {"timestamp":"2026-02-11T12:49:42.632Z","level":"info","message":"Content analysis completed","filePath":"C:\\Use
rs\\NewAdmin\\Desktop\\File-Organizer-MCP\\tests\\temp\\test-analyzer-JhdFlI\\test.png","detectedType":"PNG","confidenc
e":0.95,"duration":2,"warnings":0}

    [0m [90m 23 |[39m     }[33m;[39m
     [90m 24 |[39m
    [31m[1m>[22m[39m[90m 25 |[39m     
console[33m.[39merror([33mJSON[39m[33m.[39mstringify(entry))[33m;[39m [90m// stderr for stdio servers[39m
     [90m    |[39m             [31m[1m^[22m[39m
     [90m 26 |[39m   }
     [90m 27 |[39m
     [90m 28 |[39m   debug(message[33m:[39m string[33m,[39m context[33m?[39m[33m:[39m 
[33mRecord[39m[33m<[39m[33mstring[39m[33m,[39m any[33m>[39m) {[0m

      at Logger.log (src/utils/logger.ts:25:13)
      at Logger.info (src/utils/logger.ts:33:10)
      at ContentAnalyzerService.analyze (src/services/content-analyzer.service.ts:710:14)
      at Object.<anonymous> (tests/unit/services/content-analyzer.test.ts:46:22)

    console.error
      {"timestamp":"2026-02-11T12:49:42.720Z","level":"info","message":"Content analysis completed","filePath":"C:\\Use
rs\\NewAdmin\\Desktop\\File-Organizer-MCP\\tests\\temp\\test-analyzer-4c1gRf\\test.jpg","detectedType":"JPEG","confiden
ce":0.95,"duration":1,"warnings":0}

    [0m [90m 23 |[39m     }[33m;[39m
     [90m 24 |[39m
    [31m[1m>[22m[39m[90m 25 |[39m     
console[33m.[39merror([33mJSON[39m[33m.[39mstringify(entry))[33m;[39m [90m// stderr for stdio servers[39m
     [90m    |[39m             [31m[1m^[22m[39m
     [90m 26 |[39m   }
     [90m 27 |[39m
     [90m 28 |[39m   debug(message[33m:[39m string[33m,[39m context[33m?[39m[33m:[39m 
[33mRecord[39m[33m<[39m[33mstring[39m[33m,[39m any[33m>[39m) {[0m

      at Logger.log (src/utils/logger.ts:25:13)
      at Logger.info (src/utils/logger.ts:33:10)
      at ContentAnalyzerService.analyze (src/services/content-analyzer.service.ts:710:14)
      at Object.<anonymous> (tests/unit/services/content-analyzer.test.ts:58:22)

    console.error
      {"timestamp":"2026-02-11T12:49:42.784Z","level":"info","message":"Content analysis completed","filePath":"C:\\Use
rs\\NewAdmin\\Desktop\\File-Organizer-MCP\\tests\\temp\\test-analyzer-vsCzYP\\photo.jpeg","detectedType":"JPEG","confid
ence":0.95,"duration":1,"warnings":0}

    [0m [90m 23 |[39m     }[33m;[39m
     [90m 24 |[39m
    [31m[1m>[22m[39m[90m 25 |[39m     
console[33m.[39merror([33mJSON[39m[33m.[39mstringify(entry))[33m;[39m [90m// stderr for stdio servers[39m
     [90m    |[39m             [31m[1m^[22m[39m
     [90m 26 |[39m   }
     [90m 27 |[39m
     [90m 28 |[39m   debug(message[33m:[39m string[33m,[39m context[33m?[39m[33m:[39m 
[33mRecord[39m[33m<[39m[33mstring[39m[33m,[39m any[33m>[39m) {[0m

      at Logger.log (src/utils/logger.ts:25:13)
      at Logger.info (src/utils/logger.ts:33:10)
      at ContentAnalyzerService.analyze (src/services/content-analyzer.service.ts:710:14)
      at Object.<anonymous> (tests/unit/services/content-analyzer.test.ts:69:22)

    console.error
      {"timestamp":"2026-02-11T12:49:42.865Z","level":"info","message":"Content analysis completed","filePath":"C:\\Use
rs\\NewAdmin\\Desktop\\File-Organizer-MCP\\tests\\temp\\test-analyzer-WxUs0q\\test.gif","detectedType":"GIF87a","confid
ence":0.95,"duration":1,"warnings":0}

    [0m [90m 23 |[39m     }[33m;[39m
     [90m 24 |[39m
    [31m[1m>[22m[39m[90m 25 |[39m     
console[33m.[39merror([33mJSON[39m[33m.[39mstringify(entry))[33m;[39m [90m// stderr for stdio servers[39m
     [90m    |[39m             [31m[1m^[22m[39m
     [90m 26 |[39m   }
     [90m 27 |[39m
     [90m 28 |[39m   debug(message[33m:[39m string[33m,[39m context[33m?[39m[33m:[39m 
[33mRecord[39m[33m<[39m[33mstring[39m[33m,[39m any[33m>[39m) {[0m

      at Logger.log (src/utils/logger.ts:25:13)
      at Logger.info (src/utils/logger.ts:33:10)
      at ContentAnalyzerService.analyze (src/services/content-analyzer.service.ts:710:14)
      at Object.<anonymous> (tests/unit/services/content-analyzer.test.ts:79:22)

    console.error
      {"timestamp":"2026-02-11T12:49:43.072Z","level":"info","message":"Content analysis completed","filePath":"C:\\Use
rs\\NewAdmin\\Desktop\\File-Organizer-MCP\\tests\\temp\\test-analyzer-BQhMm1\\test.gif","detectedType":"GIF89a","confid
ence":0.95,"duration":3,"warnings":0}

    [0m [90m 23 |[39m     }[33m;[39m
     [90m 24 |[39m
    [31m[1m>[22m[39m[90m 25 |[39m     
console[33m.[39merror([33mJSON[39m[33m.[39mstringify(entry))[33m;[39m [90m// stderr for stdio servers[39m
     [90m    |[39m             [31m[1m^[22m[39m
     [90m 26 |[39m   }
     [90m 27 |[39m
     [90m 28 |[39m   debug(message[33m:[39m string[33m,[39m context[33m?[39m[33m:[39m 
[33mRecord[39m[33m<[39m[33mstring[39m[33m,[39m any[33m>[39m) {[0m

      at Logger.log (src/utils/logger.ts:25:13)
      at Logger.info (src/utils/logger.ts:33:10)
      at ContentAnalyzerService.analyze (src/services/content-analyzer.service.ts:710:14)
      at Object.<anonymous> (tests/unit/services/content-analyzer.test.ts:89:22)

    console.error
      {"timestamp":"2026-02-11T12:49:43.355Z","level":"info","message":"Content analysis completed","filePath":"C:\\Use
rs\\NewAdmin\\Desktop\\File-Organizer-MCP\\tests\\temp\\test-analyzer-zeWTjf\\test.bmp","detectedType":"BMP","confidenc
e":0.95,"duration":8,"warnings":0}

    [0m [90m 23 |[39m     }[33m;[39m
     [90m 24 |[39m
    [31m[1m>[22m[39m[90m 25 |[39m     
console[33m.[39merror([33mJSON[39m[33m.[39mstringify(entry))[33m;[39m [90m// stderr for stdio servers[39m
     [90m    |[39m             [31m[1m^[22m[39m
     [90m 26 |[39m   }
     [90m 27 |[39m
     [90m 28 |[39m   debug(message[33m:[39m string[33m,[39m context[33m?[39m[33m:[39m 
[33mRecord[39m[33m<[39m[33mstring[39m[33m,[39m any[33m>[39m) {[0m

      at Logger.log (src/utils/logger.ts:25:13)
      at Logger.info (src/utils/logger.ts:33:10)
      at ContentAnalyzerService.analyze (src/services/content-analyzer.service.ts:710:14)
      at Object.<anonymous> (tests/unit/services/content-analyzer.test.ts:99:22)

    console.error
      {"timestamp":"2026-02-11T12:49:43.688Z","level":"info","message":"Content analysis completed","filePath":"C:\\Use
rs\\NewAdmin\\Desktop\\File-Organizer-MCP\\tests\\temp\\test-analyzer-uMFll8\\test.webp","detectedType":"WEBP","confide
nce":0.95,"duration":33,"warnings":0}

    [0m [90m 23 |[39m     }[33m;[39m
     [90m 24 |[39m
    [31m[1m>[22m[39m[90m 25 |[39m     
console[33m.[39merror([33mJSON[39m[33m.[39mstringify(entry))[33m;[39m [90m// stderr for stdio servers[39m
     [90m    |[39m             [31m[1m^[22m[39m
     [90m 26 |[39m   }
     [90m 27 |[39m
     [90m 28 |[39m   debug(message[33m:[39m string[33m,[39m context[33m?[39m[33m:[39m 
[33mRecord[39m[33m<[39m[33mstring[39m[33m,[39m any[33m>[39m) {[0m

      at Logger.log (src/utils/logger.ts:25:13)
      at Logger.info (src/utils/logger.ts:33:10)
      at ContentAnalyzerService.analyze (src/services/content-analyzer.service.ts:710:14)
      at Object.<anonymous> (tests/unit/services/content-analyzer.test.ts:111:22)

    console.error
      {"timestamp":"2026-02-11T12:49:44.072Z","level":"info","message":"Content analysis completed","filePath":"C:\\Use
rs\\NewAdmin\\Desktop\\File-Organizer-MCP\\tests\\temp\\test-analyzer-IOZY7r\\test.svg","detectedType":"SVG","confidenc
e":0.85,"duration":20,"warnings":0}

    [0m [90m 23 |[39m     }[33m;[39m
     [90m 24 |[39m
    [31m[1m>[22m[39m[90m 25 |[39m     
console[33m.[39merror([33mJSON[39m[33m.[39mstringify(entry))[33m;[39m [90m// stderr for stdio servers[39m
     [90m    |[39m             [31m[1m^[22m[39m
     [90m 26 |[39m   }
     [90m 27 |[39m
     [90m 28 |[39m   debug(message[33m:[39m string[33m,[39m context[33m?[39m[33m:[39m 
[33mRecord[39m[33m<[39m[33mstring[39m[33m,[39m any[33m>[39m) {[0m

      at Logger.log (src/utils/logger.ts:25:13)
      at Logger.info (src/utils/logger.ts:33:10)
      at ContentAnalyzerService.analyze (src/services/content-analyzer.service.ts:710:14)
      at Object.<anonymous> (tests/unit/services/content-analyzer.test.ts:123:22)

    console.error
      {"timestamp":"2026-02-11T12:49:44.274Z","level":"info","message":"Content analysis completed","filePath":"C:\\Use
rs\\NewAdmin\\Desktop\\File-Organizer-MCP\\tests\\temp\\test-analyzer-yu8jrh\\test.pdf","detectedType":"PDF","confidenc
e":0.7999999999999999,"duration":27,"warnings":0}

    [0m [90m 23 |[39m     }[33m;[39m
     [90m 24 |[39m
    [31m[1m>[22m[39m[90m 25 |[39m     
console[33m.[39merror([33mJSON[39m[33m.[39mstringify(entry))[33m;[39m [90m// stderr for stdio servers[39m
     [90m    |[39m             [31m[1m^[22m[39m
     [90m 26 |[39m   }
     [90m 27 |[39m
     [90m 28 |[39m   debug(message[33m:[39m string[33m,[39m context[33m?[39m[33m:[39m 
[33mRecord[39m[33m<[39m[33mstring[39m[33m,[39m any[33m>[39m) {[0m

      at Logger.log (src/utils/logger.ts:25:13)
      at Logger.info (src/utils/logger.ts:33:10)
      at ContentAnalyzerService.analyze (src/services/content-analyzer.service.ts:710:14)
      at Object.<anonymous> (tests/unit/services/content-analyzer.test.ts:135:22)

    console.error
      {"timestamp":"2026-02-11T12:49:44.580Z","level":"info","message":"Content analysis completed","filePath":"C:\\Use
rs\\NewAdmin\\Desktop\\File-Organizer-MCP\\tests\\temp\\test-analyzer-ZLjoza\\test.doc","detectedType":"DOC","confidenc
e":0.7999999999999999,"duration":2,"warnings":0}

    [0m [90m 23 |[39m     }[33m;[39m
     [90m 24 |[39m
    [31m[1m>[22m[39m[90m 25 |[39m     
console[33m.[39merror([33mJSON[39m[33m.[39mstringify(entry))[33m;[39m [90m// stderr for stdio servers[39m
     [90m    |[39m             [31m[1m^[22m[39m
     [90m 26 |[39m   }
     [90m 27 |[39m
     [90m 28 |[39m   debug(message[33m:[39m string[33m,[39m context[33m?[39m[33m:[39m 
[33mRecord[39m[33m<[39m[33mstring[39m[33m,[39m any[33m>[39m) {[0m

      at Logger.log (src/utils/logger.ts:25:13)
      at Logger.info (src/utils/logger.ts:33:10)
      at ContentAnalyzerService.analyze (src/services/content-analyzer.service.ts:710:14)
      at Object.<anonymous> (tests/unit/services/content-analyzer.test.ts:146:22)

    console.error
      {"timestamp":"2026-02-11T12:49:44.665Z","level":"info","message":"Content analysis completed","filePath":"C:\\Use
rs\\NewAdmin\\Desktop\\File-Organizer-MCP\\tests\\temp\\test-analyzer-0qq1Vd\\test.zip","detectedType":"ZIP","confidenc
e":0.7999999999999999,"duration":3,"warnings":2}

    [0m [90m 23 |[39m     }[33m;[39m
     [90m 24 |[39m
    [31m[1m>[22m[39m[90m 25 |[39m     
console[33m.[39merror([33mJSON[39m[33m.[39mstringify(entry))[33m;[39m [90m// stderr for stdio servers[39m
     [90m    |[39m             [31m[1m^[22m[39m
     [90m 26 |[39m   }
     [90m 27 |[39m
     [90m 28 |[39m   debug(message[33m:[39m string[33m,[39m context[33m?[39m[33m:[39m 
[33mRecord[39m[33m<[39m[33mstring[39m[33m,[39m any[33m>[39m) {[0m

      at Logger.log (src/utils/logger.ts:25:13)
      at Logger.info (src/utils/logger.ts:33:10)
      at ContentAnalyzerService.analyze (src/services/content-analyzer.service.ts:710:14)
      at Object.<anonymous> (tests/unit/services/content-analyzer.test.ts:156:22)

    console.error
      {"timestamp":"2026-02-11T12:49:44.740Z","level":"info","message":"Content analysis completed","filePath":"C:\\Use
rs\\NewAdmin\\Desktop\\File-Organizer-MCP\\tests\\temp\\test-analyzer-hXSmGA\\test.rtf","detectedType":"RTF","confidenc
e":0.7999999999999999,"duration":1,"warnings":0}

    [0m [90m 23 |[39m     }[33m;[39m
     [90m 24 |[39m
    [31m[1m>[22m[39m[90m 25 |[39m     
console[33m.[39merror([33mJSON[39m[33m.[39mstringify(entry))[33m;[39m [90m// stderr for stdio servers[39m
     [90m    |[39m             [31m[1m^[22m[39m
     [90m 26 |[39m   }
     [90m 27 |[39m
     [90m 28 |[39m   debug(message[33m:[39m string[33m,[39m context[33m?[39m[33m:[39m 
[33mRecord[39m[33m<[39m[33mstring[39m[33m,[39m any[33m>[39m) {[0m

      at Logger.log (src/utils/logger.ts:25:13)
      at Logger.info (src/utils/logger.ts:33:10)
      at ContentAnalyzerService.analyze (src/services/content-analyzer.service.ts:710:14)
      at Object.<anonymous> (tests/unit/services/content-analyzer.test.ts:166:22)

    console.error
      {"timestamp":"2026-02-11T12:49:44.805Z","level":"info","message":"Content analysis completed","filePath":"C:\\Use
rs\\NewAdmin\\Desktop\\File-Organizer-MCP\\tests\\temp\\test-analyzer-7hy5wy\\test.zip","detectedType":"ZIP","confidenc
e":0.7999999999999999,"duration":1,"warnings":2}

    [0m [90m 23 |[39m     }[33m;[39m
     [90m 24 |[39m
    [31m[1m>[22m[39m[90m 25 |[39m     
console[33m.[39merror([33mJSON[39m[33m.[39mstringify(entry))[33m;[39m [90m// stderr for stdio servers[39m
     [90m    |[39m             [31m[1m^[22m[39m
     [90m 26 |[39m   }
     [90m 27 |[39m
     [90m 28 |[39m   debug(message[33m:[39m string[33m,[39m context[33m?[39m[33m:[39m 
[33mRecord[39m[33m<[39m[33mstring[39m[33m,[39m any[33m>[39m) {[0m

      at Logger.log (src/utils/logger.ts:25:13)
      at Logger.info (src/utils/logger.ts:33:10)
      at ContentAnalyzerService.analyze (src/services/content-analyzer.service.ts:710:14)
      at Object.<anonymous> (tests/unit/services/content-analyzer.test.ts:178:22)

    console.error
      {"timestamp":"2026-02-11T12:49:44.877Z","level":"info","message":"Content analysis completed","filePath":"C:\\Use
rs\\NewAdmin\\Desktop\\File-Organizer-MCP\\tests\\temp\\test-analyzer-rdJgjk\\test.gz","detectedType":"GZIP","confidenc
e":0.7999999999999999,"duration":4,"warnings":1}

    [0m [90m 23 |[39m     }[33m;[39m
     [90m 24 |[39m
    [31m[1m>[22m[39m[90m 25 |[39m     
console[33m.[39merror([33mJSON[39m[33m.[39mstringify(entry))[33m;[39m [90m// stderr for stdio servers[39m
     [90m    |[39m             [31m[1m^[22m[39m
     [90m 26 |[39m   }
     [90m 27 |[39m
     [90m 28 |[39m   debug(message[33m:[39m string[33m,[39m context[33m?[39m[33m:[39m 
[33mRecord[39m[33m<[39m[33mstring[39m[33m,[39m any[33m>[39m) {[0m

      at Logger.log (src/utils/logger.ts:25:13)
      at Logger.info (src/utils/logger.ts:33:10)
      at ContentAnalyzerService.analyze (src/services/content-analyzer.service.ts:710:14)
      at Object.<anonymous> (tests/unit/services/content-analyzer.test.ts:189:22)

    console.error
      {"timestamp":"2026-02-11T12:49:44.956Z","level":"info","message":"Content analysis completed","filePath":"C:\\Use
rs\\NewAdmin\\Desktop\\File-Organizer-MCP\\tests\\temp\\test-analyzer-7l5Pk8\\test.rar","detectedType":"RAR","confidenc
e":0.7999999999999999,"duration":1,"warnings":1}

    [0m [90m 23 |[39m     }[33m;[39m
     [90m 24 |[39m
    [31m[1m>[22m[39m[90m 25 |[39m     
console[33m.[39merror([33mJSON[39m[33m.[39mstringify(entry))[33m;[39m [90m// stderr for stdio servers[39m
     [90m    |[39m             [31m[1m^[22m[39m
     [90m 26 |[39m   }
     [90m 27 |[39m
     [90m 28 |[39m   debug(message[33m:[39m string[33m,[39m context[33m?[39m[33m:[39m 
[33mRecord[39m[33m<[39m[33mstring[39m[33m,[39m any[33m>[39m) {[0m

      at Logger.log (src/utils/logger.ts:25:13)
      at Logger.info (src/utils/logger.ts:33:10)
      at ContentAnalyzerService.analyze (src/services/content-analyzer.service.ts:710:14)
      at Object.<anonymous> (tests/unit/services/content-analyzer.test.ts:199:22)

    console.error
      {"timestamp":"2026-02-11T12:49:45.017Z","level":"info","message":"Content analysis completed","filePath":"C:\\Use
rs\\NewAdmin\\Desktop\\File-Organizer-MCP\\tests\\temp\\test-analyzer-EPeu5b\\test.7z","detectedType":"7Z","confidence"
:0.7999999999999999,"duration":0,"warnings":1}

    [0m [90m 23 |[39m     }[33m;[39m
     [90m 24 |[39m
    [31m[1m>[22m[39m[90m 25 |[39m     
console[33m.[39merror([33mJSON[39m[33m.[39mstringify(entry))[33m;[39m [90m// stderr for stdio servers[39m
     [90m    |[39m             [31m[1m^[22m[39m
     [90m 26 |[39m   }
     [90m 27 |[39m
     [90m 28 |[39m   debug(message[33m:[39m string[33m,[39m context[33m?[39m[33m:[39m 
[33mRecord[39m[33m<[39m[33mstring[39m[33m,[39m any[33m>[39m) {[0m

      at Logger.log (src/utils/logger.ts:25:13)
      at Logger.info (src/utils/logger.ts:33:10)
      at ContentAnalyzerService.analyze (src/services/content-analyzer.service.ts:710:14)
      at Object.<anonymous> (tests/unit/services/content-analyzer.test.ts:208:22)

    console.error
      {"timestamp":"2026-02-11T12:49:45.080Z","level":"info","message":"Content analysis completed","filePath":"C:\\Use
rs\\NewAdmin\\Desktop\\File-Organizer-MCP\\tests\\temp\\test-analyzer-FkH1Oj\\test.elf","detectedType":"ELF","confidenc
e":0.95,"duration":1,"warnings":0}

    [0m [90m 23 |[39m     }[33m;[39m
     [90m 24 |[39m
    [31m[1m>[22m[39m[90m 25 |[39m     
console[33m.[39merror([33mJSON[39m[33m.[39mstringify(entry))[33m;[39m [90m// stderr for stdio servers[39m
     [90m    |[39m             [31m[1m^[22m[39m
     [90m 26 |[39m   }
     [90m 27 |[39m
     [90m 28 |[39m   debug(message[33m:[39m string[33m,[39m context[33m?[39m[33m:[39m 
[33mRecord[39m[33m<[39m[33mstring[39m[33m,[39m any[33m>[39m) {[0m

      at Logger.log (src/utils/logger.ts:25:13)
      at Logger.info (src/utils/logger.ts:33:10)
      at ContentAnalyzerService.analyze (src/services/content-analyzer.service.ts:710:14)
      at Object.<anonymous> (tests/unit/services/content-analyzer.test.ts:219:22)

    console.error
      {"timestamp":"2026-02-11T12:49:45.143Z","level":"info","message":"Content analysis completed","filePath":"C:\\Use
rs\\NewAdmin\\Desktop\\File-Organizer-MCP\\tests\\temp\\test-analyzer-vd4VoX\\test.exe","detectedType":"PE","confidence
":0.95,"duration":2,"warnings":0}

    [0m [90m 23 |[39m     }[33m;[39m
     [90m 24 |[39m
    [31m[1m>[22m[39m[90m 25 |[39m     
console[33m.[39merror([33mJSON[39m[33m.[39mstringify(entry))[33m;[39m [90m// stderr for stdio servers[39m
     [90m    |[39m             [31m[1m^[22m[39m
     [90m 26 |[39m   }
     [90m 27 |[39m
     [90m 28 |[39m   debug(message[33m:[39m string[33m,[39m context[33m?[39m[33m:[39m 
[33mRecord[39m[33m<[39m[33mstring[39m[33m,[39m any[33m>[39m) {[0m

      at Logger.log (src/utils/logger.ts:25:13)
      at Logger.info (src/utils/logger.ts:33:10)
      at ContentAnalyzerService.analyze (src/services/content-analyzer.service.ts:710:14)
      at Object.<anonymous> (tests/unit/services/content-analyzer.test.ts:229:22)

    console.error
      {"timestamp":"2026-02-11T12:49:45.206Z","level":"info","message":"Content analysis completed","filePath":"C:\\Use
rs\\NewAdmin\\Desktop\\File-Organizer-MCP\\tests\\temp\\test-analyzer-nGGOf1\\test.macho","detectedType":"MACHO_32","co
nfidence":0.95,"duration":1,"warnings":0}

    [0m [90m 23 |[39m     }[33m;[39m
     [90m 24 |[39m
    [31m[1m>[22m[39m[90m 25 |[39m     
console[33m.[39merror([33mJSON[39m[33m.[39mstringify(entry))[33m;[39m [90m// stderr for stdio servers[39m
     [90m    |[39m             [31m[1m^[22m[39m
     [90m 26 |[39m   }
     [90m 27 |[39m
     [90m 28 |[39m   debug(message[33m:[39m string[33m,[39m context[33m?[39m[33m:[39m 
[33mRecord[39m[33m<[39m[33mstring[39m[33m,[39m any[33m>[39m) {[0m

      at Logger.log (src/utils/logger.ts:25:13)
      at Logger.info (src/utils/logger.ts:33:10)
      at ContentAnalyzerService.analyze (src/services/content-analyzer.service.ts:710:14)
      at Object.<anonymous> (tests/unit/services/content-analyzer.test.ts:241:22)

    console.error
      {"timestamp":"2026-02-11T12:49:45.281Z","level":"info","message":"Content analysis completed","filePath":"C:\\Use
rs\\NewAdmin\\Desktop\\File-Organizer-MCP\\tests\\temp\\test-analyzer-fPJEV2\\test.dylib","detectedType":"MACHO_64","co
nfidence":0.95,"duration":1,"warnings":0}

    [0m [90m 23 |[39m     }[33m;[39m
     [90m 24 |[39m
    [31m[1m>[22m[39m[90m 25 |[39m     
console[33m.[39merror([33mJSON[39m[33m.[39mstringify(entry))[33m;[39m [90m// stderr for stdio servers[39m
     [90m    |[39m             [31m[1m^[22m[39m
     [90m 26 |[39m   }
     [90m 27 |[39m
     [90m 28 |[39m   debug(message[33m:[39m string[33m,[39m context[33m?[39m[33m:[39m 
[33mRecord[39m[33m<[39m[33mstring[39m[33m,[39m any[33m>[39m) {[0m

      at Logger.log (src/utils/logger.ts:25:13)
      at Logger.info (src/utils/logger.ts:33:10)
      at ContentAnalyzerService.analyze (src/services/content-analyzer.service.ts:710:14)
      at Object.<anonymous> (tests/unit/services/content-analyzer.test.ts:250:22)

    console.error
      {"timestamp":"2026-02-11T12:49:45.348Z","level":"info","message":"Content analysis completed","filePath":"C:\\Use
rs\\NewAdmin\\Desktop\\File-Organizer-MCP\\tests\\temp\\test-analyzer-L71Zho\\test.class","detectedType":"CLASS","confi
dence":0.7999999999999999,"duration":0,"warnings":0}

    [0m [90m 23 |[39m     }[33m;[39m
     [90m 24 |[39m
    [31m[1m>[22m[39m[90m 25 |[39m     
console[33m.[39merror([33mJSON[39m[33m.[39mstringify(entry))[33m;[39m [90m// stderr for stdio servers[39m
     [90m    |[39m             [31m[1m^[22m[39m
     [90m 26 |[39m   }
     [90m 27 |[39m
     [90m 28 |[39m   debug(message[33m:[39m string[33m,[39m context[33m?[39m[33m:[39m 
[33mRecord[39m[33m<[39m[33mstring[39m[33m,[39m any[33m>[39m) {[0m

      at Logger.log (src/utils/logger.ts:25:13)
      at Logger.info (src/utils/logger.ts:33:10)
      at ContentAnalyzerService.analyze (src/services/content-analyzer.service.ts:710:14)
      at Object.<anonymous> (tests/unit/services/content-analyzer.test.ts:259:22)

    console.error
      {"timestamp":"2026-02-11T12:49:45.419Z","level":"info","message":"Content analysis completed","filePath":"C:\\Use
rs\\NewAdmin\\Desktop\\File-Organizer-MCP\\tests\\temp\\test-analyzer-JXSrl3\\script.sh","detectedType":"BASH","confide
nce":0.7999999999999999,"duration":0,"warnings":0}

    [0m [90m 23 |[39m     }[33m;[39m
     [90m 24 |[39m
    [31m[1m>[22m[39m[90m 25 |[39m     
console[33m.[39merror([33mJSON[39m[33m.[39mstringify(entry))[33m;[39m [90m// stderr for stdio servers[39m
     [90m    |[39m             [31m[1m^[22m[39m
     [90m 26 |[39m   }
     [90m 27 |[39m
     [90m 28 |[39m   debug(message[33m:[39m string[33m,[39m context[33m?[39m[33m:[39m 
[33mRecord[39m[33m<[39m[33mstring[39m[33m,[39m any[33m>[39m) {[0m

      at Logger.log (src/utils/logger.ts:25:13)
      at Logger.info (src/utils/logger.ts:33:10)
      at ContentAnalyzerService.analyze (src/services/content-analyzer.service.ts:710:14)
      at Object.<anonymous> (tests/unit/services/content-analyzer.test.ts:270:22)

    console.error
      {"timestamp":"2026-02-11T12:49:45.479Z","level":"info","message":"Content analysis completed","filePath":"C:\\Use
rs\\NewAdmin\\Desktop\\File-Organizer-MCP\\tests\\temp\\test-analyzer-dIffj9\\script.py","detectedType":"PYTHON","confi
dence":0.7999999999999999,"duration":1,"warnings":0}

    [0m [90m 23 |[39m     }[33m;[39m
     [90m 24 |[39m
    [31m[1m>[22m[39m[90m 25 |[39m     
console[33m.[39merror([33mJSON[39m[33m.[39mstringify(entry))[33m;[39m [90m// stderr for stdio servers[39m
     [90m    |[39m             [31m[1m^[22m[39m
     [90m 26 |[39m   }
     [90m 27 |[39m
     [90m 28 |[39m   debug(message[33m:[39m string[33m,[39m context[33m?[39m[33m:[39m 
[33mRecord[39m[33m<[39m[33mstring[39m[33m,[39m any[33m>[39m) {[0m

      at Logger.log (src/utils/logger.ts:25:13)
      at Logger.info (src/utils/logger.ts:33:10)
      at ContentAnalyzerService.analyze (src/services/content-analyzer.service.ts:710:14)
      at Object.<anonymous> (tests/unit/services/content-analyzer.test.ts:280:22)

    console.error
      {"timestamp":"2026-02-11T12:49:45.535Z","level":"info","message":"Content analysis completed","filePath":"C:\\Use
rs\\NewAdmin\\Desktop\\File-Organizer-MCP\\tests\\temp\\test-analyzer-5HrpsP\\script.js","detectedType":"NODE","confide
nce":0.7999999999999999,"duration":1,"warnings":0}

    [0m [90m 23 |[39m     }[33m;[39m
     [90m 24 |[39m
    [31m[1m>[22m[39m[90m 25 |[39m     
console[33m.[39merror([33mJSON[39m[33m.[39mstringify(entry))[33m;[39m [90m// stderr for stdio servers[39m
     [90m    |[39m             [31m[1m^[22m[39m
     [90m 26 |[39m   }
     [90m 27 |[39m
     [90m 28 |[39m   debug(message[33m:[39m string[33m,[39m context[33m?[39m[33m:[39m 
[33mRecord[39m[33m<[39m[33mstring[39m[33m,[39m any[33m>[39m) {[0m

      at Logger.log (src/utils/logger.ts:25:13)
      at Logger.info (src/utils/logger.ts:33:10)
      at ContentAnalyzerService.analyze (src/services/content-analyzer.service.ts:710:14)
      at Object.<anonymous> (tests/unit/services/content-analyzer.test.ts:290:22)

    console.error
      {"timestamp":"2026-02-11T12:49:45.602Z","level":"info","message":"Content analysis completed","filePath":"C:\\Use
rs\\NewAdmin\\Desktop\\File-Organizer-MCP\\tests\\temp\\test-analyzer-2Zg5pm\\script","detectedType":"SHELL","confidenc
e":0.7999999999999999,"duration":1,"warnings":2}

    [0m [90m 23 |[39m     }[33m;[39m
     [90m 24 |[39m
    [31m[1m>[22m[39m[90m 25 |[39m     
console[33m.[39merror([33mJSON[39m[33m.[39mstringify(entry))[33m;[39m [90m// stderr for stdio servers[39m
     [90m    |[39m             [31m[1m^[22m[39m
     [90m 26 |[39m   }
     [90m 27 |[39m
     [90m 28 |[39m   debug(message[33m:[39m string[33m,[39m context[33m?[39m[33m:[39m 
[33mRecord[39m[33m<[39m[33mstring[39m[33m,[39m any[33m>[39m) {[0m

      at Logger.log (src/utils/logger.ts:25:13)
      at Logger.info (src/utils/logger.ts:33:10)
      at ContentAnalyzerService.analyze (src/services/content-analyzer.service.ts:710:14)
      at Object.<anonymous> (tests/unit/services/content-analyzer.test.ts:299:22)

    console.error
      {"timestamp":"2026-02-11T12:49:45.666Z","level":"info","message":"Content analysis completed","filePath":"C:\\Use
rs\\NewAdmin\\Desktop\\File-Organizer-MCP\\tests\\temp\\test-analyzer-7sZFa4\\page.html","detectedType":"HTML","confide
nce":0.7999999999999999,"duration":0,"warnings":0}

    [0m [90m 23 |[39m     }[33m;[39m
     [90m 24 |[39m
    [31m[1m>[22m[39m[90m 25 |[39m     
console[33m.[39merror([33mJSON[39m[33m.[39mstringify(entry))[33m;[39m [90m// stderr for stdio servers[39m
     [90m    |[39m             [31m[1m^[22m[39m
     [90m 26 |[39m   }
     [90m 27 |[39m
     [90m 28 |[39m   debug(message[33m:[39m string[33m,[39m context[33m?[39m[33m:[39m 
[33mRecord[39m[33m<[39m[33mstring[39m[33m,[39m any[33m>[39m) {[0m

      at Logger.log (src/utils/logger.ts:25:13)
      at Logger.info (src/utils/logger.ts:33:10)
      at ContentAnalyzerService.analyze (src/services/content-analyzer.service.ts:710:14)
      at Object.<anonymous> (tests/unit/services/content-analyzer.test.ts:310:22)

    console.error
      {"timestamp":"2026-02-11T12:49:45.722Z","level":"info","message":"Content analysis completed","filePath":"C:\\Use
rs\\NewAdmin\\Desktop\\File-Organizer-MCP\\tests\\temp\\test-analyzer-LZJei6\\data.json","detectedType":"JSON","confide
nce":0.7999999999999999,"duration":0,"warnings":0}

    [0m [90m 23 |[39m     }[33m;[39m
     [90m 24 |[39m
    [31m[1m>[22m[39m[90m 25 |[39m     
console[33m.[39merror([33mJSON[39m[33m.[39mstringify(entry))[33m;[39m [90m// stderr for stdio servers[39m
     [90m    |[39m             [31m[1m^[22m[39m
     [90m 26 |[39m   }
     [90m 27 |[39m
     [90m 28 |[39m   debug(message[33m:[39m string[33m,[39m context[33m?[39m[33m:[39m 
[33mRecord[39m[33m<[39m[33mstring[39m[33m,[39m any[33m>[39m) {[0m

      at Logger.log (src/utils/logger.ts:25:13)
      at Logger.info (src/utils/logger.ts:33:10)
      at ContentAnalyzerService.analyze (src/services/content-analyzer.service.ts:710:14)
      at Object.<anonymous> (tests/unit/services/content-analyzer.test.ts:320:22)

    console.error
      {"timestamp":"2026-02-11T12:49:45.783Z","level":"info","message":"Content analysis completed","filePath":"C:\\Use
rs\\NewAdmin\\Desktop\\File-Organizer-MCP\\tests\\temp\\test-analyzer-AgTrvo\\data.json","detectedType":"JSON","confide
nce":0.7,"duration":1,"warnings":0}

    [0m [90m 23 |[39m     }[33m;[39m
     [90m 24 |[39m
    [31m[1m>[22m[39m[90m 25 |[39m     
console[33m.[39merror([33mJSON[39m[33m.[39mstringify(entry))[33m;[39m [90m// stderr for stdio servers[39m
     [90m    |[39m             [31m[1m^[22m[39m
     [90m 26 |[39m   }
     [90m 27 |[39m
     [90m 28 |[39m   debug(message[33m:[39m string[33m,[39m context[33m?[39m[33m:[39m 
[33mRecord[39m[33m<[39m[33mstring[39m[33m,[39m any[33m>[39m) {[0m

      at Logger.log (src/utils/logger.ts:25:13)
      at Logger.info (src/utils/logger.ts:33:10)
      at ContentAnalyzerService.analyze (src/services/content-analyzer.service.ts:710:14)
      at Object.<anonymous> (tests/unit/services/content-analyzer.test.ts:330:22)

    console.error
      {"timestamp":"2026-02-11T12:49:45.847Z","level":"info","message":"Content analysis completed","filePath":"C:\\Use
rs\\NewAdmin\\Desktop\\File-Organizer-MCP\\tests\\temp\\test-analyzer-yF2YjM\\data.xml","detectedType":"XML","confidenc
e":0.7999999999999999,"duration":1,"warnings":0}

    [0m [90m 23 |[39m     }[33m;[39m
     [90m 24 |[39m
    [31m[1m>[22m[39m[90m 25 |[39m     
console[33m.[39merror([33mJSON[39m[33m.[39mstringify(entry))[33m;[39m [90m// stderr for stdio servers[39m
     [90m    |[39m             [31m[1m^[22m[39m
     [90m 26 |[39m   }
     [90m 27 |[39m
     [90m 28 |[39m   debug(message[33m:[39m string[33m,[39m context[33m?[39m[33m:[39m 
[33mRecord[39m[33m<[39m[33mstring[39m[33m,[39m any[33m>[39m) {[0m

      at Logger.log (src/utils/logger.ts:25:13)
      at Logger.info (src/utils/logger.ts:33:10)
      at ContentAnalyzerService.analyze (src/services/content-analyzer.service.ts:710:14)
      at Object.<anonymous> (tests/unit/services/content-analyzer.test.ts:339:22)

    console.error
      {"timestamp":"2026-02-11T12:49:45.914Z","level":"info","message":"Content analysis completed","filePath":"C:\\Use
rs\\NewAdmin\\Desktop\\File-Organizer-MCP\\tests\\temp\\test-analyzer-KWCGEk\\style.css","detectedType":"CSS","confiden
ce":0.7,"duration":1,"warnings":0}

    [0m [90m 23 |[39m     }[33m;[39m
     [90m 24 |[39m
    [31m[1m>[22m[39m[90m 25 |[39m     
console[33m.[39merror([33mJSON[39m[33m.[39mstringify(entry))[33m;[39m [90m// stderr for stdio servers[39m
     [90m    |[39m             [31m[1m^[22m[39m
     [90m 26 |[39m   }
     [90m 27 |[39m
     [90m 28 |[39m   debug(message[33m:[39m string[33m,[39m context[33m?[39m[33m:[39m 
[33mRecord[39m[33m<[39m[33mstring[39m[33m,[39m any[33m>[39m) {[0m

      at Logger.log (src/utils/logger.ts:25:13)
      at Logger.info (src/utils/logger.ts:33:10)
      at ContentAnalyzerService.analyze (src/services/content-analyzer.service.ts:710:14)
      at Object.<anonymous> (tests/unit/services/content-analyzer.test.ts:348:22)

    console.error
      {"timestamp":"2026-02-11T12:49:45.978Z","level":"info","message":"Content analysis completed","filePath":"C:\\Use
rs\\NewAdmin\\Desktop\\File-Organizer-MCP\\tests\\temp\\test-analyzer-7kgAJr\\readme.md","detectedType":"MARKDOWN","con
fidence":0.7,"duration":0,"warnings":0}

    [0m [90m 23 |[39m     }[33m;[39m
     [90m 24 |[39m
    [31m[1m>[22m[39m[90m 25 |[39m     
console[33m.[39merror([33mJSON[39m[33m.[39mstringify(entry))[33m;[39m [90m// stderr for stdio servers[39m
     [90m    |[39m             [31m[1m^[22m[39m
     [90m 26 |[39m   }
     [90m 27 |[39m
     [90m 28 |[39m   debug(message[33m:[39m string[33m,[39m context[33m?[39m[33m:[39m 
[33mRecord[39m[33m<[39m[33mstring[39m[33m,[39m any[33m>[39m) {[0m

      at Logger.log (src/utils/logger.ts:25:13)
      at Logger.info (src/utils/logger.ts:33:10)
      at ContentAnalyzerService.analyze (src/services/content-analyzer.service.ts:710:14)
      at Object.<anonymous> (tests/unit/services/content-analyzer.test.ts:357:22)

    console.error
      {"timestamp":"2026-02-11T12:49:46.048Z","level":"info","message":"Content analysis completed","filePath":"C:\\Use
rs\\NewAdmin\\Desktop\\File-Organizer-MCP\\tests\\temp\\test-analyzer-bI9AfI\\notes.txt","detectedType":"TEXT","confide
nce":0.7,"duration":1,"warnings":0}

    [0m [90m 23 |[39m     }[33m;[39m
     [90m 24 |[39m
    [31m[1m>[22m[39m[90m 25 |[39m     
console[33m.[39merror([33mJSON[39m[33m.[39mstringify(entry))[33m;[39m [90m// stderr for stdio servers[39m
     [90m    |[39m             [31m[1m^[22m[39m
     [90m 26 |[39m   }
     [90m 27 |[39m
     [90m 28 |[39m   debug(message[33m:[39m string[33m,[39m context[33m?[39m[33m:[39m 
[33mRecord[39m[33m<[39m[33mstring[39m[33m,[39m any[33m>[39m) {[0m

      at Logger.log (src/utils/logger.ts:25:13)
      at Logger.info (src/utils/logger.ts:33:10)
      at ContentAnalyzerService.analyze (src/services/content-analyzer.service.ts:710:14)
      at Object.<anonymous> (tests/unit/services/content-analyzer.test.ts:366:22)

    console.error
      {"timestamp":"2026-02-11T12:49:46.112Z","level":"info","message":"Content analysis completed","filePath":"C:\\Use
rs\\NewAdmin\\Desktop\\File-Organizer-MCP\\tests\\temp\\test-analyzer-e2aXiX\\malware.jpg","detectedType":"PE","confide
nce":0.95,"duration":1,"warnings":2}

    [0m [90m 23 |[39m     }[33m;[39m
     [90m 24 |[39m
    [31m[1m>[22m[39m[90m 25 |[39m     
console[33m.[39merror([33mJSON[39m[33m.[39mstringify(entry))[33m;[39m [90m// stderr for stdio servers[39m
     [90m    |[39m             [31m[1m^[22m[39m
     [90m 26 |[39m   }
     [90m 27 |[39m
     [90m 28 |[39m   debug(message[33m:[39m string[33m,[39m context[33m?[39m[33m:[39m 
[33mRecord[39m[33m<[39m[33mstring[39m[33m,[39m any[33m>[39m) {[0m

      at Logger.log (src/utils/logger.ts:25:13)
      at Logger.info (src/utils/logger.ts:33:10)
      at ContentAnalyzerService.analyze (src/services/content-analyzer.service.ts:710:14)
      at Object.<anonymous> (tests/unit/services/content-analyzer.test.ts:377:22)

    console.error
      {"timestamp":"2026-02-11T12:49:46.172Z","level":"info","message":"Content analysis completed","filePath":"C:\\Use
rs\\NewAdmin\\Desktop\\File-Organizer-MCP\\tests\\temp\\test-analyzer-ugSCJW\\virus.pdf","detectedType":"ELF","confiden
ce":0.95,"duration":1,"warnings":2}

    [0m [90m 23 |[39m     }[33m;[39m
     [90m 24 |[39m
    [31m[1m>[22m[39m[90m 25 |[39m     
console[33m.[39merror([33mJSON[39m[33m.[39mstringify(entry))[33m;[39m [90m// stderr for stdio servers[39m
     [90m    |[39m             [31m[1m^[22m[39m
     [90m 26 |[39m   }
     [90m 27 |[39m
     [90m 28 |[39m   debug(message[33m:[39m string[33m,[39m context[33m?[39m[33m:[39m 
[33mRecord[39m[33m<[39m[33mstring[39m[33m,[39m any[33m>[39m) {[0m

      at Logger.log (src/utils/logger.ts:25:13)
      at Logger.info (src/utils/logger.ts:33:10)
      at ContentAnalyzerService.analyze (src/services/content-analyzer.service.ts:710:14)
      at Object.<anonymous> (tests/unit/services/content-analyzer.test.ts:389:22)

    console.error
      {"timestamp":"2026-02-11T12:49:46.231Z","level":"info","message":"Content analysis completed","filePath":"C:\\Use
rs\\NewAdmin\\Desktop\\File-Organizer-MCP\\tests\\temp\\test-analyzer-8YiBV7\\readme.txt","detectedType":"BASH","confid
ence":0.7999999999999999,"duration":0,"warnings":3}

    [0m [90m 23 |[39m     }[33m;[39m
     [90m 24 |[39m
    [31m[1m>[22m[39m[90m 25 |[39m     
console[33m.[39merror([33mJSON[39m[33m.[39mstringify(entry))[33m;[39m [90m// stderr for stdio servers[39m
     [90m    |[39m             [31m[1m^[22m[39m
     [90m 26 |[39m   }
     [90m 27 |[39m
     [90m 28 |[39m   debug(message[33m:[39m string[33m,[39m context[33m?[39m[33m:[39m 
[33mRecord[39m[33m<[39m[33mstring[39m[33m,[39m any[33m>[39m) {[0m

      at Logger.log (src/utils/logger.ts:25:13)
      at Logger.info (src/utils/logger.ts:33:10)
      at ContentAnalyzerService.analyze (src/services/content-analyzer.service.ts:710:14)
      at Object.<anonymous> (tests/unit/services/content-analyzer.test.ts:400:22)

    console.error
      {"timestamp":"2026-02-11T12:49:46.303Z","level":"info","message":"Content analysis completed","filePath":"C:\\Use
rs\\NewAdmin\\Desktop\\File-Organizer-MCP\\tests\\temp\\test-analyzer-R3jlHv\\image.png","detectedType":"PNG","confiden
ce":0.95,"duration":1,"warnings":0}

    [0m [90m 23 |[39m     }[33m;[39m
     [90m 24 |[39m
    [31m[1m>[22m[39m[90m 25 |[39m     
console[33m.[39merror([33mJSON[39m[33m.[39mstringify(entry))[33m;[39m [90m// stderr for stdio servers[39m
     [90m    |[39m             [31m[1m^[22m[39m
     [90m 26 |[39m   }
     [90m 27 |[39m
     [90m 28 |[39m   debug(message[33m:[39m string[33m,[39m context[33m?[39m[33m:[39m 
[33mRecord[39m[33m<[39m[33mstring[39m[33m,[39m any[33m>[39m) {[0m

      at Logger.log (src/utils/logger.ts:25:13)
      at Logger.info (src/utils/logger.ts:33:10)
      at ContentAnalyzerService.analyze (src/services/content-analyzer.service.ts:710:14)
      at Object.<anonymous> (tests/unit/services/content-analyzer.test.ts:412:22)

    console.error
      {"timestamp":"2026-02-11T12:49:46.371Z","level":"info","message":"Content analysis completed","filePath":"C:\\Use
rs\\NewAdmin\\Desktop\\File-Organizer-MCP\\tests\\temp\\test-analyzer-RDcIEM\\test","detectedType":"ELF","confidence":0
.95,"duration":1,"warnings":0}

    [0m [90m 23 |[39m     }[33m;[39m
     [90m 24 |[39m
    [31m[1m>[22m[39m[90m 25 |[39m     
console[33m.[39merror([33mJSON[39m[33m.[39mstringify(entry))[33m;[39m [90m// stderr for stdio servers[39m
     [90m    |[39m             [31m[1m^[22m[39m
     [90m 26 |[39m   }
     [90m 27 |[39m
     [90m 28 |[39m   debug(message[33m:[39m string[33m,[39m context[33m?[39m[33m:[39m 
[33mRecord[39m[33m<[39m[33mstring[39m[33m,[39m any[33m>[39m) {[0m

      at Logger.log (src/utils/logger.ts:25:13)
      at Logger.info (src/utils/logger.ts:33:10)
      at ContentAnalyzerService.analyze (src/services/content-analyzer.service.ts:710:14)
      at Object.<anonymous> (tests/unit/services/content-analyzer.test.ts:424:22)

    console.error
      {"timestamp":"2026-02-11T12:49:46.432Z","level":"info","message":"Content analysis completed","filePath":"C:\\Use
rs\\NewAdmin\\Desktop\\File-Organizer-MCP\\tests\\temp\\test-analyzer-TMT1YH\\test.png","detectedType":"PNG","confidenc
e":0.95,"duration":1,"warnings":0}

    [0m [90m 23 |[39m     }[33m;[39m
     [90m 24 |[39m
    [31m[1m>[22m[39m[90m 25 |[39m     
console[33m.[39merror([33mJSON[39m[33m.[39mstringify(entry))[33m;[39m [90m// stderr for stdio servers[39m
     [90m    |[39m             [31m[1m^[22m[39m
     [90m 26 |[39m   }
     [90m 27 |[39m
     [90m 28 |[39m   debug(message[33m:[39m string[33m,[39m context[33m?[39m[33m:[39m 
[33mRecord[39m[33m<[39m[33mstring[39m[33m,[39m any[33m>[39m) {[0m

      at Logger.log (src/utils/logger.ts:25:13)
      at Logger.info (src/utils/logger.ts:33:10)
      at ContentAnalyzerService.analyze (src/services/content-analyzer.service.ts:710:14)
      at Object.<anonymous> (tests/unit/services/content-analyzer.test.ts:435:22)

    console.error
      {"timestamp":"2026-02-11T12:49:46.500Z","level":"info","message":"Content analysis completed","filePath":"C:\\Use
rs\\NewAdmin\\Desktop\\File-Organizer-MCP\\tests\\temp\\test-analyzer-Nrx3Ix\\test.txt","detectedType":"TEXT","confiden
ce":0.7,"duration":1,"warnings":0}

    [0m [90m 23 |[39m     }[33m;[39m
     [90m 24 |[39m
    [31m[1m>[22m[39m[90m 25 |[39m     
console[33m.[39merror([33mJSON[39m[33m.[39mstringify(entry))[33m;[39m [90m// stderr for stdio servers[39m
     [90m    |[39m             [31m[1m^[22m[39m
     [90m 26 |[39m   }
     [90m 27 |[39m
     [90m 28 |[39m   debug(message[33m:[39m string[33m,[39m context[33m?[39m[33m:[39m 
[33mRecord[39m[33m<[39m[33mstring[39m[33m,[39m any[33m>[39m) {[0m

      at Logger.log (src/utils/logger.ts:25:13)
      at Logger.info (src/utils/logger.ts:33:10)
      at ContentAnalyzerService.analyze (src/services/content-analyzer.service.ts:710:14)
      at Object.<anonymous> (tests/unit/services/content-analyzer.test.ts:444:22)

    console.error
      {"timestamp":"2026-02-11T12:49:46.569Z","level":"info","message":"Content analysis completed","filePath":"C:\\Use
rs\\NewAdmin\\Desktop\\File-Organizer-MCP\\tests\\temp\\test-analyzer-xW7cp9\\test.custom","detectedType":"CUSTOM","con
fidence":0.7999999999999999,"duration":1,"warnings":0}

    [0m [90m 23 |[39m     }[33m;[39m
     [90m 24 |[39m
    [31m[1m>[22m[39m[90m 25 |[39m     
console[33m.[39merror([33mJSON[39m[33m.[39mstringify(entry))[33m;[39m [90m// stderr for stdio servers[39m
     [90m    |[39m             [31m[1m^[22m[39m
     [90m 26 |[39m   }
     [90m 27 |[39m
     [90m 28 |[39m   debug(message[33m:[39m string[33m,[39m context[33m?[39m[33m:[39m 
[33mRecord[39m[33m<[39m[33mstring[39m[33m,[39m any[33m>[39m) {[0m

      at Logger.log (src/utils/logger.ts:25:13)
      at Logger.info (src/utils/logger.ts:33:10)
      at ContentAnalyzerService.analyze (src/services/content-analyzer.service.ts:710:14)
      at Object.<anonymous> (tests/unit/services/content-analyzer.test.ts:468:22)

    console.error
      {"timestamp":"2026-02-11T12:49:46.632Z","level":"info","message":"Custom file signature added","type":"DYNAMIC"}

    [0m [90m 23 |[39m     }[33m;[39m
     [90m 24 |[39m
    [31m[1m>[22m[39m[90m 25 |[39m     
console[33m.[39merror([33mJSON[39m[33m.[39mstringify(entry))[33m;[39m [90m// stderr for stdio servers[39m
     [90m    |[39m             [31m[1m^[22m[39m
     [90m 26 |[39m   }
     [90m 27 |[39m
     [90m 28 |[39m   debug(message[33m:[39m string[33m,[39m context[33m?[39m[33m:[39m 
[33mRecord[39m[33m<[39m[33mstring[39m[33m,[39m any[33m>[39m) {[0m

      at Logger.log (src/utils/logger.ts:25:13)
      at Logger.info (src/utils/logger.ts:33:10)
      at ContentAnalyzerService.addSignature (src/services/content-analyzer.service.ts:1288:12)
      at Object.<anonymous> (tests/unit/services/content-analyzer.test.ts:475:16)

    console.error
      {"timestamp":"2026-02-11T12:49:46.696Z","level":"info","message":"Content analysis completed","filePath":"C:\\Use
rs\\NewAdmin\\Desktop\\File-Organizer-MCP\\tests\\temp\\test-analyzer-vvDDZT\\empty.txt","detectedType":"TEXT","confide
nce":0.7,"duration":1,"warnings":0}

    [0m [90m 23 |[39m     }[33m;[39m
     [90m 24 |[39m
    [31m[1m>[22m[39m[90m 25 |[39m     
console[33m.[39merror([33mJSON[39m[33m.[39mstringify(entry))[33m;[39m [90m// stderr for stdio servers[39m
     [90m    |[39m             [31m[1m^[22m[39m
     [90m 26 |[39m   }
     [90m 27 |[39m
     [90m 28 |[39m   debug(message[33m:[39m string[33m,[39m context[33m?[39m[33m:[39m 
[33mRecord[39m[33m<[39m[33mstring[39m[33m,[39m any[33m>[39m) {[0m

      at Logger.log (src/utils/logger.ts:25:13)
      at Logger.info (src/utils/logger.ts:33:10)
      at ContentAnalyzerService.analyze (src/services/content-analyzer.service.ts:710:14)
      at Object.<anonymous> (tests/unit/services/content-analyzer.test.ts:494:22)

    console.error
      {"timestamp":"2026-02-11T12:49:46.764Z","level":"info","message":"Content analysis completed","filePath":"C:\\Use
rs\\NewAdmin\\Desktop\\File-Organizer-MCP\\tests\\temp\\test-analyzer-SmZYAb\\tiny.bin","detectedType":"UNKNOWN","confi
dence":0,"duration":1,"warnings":0}

    [0m [90m 23 |[39m     }[33m;[39m
     [90m 24 |[39m
    [31m[1m>[22m[39m[90m 25 |[39m     
console[33m.[39merror([33mJSON[39m[33m.[39mstringify(entry))[33m;[39m [90m// stderr for stdio servers[39m
     [90m    |[39m             [31m[1m^[22m[39m
     [90m 26 |[39m   }
     [90m 27 |[39m
     [90m 28 |[39m   debug(message[33m:[39m string[33m,[39m context[33m?[39m[33m:[39m 
[33mRecord[39m[33m<[39m[33mstring[39m[33m,[39m any[33m>[39m) {[0m

      at Logger.log (src/utils/logger.ts:25:13)
      at Logger.info (src/utils/logger.ts:33:10)
      at ContentAnalyzerService.analyze (src/services/content-analyzer.service.ts:710:14)
      at Object.<anonymous> (tests/unit/services/content-analyzer.test.ts:502:22)

    console.error
      {"timestamp":"2026-02-11T12:49:46.830Z","level":"info","message":"Content analysis completed","filePath":"C:\\Use
rs\\NewAdmin\\Desktop\\File-Organizer-MCP\\tests\\temp\\test-analyzer-nqnlYL\\binary.dat","detectedType":"UNKNOWN","con
fidence":0,"duration":0,"warnings":0}

    [0m [90m 23 |[39m     }[33m;[39m
     [90m 24 |[39m
    [31m[1m>[22m[39m[90m 25 |[39m     
console[33m.[39merror([33mJSON[39m[33m.[39mstringify(entry))[33m;[39m [90m// stderr for stdio servers[39m
     [90m    |[39m             [31m[1m^[22m[39m
     [90m 26 |[39m   }
     [90m 27 |[39m
     [90m 28 |[39m   debug(message[33m:[39m string[33m,[39m context[33m?[39m[33m:[39m 
[33mRecord[39m[33m<[39m[33mstring[39m[33m,[39m any[33m>[39m) {[0m

      at Logger.log (src/utils/logger.ts:25:13)
      at Logger.info (src/utils/logger.ts:33:10)
      at ContentAnalyzerService.analyze (src/services/content-analyzer.service.ts:710:14)
      at Object.<anonymous> (tests/unit/services/content-analyzer.test.ts:514:22)

    console.error
      {"timestamp":"2026-02-11T12:49:46.899Z","level":"info","message":"Content analysis completed","filePath":"C:\\Use
rs\\NewAdmin\\Desktop\\File-Organizer-MCP\\tests\\temp\\test-analyzer-Ky3toR\\elfbinary","detectedType":"ELF","confiden
ce":0.95,"duration":0,"warnings":0}

    [0m [90m 23 |[39m     }[33m;[39m
     [90m 24 |[39m
    [31m[1m>[22m[39m[90m 25 |[39m     
console[33m.[39merror([33mJSON[39m[33m.[39mstringify(entry))[33m;[39m [90m// stderr for stdio servers[39m
     [90m    |[39m             [31m[1m^[22m[39m
     [90m 26 |[39m   }
     [90m 27 |[39m
     [90m 28 |[39m   debug(message[33m:[39m string[33m,[39m context[33m?[39m[33m:[39m 
[33mRecord[39m[33m<[39m[33mstring[39m[33m,[39m any[33m>[39m) {[0m

      at Logger.log (src/utils/logger.ts:25:13)
      at Logger.info (src/utils/logger.ts:33:10)
      at ContentAnalyzerService.analyze (src/services/content-analyzer.service.ts:710:14)
      at Object.<anonymous> (tests/unit/services/content-analyzer.test.ts:523:22)

PASS tests/unit/services/categorizer-content-analysis.test.ts
  ÔùÅ Console

    console.error
      {"timestamp":"2026-02-11T12:49:47.839Z","level":"info","message":"Content analysis completed","filePath":"C:\\Use
rs\\NewAdmin\\Desktop\\File-Organizer-MCP\\tests\\temp\\test-categorizer-content-dgI5l5\\document.pdf","detectedType":"
PDF","confidence":0.7999999999999999,"duration":2,"warnings":0}

    [0m [90m 23 |[39m     }[33m;[39m
     [90m 24 |[39m
    [31m[1m>[22m[39m[90m 25 |[39m     
console[33m.[39merror([33mJSON[39m[33m.[39mstringify(entry))[33m;[39m [90m// stderr for stdio servers[39m
     [90m    |[39m             [31m[1m^[22m[39m
     [90m 26 |[39m   }
     [90m 27 |[39m
     [90m 28 |[39m   debug(message[33m:[39m string[33m,[39m context[33m?[39m[33m:[39m 
[33mRecord[39m[33m<[39m[33mstring[39m[33m,[39m any[33m>[39m) {[0m

      at Logger.log (src/utils/logger.ts:25:13)
      at Logger.info (src/utils/logger.ts:33:10)
      at ContentAnalyzerService.analyze (src/services/content-analyzer.service.ts:710:14)
      at CategorizerService.getCategoryByContent (src/services/categorizer.service.ts:238:24)
      at Object.<anonymous> (tests/unit/services/categorizer-content-analysis.test.ts:48:22)

    console.error
      {"timestamp":"2026-02-11T12:49:47.846Z","level":"info","message":"File categorized by content","filePath":"C:\\Us
ers\\NewAdmin\\Desktop\\File-Organizer-MCP\\tests\\temp\\test-categorizer-content-dgI5l5\\document.pdf","category":"Doc
uments","confidence":0.7999999999999999,"detectedType":"PDF","mimeType":"application/pdf","warnings":[]}

    [0m [90m 23 |[39m     }[33m;[39m
     [90m 24 |[39m
    [31m[1m>[22m[39m[90m 25 |[39m     
console[33m.[39merror([33mJSON[39m[33m.[39mstringify(entry))[33m;[39m [90m// stderr for stdio servers[39m
     [90m    |[39m             [31m[1m^[22m[39m
     [90m 26 |[39m   }
     [90m 27 |[39m
     [90m 28 |[39m   debug(message[33m:[39m string[33m,[39m context[33m?[39m[33m:[39m 
[33mRecord[39m[33m<[39m[33mstring[39m[33m,[39m any[33m>[39m) {[0m

      at Logger.log (src/utils/logger.ts:25:13)
      at Logger.logMetadata (src/utils/logger.ts:66:10)
      at CategorizerService.getCategoryByContent (src/services/categorizer.service.ts:278:16)
      at Object.<anonymous> (tests/unit/services/categorizer-content-analysis.test.ts:48:22)

    console.error
      {"timestamp":"2026-02-11T12:49:47.921Z","level":"info","message":"Content analysis completed","filePath":"C:\\Use
rs\\NewAdmin\\Desktop\\File-Organizer-MCP\\tests\\temp\\test-categorizer-content-rmFRrs\\image.png","detectedType":"PNG
","confidence":0.95,"duration":1,"warnings":0}

    [0m [90m 23 |[39m     }[33m;[39m
     [90m 24 |[39m
    [31m[1m>[22m[39m[90m 25 |[39m     
console[33m.[39merror([33mJSON[39m[33m.[39mstringify(entry))[33m;[39m [90m// stderr for stdio servers[39m
     [90m    |[39m             [31m[1m^[22m[39m
     [90m 26 |[39m   }
     [90m 27 |[39m
     [90m 28 |[39m   debug(message[33m:[39m string[33m,[39m context[33m?[39m[33m:[39m 
[33mRecord[39m[33m<[39m[33mstring[39m[33m,[39m any[33m>[39m) {[0m

      at Logger.log (src/utils/logger.ts:25:13)
      at Logger.info (src/utils/logger.ts:33:10)
      at ContentAnalyzerService.analyze (src/services/content-analyzer.service.ts:710:14)
      at CategorizerService.getCategoryByContent (src/services/categorizer.service.ts:238:24)
      at Object.<anonymous> (tests/unit/services/categorizer-content-analysis.test.ts:60:22)

    console.error
      {"timestamp":"2026-02-11T12:49:47.924Z","level":"info","message":"File categorized by content","filePath":"C:\\Us
ers\\NewAdmin\\Desktop\\File-Organizer-MCP\\tests\\temp\\test-categorizer-content-rmFRrs\\image.png","category":"Images
","confidence":0.95,"detectedType":"PNG","mimeType":"image/png","warnings":[]}

    [0m [90m 23 |[39m     }[33m;[39m
     [90m 24 |[39m
    [31m[1m>[22m[39m[90m 25 |[39m     
console[33m.[39merror([33mJSON[39m[33m.[39mstringify(entry))[33m;[39m [90m// stderr for stdio servers[39m
     [90m    |[39m             [31m[1m^[22m[39m
     [90m 26 |[39m   }
     [90m 27 |[39m
     [90m 28 |[39m   debug(message[33m:[39m string[33m,[39m context[33m?[39m[33m:[39m 
[33mRecord[39m[33m<[39m[33mstring[39m[33m,[39m any[33m>[39m) {[0m

      at Logger.log (src/utils/logger.ts:25:13)
      at Logger.logMetadata (src/utils/logger.ts:66:10)
      at CategorizerService.getCategoryByContent (src/services/categorizer.service.ts:278:16)
      at Object.<anonymous> (tests/unit/services/categorizer-content-analysis.test.ts:60:22)

    console.error
      {"timestamp":"2026-02-11T12:49:48.014Z","level":"info","message":"Content analysis completed","filePath":"C:\\Use
rs\\NewAdmin\\Desktop\\File-Organizer-MCP\\tests\\temp\\test-categorizer-content-VG2aI6\\photo.jpg","detectedType":"JPE
G","confidence":0.95,"duration":4,"warnings":0}

    [0m [90m 23 |[39m     }[33m;[39m
     [90m 24 |[39m
    [31m[1m>[22m[39m[90m 25 |[39m     
console[33m.[39merror([33mJSON[39m[33m.[39mstringify(entry))[33m;[39m [90m// stderr for stdio servers[39m
     [90m    |[39m             [31m[1m^[22m[39m
     [90m 26 |[39m   }
     [90m 27 |[39m
     [90m 28 |[39m   debug(message[33m:[39m string[33m,[39m context[33m?[39m[33m:[39m 
[33mRecord[39m[33m<[39m[33mstring[39m[33m,[39m any[33m>[39m) {[0m

      at Logger.log (src/utils/logger.ts:25:13)
      at Logger.info (src/utils/logger.ts:33:10)
      at ContentAnalyzerService.analyze (src/services/content-analyzer.service.ts:710:14)
      at CategorizerService.getCategoryByContent (src/services/categorizer.service.ts:238:24)
      at Object.<anonymous> (tests/unit/services/categorizer-content-analysis.test.ts:70:22)

    console.error
      {"timestamp":"2026-02-11T12:49:48.015Z","level":"info","message":"File categorized by content","filePath":"C:\\Us
ers\\NewAdmin\\Desktop\\File-Organizer-MCP\\tests\\temp\\test-categorizer-content-VG2aI6\\photo.jpg","category":"Images
","confidence":0.95,"detectedType":"JPEG","mimeType":"image/jpeg","warnings":[]}

    [0m [90m 23 |[39m     }[33m;[39m
     [90m 24 |[39m
    [31m[1m>[22m[39m[90m 25 |[39m     
console[33m.[39merror([33mJSON[39m[33m.[39mstringify(entry))[33m;[39m [90m// stderr for stdio servers[39m
     [90m    |[39m             [31m[1m^[22m[39m
     [90m 26 |[39m   }
     [90m 27 |[39m
     [90m 28 |[39m   debug(message[33m:[39m string[33m,[39m context[33m?[39m[33m:[39m 
[33mRecord[39m[33m<[39m[33mstring[39m[33m,[39m any[33m>[39m) {[0m

      at Logger.log (src/utils/logger.ts:25:13)
      at Logger.logMetadata (src/utils/logger.ts:66:10)
      at CategorizerService.getCategoryByContent (src/services/categorizer.service.ts:278:16)
      at Object.<anonymous> (tests/unit/services/categorizer-content-analysis.test.ts:70:22)

    console.error
      {"timestamp":"2026-02-11T12:49:48.084Z","level":"info","message":"Content analysis completed","filePath":"C:\\Use
rs\\NewAdmin\\Desktop\\File-Organizer-MCP\\tests\\temp\\test-categorizer-content-eUXx7v\\archive.zip","detectedType":"Z
IP","confidence":0.7999999999999999,"duration":1,"warnings":2}

    [0m [90m 23 |[39m     }[33m;[39m
     [90m 24 |[39m
    [31m[1m>[22m[39m[90m 25 |[39m     
console[33m.[39merror([33mJSON[39m[33m.[39mstringify(entry))[33m;[39m [90m// stderr for stdio servers[39m
     [90m    |[39m             [31m[1m^[22m[39m
     [90m 26 |[39m   }
     [90m 27 |[39m
     [90m 28 |[39m   debug(message[33m:[39m string[33m,[39m context[33m?[39m[33m:[39m 
[33mRecord[39m[33m<[39m[33mstring[39m[33m,[39m any[33m>[39m) {[0m

      at Logger.log (src/utils/logger.ts:25:13)
      at Logger.info (src/utils/logger.ts:33:10)
      at ContentAnalyzerService.analyze (src/services/content-analyzer.service.ts:710:14)
      at CategorizerService.getCategoryByContent (src/services/categorizer.service.ts:238:24)
      at Object.<anonymous> (tests/unit/services/categorizer-content-analysis.test.ts:79:22)

    console.error
      {"timestamp":"2026-02-11T12:49:48.085Z","level":"info","message":"File categorized by content","filePath":"C:\\Us
ers\\NewAdmin\\Desktop\\File-Organizer-MCP\\tests\\temp\\test-categorizer-content-eUXx7v\\archive.zip","category":"Arch
ives","confidence":0.7999999999999999,"detectedType":"ZIP","mimeType":"application/zip","warnings":[]}

    [0m [90m 23 |[39m     }[33m;[39m
     [90m 24 |[39m
    [31m[1m>[22m[39m[90m 25 |[39m     
console[33m.[39merror([33mJSON[39m[33m.[39mstringify(entry))[33m;[39m [90m// stderr for stdio servers[39m
     [90m    |[39m             [31m[1m^[22m[39m
     [90m 26 |[39m   }
     [90m 27 |[39m
     [90m 28 |[39m   debug(message[33m:[39m string[33m,[39m context[33m?[39m[33m:[39m 
[33mRecord[39m[33m<[39m[33mstring[39m[33m,[39m any[33m>[39m) {[0m

      at Logger.log (src/utils/logger.ts:25:13)
      at Logger.logMetadata (src/utils/logger.ts:66:10)
      at CategorizerService.getCategoryByContent (src/services/categorizer.service.ts:278:16)
      at Object.<anonymous> (tests/unit/services/categorizer-content-analysis.test.ts:79:22)

    console.error
      {"timestamp":"2026-02-11T12:49:48.153Z","level":"info","message":"Content analysis completed","filePath":"C:\\Use
rs\\NewAdmin\\Desktop\\File-Organizer-MCP\\tests\\temp\\test-categorizer-content-N0ZyrJ\\video.mp4","detectedType":"UNK
NOWN","confidence":0,"duration":1,"warnings":0}

    [0m [90m 23 |[39m     }[33m;[39m
     [90m 24 |[39m
    [31m[1m>[22m[39m[90m 25 |[39m     
console[33m.[39merror([33mJSON[39m[33m.[39mstringify(entry))[33m;[39m [90m// stderr for stdio servers[39m
     [90m    |[39m             [31m[1m^[22m[39m
     [90m 26 |[39m   }
     [90m 27 |[39m
     [90m 28 |[39m   debug(message[33m:[39m string[33m,[39m context[33m?[39m[33m:[39m 
[33mRecord[39m[33m<[39m[33mstring[39m[33m,[39m any[33m>[39m) {[0m

      at Logger.log (src/utils/logger.ts:25:13)
      at Logger.info (src/utils/logger.ts:33:10)
      at ContentAnalyzerService.analyze (src/services/content-analyzer.service.ts:710:14)
      at CategorizerService.getCategoryByContent (src/services/categorizer.service.ts:238:24)
      at Object.<anonymous> (tests/unit/services/categorizer-content-analysis.test.ts:91:22)

    console.error
      {"timestamp":"2026-02-11T12:49:48.157Z","level":"warn","message":"File categorized by extension (low content conf
idence)","filePath":"C:\\Users\\NewAdmin\\Desktop\\File-Organizer-MCP\\tests\\temp\\test-categorizer-content-N0ZyrJ\\vi
deo.mp4","category":"Videos","confidence":0.6,"detectedType":"UNKNOWN","mimeType":"application/octet-stream","warnings"
:["Low content confidence - falling back to extension-based categorization"]}

    [0m [90m 23 |[39m     }[33m;[39m
     [90m 24 |[39m
    [31m[1m>[22m[39m[90m 25 |[39m     
console[33m.[39merror([33mJSON[39m[33m.[39mstringify(entry))[33m;[39m [90m// stderr for stdio servers[39m
     [90m    |[39m             [31m[1m^[22m[39m
     [90m 26 |[39m   }
     [90m 27 |[39m
     [90m 28 |[39m   debug(message[33m:[39m string[33m,[39m context[33m?[39m[33m:[39m 
[33mRecord[39m[33m<[39m[33mstring[39m[33m,[39m any[33m>[39m) {[0m

      at Logger.log (src/utils/logger.ts:25:13)
      at Logger.logMetadata (src/utils/logger.ts:66:10)
      at CategorizerService.getCategoryByContent (src/services/categorizer.service.ts:291:16)
      at Object.<anonymous> (tests/unit/services/categorizer-content-analysis.test.ts:91:22)

    console.error
      {"timestamp":"2026-02-11T12:49:48.263Z","level":"info","message":"Content analysis completed","filePath":"C:\\Use
rs\\NewAdmin\\Desktop\\File-Organizer-MCP\\tests\\temp\\test-categorizer-content-Ud3tAr\\song.mp3","detectedType":"MP3_
ID3v2","confidence":0.7999999999999999,"duration":0,"warnings":0}

    [0m [90m 23 |[39m     }[33m;[39m
     [90m 24 |[39m
    [31m[1m>[22m[39m[90m 25 |[39m     
console[33m.[39merror([33mJSON[39m[33m.[39mstringify(entry))[33m;[39m [90m// stderr for stdio servers[39m
     [90m    |[39m             [31m[1m^[22m[39m
     [90m 26 |[39m   }
     [90m 27 |[39m
     [90m 28 |[39m   debug(message[33m:[39m string[33m,[39m context[33m?[39m[33m:[39m 
[33mRecord[39m[33m<[39m[33mstring[39m[33m,[39m any[33m>[39m) {[0m

      at Logger.log (src/utils/logger.ts:25:13)
      at Logger.info (src/utils/logger.ts:33:10)
      at ContentAnalyzerService.analyze (src/services/content-analyzer.service.ts:710:14)
      at CategorizerService.getCategoryByContent (src/services/categorizer.service.ts:238:24)
      at Object.<anonymous> (tests/unit/services/categorizer-content-analysis.test.ts:100:22)

    console.error
      {"timestamp":"2026-02-11T12:49:48.264Z","level":"info","message":"File categorized by content","filePath":"C:\\Us
ers\\NewAdmin\\Desktop\\File-Organizer-MCP\\tests\\temp\\test-categorizer-content-Ud3tAr\\song.mp3","category":"Audio",
"confidence":0.7999999999999999,"detectedType":"MP3_ID3v2","mimeType":"audio/mpeg","warnings":[]}

    [0m [90m 23 |[39m     }[33m;[39m
     [90m 24 |[39m
    [31m[1m>[22m[39m[90m 25 |[39m     
console[33m.[39merror([33mJSON[39m[33m.[39mstringify(entry))[33m;[39m [90m// stderr for stdio servers[39m
     [90m    |[39m             [31m[1m^[22m[39m
     [90m 26 |[39m   }
     [90m 27 |[39m
     [90m 28 |[39m   debug(message[33m:[39m string[33m,[39m context[33m?[39m[33m:[39m 
[33mRecord[39m[33m<[39m[33mstring[39m[33m,[39m any[33m>[39m) {[0m

      at Logger.log (src/utils/logger.ts:25:13)
      at Logger.logMetadata (src/utils/logger.ts:66:10)
      at CategorizerService.getCategoryByContent (src/services/categorizer.service.ts:278:16)
      at Object.<anonymous> (tests/unit/services/categorizer-content-analysis.test.ts:100:22)

    console.error
      {"timestamp":"2026-02-11T12:49:48.336Z","level":"info","message":"Content analysis completed","filePath":"C:\\Use
rs\\NewAdmin\\Desktop\\File-Organizer-MCP\\tests\\temp\\test-categorizer-content-tedfvV\\program.exe","detectedType":"P
E","confidence":0.95,"duration":1,"warnings":0}

    [0m [90m 23 |[39m     }[33m;[39m
     [90m 24 |[39m
    [31m[1m>[22m[39m[90m 25 |[39m     
console[33m.[39merror([33mJSON[39m[33m.[39mstringify(entry))[33m;[39m [90m// stderr for stdio servers[39m
     [90m    |[39m             [31m[1m^[22m[39m
     [90m 26 |[39m   }
     [90m 27 |[39m
     [90m 28 |[39m   debug(message[33m:[39m string[33m,[39m context[33m?[39m[33m:[39m 
[33mRecord[39m[33m<[39m[33mstring[39m[33m,[39m any[33m>[39m) {[0m

      at Logger.log (src/utils/logger.ts:25:13)
      at Logger.info (src/utils/logger.ts:33:10)
      at ContentAnalyzerService.analyze (src/services/content-analyzer.service.ts:710:14)
      at CategorizerService.getCategoryByContent (src/services/categorizer.service.ts:238:24)
      at Object.<anonymous> (tests/unit/services/categorizer-content-analysis.test.ts:109:22)

    console.error
      {"timestamp":"2026-02-11T12:49:48.336Z","level":"info","message":"File categorized by content","filePath":"C:\\Us
ers\\NewAdmin\\Desktop\\File-Organizer-MCP\\tests\\temp\\test-categorizer-content-tedfvV\\program.exe","category":"Exec
utables","confidence":0.95,"detectedType":"PE","mimeType":"application/vnd.microsoft.portable-executable","warnings":[]
}

    [0m [90m 23 |[39m     }[33m;[39m
     [90m 24 |[39m
    [31m[1m>[22m[39m[90m 25 |[39m     
console[33m.[39merror([33mJSON[39m[33m.[39mstringify(entry))[33m;[39m [90m// stderr for stdio servers[39m
     [90m    |[39m             [31m[1m^[22m[39m
     [90m 26 |[39m   }
     [90m 27 |[39m
     [90m 28 |[39m   debug(message[33m:[39m string[33m,[39m context[33m?[39m[33m:[39m 
[33mRecord[39m[33m<[39m[33mstring[39m[33m,[39m any[33m>[39m) {[0m

      at Logger.log (src/utils/logger.ts:25:13)
      at Logger.logMetadata (src/utils/logger.ts:66:10)
      at CategorizerService.getCategoryByContent (src/services/categorizer.service.ts:278:16)
      at Object.<anonymous> (tests/unit/services/categorizer-content-analysis.test.ts:109:22)

    console.error
      {"timestamp":"2026-02-11T12:49:48.412Z","level":"info","message":"Content analysis completed","filePath":"C:\\Use
rs\\NewAdmin\\Desktop\\File-Organizer-MCP\\tests\\temp\\test-categorizer-content-cdpr6K\\binary","detectedType":"ELF","
confidence":0.95,"duration":0,"warnings":0}

    [0m [90m 23 |[39m     }[33m;[39m
     [90m 24 |[39m
    [31m[1m>[22m[39m[90m 25 |[39m     
console[33m.[39merror([33mJSON[39m[33m.[39mstringify(entry))[33m;[39m [90m// stderr for stdio servers[39m
     [90m    |[39m             [31m[1m^[22m[39m
     [90m 26 |[39m   }
     [90m 27 |[39m
     [90m 28 |[39m   debug(message[33m:[39m string[33m,[39m context[33m?[39m[33m:[39m 
[33mRecord[39m[33m<[39m[33mstring[39m[33m,[39m any[33m>[39m) {[0m

      at Logger.log (src/utils/logger.ts:25:13)
      at Logger.info (src/utils/logger.ts:33:10)
      at ContentAnalyzerService.analyze (src/services/content-analyzer.service.ts:710:14)
      at CategorizerService.getCategoryByContent (src/services/categorizer.service.ts:238:24)
      at Object.<anonymous> (tests/unit/services/categorizer-content-analysis.test.ts:118:22)

    console.error
      {"timestamp":"2026-02-11T12:49:48.413Z","level":"info","message":"File categorized by content","filePath":"C:\\Us
ers\\NewAdmin\\Desktop\\File-Organizer-MCP\\tests\\temp\\test-categorizer-content-cdpr6K\\binary","category":"Executabl
es","confidence":0.95,"detectedType":"ELF","mimeType":"application/x-executable","warnings":[]}

    [0m [90m 23 |[39m     }[33m;[39m
     [90m 24 |[39m
    [31m[1m>[22m[39m[90m 25 |[39m     
console[33m.[39merror([33mJSON[39m[33m.[39mstringify(entry))[33m;[39m [90m// stderr for stdio servers[39m
     [90m    |[39m             [31m[1m^[22m[39m
     [90m 26 |[39m   }
     [90m 27 |[39m
     [90m 28 |[39m   debug(message[33m:[39m string[33m,[39m context[33m?[39m[33m:[39m 
[33mRecord[39m[33m<[39m[33mstring[39m[33m,[39m any[33m>[39m) {[0m

      at Logger.log (src/utils/logger.ts:25:13)
      at Logger.logMetadata (src/utils/logger.ts:66:10)
      at CategorizerService.getCategoryByContent (src/services/categorizer.service.ts:278:16)
      at Object.<anonymous> (tests/unit/services/categorizer-content-analysis.test.ts:118:22)

    console.error
      {"timestamp":"2026-02-11T12:49:48.646Z","level":"info","message":"Content analysis completed","filePath":"C:\\Use
rs\\NewAdmin\\Desktop\\File-Organizer-MCP\\tests\\temp\\test-categorizer-content-YvvHH5\\script.js","detectedType":"JS"
,"confidence":0.7,"duration":1,"warnings":0}

    [0m [90m 23 |[39m     }[33m;[39m
     [90m 24 |[39m
    [31m[1m>[22m[39m[90m 25 |[39m     
console[33m.[39merror([33mJSON[39m[33m.[39mstringify(entry))[33m;[39m [90m// stderr for stdio servers[39m
     [90m    |[39m             [31m[1m^[22m[39m
     [90m 26 |[39m   }
     [90m 27 |[39m
     [90m 28 |[39m   debug(message[33m:[39m string[33m,[39m context[33m?[39m[33m:[39m 
[33mRecord[39m[33m<[39m[33mstring[39m[33m,[39m any[33m>[39m) {[0m

      at Logger.log (src/utils/logger.ts:25:13)
      at Logger.info (src/utils/logger.ts:33:10)
      at ContentAnalyzerService.analyze (src/services/content-analyzer.service.ts:710:14)
      at CategorizerService.getCategoryByContent (src/services/categorizer.service.ts:238:24)
      at Object.<anonymous> (tests/unit/services/categorizer-content-analysis.test.ts:127:22)

    console.error
      {"timestamp":"2026-02-11T12:49:48.646Z","level":"info","message":"File categorized by content","filePath":"C:\\Us
ers\\NewAdmin\\Desktop\\File-Organizer-MCP\\tests\\temp\\test-categorizer-content-YvvHH5\\script.js","category":"Code",
"confidence":0.7,"detectedType":"JS","mimeType":"application/javascript","warnings":[]}

    [0m [90m 23 |[39m     }[33m;[39m
     [90m 24 |[39m
    [31m[1m>[22m[39m[90m 25 |[39m     
console[33m.[39merror([33mJSON[39m[33m.[39mstringify(entry))[33m;[39m [90m// stderr for stdio servers[39m
     [90m    |[39m             [31m[1m^[22m[39m
     [90m 26 |[39m   }
     [90m 27 |[39m
     [90m 28 |[39m   debug(message[33m:[39m string[33m,[39m context[33m?[39m[33m:[39m 
[33mRecord[39m[33m<[39m[33mstring[39m[33m,[39m any[33m>[39m) {[0m

      at Logger.log (src/utils/logger.ts:25:13)
      at Logger.logMetadata (src/utils/logger.ts:66:10)
      at CategorizerService.getCategoryByContent (src/services/categorizer.service.ts:278:16)
      at Object.<anonymous> (tests/unit/services/categorizer-content-analysis.test.ts:127:22)

    console.error
      {"timestamp":"2026-02-11T12:49:48.712Z","level":"info","message":"Content analysis completed","filePath":"C:\\Use
rs\\NewAdmin\\Desktop\\File-Organizer-MCP\\tests\\temp\\test-categorizer-content-Ax1Vxv\\script.py","detectedType":"PYT
HON","confidence":0.7999999999999999,"duration":0,"warnings":0}

    [0m [90m 23 |[39m     }[33m;[39m
     [90m 24 |[39m
    [31m[1m>[22m[39m[90m 25 |[39m     
console[33m.[39merror([33mJSON[39m[33m.[39mstringify(entry))[33m;[39m [90m// stderr for stdio servers[39m
     [90m    |[39m             [31m[1m^[22m[39m
     [90m 26 |[39m   }
     [90m 27 |[39m
     [90m 28 |[39m   debug(message[33m:[39m string[33m,[39m context[33m?[39m[33m:[39m 
[33mRecord[39m[33m<[39m[33mstring[39m[33m,[39m any[33m>[39m) {[0m

      at Logger.log (src/utils/logger.ts:25:13)
      at Logger.info (src/utils/logger.ts:33:10)
      at ContentAnalyzerService.analyze (src/services/content-analyzer.service.ts:710:14)
      at CategorizerService.getCategoryByContent (src/services/categorizer.service.ts:238:24)
      at Object.<anonymous> (tests/unit/services/categorizer-content-analysis.test.ts:136:22)

    console.error
      {"timestamp":"2026-02-11T12:49:48.712Z","level":"info","message":"File categorized by content","filePath":"C:\\Us
ers\\NewAdmin\\Desktop\\File-Organizer-MCP\\tests\\temp\\test-categorizer-content-Ax1Vxv\\script.py","category":"Code",
"confidence":0.7999999999999999,"detectedType":"PYTHON","mimeType":"text/x-python","warnings":[]}

    [0m [90m 23 |[39m     }[33m;[39m
     [90m 24 |[39m
    [31m[1m>[22m[39m[90m 25 |[39m     
console[33m.[39merror([33mJSON[39m[33m.[39mstringify(entry))[33m;[39m [90m// stderr for stdio servers[39m
     [90m    |[39m             [31m[1m^[22m[39m
     [90m 26 |[39m   }
     [90m 27 |[39m
     [90m 28 |[39m   debug(message[33m:[39m string[33m,[39m context[33m?[39m[33m:[39m 
[33mRecord[39m[33m<[39m[33mstring[39m[33m,[39m any[33m>[39m) {[0m

      at Logger.log (src/utils/logger.ts:25:13)
      at Logger.logMetadata (src/utils/logger.ts:66:10)
      at CategorizerService.getCategoryByContent (src/services/categorizer.service.ts:278:16)
      at Object.<anonymous> (tests/unit/services/categorizer-content-analysis.test.ts:136:22)

    console.error
      {"timestamp":"2026-02-11T12:49:48.781Z","level":"info","message":"Content analysis completed","filePath":"C:\\Use
rs\\NewAdmin\\Desktop\\File-Organizer-MCP\\tests\\temp\\test-categorizer-content-HEXokU\\page.html","detectedType":"HTM
L","confidence":0.7999999999999999,"duration":1,"warnings":0}

    [0m [90m 23 |[39m     }[33m;[39m
     [90m 24 |[39m
    [31m[1m>[22m[39m[90m 25 |[39m     
console[33m.[39merror([33mJSON[39m[33m.[39mstringify(entry))[33m;[39m [90m// stderr for stdio servers[39m
     [90m    |[39m             [31m[1m^[22m[39m
     [90m 26 |[39m   }
     [90m 27 |[39m
     [90m 28 |[39m   debug(message[33m:[39m string[33m,[39m context[33m?[39m[33m:[39m 
[33mRecord[39m[33m<[39m[33mstring[39m[33m,[39m any[33m>[39m) {[0m

      at Logger.log (src/utils/logger.ts:25:13)
      at Logger.info (src/utils/logger.ts:33:10)
      at ContentAnalyzerService.analyze (src/services/content-analyzer.service.ts:710:14)
      at CategorizerService.getCategoryByContent (src/services/categorizer.service.ts:238:24)
      at Object.<anonymous> (tests/unit/services/categorizer-content-analysis.test.ts:145:22)

    console.error
      {"timestamp":"2026-02-11T12:49:48.781Z","level":"info","message":"File categorized by content","filePath":"C:\\Us
ers\\NewAdmin\\Desktop\\File-Organizer-MCP\\tests\\temp\\test-categorizer-content-HEXokU\\page.html","category":"Docume
nts","confidence":0.7999999999999999,"detectedType":"HTML","mimeType":"text/html","warnings":[]}

    [0m [90m 23 |[39m     }[33m;[39m
     [90m 24 |[39m
    [31m[1m>[22m[39m[90m 25 |[39m     
console[33m.[39merror([33mJSON[39m[33m.[39mstringify(entry))[33m;[39m [90m// stderr for stdio servers[39m
     [90m    |[39m             [31m[1m^[22m[39m
     [90m 26 |[39m   }
     [90m 27 |[39m
     [90m 28 |[39m   debug(message[33m:[39m string[33m,[39m context[33m?[39m[33m:[39m 
[33mRecord[39m[33m<[39m[33mstring[39m[33m,[39m any[33m>[39m) {[0m

      at Logger.log (src/utils/logger.ts:25:13)
      at Logger.logMetadata (src/utils/logger.ts:66:10)
      at CategorizerService.getCategoryByContent (src/services/categorizer.service.ts:278:16)
      at Object.<anonymous> (tests/unit/services/categorizer-content-analysis.test.ts:145:22)

    console.error
      {"timestamp":"2026-02-11T12:49:48.853Z","level":"info","message":"Content analysis completed","filePath":"C:\\Use
rs\\NewAdmin\\Desktop\\File-Organizer-MCP\\tests\\temp\\test-categorizer-content-EWb1kO\\data.json","detectedType":"JSO
N","confidence":0.7999999999999999,"duration":1,"warnings":0}

    [0m [90m 23 |[39m     }[33m;[39m
     [90m 24 |[39m
    [31m[1m>[22m[39m[90m 25 |[39m     
console[33m.[39merror([33mJSON[39m[33m.[39mstringify(entry))[33m;[39m [90m// stderr for stdio servers[39m
     [90m    |[39m             [31m[1m^[22m[39m
     [90m 26 |[39m   }
     [90m 27 |[39m
     [90m 28 |[39m   debug(message[33m:[39m string[33m,[39m context[33m?[39m[33m:[39m 
[33mRecord[39m[33m<[39m[33mstring[39m[33m,[39m any[33m>[39m) {[0m

      at Logger.log (src/utils/logger.ts:25:13)
      at Logger.info (src/utils/logger.ts:33:10)
      at ContentAnalyzerService.analyze (src/services/content-analyzer.service.ts:710:14)
      at CategorizerService.getCategoryByContent (src/services/categorizer.service.ts:238:24)
      at Object.<anonymous> (tests/unit/services/categorizer-content-analysis.test.ts:154:22)

    console.error
      {"timestamp":"2026-02-11T12:49:48.856Z","level":"info","message":"File categorized by content","filePath":"C:\\Us
ers\\NewAdmin\\Desktop\\File-Organizer-MCP\\tests\\temp\\test-categorizer-content-EWb1kO\\data.json","category":"Code",
"confidence":0.7999999999999999,"detectedType":"JSON","mimeType":"application/json","warnings":[]}

    [0m [90m 23 |[39m     }[33m;[39m
     [90m 24 |[39m
    [31m[1m>[22m[39m[90m 25 |[39m     
console[33m.[39merror([33mJSON[39m[33m.[39mstringify(entry))[33m;[39m [90m// stderr for stdio servers[39m
     [90m    |[39m             [31m[1m^[22m[39m
     [90m 26 |[39m   }
     [90m 27 |[39m
     [90m 28 |[39m   debug(message[33m:[39m string[33m,[39m context[33m?[39m[33m:[39m 
[33mRecord[39m[33m<[39m[33mstring[39m[33m,[39m any[33m>[39m) {[0m

      at Logger.log (src/utils/logger.ts:25:13)
      at Logger.logMetadata (src/utils/logger.ts:66:10)
      at CategorizerService.getCategoryByContent (src/services/categorizer.service.ts:278:16)
      at Object.<anonymous> (tests/unit/services/categorizer-content-analysis.test.ts:154:22)

    console.error
      {"timestamp":"2026-02-11T12:49:48.936Z","level":"error","message":"Content analysis failed","filePath":"C:\\Users
\\NewAdmin\\Desktop\\File-Organizer-MCP\\tests\\temp\\test-categorizer-content-P10jdP\\nonexistent.jpg","category":"Ima
ges","confidence":0.4,"warnings":["Content analysis failed: Access denied: Path is not accessible"],"error":"Access 
denied: Path is not accessible"}

    [0m [90m 23 |[39m     }[33m;[39m
     [90m 24 |[39m
    [31m[1m>[22m[39m[90m 25 |[39m     
console[33m.[39merror([33mJSON[39m[33m.[39mstringify(entry))[33m;[39m [90m// stderr for stdio servers[39m
     [90m    |[39m             [31m[1m^[22m[39m
     [90m 26 |[39m   }
     [90m 27 |[39m
     [90m 28 |[39m   debug(message[33m:[39m string[33m,[39m context[33m?[39m[33m:[39m 
[33mRecord[39m[33m<[39m[33mstring[39m[33m,[39m any[33m>[39m) {[0m

      at Logger.log (src/utils/logger.ts:25:13)
      at Logger.logMetadata (src/utils/logger.ts:66:10)
      at CategorizerService.getCategoryByContent (src/services/categorizer.service.ts:316:14)
      at Object.<anonymous> (tests/unit/services/categorizer-content-analysis.test.ts:163:22)

    console.error
      {"timestamp":"2026-02-11T12:49:49.077Z","level":"info","message":"Content analysis completed","filePath":"C:\\Use
rs\\NewAdmin\\Desktop\\File-Organizer-MCP\\tests\\temp\\test-categorizer-content-lvg9nC\\image.jpg","detectedType":"PNG
","confidence":0.95,"duration":1,"warnings":1}

    [0m [90m 23 |[39m     }[33m;[39m
     [90m 24 |[39m
    [31m[1m>[22m[39m[90m 25 |[39m     
console[33m.[39merror([33mJSON[39m[33m.[39mstringify(entry))[33m;[39m [90m// stderr for stdio servers[39m
     [90m    |[39m             [31m[1m^[22m[39m
     [90m 26 |[39m   }
     [90m 27 |[39m
     [90m 28 |[39m   debug(message[33m:[39m string[33m,[39m context[33m?[39m[33m:[39m 
[33mRecord[39m[33m<[39m[33mstring[39m[33m,[39m any[33m>[39m) {[0m

      at Logger.log (src/utils/logger.ts:25:13)
      at Logger.info (src/utils/logger.ts:33:10)
      at ContentAnalyzerService.analyze (src/services/content-analyzer.service.ts:710:14)
      at CategorizerService.getCategoryByContent (src/services/categorizer.service.ts:238:24)
      at Object.<anonymous> (tests/unit/services/categorizer-content-analysis.test.ts:193:22)

    console.error
      {"timestamp":"2026-02-11T12:49:49.079Z","level":"info","message":"File categorized by content","filePath":"C:\\Us
ers\\NewAdmin\\Desktop\\File-Organizer-MCP\\tests\\temp\\test-categorizer-content-lvg9nC\\image.jpg","category":"Images
","confidence":0.95,"detectedType":"PNG","mimeType":"image/png","warnings":["Extension mismatch: file claims to be 
\".jpg\" but content is \"PNG\""]}

    [0m [90m 23 |[39m     }[33m;[39m
     [90m 24 |[39m
    [31m[1m>[22m[39m[90m 25 |[39m     
console[33m.[39merror([33mJSON[39m[33m.[39mstringify(entry))[33m;[39m [90m// stderr for stdio servers[39m
     [90m    |[39m             [31m[1m^[22m[39m
     [90m 26 |[39m   }
     [90m 27 |[39m
     [90m 28 |[39m   debug(message[33m:[39m string[33m,[39m context[33m?[39m[33m:[39m 
[33mRecord[39m[33m<[39m[33mstring[39m[33m,[39m any[33m>[39m) {[0m

      at Logger.log (src/utils/logger.ts:25:13)
      at Logger.logMetadata (src/utils/logger.ts:66:10)
      at CategorizerService.getCategoryByContent (src/services/categorizer.service.ts:278:16)
      at Object.<anonymous> (tests/unit/services/categorizer-content-analysis.test.ts:193:22)

    console.error
      {"timestamp":"2026-02-11T12:49:49.160Z","level":"info","message":"Content analysis completed","filePath":"C:\\Use
rs\\NewAdmin\\Desktop\\File-Organizer-MCP\\tests\\temp\\test-categorizer-content-Np9kvW\\photo.pdf","detectedType":"PNG
","confidence":0.95,"duration":0,"warnings":1}

    [0m [90m 23 |[39m     }[33m;[39m
     [90m 24 |[39m
    [31m[1m>[22m[39m[90m 25 |[39m     
console[33m.[39merror([33mJSON[39m[33m.[39mstringify(entry))[33m;[39m [90m// stderr for stdio servers[39m
     [90m    |[39m             [31m[1m^[22m[39m
     [90m 26 |[39m   }
     [90m 27 |[39m
     [90m 28 |[39m   debug(message[33m:[39m string[33m,[39m context[33m?[39m[33m:[39m 
[33mRecord[39m[33m<[39m[33mstring[39m[33m,[39m any[33m>[39m) {[0m

      at Logger.log (src/utils/logger.ts:25:13)
      at Logger.info (src/utils/logger.ts:33:10)
      at ContentAnalyzerService.analyze (src/services/content-analyzer.service.ts:710:14)
      at CategorizerService.getCategoryByContent (src/services/categorizer.service.ts:238:24)
      at Object.<anonymous> (tests/unit/services/categorizer-content-analysis.test.ts:204:22)

    console.error
      {"timestamp":"2026-02-11T12:49:49.161Z","level":"info","message":"File categorized by content","filePath":"C:\\Us
ers\\NewAdmin\\Desktop\\File-Organizer-MCP\\tests\\temp\\test-categorizer-content-Np9kvW\\photo.pdf","category":"Images
","confidence":0.95,"detectedType":"PNG","mimeType":"image/png","warnings":["Extension mismatch: file claims to be 
\".pdf\" but content is \"PNG\""]}

    [0m [90m 23 |[39m     }[33m;[39m
     [90m 24 |[39m
    [31m[1m>[22m[39m[90m 25 |[39m     
console[33m.[39merror([33mJSON[39m[33m.[39mstringify(entry))[33m;[39m [90m// stderr for stdio servers[39m
     [90m    |[39m             [31m[1m^[22m[39m
     [90m 26 |[39m   }
     [90m 27 |[39m
     [90m 28 |[39m   debug(message[33m:[39m string[33m,[39m context[33m?[39m[33m:[39m 
[33mRecord[39m[33m<[39m[33mstring[39m[33m,[39m any[33m>[39m) {[0m

      at Logger.log (src/utils/logger.ts:25:13)
      at Logger.logMetadata (src/utils/logger.ts:66:10)
      at CategorizerService.getCategoryByContent (src/services/categorizer.service.ts:278:16)
      at Object.<anonymous> (tests/unit/services/categorizer-content-analysis.test.ts:204:22)

    console.error
      {"timestamp":"2026-02-11T12:49:49.237Z","level":"info","message":"Content analysis completed","filePath":"C:\\Use
rs\\NewAdmin\\Desktop\\File-Organizer-MCP\\tests\\temp\\test-categorizer-content-Ldk17z\\malware.pdf","detectedType":"P
E","confidence":0.95,"duration":1,"warnings":2}

    [0m [90m 23 |[39m     }[33m;[39m
     [90m 24 |[39m
    [31m[1m>[22m[39m[90m 25 |[39m     
console[33m.[39merror([33mJSON[39m[33m.[39mstringify(entry))[33m;[39m [90m// stderr for stdio servers[39m
     [90m    |[39m             [31m[1m^[22m[39m
     [90m 26 |[39m   }
     [90m 27 |[39m
     [90m 28 |[39m   debug(message[33m:[39m string[33m,[39m context[33m?[39m[33m:[39m 
[33mRecord[39m[33m<[39m[33mstring[39m[33m,[39m any[33m>[39m) {[0m

      at Logger.log (src/utils/logger.ts:25:13)
      at Logger.info (src/utils/logger.ts:33:10)
      at ContentAnalyzerService.analyze (src/services/content-analyzer.service.ts:710:14)
      at CategorizerService.getCategoryByContent (src/services/categorizer.service.ts:238:24)
      at Object.<anonymous> (tests/unit/services/categorizer-content-analysis.test.ts:216:22)

    console.error
      {"timestamp":"2026-02-11T12:49:49.319Z","level":"info","message":"Content analysis completed","filePath":"C:\\Use
rs\\NewAdmin\\Desktop\\File-Organizer-MCP\\tests\\temp\\test-categorizer-content-PBuplk\\virus.jpg","detectedType":"ELF
","confidence":0.95,"duration":1,"warnings":2}

    [0m [90m 23 |[39m     }[33m;[39m
     [90m 24 |[39m
    [31m[1m>[22m[39m[90m 25 |[39m     
console[33m.[39merror([33mJSON[39m[33m.[39mstringify(entry))[33m;[39m [90m// stderr for stdio servers[39m
     [90m    |[39m             [31m[1m^[22m[39m
     [90m 26 |[39m   }
     [90m 27 |[39m
     [90m 28 |[39m   debug(message[33m:[39m string[33m,[39m context[33m?[39m[33m:[39m 
[33mRecord[39m[33m<[39m[33mstring[39m[33m,[39m any[33m>[39m) {[0m

      at Logger.log (src/utils/logger.ts:25:13)
      at Logger.info (src/utils/logger.ts:33:10)
      at ContentAnalyzerService.analyze (src/services/content-analyzer.service.ts:710:14)
      at CategorizerService.getCategoryByContent (src/services/categorizer.service.ts:238:24)
      at Object.<anonymous> (tests/unit/services/categorizer-content-analysis.test.ts:227:22)

    console.error
      {"timestamp":"2026-02-11T12:49:49.398Z","level":"info","message":"Content analysis completed","filePath":"C:\\Use
rs\\NewAdmin\\Desktop\\File-Organizer-MCP\\tests\\temp\\test-categorizer-content-yTFdq2\\trojan.docx","detectedType":"P
E","confidence":0.95,"duration":1,"warnings":2}

    [0m [90m 23 |[39m     }[33m;[39m
     [90m 24 |[39m
    [31m[1m>[22m[39m[90m 25 |[39m     
console[33m.[39merror([33mJSON[39m[33m.[39mstringify(entry))[33m;[39m [90m// stderr for stdio servers[39m
     [90m    |[39m             [31m[1m^[22m[39m
     [90m 26 |[39m   }
     [90m 27 |[39m
     [90m 28 |[39m   debug(message[33m:[39m string[33m,[39m context[33m?[39m[33m:[39m 
[33mRecord[39m[33m<[39m[33mstring[39m[33m,[39m any[33m>[39m) {[0m

      at Logger.log (src/utils/logger.ts:25:13)
      at Logger.info (src/utils/logger.ts:33:10)
      at ContentAnalyzerService.analyze (src/services/content-analyzer.service.ts:710:14)
      at CategorizerService.getCategoryByContent (src/services/categorizer.service.ts:238:24)
      at Object.<anonymous> (tests/unit/services/categorizer-content-analysis.test.ts:236:22)

    console.error
      {"timestamp":"2026-02-11T12:49:49.475Z","level":"info","message":"Content analysis completed","filePath":"C:\\Use
rs\\NewAdmin\\Desktop\\File-Organizer-MCP\\tests\\temp\\test-categorizer-content-gyW24O\\file.jpg.exe","detectedType":"
TEXT","confidence":0.7,"duration":1,"warnings":0}

    [0m [90m 23 |[39m     }[33m;[39m
     [90m 24 |[39m
    [31m[1m>[22m[39m[90m 25 |[39m     
console[33m.[39merror([33mJSON[39m[33m.[39mstringify(entry))[33m;[39m [90m// stderr for stdio servers[39m
     [90m    |[39m             [31m[1m^[22m[39m
     [90m 26 |[39m   }
     [90m 27 |[39m
     [90m 28 |[39m   debug(message[33m:[39m string[33m,[39m context[33m?[39m[33m:[39m 
[33mRecord[39m[33m<[39m[33mstring[39m[33m,[39m any[33m>[39m) {[0m

      at Logger.log (src/utils/logger.ts:25:13)
      at Logger.info (src/utils/logger.ts:33:10)
      at ContentAnalyzerService.analyze (src/services/content-analyzer.service.ts:710:14)
      at CategorizerService.getCategoryByContent (src/services/categorizer.service.ts:238:24)
      at Object.<anonymous> (tests/unit/services/categorizer-content-analysis.test.ts:247:22)

    console.error
      {"timestamp":"2026-02-11T12:49:49.475Z","level":"info","message":"File categorized by content","filePath":"C:\\Us
ers\\NewAdmin\\Desktop\\File-Organizer-MCP\\tests\\temp\\test-categorizer-content-gyW24O\\file.jpg.exe","category":"Doc
uments","confidence":0.7,"detectedType":"TEXT","mimeType":"text/plain","warnings":["Double extension detected - 
potential spoofing attempt"]}

    [0m [90m 23 |[39m     }[33m;[39m
     [90m 24 |[39m
    [31m[1m>[22m[39m[90m 25 |[39m     
console[33m.[39merror([33mJSON[39m[33m.[39mstringify(entry))[33m;[39m [90m// stderr for stdio servers[39m
     [90m    |[39m             [31m[1m^[22m[39m
     [90m 26 |[39m   }
     [90m 27 |[39m
     [90m 28 |[39m   debug(message[33m:[39m string[33m,[39m context[33m?[39m[33m:[39m 
[33mRecord[39m[33m<[39m[33mstring[39m[33m,[39m any[33m>[39m) {[0m

      at Logger.log (src/utils/logger.ts:25:13)
      at Logger.logMetadata (src/utils/logger.ts:66:10)
      at CategorizerService.getCategoryByContent (src/services/categorizer.service.ts:278:16)
      at Object.<anonymous> (tests/unit/services/categorizer-content-analysis.test.ts:247:22)

    console.error
      {"timestamp":"2026-02-11T12:49:49.616Z","level":"info","message":"Content analysis completed","filePath":"C:\\Use
rs\\NewAdmin\\Desktop\\File-Organizer-MCP\\tests\\temp\\test-categorizer-content-SO0cs1\\document.pdf.bat","detectedTyp
e":"TEXT","confidence":0.7,"duration":1,"warnings":0}

    [0m [90m 23 |[39m     }[33m;[39m
     [90m 24 |[39m
    [31m[1m>[22m[39m[90m 25 |[39m     
console[33m.[39merror([33mJSON[39m[33m.[39mstringify(entry))[33m;[39m [90m// stderr for stdio servers[39m
     [90m    |[39m             [31m[1m^[22m[39m
     [90m 26 |[39m   }
     [90m 27 |[39m
     [90m 28 |[39m   debug(message[33m:[39m string[33m,[39m context[33m?[39m[33m:[39m 
[33mRecord[39m[33m<[39m[33mstring[39m[33m,[39m any[33m>[39m) {[0m

      at Logger.log (src/utils/logger.ts:25:13)
      at Logger.info (src/utils/logger.ts:33:10)
      at ContentAnalyzerService.analyze (src/services/content-analyzer.service.ts:710:14)
      at CategorizerService.getCategoryByContent (src/services/categorizer.service.ts:238:24)
      at Object.<anonymous> (tests/unit/services/categorizer-content-analysis.test.ts:258:22)

    console.error
      {"timestamp":"2026-02-11T12:49:49.617Z","level":"info","message":"File categorized by content","filePath":"C:\\Us
ers\\NewAdmin\\Desktop\\File-Organizer-MCP\\tests\\temp\\test-categorizer-content-SO0cs1\\document.pdf.bat","category":
"Documents","confidence":0.7,"detectedType":"TEXT","mimeType":"text/plain","warnings":["Double extension detected - 
potential spoofing attempt"]}

    [0m [90m 23 |[39m     }[33m;[39m
     [90m 24 |[39m
    [31m[1m>[22m[39m[90m 25 |[39m     
console[33m.[39merror([33mJSON[39m[33m.[39mstringify(entry))[33m;[39m [90m// stderr for stdio servers[39m
     [90m    |[39m             [31m[1m^[22m[39m
     [90m 26 |[39m   }
     [90m 27 |[39m
     [90m 28 |[39m   debug(message[33m:[39m string[33m,[39m context[33m?[39m[33m:[39m 
[33mRecord[39m[33m<[39m[33mstring[39m[33m,[39m any[33m>[39m) {[0m

      at Logger.log (src/utils/logger.ts:25:13)
      at Logger.logMetadata (src/utils/logger.ts:66:10)
      at CategorizerService.getCategoryByContent (src/services/categorizer.service.ts:278:16)
      at Object.<anonymous> (tests/unit/services/categorizer-content-analysis.test.ts:258:22)

    console.error
      {"timestamp":"2026-02-11T12:49:49.707Z","level":"info","message":"Content analysis completed","filePath":"C:\\Use
rs\\NewAdmin\\Desktop\\File-Organizer-MCP\\tests\\temp\\test-categorizer-content-WlntCc\\document.pdf","detectedType":"
PDF","confidence":0.7999999999999999,"duration":6,"warnings":0}

    [0m [90m 23 |[39m     }[33m;[39m
     [90m 24 |[39m
    [31m[1m>[22m[39m[90m 25 |[39m     
console[33m.[39merror([33mJSON[39m[33m.[39mstringify(entry))[33m;[39m [90m// stderr for stdio servers[39m
     [90m    |[39m             [31m[1m^[22m[39m
     [90m 26 |[39m   }
     [90m 27 |[39m
     [90m 28 |[39m   debug(message[33m:[39m string[33m,[39m context[33m?[39m[33m:[39m 
[33mRecord[39m[33m<[39m[33mstring[39m[33m,[39m any[33m>[39m) {[0m

      at Logger.log (src/utils/logger.ts:25:13)
      at Logger.info (src/utils/logger.ts:33:10)
      at ContentAnalyzerService.analyze (src/services/content-analyzer.service.ts:710:14)
      at CategorizerService.validateFileType (src/services/categorizer.service.ts:503:24)
      at Object.<anonymous> (tests/unit/services/categorizer-content-analysis.test.ts:269:22)

    console.error
      {"timestamp":"2026-02-11T12:49:49.814Z","level":"info","message":"Content analysis completed","filePath":"C:\\Use
rs\\NewAdmin\\Desktop\\File-Organizer-MCP\\tests\\temp\\test-categorizer-content-WqlOdD\\image.jpg","detectedType":"PNG
","confidence":0.95,"duration":1,"warnings":1}

    [0m [90m 23 |[39m     }[33m;[39m
     [90m 24 |[39m
    [31m[1m>[22m[39m[90m 25 |[39m     
console[33m.[39merror([33mJSON[39m[33m.[39mstringify(entry))[33m;[39m [90m// stderr for stdio servers[39m
     [90m    |[39m             [31m[1m^[22m[39m
     [90m 26 |[39m   }
     [90m 27 |[39m
     [90m 28 |[39m   debug(message[33m:[39m string[33m,[39m context[33m?[39m[33m:[39m 
[33mRecord[39m[33m<[39m[33mstring[39m[33m,[39m any[33m>[39m) {[0m

      at Logger.log (src/utils/logger.ts:25:13)
      at Logger.info (src/utils/logger.ts:33:10)
      at ContentAnalyzerService.analyze (src/services/content-analyzer.service.ts:710:14)
      at CategorizerService.validateFileType (src/services/categorizer.service.ts:503:24)
      at Object.<anonymous> (tests/unit/services/categorizer-content-analysis.test.ts:282:22)

    console.error
      {"timestamp":"2026-02-11T12:49:49.945Z","level":"info","message":"Content analysis completed","filePath":"C:\\Use
rs\\NewAdmin\\Desktop\\File-Organizer-MCP\\tests\\temp\\test-categorizer-content-bk3Jjo\\document.pdf","detectedType":"
PDF","confidence":0.7999999999999999,"duration":0,"warnings":0}

    [0m [90m 23 |[39m     }[33m;[39m
     [90m 24 |[39m
    [31m[1m>[22m[39m[90m 25 |[39m     
console[33m.[39merror([33mJSON[39m[33m.[39mstringify(entry))[33m;[39m [90m// stderr for stdio servers[39m
     [90m    |[39m             [31m[1m^[22m[39m
     [90m 26 |[39m   }
     [90m 27 |[39m
     [90m 28 |[39m   debug(message[33m:[39m string[33m,[39m context[33m?[39m[33m:[39m 
[33mRecord[39m[33m<[39m[33mstring[39m[33m,[39m any[33m>[39m) {[0m

      at Logger.log (src/utils/logger.ts:25:13)
      at Logger.info (src/utils/logger.ts:33:10)
      at ContentAnalyzerService.analyze (src/services/content-analyzer.service.ts:710:14)
      at CategorizerService.classifySecurity (src/services/categorizer.service.ts:560:26)
      at Object.<anonymous> (tests/unit/services/categorizer-content-analysis.test.ts:305:22)

    console.error
      {"timestamp":"2026-02-11T12:49:50.012Z","level":"info","message":"Content analysis completed","filePath":"C:\\Use
rs\\NewAdmin\\Desktop\\File-Organizer-MCP\\tests\\temp\\test-categorizer-content-G7NNpM\\program.exe","detectedType":"P
E","confidence":0.95,"duration":1,"warnings":0}

    [0m [90m 23 |[39m     }[33m;[39m
     [90m 24 |[39m
    [31m[1m>[22m[39m[90m 25 |[39m     
console[33m.[39merror([33mJSON[39m[33m.[39mstringify(entry))[33m;[39m [90m// stderr for stdio servers[39m
     [90m    |[39m             [31m[1m^[22m[39m
     [90m 26 |[39m   }
     [90m 27 |[39m
     [90m 28 |[39m   debug(message[33m:[39m string[33m,[39m context[33m?[39m[33m:[39m 
[33mRecord[39m[33m<[39m[33mstring[39m[33m,[39m any[33m>[39m) {[0m

      at Logger.log (src/utils/logger.ts:25:13)
      at Logger.info (src/utils/logger.ts:33:10)
      at ContentAnalyzerService.analyze (src/services/content-analyzer.service.ts:710:14)
      at CategorizerService.classifySecurity (src/services/categorizer.service.ts:560:26)
      at Object.<anonymous> (tests/unit/services/categorizer-content-analysis.test.ts:316:22)

    console.error
      {"timestamp":"2026-02-11T12:49:50.076Z","level":"info","message":"Content analysis completed","filePath":"C:\\Use
rs\\NewAdmin\\Desktop\\File-Organizer-MCP\\tests\\temp\\test-categorizer-content-lnBP5x\\malware.jpg","detectedType":"P
E","confidence":0.95,"duration":0,"warnings":2}

    [0m [90m 23 |[39m     }[33m;[39m
     [90m 24 |[39m
    [31m[1m>[22m[39m[90m 25 |[39m     
console[33m.[39merror([33mJSON[39m[33m.[39mstringify(entry))[33m;[39m [90m// stderr for stdio servers[39m
     [90m    |[39m             [31m[1m^[22m[39m
     [90m 26 |[39m   }
     [90m 27 |[39m
     [90m 28 |[39m   debug(message[33m:[39m string[33m,[39m context[33m?[39m[33m:[39m 
[33mRecord[39m[33m<[39m[33mstring[39m[33m,[39m any[33m>[39m) {[0m

      at Logger.log (src/utils/logger.ts:25:13)
      at Logger.info (src/utils/logger.ts:33:10)
      at ContentAnalyzerService.analyze (src/services/content-analyzer.service.ts:710:14)
      at CategorizerService.classifySecurity (src/services/categorizer.service.ts:560:26)
      at Object.<anonymous> (tests/unit/services/categorizer-content-analysis.test.ts:327:22)

    console.error
      {"timestamp":"2026-02-11T12:49:50.145Z","level":"info","message":"Content analysis completed","filePath":"C:\\Use
rs\\NewAdmin\\Desktop\\File-Organizer-MCP\\tests\\temp\\test-categorizer-content-DZP0s0\\photo.png.exe","detectedType":
"TEXT","confidence":0.7,"duration":1,"warnings":0}

    [0m [90m 23 |[39m     }[33m;[39m
     [90m 24 |[39m
    [31m[1m>[22m[39m[90m 25 |[39m     
console[33m.[39merror([33mJSON[39m[33m.[39mstringify(entry))[33m;[39m [90m// stderr for stdio servers[39m
     [90m    |[39m             [31m[1m^[22m[39m
     [90m 26 |[39m   }
     [90m 27 |[39m
     [90m 28 |[39m   debug(message[33m:[39m string[33m,[39m context[33m?[39m[33m:[39m 
[33mRecord[39m[33m<[39m[33mstring[39m[33m,[39m any[33m>[39m) {[0m

      at Logger.log (src/utils/logger.ts:25:13)
      at Logger.info (src/utils/logger.ts:33:10)
      at ContentAnalyzerService.analyze (src/services/content-analyzer.service.ts:710:14)
      at CategorizerService.classifySecurity (src/services/categorizer.service.ts:560:26)
      at Object.<anonymous> (tests/unit/services/categorizer-content-analysis.test.ts:339:22)

    console.error
      {"timestamp":"2026-02-11T12:49:50.212Z","level":"info","message":"Content analysis completed","filePath":"C:\\Use
rs\\NewAdmin\\Desktop\\File-Organizer-MCP\\tests\\temp\\test-categorizer-content-19RSkK\\script.sh","detectedType":"BAS
H","confidence":0.7999999999999999,"duration":1,"warnings":0}

    [0m [90m 23 |[39m     }[33m;[39m
     [90m 24 |[39m
    [31m[1m>[22m[39m[90m 25 |[39m     
console[33m.[39merror([33mJSON[39m[33m.[39mstringify(entry))[33m;[39m [90m// stderr for stdio servers[39m
     [90m    |[39m             [31m[1m^[22m[39m
     [90m 26 |[39m   }
     [90m 27 |[39m
     [90m 28 |[39m   debug(message[33m:[39m string[33m,[39m context[33m?[39m[33m:[39m 
[33mRecord[39m[33m<[39m[33mstring[39m[33m,[39m any[33m>[39m) {[0m

      at Logger.log (src/utils/logger.ts:25:13)
      at Logger.info (src/utils/logger.ts:33:10)
      at ContentAnalyzerService.analyze (src/services/content-analyzer.service.ts:710:14)
      at CategorizerService.classifySecurity (src/services/categorizer.service.ts:560:26)
      at Object.<anonymous> (tests/unit/services/categorizer-content-analysis.test.ts:350:22)

    console.error
      {"timestamp":"2026-02-11T12:49:50.362Z","level":"info","message":"Content analysis completed","filePath":"C:\\Use
rs\\NewAdmin\\Desktop\\File-Organizer-MCP\\tests\\temp\\test-categorizer-content-gEZWP8\\document.pdf","detectedType":"
PDF","confidence":0.7999999999999999,"duration":8,"warnings":0}

    [0m [90m 23 |[39m     }[33m;[39m
     [90m 24 |[39m
    [31m[1m>[22m[39m[90m 25 |[39m     
console[33m.[39merror([33mJSON[39m[33m.[39mstringify(entry))[33m;[39m [90m// stderr for stdio servers[39m
     [90m    |[39m             [31m[1m^[22m[39m
     [90m 26 |[39m   }
     [90m 27 |[39m
     [90m 28 |[39m   debug(message[33m:[39m string[33m,[39m context[33m?[39m[33m:[39m 
[33mRecord[39m[33m<[39m[33mstring[39m[33m,[39m any[33m>[39m) {[0m

      at Logger.log (src/utils/logger.ts:25:13)
      at Logger.info (src/utils/logger.ts:33:10)
      at ContentAnalyzerService.analyze (src/services/content-analyzer.service.ts:710:14)
      at CategorizerService.getCategoryByContent (src/services/categorizer.service.ts:238:24)
      at Object.<anonymous> (tests/unit/services/categorizer-content-analysis.test.ts:370:22)

    console.error
      {"timestamp":"2026-02-11T12:49:50.362Z","level":"info","message":"File categorized by content","filePath":"C:\\Us
ers\\NewAdmin\\Desktop\\File-Organizer-MCP\\tests\\temp\\test-categorizer-content-gEZWP8\\document.pdf","category":"Doc
uments","confidence":0.7999999999999999,"detectedType":"PDF","mimeType":"application/pdf","warnings":[]}

    [0m [90m 23 |[39m     }[33m;[39m
     [90m 24 |[39m
    [31m[1m>[22m[39m[90m 25 |[39m     
console[33m.[39merror([33mJSON[39m[33m.[39mstringify(entry))[33m;[39m [90m// stderr for stdio servers[39m
     [90m    |[39m             [31m[1m^[22m[39m
     [90m 26 |[39m   }
     [90m 27 |[39m
     [90m 28 |[39m   debug(message[33m:[39m string[33m,[39m context[33m?[39m[33m:[39m 
[33mRecord[39m[33m<[39m[33mstring[39m[33m,[39m any[33m>[39m) {[0m

      at Logger.log (src/utils/logger.ts:25:13)
      at Logger.logMetadata (src/utils/logger.ts:66:10)
      at CategorizerService.getCategoryByContent (src/services/categorizer.service.ts:278:16)
      at Object.<anonymous> (tests/unit/services/categorizer-content-analysis.test.ts:370:22)

    console.error
      {"timestamp":"2026-02-11T12:49:50.431Z","level":"info","message":"Content analysis completed","filePath":"C:\\Use
rs\\NewAdmin\\Desktop\\File-Organizer-MCP\\tests\\temp\\test-categorizer-content-7gAPyi\\notes.txt","detectedType":"TEX
T","confidence":0.7,"duration":0,"warnings":0}

    [0m [90m 23 |[39m     }[33m;[39m
     [90m 24 |[39m
    [31m[1m>[22m[39m[90m 25 |[39m     
console[33m.[39merror([33mJSON[39m[33m.[39mstringify(entry))[33m;[39m [90m// stderr for stdio servers[39m
     [90m    |[39m             [31m[1m^[22m[39m
     [90m 26 |[39m   }
     [90m 27 |[39m
     [90m 28 |[39m   debug(message[33m:[39m string[33m,[39m context[33m?[39m[33m:[39m 
[33mRecord[39m[33m<[39m[33mstring[39m[33m,[39m any[33m>[39m) {[0m

      at Logger.log (src/utils/logger.ts:25:13)
      at Logger.info (src/utils/logger.ts:33:10)
      at ContentAnalyzerService.analyze (src/services/content-analyzer.service.ts:710:14)
      at CategorizerService.getCategoryByContent (src/services/categorizer.service.ts:238:24)
      at Object.<anonymous> (tests/unit/services/categorizer-content-analysis.test.ts:379:22)

    console.error
      {"timestamp":"2026-02-11T12:49:50.431Z","level":"info","message":"File categorized by content","filePath":"C:\\Us
ers\\NewAdmin\\Desktop\\File-Organizer-MCP\\tests\\temp\\test-categorizer-content-7gAPyi\\notes.txt","category":"Docume
nts","confidence":0.7,"detectedType":"TEXT","mimeType":"text/plain","warnings":[]}

    [0m [90m 23 |[39m     }[33m;[39m
     [90m 24 |[39m
    [31m[1m>[22m[39m[90m 25 |[39m     
console[33m.[39merror([33mJSON[39m[33m.[39mstringify(entry))[33m;[39m [90m// stderr for stdio servers[39m
     [90m    |[39m             [31m[1m^[22m[39m
     [90m 26 |[39m   }
     [90m 27 |[39m
     [90m 28 |[39m   debug(message[33m:[39m string[33m,[39m context[33m?[39m[33m:[39m 
[33mRecord[39m[33m<[39m[33mstring[39m[33m,[39m any[33m>[39m) {[0m

      at Logger.log (src/utils/logger.ts:25:13)
      at Logger.logMetadata (src/utils/logger.ts:66:10)
      at CategorizerService.getCategoryByContent (src/services/categorizer.service.ts:278:16)
      at Object.<anonymous> (tests/unit/services/categorizer-content-analysis.test.ts:379:22)

    console.error
      {"timestamp":"2026-02-11T12:49:50.498Z","level":"info","message":"Content analysis completed","filePath":"C:\\Use
rs\\NewAdmin\\Desktop\\File-Organizer-MCP\\tests\\temp\\test-categorizer-content-oTJCQe\\file.xyz","detectedType":"TEXT
","confidence":0.7,"duration":1,"warnings":0}

    [0m [90m 23 |[39m     }[33m;[39m
     [90m 24 |[39m
    [31m[1m>[22m[39m[90m 25 |[39m     
console[33m.[39merror([33mJSON[39m[33m.[39mstringify(entry))[33m;[39m [90m// stderr for stdio servers[39m
     [90m    |[39m             [31m[1m^[22m[39m
     [90m 26 |[39m   }
     [90m 27 |[39m
     [90m 28 |[39m   debug(message[33m:[39m string[33m,[39m context[33m?[39m[33m:[39m 
[33mRecord[39m[33m<[39m[33mstring[39m[33m,[39m any[33m>[39m) {[0m

      at Logger.log (src/utils/logger.ts:25:13)
      at Logger.info (src/utils/logger.ts:33:10)
      at ContentAnalyzerService.analyze (src/services/content-analyzer.service.ts:710:14)
      at CategorizerService.getCategoryByContent (src/services/categorizer.service.ts:238:24)
      at Object.<anonymous> (tests/unit/services/categorizer-content-analysis.test.ts:389:22)

    console.error
      {"timestamp":"2026-02-11T12:49:50.498Z","level":"info","message":"File categorized by content","filePath":"C:\\Us
ers\\NewAdmin\\Desktop\\File-Organizer-MCP\\tests\\temp\\test-categorizer-content-oTJCQe\\file.xyz","category":"Documen
ts","confidence":0.7,"detectedType":"TEXT","mimeType":"text/plain","warnings":[]}

    [0m [90m 23 |[39m     }[33m;[39m
     [90m 24 |[39m
    [31m[1m>[22m[39m[90m 25 |[39m     
console[33m.[39merror([33mJSON[39m[33m.[39mstringify(entry))[33m;[39m [90m// stderr for stdio servers[39m
     [90m    |[39m             [31m[1m^[22m[39m
     [90m 26 |[39m   }
     [90m 27 |[39m
     [90m 28 |[39m   debug(message[33m:[39m string[33m,[39m context[33m?[39m[33m:[39m 
[33mRecord[39m[33m<[39m[33mstring[39m[33m,[39m any[33m>[39m) {[0m

      at Logger.log (src/utils/logger.ts:25:13)
      at Logger.logMetadata (src/utils/logger.ts:66:10)
      at CategorizerService.getCategoryByContent (src/services/categorizer.service.ts:278:16)
      at Object.<anonymous> (tests/unit/services/categorizer-content-analysis.test.ts:389:22)

    console.error
      {"timestamp":"2026-02-11T12:49:50.566Z","level":"info","message":"Content analysis completed","filePath":"C:\\Use
rs\\NewAdmin\\Desktop\\File-Organizer-MCP\\tests\\temp\\test-categorizer-content-XyM4IE\\image.pdf","detectedType":"PNG
","confidence":0.95,"duration":1,"warnings":1}

    [0m [90m 23 |[39m     }[33m;[39m
     [90m 24 |[39m
    [31m[1m>[22m[39m[90m 25 |[39m     
console[33m.[39merror([33mJSON[39m[33m.[39mstringify(entry))[33m;[39m [90m// stderr for stdio servers[39m
     [90m    |[39m             [31m[1m^[22m[39m
     [90m 26 |[39m   }
     [90m 27 |[39m
     [90m 28 |[39m   debug(message[33m:[39m string[33m,[39m context[33m?[39m[33m:[39m 
[33mRecord[39m[33m<[39m[33mstring[39m[33m,[39m any[33m>[39m) {[0m

      at Logger.log (src/utils/logger.ts:25:13)
      at Logger.info (src/utils/logger.ts:33:10)
      at ContentAnalyzerService.analyze (src/services/content-analyzer.service.ts:710:14)
      at CategorizerService.getCategoryByContent (src/services/categorizer.service.ts:238:24)
      at Object.<anonymous> (tests/unit/services/categorizer-content-analysis.test.ts:407:22)

    console.error
      {"timestamp":"2026-02-11T12:49:50.566Z","level":"info","message":"File categorized by content","filePath":"C:\\Us
ers\\NewAdmin\\Desktop\\File-Organizer-MCP\\tests\\temp\\test-categorizer-content-XyM4IE\\image.pdf","category":"Images
","confidence":0.95,"detectedType":"PNG","mimeType":"image/png","warnings":["Extension mismatch: file claims to be 
\".pdf\" but content is \"PNG\""]}

    [0m [90m 23 |[39m     }[33m;[39m
     [90m 24 |[39m
    [31m[1m>[22m[39m[90m 25 |[39m     
console[33m.[39merror([33mJSON[39m[33m.[39mstringify(entry))[33m;[39m [90m// stderr for stdio servers[39m
     [90m    |[39m             [31m[1m^[22m[39m
     [90m 26 |[39m   }
     [90m 27 |[39m
     [90m 28 |[39m   debug(message[33m:[39m string[33m,[39m context[33m?[39m[33m:[39m 
[33mRecord[39m[33m<[39m[33mstring[39m[33m,[39m any[33m>[39m) {[0m

      at Logger.log (src/utils/logger.ts:25:13)
      at Logger.logMetadata (src/utils/logger.ts:66:10)
      at CategorizerService.getCategoryByContent (src/services/categorizer.service.ts:278:16)
      at Object.<anonymous> (tests/unit/services/categorizer-content-analysis.test.ts:407:22)

    console.error
      {"timestamp":"2026-02-11T12:49:50.635Z","level":"info","message":"Content analysis completed","filePath":"C:\\Use
rs\\NewAdmin\\Desktop\\File-Organizer-MCP\\tests\\temp\\test-categorizer-content-ltXjoF\\data.bin","detectedType":"UNKN
OWN","confidence":0,"duration":1,"warnings":0}

    [0m [90m 23 |[39m     }[33m;[39m
     [90m 24 |[39m
    [31m[1m>[22m[39m[90m 25 |[39m     
console[33m.[39merror([33mJSON[39m[33m.[39mstringify(entry))[33m;[39m [90m// stderr for stdio servers[39m
     [90m    |[39m             [31m[1m^[22m[39m
     [90m 26 |[39m   }
     [90m 27 |[39m
     [90m 28 |[39m   debug(message[33m:[39m string[33m,[39m context[33m?[39m[33m:[39m 
[33mRecord[39m[33m<[39m[33mstring[39m[33m,[39m any[33m>[39m) {[0m

      at Logger.log (src/utils/logger.ts:25:13)
      at Logger.info (src/utils/logger.ts:33:10)
      at ContentAnalyzerService.analyze (src/services/content-analyzer.service.ts:710:14)
      at CategorizerService.getCategoryByContent (src/services/categorizer.service.ts:238:24)
      at Object.<anonymous> (tests/unit/services/categorizer-content-analysis.test.ts:419:22)

    console.error
      {"timestamp":"2026-02-11T12:49:50.635Z","level":"warn","message":"File categorized by extension (low content conf
idence)","filePath":"C:\\Users\\NewAdmin\\Desktop\\File-Organizer-MCP\\tests\\temp\\test-categorizer-content-ltXjoF\\da
ta.bin","category":"Others","confidence":0.6,"detectedType":"UNKNOWN","mimeType":"application/octet-stream","warnings":
["Low content confidence - falling back to extension-based categorization"]}

    [0m [90m 23 |[39m     }[33m;[39m
     [90m 24 |[39m
    [31m[1m>[22m[39m[90m 25 |[39m     
console[33m.[39merror([33mJSON[39m[33m.[39mstringify(entry))[33m;[39m [90m// stderr for stdio servers[39m
     [90m    |[39m             [31m[1m^[22m[39m
     [90m 26 |[39m   }
     [90m 27 |[39m
     [90m 28 |[39m   debug(message[33m:[39m string[33m,[39m context[33m?[39m[33m:[39m 
[33mRecord[39m[33m<[39m[33mstring[39m[33m,[39m any[33m>[39m) {[0m

      at Logger.log (src/utils/logger.ts:25:13)
      at Logger.logMetadata (src/utils/logger.ts:66:10)
      at CategorizerService.getCategoryByContent (src/services/categorizer.service.ts:291:16)
      at Object.<anonymous> (tests/unit/services/categorizer-content-analysis.test.ts:419:22)

    console.error
      {"timestamp":"2026-02-11T12:49:50.713Z","level":"info","message":"Content analysis completed","filePath":"C:\\Use
rs\\NewAdmin\\Desktop\\File-Organizer-MCP\\tests\\temp\\test-categorizer-content-96eVaE\\elfbinary","detectedType":"ELF
","confidence":0.95,"duration":0,"warnings":0}

    [0m [90m 23 |[39m     }[33m;[39m
     [90m 24 |[39m
    [31m[1m>[22m[39m[90m 25 |[39m     
console[33m.[39merror([33mJSON[39m[33m.[39mstringify(entry))[33m;[39m [90m// stderr for stdio servers[39m
     [90m    |[39m             [31m[1m^[22m[39m
     [90m 26 |[39m   }
     [90m 27 |[39m
     [90m 28 |[39m   debug(message[33m:[39m string[33m,[39m context[33m?[39m[33m:[39m 
[33mRecord[39m[33m<[39m[33mstring[39m[33m,[39m any[33m>[39m) {[0m

      at Logger.log (src/utils/logger.ts:25:13)
      at Logger.info (src/utils/logger.ts:33:10)
      at ContentAnalyzerService.analyze (src/services/content-analyzer.service.ts:710:14)
      at CategorizerService.getCategoryByContent (src/services/categorizer.service.ts:238:24)
      at Object.<anonymous> (tests/unit/services/categorizer-content-analysis.test.ts:431:22)

    console.error
      {"timestamp":"2026-02-11T12:49:50.714Z","level":"info","message":"File categorized by content","filePath":"C:\\Us
ers\\NewAdmin\\Desktop\\File-Organizer-MCP\\tests\\temp\\test-categorizer-content-96eVaE\\elfbinary","category":"Execut
ables","confidence":0.95,"detectedType":"ELF","mimeType":"application/x-executable","warnings":[]}

    [0m [90m 23 |[39m     }[33m;[39m
     [90m 24 |[39m
    [31m[1m>[22m[39m[90m 25 |[39m     
console[33m.[39merror([33mJSON[39m[33m.[39mstringify(entry))[33m;[39m [90m// stderr for stdio servers[39m
     [90m    |[39m             [31m[1m^[22m[39m
     [90m 26 |[39m   }
     [90m 27 |[39m
     [90m 28 |[39m   debug(message[33m:[39m string[33m,[39m context[33m?[39m[33m:[39m 
[33mRecord[39m[33m<[39m[33mstring[39m[33m,[39m any[33m>[39m) {[0m

      at Logger.log (src/utils/logger.ts:25:13)
      at Logger.logMetadata (src/utils/logger.ts:66:10)
      at CategorizerService.getCategoryByContent (src/services/categorizer.service.ts:278:16)
      at Object.<anonymous> (tests/unit/services/categorizer-content-analysis.test.ts:431:22)

    console.error
      {"timestamp":"2026-02-11T12:49:50.789Z","level":"info","message":"Content analysis completed","filePath":"C:\\Use
rs\\NewAdmin\\Desktop\\File-Organizer-MCP\\tests\\temp\\test-categorizer-content-7XE5Lm\\empty.txt","detectedType":"TEX
T","confidence":0.7,"duration":1,"warnings":0}

    [0m [90m 23 |[39m     }[33m;[39m
     [90m 24 |[39m
    [31m[1m>[22m[39m[90m 25 |[39m     
console[33m.[39merror([33mJSON[39m[33m.[39mstringify(entry))[33m;[39m [90m// stderr for stdio servers[39m
     [90m    |[39m             [31m[1m^[22m[39m
     [90m 26 |[39m   }
     [90m 27 |[39m
     [90m 28 |[39m   debug(message[33m:[39m string[33m,[39m context[33m?[39m[33m:[39m 
[33mRecord[39m[33m<[39m[33mstring[39m[33m,[39m any[33m>[39m) {[0m

      at Logger.log (src/utils/logger.ts:25:13)
      at Logger.info (src/utils/logger.ts:33:10)
      at ContentAnalyzerService.analyze (src/services/content-analyzer.service.ts:710:14)
      at CategorizerService.getCategoryByContent (src/services/categorizer.service.ts:238:24)
      at Object.<anonymous> (tests/unit/services/categorizer-content-analysis.test.ts:439:22)

    console.error
      {"timestamp":"2026-02-11T12:49:50.789Z","level":"info","message":"File categorized by content","filePath":"C:\\Us
ers\\NewAdmin\\Desktop\\File-Organizer-MCP\\tests\\temp\\test-categorizer-content-7XE5Lm\\empty.txt","category":"Docume
nts","confidence":0.7,"detectedType":"TEXT","mimeType":"text/plain","warnings":[]}

    [0m [90m 23 |[39m     }[33m;[39m
     [90m 24 |[39m
    [31m[1m>[22m[39m[90m 25 |[39m     
console[33m.[39merror([33mJSON[39m[33m.[39mstringify(entry))[33m;[39m [90m// stderr for stdio servers[39m
     [90m    |[39m             [31m[1m^[22m[39m
     [90m 26 |[39m   }
     [90m 27 |[39m
     [90m 28 |[39m   debug(message[33m:[39m string[33m,[39m context[33m?[39m[33m:[39m 
[33mRecord[39m[33m<[39m[33mstring[39m[33m,[39m any[33m>[39m) {[0m

      at Logger.log (src/utils/logger.ts:25:13)
      at Logger.logMetadata (src/utils/logger.ts:66:10)
      at CategorizerService.getCategoryByContent (src/services/categorizer.service.ts:278:16)
      at Object.<anonymous> (tests/unit/services/categorizer-content-analysis.test.ts:439:22)

    console.error
      {"timestamp":"2026-02-11T12:49:50.854Z","level":"info","message":"Content analysis completed","filePath":"C:\\Use
rs\\NewAdmin\\Desktop\\File-Organizer-MCP\\tests\\temp\\test-categorizer-content-hVJt89\\binary.dat","detectedType":"UN
KNOWN","confidence":0,"duration":2,"warnings":0}

    [0m [90m 23 |[39m     }[33m;[39m
     [90m 24 |[39m
    [31m[1m>[22m[39m[90m 25 |[39m     
console[33m.[39merror([33mJSON[39m[33m.[39mstringify(entry))[33m;[39m [90m// stderr for stdio servers[39m
     [90m    |[39m             [31m[1m^[22m[39m
     [90m 26 |[39m   }
     [90m 27 |[39m
     [90m 28 |[39m   debug(message[33m:[39m string[33m,[39m context[33m?[39m[33m:[39m 
[33mRecord[39m[33m<[39m[33mstring[39m[33m,[39m any[33m>[39m) {[0m

      at Logger.log (src/utils/logger.ts:25:13)
      at Logger.info (src/utils/logger.ts:33:10)
      at ContentAnalyzerService.analyze (src/services/content-analyzer.service.ts:710:14)
      at CategorizerService.getCategoryByContent (src/services/categorizer.service.ts:238:24)
      at Object.<anonymous> (tests/unit/services/categorizer-content-analysis.test.ts:449:22)

    console.error
      {"timestamp":"2026-02-11T12:49:50.854Z","level":"warn","message":"File categorized by extension (low content conf
idence)","filePath":"C:\\Users\\NewAdmin\\Desktop\\File-Organizer-MCP\\tests\\temp\\test-categorizer-content-hVJt89\\bi
nary.dat","category":"Others","confidence":0.6,"detectedType":"UNKNOWN","mimeType":"application/octet-stream","warnings
":["Low content confidence - falling back to extension-based categorization"]}

    [0m [90m 23 |[39m     }[33m;[39m
     [90m 24 |[39m
    [31m[1m>[22m[39m[90m 25 |[39m     
console[33m.[39merror([33mJSON[39m[33m.[39mstringify(entry))[33m;[39m [90m// stderr for stdio servers[39m
     [90m    |[39m             [31m[1m^[22m[39m
     [90m 26 |[39m   }
     [90m 27 |[39m
     [90m 28 |[39m   debug(message[33m:[39m string[33m,[39m context[33m?[39m[33m:[39m 
[33mRecord[39m[33m<[39m[33mstring[39m[33m,[39m any[33m>[39m) {[0m

      at Logger.log (src/utils/logger.ts:25:13)
      at Logger.logMetadata (src/utils/logger.ts:66:10)
      at CategorizerService.getCategoryByContent (src/services/categorizer.service.ts:291:16)
      at Object.<anonymous> (tests/unit/services/categorizer-content-analysis.test.ts:449:22)

    console.error
      {"timestamp":"2026-02-11T12:49:50.932Z","level":"info","message":"Content analysis completed","filePath":"C:\\Use
rs\\NewAdmin\\Desktop\\File-Organizer-MCP\\tests\\temp\\test-categorizer-content-05ioNE\\µûçµíú.pdf","detectedType":"PD
F","confidence":0.7999999999999999,"duration":1,"warnings":0}

    [0m [90m 23 |[39m     }[33m;[39m
     [90m 24 |[39m
    [31m[1m>[22m[39m[90m 25 |[39m     
console[33m.[39merror([33mJSON[39m[33m.[39mstringify(entry))[33m;[39m [90m// stderr for stdio servers[39m
     [90m    |[39m             [31m[1m^[22m[39m
     [90m 26 |[39m   }
     [90m 27 |[39m
     [90m 28 |[39m   debug(message[33m:[39m string[33m,[39m context[33m?[39m[33m:[39m 
[33mRecord[39m[33m<[39m[33mstring[39m[33m,[39m any[33m>[39m) {[0m

      at Logger.log (src/utils/logger.ts:25:13)
      at Logger.info (src/utils/logger.ts:33:10)
      at ContentAnalyzerService.analyze (src/services/content-analyzer.service.ts:710:14)
      at CategorizerService.getCategoryByContent (src/services/categorizer.service.ts:238:24)
      at Object.<anonymous> (tests/unit/services/categorizer-content-analysis.test.ts:460:22)

    console.error
      {"timestamp":"2026-02-11T12:49:50.932Z","level":"info","message":"File categorized by content","filePath":"C:\\Us
ers\\NewAdmin\\Desktop\\File-Organizer-MCP\\tests\\temp\\test-categorizer-content-05ioNE\\µûçµíú.pdf","category":"Docum
ents","confidence":0.7999999999999999,"detectedType":"PDF","mimeType":"application/pdf","warnings":[]}

    [0m [90m 23 |[39m     }[33m;[39m
     [90m 24 |[39m
    [31m[1m>[22m[39m[90m 25 |[39m     
console[33m.[39merror([33mJSON[39m[33m.[39mstringify(entry))[33m;[39m [90m// stderr for stdio servers[39m
     [90m    |[39m             [31m[1m^[22m[39m
     [90m 26 |[39m   }
     [90m 27 |[39m
     [90m 28 |[39m   debug(message[33m:[39m string[33m,[39m context[33m?[39m[33m:[39m 
[33mRecord[39m[33m<[39m[33mstring[39m[33m,[39m any[33m>[39m) {[0m

      at Logger.log (src/utils/logger.ts:25:13)
      at Logger.logMetadata (src/utils/logger.ts:66:10)
      at CategorizerService.getCategoryByContent (src/services/categorizer.service.ts:278:16)
      at Object.<anonymous> (tests/unit/services/categorizer-content-analysis.test.ts:460:22)

PASS tests/unit/services/content-screening.test.ts
  ÔùÅ Console

    console.error
      {"timestamp":"2026-02-11T12:49:51.428Z","level":"info","message":"File analyzed","filePath":"C:\\Users\\NewAdmin\
\Desktop\\File-Organizer-MCP\\tests\\temp\\test-screening-VRLAWO\\document.pdf","detectedType":"PDF 
Document","security":{"threatLevel":"none","passed":true,"issues":[]}}

    [0m [90m 23 |[39m     }[33m;[39m
     [90m 24 |[39m
    [31m[1m>[22m[39m[90m 25 |[39m     
console[33m.[39merror([33mJSON[39m[33m.[39mstringify(entry))[33m;[39m [90m// stderr for stdio servers[39m
     [90m    |[39m             [31m[1m^[22m[39m
     [90m 26 |[39m   }
     [90m 27 |[39m
     [90m 28 |[39m   debug(message[33m:[39m string[33m,[39m context[33m?[39m[33m:[39m 
[33mRecord[39m[33m<[39m[33mstring[39m[33m,[39m any[33m>[39m) {[0m

      at Logger.log (src/utils/logger.ts:25:13)
      at Logger.logScanResult (src/utils/logger.ts:83:10)
      at ContentScreeningService.screen (src/services/content-screening.service.ts:309:14)
      at Object.<anonymous> (tests/unit/services/content-screening.test.ts:43:22)

    console.error
      {"timestamp":"2026-02-11T12:49:51.529Z","level":"info","message":"File analyzed","filePath":"C:\\Users\\NewAdmin\
\Desktop\\File-Organizer-MCP\\tests\\temp\\test-screening-oe0ein\\image.png","detectedType":"PNG 
Image","security":{"threatLevel":"none","passed":true,"issues":[]}}

    [0m [90m 23 |[39m     }[33m;[39m
     [90m 24 |[39m
    [31m[1m>[22m[39m[90m 25 |[39m     
console[33m.[39merror([33mJSON[39m[33m.[39mstringify(entry))[33m;[39m [90m// stderr for stdio servers[39m
     [90m    |[39m             [31m[1m^[22m[39m
     [90m 26 |[39m   }
     [90m 27 |[39m
     [90m 28 |[39m   debug(message[33m:[39m string[33m,[39m context[33m?[39m[33m:[39m 
[33mRecord[39m[33m<[39m[33mstring[39m[33m,[39m any[33m>[39m) {[0m

      at Logger.log (src/utils/logger.ts:25:13)
      at Logger.logScanResult (src/utils/logger.ts:83:10)
      at ContentScreeningService.screen (src/services/content-screening.service.ts:309:14)
      at Object.<anonymous> (tests/unit/services/content-screening.test.ts:58:22)

    console.error
      {"timestamp":"2026-02-11T12:49:51.663Z","level":"error","message":"Screening error","filePath":"C:\\Users\\NewAdm
in\\Desktop\\File-Organizer-MCP\\tests\\temp\\test-screening-c8TQo7\\does-not-exist.txt","error":{"errno":-4058,"code":
"ENOENT","syscall":"open","path":"C:\\Users\\NewAdmin\\Desktop\\File-Organizer-MCP\\tests\\temp\\test-screening-c8TQo7\
\does-not-exist.txt"}}

    [0m [90m 23 |[39m     }[33m;[39m
     [90m 24 |[39m
    [31m[1m>[22m[39m[90m 25 |[39m     
console[33m.[39merror([33mJSON[39m[33m.[39mstringify(entry))[33m;[39m [90m// stderr for stdio servers[39m
     [90m    |[39m             [31m[1m^[22m[39m
     [90m 26 |[39m   }
     [90m 27 |[39m
     [90m 28 |[39m   debug(message[33m:[39m string[33m,[39m context[33m?[39m[33m:[39m 
[33mRecord[39m[33m<[39m[33mstring[39m[33m,[39m any[33m>[39m) {[0m

      at Logger.log (src/utils/logger.ts:25:13)
      at Logger.error (src/utils/logger.ts:45:10)
      at ContentScreeningService.screen (src/services/content-screening.service.ts:311:14)
      at Object.<anonymous> (tests/unit/services/content-screening.test.ts:78:22)

    console.error
      {"timestamp":"2026-02-11T12:49:51.733Z","level":"warn","message":"File analyzed","filePath":"C:\\Users\\NewAdmin\
\Desktop\\File-Organizer-MCP\\tests\\temp\\test-screening-nUBanT\\image.jpg","detectedType":"PNG Image","security":{"th
reatLevel":"medium","passed":true,"issues":[{"type":"extension_mismatch","severity":"warning","message":"Extension 
mismatch: declared as \".jpg\" but detected as \"PNG 
Image\"","details":{"declaredExtension":".jpg","detectedExtension":".png","detectedType":"PNG Image"}}]}}

    [0m [90m 23 |[39m     }[33m;[39m
     [90m 24 |[39m
    [31m[1m>[22m[39m[90m 25 |[39m     
console[33m.[39merror([33mJSON[39m[33m.[39mstringify(entry))[33m;[39m [90m// stderr for stdio servers[39m
     [90m    |[39m             [31m[1m^[22m[39m
     [90m 26 |[39m   }
     [90m 27 |[39m
     [90m 28 |[39m   debug(message[33m:[39m string[33m,[39m context[33m?[39m[33m:[39m 
[33mRecord[39m[33m<[39m[33mstring[39m[33m,[39m any[33m>[39m) {[0m

      at Logger.log (src/utils/logger.ts:25:13)
      at Logger.logScanResult (src/utils/logger.ts:83:10)
      at ContentScreeningService.screen (src/services/content-screening.service.ts:309:14)
      at Object.<anonymous> (tests/unit/services/content-screening.test.ts:94:22)

    console.error
      {"timestamp":"2026-02-11T12:49:51.794Z","level":"warn","message":"File analyzed","filePath":"C:\\Users\\NewAdmin\
\Desktop\\File-Organizer-MCP\\tests\\temp\\test-screening-WqcGld\\photo.png","detectedType":"JPEG Image","security":{"t
hreatLevel":"medium","passed":true,"issues":[{"type":"extension_mismatch","severity":"warning","message":"Extension 
mismatch: declared as \".png\" but detected as \"JPEG 
Image\"","details":{"declaredExtension":".png","detectedExtension":".jpg","detectedType":"JPEG Image"}}]}}

    [0m [90m 23 |[39m     }[33m;[39m
     [90m 24 |[39m
    [31m[1m>[22m[39m[90m 25 |[39m     
console[33m.[39merror([33mJSON[39m[33m.[39mstringify(entry))[33m;[39m [90m// stderr for stdio servers[39m
     [90m    |[39m             [31m[1m^[22m[39m
     [90m 26 |[39m   }
     [90m 27 |[39m
     [90m 28 |[39m   debug(message[33m:[39m string[33m,[39m context[33m?[39m[33m:[39m 
[33mRecord[39m[33m<[39m[33mstring[39m[33m,[39m any[33m>[39m) {[0m

      at Logger.log (src/utils/logger.ts:25:13)
      at Logger.logScanResult (src/utils/logger.ts:83:10)
      at ContentScreeningService.screen (src/services/content-screening.service.ts:309:14)
      at Object.<anonymous> (tests/unit/services/content-screening.test.ts:106:22)

    console.error
      {"timestamp":"2026-02-11T12:49:51.863Z","level":"info","message":"File analyzed","filePath":"C:\\Users\\NewAdmin\
\Desktop\\File-Organizer-MCP\\tests\\temp\\test-screening-52C5h2\\archive.zip","detectedType":"ZIP 
Archive","security":{"threatLevel":"none","passed":true,"issues":[]}}

    [0m [90m 23 |[39m     }[33m;[39m
     [90m 24 |[39m
    [31m[1m>[22m[39m[90m 25 |[39m     
console[33m.[39merror([33mJSON[39m[33m.[39mstringify(entry))[33m;[39m [90m// stderr for stdio servers[39m
     [90m    |[39m             [31m[1m^[22m[39m
     [90m 26 |[39m   }
     [90m 27 |[39m
     [90m 28 |[39m   debug(message[33m:[39m string[33m,[39m context[33m?[39m[33m:[39m 
[33mRecord[39m[33m<[39m[33mstring[39m[33m,[39m any[33m>[39m) {[0m

      at Logger.log (src/utils/logger.ts:25:13)
      at Logger.logScanResult (src/utils/logger.ts:83:10)
      at ContentScreeningService.screen (src/services/content-screening.service.ts:309:14)
      at Object.<anonymous> (tests/unit/services/content-screening.test.ts:118:22)

    console.error
      {"timestamp":"2026-02-11T12:49:51.927Z","level":"error","message":"File analyzed","filePath":"C:\\Users\\NewAdmin
\\Desktop\\File-Organizer-MCP\\tests\\temp\\test-screening-0NnvDv\\malware.pdf","detectedType":"Windows Executable","se
curity":{"threatLevel":"high","passed":false,"issues":[{"type":"extension_mismatch","severity":"warning","message":"Ext
ension mismatch: declared as \".pdf\" but detected as \"Windows 
Executable\"","details":{"declaredExtension":".pdf","detectedExtension":".exe","detectedType":"Windows 
Executable"}},{"type":"executable_disguised","severity":"error","message":"CRITICAL: Executable content detected 
inside .pdf file! Possible malware.","details":{"declaredExtension":".pdf","detectedType":"Windows 
Executable","detectedCategory":"executable"}}]}}

    [0m [90m 23 |[39m     }[33m;[39m
     [90m 24 |[39m
    [31m[1m>[22m[39m[90m 25 |[39m     
console[33m.[39merror([33mJSON[39m[33m.[39mstringify(entry))[33m;[39m [90m// stderr for stdio servers[39m
     [90m    |[39m             [31m[1m^[22m[39m
     [90m 26 |[39m   }
     [90m 27 |[39m
     [90m 28 |[39m   debug(message[33m:[39m string[33m,[39m context[33m?[39m[33m:[39m 
[33mRecord[39m[33m<[39m[33mstring[39m[33m,[39m any[33m>[39m) {[0m

      at Logger.log (src/utils/logger.ts:25:13)
      at Logger.logScanResult (src/utils/logger.ts:83:10)
      at ContentScreeningService.screen (src/services/content-screening.service.ts:309:14)
      at Object.<anonymous> (tests/unit/services/content-screening.test.ts:132:22)

    console.error
      {"timestamp":"2026-02-11T12:49:51.996Z","level":"error","message":"File analyzed","filePath":"C:\\Users\\NewAdmin
\\Desktop\\File-Organizer-MCP\\tests\\temp\\test-screening-yJ7O8H\\virus.jpg","detectedType":"Windows Executable","secu
rity":{"threatLevel":"high","passed":false,"issues":[{"type":"extension_mismatch","severity":"warning","message":"Exten
sion mismatch: declared as \".jpg\" but detected as \"Windows 
Executable\"","details":{"declaredExtension":".jpg","detectedExtension":".exe","detectedType":"Windows 
Executable"}},{"type":"executable_disguised","severity":"error","message":"CRITICAL: Executable content detected 
inside .jpg file! Possible malware.","details":{"declaredExtension":".jpg","detectedType":"Windows 
Executable","detectedCategory":"executable"}}]}}

    [0m [90m 23 |[39m     }[33m;[39m
     [90m 24 |[39m
    [31m[1m>[22m[39m[90m 25 |[39m     
console[33m.[39merror([33mJSON[39m[33m.[39mstringify(entry))[33m;[39m [90m// stderr for stdio servers[39m
     [90m    |[39m             [31m[1m^[22m[39m
     [90m 26 |[39m   }
     [90m 27 |[39m
     [90m 28 |[39m   debug(message[33m:[39m string[33m,[39m context[33m?[39m[33m:[39m 
[33mRecord[39m[33m<[39m[33mstring[39m[33m,[39m any[33m>[39m) {[0m

      at Logger.log (src/utils/logger.ts:25:13)
      at Logger.logScanResult (src/utils/logger.ts:83:10)
      at ContentScreeningService.screen (src/services/content-screening.service.ts:309:14)
      at Object.<anonymous> (tests/unit/services/content-screening.test.ts:147:22)

    console.error
      {"timestamp":"2026-02-11T12:49:52.057Z","level":"error","message":"File analyzed","filePath":"C:\\Users\\NewAdmin
\\Desktop\\File-Organizer-MCP\\tests\\temp\\test-screening-3dO8qp\\malware.png","detectedType":"ELF Executable","securi
ty":{"threatLevel":"high","passed":false,"issues":[{"type":"executable_disguised","severity":"error","message":"CRITICA
L: Executable content detected inside .png file! Possible 
malware.","details":{"declaredExtension":".png","detectedType":"ELF Executable","detectedCategory":"executable"}}]}}

    [0m [90m 23 |[39m     }[33m;[39m
     [90m 24 |[39m
    [31m[1m>[22m[39m[90m 25 |[39m     
console[33m.[39merror([33mJSON[39m[33m.[39mstringify(entry))[33m;[39m [90m// stderr for stdio servers[39m
     [90m    |[39m             [31m[1m^[22m[39m
     [90m 26 |[39m   }
     [90m 27 |[39m
     [90m 28 |[39m   debug(message[33m:[39m string[33m,[39m context[33m?[39m[33m:[39m 
[33mRecord[39m[33m<[39m[33mstring[39m[33m,[39m any[33m>[39m) {[0m

      at Logger.log (src/utils/logger.ts:25:13)
      at Logger.logScanResult (src/utils/logger.ts:83:10)
      at ContentScreeningService.screen (src/services/content-screening.service.ts:309:14)
      at Object.<anonymous> (tests/unit/services/content-screening.test.ts:160:22)

    console.error
      {"timestamp":"2026-02-11T12:49:52.126Z","level":"error","message":"File analyzed","filePath":"C:\\Users\\NewAdmin
\\Desktop\\File-Organizer-MCP\\tests\\temp\\test-screening-OWizy7\\trojan.gif","detectedType":"Windows Executable","sec
urity":{"threatLevel":"high","passed":false,"issues":[{"type":"extension_mismatch","severity":"warning","message":"Exte
nsion mismatch: declared as \".gif\" but detected as \"Windows 
Executable\"","details":{"declaredExtension":".gif","detectedExtension":".exe","detectedType":"Windows 
Executable"}},{"type":"executable_disguised","severity":"error","message":"CRITICAL: Executable content detected 
inside .gif file! Possible malware.","details":{"declaredExtension":".gif","detectedType":"Windows 
Executable","detectedCategory":"executable"}}]}}

    [0m [90m 23 |[39m     }[33m;[39m
     [90m 24 |[39m
    [31m[1m>[22m[39m[90m 25 |[39m     
console[33m.[39merror([33mJSON[39m[33m.[39mstringify(entry))[33m;[39m [90m// stderr for stdio servers[39m
     [90m    |[39m             [31m[1m^[22m[39m
     [90m 26 |[39m   }
     [90m 27 |[39m
     [90m 28 |[39m   debug(message[33m:[39m string[33m,[39m context[33m?[39m[33m:[39m 
[33mRecord[39m[33m<[39m[33mstring[39m[33m,[39m any[33m>[39m) {[0m

      at Logger.log (src/utils/logger.ts:25:13)
      at Logger.logScanResult (src/utils/logger.ts:83:10)
      at ContentScreeningService.screen (src/services/content-screening.service.ts:309:14)
      at Object.<anonymous> (tests/unit/services/content-screening.test.ts:172:22)

    console.error
      {"timestamp":"2026-02-11T12:49:52.197Z","level":"info","message":"File analyzed","filePath":"C:\\Users\\NewAdmin\
\Desktop\\File-Organizer-MCP\\tests\\temp\\test-screening-Ikf1iy\\program.exe","detectedType":"Windows 
Executable","security":{"threatLevel":"none","passed":true,"issues":[]}}

    [0m [90m 23 |[39m     }[33m;[39m
     [90m 24 |[39m
    [31m[1m>[22m[39m[90m 25 |[39m     
console[33m.[39merror([33mJSON[39m[33m.[39mstringify(entry))[33m;[39m [90m// stderr for stdio servers[39m
     [90m    |[39m             [31m[1m^[22m[39m
     [90m 26 |[39m   }
     [90m 27 |[39m
     [90m 28 |[39m   debug(message[33m:[39m string[33m,[39m context[33m?[39m[33m:[39m 
[33mRecord[39m[33m<[39m[33mstring[39m[33m,[39m any[33m>[39m) {[0m

      at Logger.log (src/utils/logger.ts:25:13)
      at Logger.logScanResult (src/utils/logger.ts:83:10)
      at ContentScreeningService.screen (src/services/content-screening.service.ts:309:14)
      at Object.<anonymous> (tests/unit/services/content-screening.test.ts:184:22)

    console.error
      {"timestamp":"2026-02-11T12:49:52.266Z","level":"info","message":"File analyzed","filePath":"C:\\Users\\NewAdmin\
\Desktop\\File-Organizer-MCP\\tests\\temp\\test-screening-GedBPo\\binary","detectedType":"ELF 
Executable","security":{"threatLevel":"none","passed":true,"issues":[]}}

    [0m [90m 23 |[39m     }[33m;[39m
     [90m 24 |[39m
    [31m[1m>[22m[39m[90m 25 |[39m     
console[33m.[39merror([33mJSON[39m[33m.[39mstringify(entry))[33m;[39m [90m// stderr for stdio servers[39m
     [90m    |[39m             [31m[1m^[22m[39m
     [90m 26 |[39m   }
     [90m 27 |[39m
     [90m 28 |[39m   debug(message[33m:[39m string[33m,[39m context[33m?[39m[33m:[39m 
[33mRecord[39m[33m<[39m[33mstring[39m[33m,[39m any[33m>[39m) {[0m

      at Logger.log (src/utils/logger.ts:25:13)
      at Logger.logScanResult (src/utils/logger.ts:83:10)
      at ContentScreeningService.screen (src/services/content-screening.service.ts:309:14)
      at Object.<anonymous> (tests/unit/services/content-screening.test.ts:197:22)

    console.error
      {"timestamp":"2026-02-11T12:49:52.347Z","level":"error","message":"File analyzed","filePath":"C:\\Users\\NewAdmin
\\Desktop\\File-Organizer-MCP\\tests\\temp\\test-screening-VNNo2i\\photo.jpg.exe","detectedType":"unknown","security":{
"threatLevel":"high","passed":false,"issues":[{"type":"suspicious_pattern","severity":"error","message":"Suspicious 
double extension detected: \".jpg.exe\" - executable hidden in filename","details":{"pattern":"double_extension","filen
ame":"photo.jpg.exe","hiddenExecutable":".exe"}},{"type":"unknown_type","severity":"warning","message":"Unknown file 
type with extension: .exe","details":{"extension":".exe"}}]}}

    [0m [90m 23 |[39m     }[33m;[39m
     [90m 24 |[39m
    [31m[1m>[22m[39m[90m 25 |[39m     
console[33m.[39merror([33mJSON[39m[33m.[39mstringify(entry))[33m;[39m [90m// stderr for stdio servers[39m
     [90m    |[39m             [31m[1m^[22m[39m
     [90m 26 |[39m   }
     [90m 27 |[39m
     [90m 28 |[39m   debug(message[33m:[39m string[33m,[39m context[33m?[39m[33m:[39m 
[33mRecord[39m[33m<[39m[33mstring[39m[33m,[39m any[33m>[39m) {[0m

      at Logger.log (src/utils/logger.ts:25:13)
      at Logger.logScanResult (src/utils/logger.ts:83:10)
      at ContentScreeningService.screen (src/services/content-screening.service.ts:309:14)
      at Object.<anonymous> (tests/unit/services/content-screening.test.ts:209:22)

    console.error
      {"timestamp":"2026-02-11T12:49:52.410Z","level":"error","message":"File analyzed","filePath":"C:\\Users\\NewAdmin
\\Desktop\\File-Organizer-MCP\\tests\\temp\\test-screening-AJZCIc\\document.pdf.bat","detectedType":"unknown","security
":{"threatLevel":"high","passed":false,"issues":[{"type":"suspicious_pattern","severity":"error","message":"Suspicious 
double extension detected: \".pdf.bat\" - executable hidden in filename","details":{"pattern":"double_extension","filen
ame":"document.pdf.bat","hiddenExecutable":".bat"}},{"type":"unknown_type","severity":"warning","message":"Unknown 
file type with extension: .bat","details":{"extension":".bat"}}]}}

    [0m [90m 23 |[39m     }[33m;[39m
     [90m 24 |[39m
    [31m[1m>[22m[39m[90m 25 |[39m     
console[33m.[39merror([33mJSON[39m[33m.[39mstringify(entry))[33m;[39m [90m// stderr for stdio servers[39m
     [90m    |[39m             [31m[1m^[22m[39m
     [90m 26 |[39m   }
     [90m 27 |[39m
     [90m 28 |[39m   debug(message[33m:[39m string[33m,[39m context[33m?[39m[33m:[39m 
[33mRecord[39m[33m<[39m[33mstring[39m[33m,[39m any[33m>[39m) {[0m

      at Logger.log (src/utils/logger.ts:25:13)
      at Logger.logScanResult (src/utils/logger.ts:83:10)
      at ContentScreeningService.screen (src/services/content-screening.service.ts:309:14)
      at Object.<anonymous> (tests/unit/services/content-screening.test.ts:226:22)

    console.error
      {"timestamp":"2026-02-11T12:49:52.526Z","level":"warn","message":"File analyzed","filePath":"C:\\Users\\NewAdmin\
\Desktop\\File-Organizer-MCP\\tests\\temp\\test-screening-6EB44l\\archive.tar.gz.bz2","detectedType":"unknown","securit
y":{"threatLevel":"medium","passed":true,"issues":[{"type":"suspicious_pattern","severity":"warning","message":"Multipl
e extensions detected in filename: \"archive.tar.gz.bz2\"","details":{"pattern":"double_extension","filename":"archive.
tar.gz.bz2"}},{"type":"unknown_type","severity":"warning","message":"Unknown file type with extension: 
.bz2","details":{"extension":".bz2"}}]}}

    [0m [90m 23 |[39m     }[33m;[39m
     [90m 24 |[39m
    [31m[1m>[22m[39m[90m 25 |[39m     
console[33m.[39merror([33mJSON[39m[33m.[39mstringify(entry))[33m;[39m [90m// stderr for stdio servers[39m
     [90m    |[39m             [31m[1m^[22m[39m
     [90m 26 |[39m   }
     [90m 27 |[39m
     [90m 28 |[39m   debug(message[33m:[39m string[33m,[39m context[33m?[39m[33m:[39m 
[33mRecord[39m[33m<[39m[33mstring[39m[33m,[39m any[33m>[39m) {[0m

      at Logger.log (src/utils/logger.ts:25:13)
      at Logger.logScanResult (src/utils/logger.ts:83:10)
      at ContentScreeningService.screen (src/services/content-screening.service.ts:309:14)
      at Object.<anonymous> (tests/unit/services/content-screening.test.ts:238:22)

    console.error
      {"timestamp":"2026-02-11T12:49:52.590Z","level":"error","message":"File analyzed","filePath":"C:\\Users\\NewAdmin
\\Desktop\\File-Organizer-MCP\\tests\\temp\\test-screening-oggcwy\\fileÔÇ«txt.exe","detectedType":"unknown","security":
{"threatLevel":"high","passed":false,"issues":[{"type":"suspicious_pattern","severity":"error","message":"Filename 
contains bidirectional text override characters - possible 
spoofing","details":{"filename":"fileÔÇ«txt.exe"}},{"type":"unknown_type","severity":"warning","message":"Unknown file 
type with extension: .exe","details":{"extension":".exe"}}]}}

    [0m [90m 23 |[39m     }[33m;[39m
     [90m 24 |[39m
    [31m[1m>[22m[39m[90m 25 |[39m     
console[33m.[39merror([33mJSON[39m[33m.[39mstringify(entry))[33m;[39m [90m// stderr for stdio servers[39m
     [90m    |[39m             [31m[1m^[22m[39m
     [90m 26 |[39m   }
     [90m 27 |[39m
     [90m 28 |[39m   debug(message[33m:[39m string[33m,[39m context[33m?[39m[33m:[39m 
[33mRecord[39m[33m<[39m[33mstring[39m[33m,[39m any[33m>[39m) {[0m

      at Logger.log (src/utils/logger.ts:25:13)
      at Logger.logScanResult (src/utils/logger.ts:83:10)
      at ContentScreeningService.screen (src/services/content-screening.service.ts:309:14)
      at Object.<anonymous> (tests/unit/services/content-screening.test.ts:271:22)

    console.error
      {"timestamp":"2026-02-11T12:49:52.653Z","level":"warn","message":"File analyzed","filePath":"C:\\Users\\NewAdmin\
\Desktop\\File-Organizer-MCP\\tests\\temp\\test-screening-yjKsq3\\file.name.with.many.dots.txt","detectedType":"unknown
","security":{"threatLevel":"medium","passed":true,"issues":[{"type":"suspicious_pattern","severity":"warning","message
":"Multiple extensions detected in filename: \"file.name.with.many.dots.txt\"","details":{"pattern":"double_extension",
"filename":"file.name.with.many.dots.txt"}},{"type":"suspicious_pattern","severity":"warning","message":"Filename 
contains 5 dots - possible obfuscation attempt","details":{"filename":"file.name.with.many.dots.txt","dotCount":5}},{"t
ype":"unknown_type","severity":"warning","message":"Unknown file type with extension: 
.txt","details":{"extension":".txt"}}]}}

    [0m [90m 23 |[39m     }[33m;[39m
     [90m 24 |[39m
    [31m[1m>[22m[39m[90m 25 |[39m     
console[33m.[39merror([33mJSON[39m[33m.[39mstringify(entry))[33m;[39m [90m// stderr for stdio servers[39m
     [90m    |[39m             [31m[1m^[22m[39m
     [90m 26 |[39m   }
     [90m 27 |[39m
     [90m 28 |[39m   debug(message[33m:[39m string[33m,[39m context[33m?[39m[33m:[39m 
[33mRecord[39m[33m<[39m[33mstring[39m[33m,[39m any[33m>[39m) {[0m

      at Logger.log (src/utils/logger.ts:25:13)
      at Logger.logScanResult (src/utils/logger.ts:83:10)
      at ContentScreeningService.screen (src/services/content-screening.service.ts:309:14)
      at Object.<anonymous> (tests/unit/services/content-screening.test.ts:286:22)

    console.error
      {"timestamp":"2026-02-11T12:49:52.729Z","level":"info","message":"Starting batch screening of 3 files"}

    [0m [90m 23 |[39m     }[33m;[39m
     [90m 24 |[39m
    [31m[1m>[22m[39m[90m 25 |[39m     
console[33m.[39merror([33mJSON[39m[33m.[39mstringify(entry))[33m;[39m [90m// stderr for stdio servers[39m
     [90m    |[39m             [31m[1m^[22m[39m
     [90m 26 |[39m   }
     [90m 27 |[39m
     [90m 28 |[39m   debug(message[33m:[39m string[33m,[39m context[33m?[39m[33m:[39m 
[33mRecord[39m[33m<[39m[33mstring[39m[33m,[39m any[33m>[39m) {[0m

      at Logger.log (src/utils/logger.ts:25:13)
      at Logger.info (src/utils/logger.ts:33:10)
      at ContentScreeningService.screenBatch (src/services/content-screening.service.ts:331:12)
      at Object.<anonymous> (tests/unit/services/content-screening.test.ts:303:46)

    console.error
      {"timestamp":"2026-02-11T12:49:52.730Z","level":"info","message":"File analyzed","filePath":"C:\\Users\\NewAdmin\
\Desktop\\File-Organizer-MCP\\tests\\temp\\test-screening-IlxtGH\\doc1.pdf","detectedType":"PDF 
Document","security":{"threatLevel":"none","passed":true,"issues":[]}}

    [0m [90m 23 |[39m     }[33m;[39m
     [90m 24 |[39m
    [31m[1m>[22m[39m[90m 25 |[39m     
console[33m.[39merror([33mJSON[39m[33m.[39mstringify(entry))[33m;[39m [90m// stderr for stdio servers[39m
     [90m    |[39m             [31m[1m^[22m[39m
     [90m 26 |[39m   }
     [90m 27 |[39m
     [90m 28 |[39m   debug(message[33m:[39m string[33m,[39m context[33m?[39m[33m:[39m 
[33mRecord[39m[33m<[39m[33mstring[39m[33m,[39m any[33m>[39m) {[0m

      at Logger.log (src/utils/logger.ts:25:13)
      at Logger.logScanResult (src/utils/logger.ts:83:10)
      at ContentScreeningService.screen (src/services/content-screening.service.ts:309:14)
          at async Promise.all (index 0)
      at ContentScreeningService.screenBatch (src/services/content-screening.service.ts:333:21)
      at Object.<anonymous> (tests/unit/services/content-screening.test.ts:303:23)

    console.error
      {"timestamp":"2026-02-11T12:49:52.730Z","level":"info","message":"File analyzed","filePath":"C:\\Users\\NewAdmin\
\Desktop\\File-Organizer-MCP\\tests\\temp\\test-screening-IlxtGH\\doc2.pdf","detectedType":"PDF 
Document","security":{"threatLevel":"none","passed":true,"issues":[]}}

    [0m [90m 23 |[39m     }[33m;[39m
     [90m 24 |[39m
    [31m[1m>[22m[39m[90m 25 |[39m     
console[33m.[39merror([33mJSON[39m[33m.[39mstringify(entry))[33m;[39m [90m// stderr for stdio servers[39m
     [90m    |[39m             [31m[1m^[22m[39m
     [90m 26 |[39m   }
     [90m 27 |[39m
     [90m 28 |[39m   debug(message[33m:[39m string[33m,[39m context[33m?[39m[33m:[39m 
[33mRecord[39m[33m<[39m[33mstring[39m[33m,[39m any[33m>[39m) {[0m

      at Logger.log (src/utils/logger.ts:25:13)
      at Logger.logScanResult (src/utils/logger.ts:83:10)
      at ContentScreeningService.screen (src/services/content-screening.service.ts:309:14)
          at async Promise.all (index 2)
      at ContentScreeningService.screenBatch (src/services/content-screening.service.ts:333:21)
      at Object.<anonymous> (tests/unit/services/content-screening.test.ts:303:23)

    console.error
      {"timestamp":"2026-02-11T12:49:52.730Z","level":"info","message":"File analyzed","filePath":"C:\\Users\\NewAdmin\
\Desktop\\File-Organizer-MCP\\tests\\temp\\test-screening-IlxtGH\\img1.png","detectedType":"PNG 
Image","security":{"threatLevel":"none","passed":true,"issues":[]}}

    [0m [90m 23 |[39m     }[33m;[39m
     [90m 24 |[39m
    [31m[1m>[22m[39m[90m 25 |[39m     
console[33m.[39merror([33mJSON[39m[33m.[39mstringify(entry))[33m;[39m [90m// stderr for stdio servers[39m
     [90m    |[39m             [31m[1m^[22m[39m
     [90m 26 |[39m   }
     [90m 27 |[39m
     [90m 28 |[39m   debug(message[33m:[39m string[33m,[39m context[33m?[39m[33m:[39m 
[33mRecord[39m[33m<[39m[33mstring[39m[33m,[39m any[33m>[39m) {[0m

      at Logger.log (src/utils/logger.ts:25:13)
      at Logger.logScanResult (src/utils/logger.ts:83:10)
      at ContentScreeningService.screen (src/services/content-screening.service.ts:309:14)
          at async Promise.all (index 1)
      at ContentScreeningService.screenBatch (src/services/content-screening.service.ts:333:21)
      at Object.<anonymous> (tests/unit/services/content-screening.test.ts:303:23)

    console.error
      {"timestamp":"2026-02-11T12:49:52.730Z","level":"info","message":"Batch screening 
complete","total":3,"passed":3,"failed":0}

    [0m [90m 23 |[39m     }[33m;[39m
     [90m 24 |[39m
    [31m[1m>[22m[39m[90m 25 |[39m     
console[33m.[39merror([33mJSON[39m[33m.[39mstringify(entry))[33m;[39m [90m// stderr for stdio servers[39m
     [90m    |[39m             [31m[1m^[22m[39m
     [90m 26 |[39m   }
     [90m 27 |[39m
     [90m 28 |[39m   debug(message[33m:[39m string[33m,[39m context[33m?[39m[33m:[39m 
[33mRecord[39m[33m<[39m[33mstring[39m[33m,[39m any[33m>[39m) {[0m

      at Logger.log (src/utils/logger.ts:25:13)
      at Logger.info (src/utils/logger.ts:33:10)
      at ContentScreeningService.screenBatch (src/services/content-screening.service.ts:340:12)
      at Object.<anonymous> (tests/unit/services/content-screening.test.ts:303:23)

    console.error
      {"timestamp":"2026-02-11T12:49:52.798Z","level":"info","message":"Starting batch screening of 2 files"}

    [0m [90m 23 |[39m     }[33m;[39m
     [90m 24 |[39m
    [31m[1m>[22m[39m[90m 25 |[39m     
console[33m.[39merror([33mJSON[39m[33m.[39mstringify(entry))[33m;[39m [90m// stderr for stdio servers[39m
     [90m    |[39m             [31m[1m^[22m[39m
     [90m 26 |[39m   }
     [90m 27 |[39m
     [90m 28 |[39m   debug(message[33m:[39m string[33m,[39m context[33m?[39m[33m:[39m 
[33mRecord[39m[33m<[39m[33mstring[39m[33m,[39m any[33m>[39m) {[0m

      at Logger.log (src/utils/logger.ts:25:13)
      at Logger.info (src/utils/logger.ts:33:10)
      at ContentScreeningService.screenBatch (src/services/content-screening.service.ts:331:12)
      at Object.<anonymous> (tests/unit/services/content-screening.test.ts:316:46)

    console.error
      {"timestamp":"2026-02-11T12:49:52.799Z","level":"info","message":"File analyzed","filePath":"C:\\Users\\NewAdmin\
\Desktop\\File-Organizer-MCP\\tests\\temp\\test-screening-xFziLg\\safe.pdf","detectedType":"PDF 
Document","security":{"threatLevel":"none","passed":true,"issues":[]}}

    [0m [90m 23 |[39m     }[33m;[39m
     [90m 24 |[39m
    [31m[1m>[22m[39m[90m 25 |[39m     
console[33m.[39merror([33mJSON[39m[33m.[39mstringify(entry))[33m;[39m [90m// stderr for stdio servers[39m
     [90m    |[39m             [31m[1m^[22m[39m
     [90m 26 |[39m   }
     [90m 27 |[39m
     [90m 28 |[39m   debug(message[33m:[39m string[33m,[39m context[33m?[39m[33m:[39m 
[33mRecord[39m[33m<[39m[33mstring[39m[33m,[39m any[33m>[39m) {[0m

      at Logger.log (src/utils/logger.ts:25:13)
      at Logger.logScanResult (src/utils/logger.ts:83:10)
      at ContentScreeningService.screen (src/services/content-screening.service.ts:309:14)
          at async Promise.all (index 0)
      at ContentScreeningService.screenBatch (src/services/content-screening.service.ts:333:21)
      at Object.<anonymous> (tests/unit/services/content-screening.test.ts:316:23)

    console.error
      {"timestamp":"2026-02-11T12:49:52.799Z","level":"error","message":"File analyzed","filePath":"C:\\Users\\NewAdmin
\\Desktop\\File-Organizer-MCP\\tests\\temp\\test-screening-xFziLg\\malware.jpg","detectedType":"Windows Executable","se
curity":{"threatLevel":"high","passed":false,"issues":[{"type":"extension_mismatch","severity":"warning","message":"Ext
ension mismatch: declared as \".jpg\" but detected as \"Windows 
Executable\"","details":{"declaredExtension":".jpg","detectedExtension":".exe","detectedType":"Windows 
Executable"}},{"type":"executable_disguised","severity":"error","message":"CRITICAL: Executable content detected 
inside .jpg file! Possible malware.","details":{"declaredExtension":".jpg","detectedType":"Windows 
Executable","detectedCategory":"executable"}}]}}

    [0m [90m 23 |[39m     }[33m;[39m
     [90m 24 |[39m
    [31m[1m>[22m[39m[90m 25 |[39m     
console[33m.[39merror([33mJSON[39m[33m.[39mstringify(entry))[33m;[39m [90m// stderr for stdio servers[39m
     [90m    |[39m             [31m[1m^[22m[39m
     [90m 26 |[39m   }
     [90m 27 |[39m
     [90m 28 |[39m   debug(message[33m:[39m string[33m,[39m context[33m?[39m[33m:[39m 
[33mRecord[39m[33m<[39m[33mstring[39m[33m,[39m any[33m>[39m) {[0m

      at Logger.log (src/utils/logger.ts:25:13)
      at Logger.logScanResult (src/utils/logger.ts:83:10)
      at ContentScreeningService.screen (src/services/content-screening.service.ts:309:14)
          at async Promise.all (index 1)
      at ContentScreeningService.screenBatch (src/services/content-screening.service.ts:333:21)
      at Object.<anonymous> (tests/unit/services/content-screening.test.ts:316:23)

    console.error
      {"timestamp":"2026-02-11T12:49:52.800Z","level":"info","message":"Batch screening 
complete","total":2,"passed":1,"failed":1}

    [0m [90m 23 |[39m     }[33m;[39m
     [90m 24 |[39m
    [31m[1m>[22m[39m[90m 25 |[39m     
console[33m.[39merror([33mJSON[39m[33m.[39mstringify(entry))[33m;[39m [90m// stderr for stdio servers[39m
     [90m    |[39m             [31m[1m^[22m[39m
     [90m 26 |[39m   }
     [90m 27 |[39m
     [90m 28 |[39m   debug(message[33m:[39m string[33m,[39m context[33m?[39m[33m:[39m 
[33mRecord[39m[33m<[39m[33mstring[39m[33m,[39m any[33m>[39m) {[0m

      at Logger.log (src/utils/logger.ts:25:13)
      at Logger.info (src/utils/logger.ts:33:10)
      at ContentScreeningService.screenBatch (src/services/content-screening.service.ts:340:12)
      at Object.<anonymous> (tests/unit/services/content-screening.test.ts:316:23)

    console.error
      {"timestamp":"2026-02-11T12:49:52.872Z","level":"info","message":"Starting batch screening of 2 files"}

    [0m [90m 23 |[39m     }[33m;[39m
     [90m 24 |[39m
    [31m[1m>[22m[39m[90m 25 |[39m     
console[33m.[39merror([33mJSON[39m[33m.[39mstringify(entry))[33m;[39m [90m// stderr for stdio servers[39m
     [90m    |[39m             [31m[1m^[22m[39m
     [90m 26 |[39m   }
     [90m 27 |[39m
     [90m 28 |[39m   debug(message[33m:[39m string[33m,[39m context[33m?[39m[33m:[39m 
[33mRecord[39m[33m<[39m[33mstring[39m[33m,[39m any[33m>[39m) {[0m

      at Logger.log (src/utils/logger.ts:25:13)
      at Logger.info (src/utils/logger.ts:33:10)
      at ContentScreeningService.screenBatch (src/services/content-screening.service.ts:331:12)
      at Object.<anonymous> (tests/unit/services/content-screening.test.ts:334:46)

    console.error
      {"timestamp":"2026-02-11T12:49:52.873Z","level":"info","message":"File analyzed","filePath":"C:\\Users\\NewAdmin\
\Desktop\\File-Organizer-MCP\\tests\\temp\\test-screening-zO15VO\\safe.pdf","detectedType":"PDF 
Document","security":{"threatLevel":"none","passed":true,"issues":[]}}

    [0m [90m 23 |[39m     }[33m;[39m
     [90m 24 |[39m
    [31m[1m>[22m[39m[90m 25 |[39m     
console[33m.[39merror([33mJSON[39m[33m.[39mstringify(entry))[33m;[39m [90m// stderr for stdio servers[39m
     [90m    |[39m             [31m[1m^[22m[39m
     [90m 26 |[39m   }
     [90m 27 |[39m
     [90m 28 |[39m   debug(message[33m:[39m string[33m,[39m context[33m?[39m[33m:[39m 
[33mRecord[39m[33m<[39m[33mstring[39m[33m,[39m any[33m>[39m) {[0m

      at Logger.log (src/utils/logger.ts:25:13)
      at Logger.logScanResult (src/utils/logger.ts:83:10)
      at ContentScreeningService.screen (src/services/content-screening.service.ts:309:14)
          at async Promise.all (index 0)
      at ContentScreeningService.screenBatch (src/services/content-screening.service.ts:333:21)
      at Object.<anonymous> (tests/unit/services/content-screening.test.ts:334:23)

    console.error
      {"timestamp":"2026-02-11T12:49:52.873Z","level":"error","message":"File analyzed","filePath":"C:\\Users\\NewAdmin
\\Desktop\\File-Organizer-MCP\\tests\\temp\\test-screening-zO15VO\\malware.jpg","detectedType":"Windows Executable","se
curity":{"threatLevel":"high","passed":false,"issues":[{"type":"extension_mismatch","severity":"warning","message":"Ext
ension mismatch: declared as \".jpg\" but detected as \"Windows 
Executable\"","details":{"declaredExtension":".jpg","detectedExtension":".exe","detectedType":"Windows 
Executable"}},{"type":"executable_disguised","severity":"error","message":"CRITICAL: Executable content detected 
inside .jpg file! Possible malware.","details":{"declaredExtension":".jpg","detectedType":"Windows 
Executable","detectedCategory":"executable"}}]}}

    [0m [90m 23 |[39m     }[33m;[39m
     [90m 24 |[39m
    [31m[1m>[22m[39m[90m 25 |[39m     
console[33m.[39merror([33mJSON[39m[33m.[39mstringify(entry))[33m;[39m [90m// stderr for stdio servers[39m
     [90m    |[39m             [31m[1m^[22m[39m
     [90m 26 |[39m   }
     [90m 27 |[39m
     [90m 28 |[39m   debug(message[33m:[39m string[33m,[39m context[33m?[39m[33m:[39m 
[33mRecord[39m[33m<[39m[33mstring[39m[33m,[39m any[33m>[39m) {[0m

      at Logger.log (src/utils/logger.ts:25:13)
      at Logger.logScanResult (src/utils/logger.ts:83:10)
      at ContentScreeningService.screen (src/services/content-screening.service.ts:309:14)
          at async Promise.all (index 1)
      at ContentScreeningService.screenBatch (src/services/content-screening.service.ts:333:21)
      at Object.<anonymous> (tests/unit/services/content-screening.test.ts:334:23)

    console.error
      {"timestamp":"2026-02-11T12:49:52.874Z","level":"info","message":"Batch screening 
complete","total":2,"passed":1,"failed":1}

    [0m [90m 23 |[39m     }[33m;[39m
     [90m 24 |[39m
    [31m[1m>[22m[39m[90m 25 |[39m     
console[33m.[39merror([33mJSON[39m[33m.[39mstringify(entry))[33m;[39m [90m// stderr for stdio servers[39m
     [90m    |[39m             [31m[1m^[22m[39m
     [90m 26 |[39m   }
     [90m 27 |[39m
     [90m 28 |[39m   debug(message[33m:[39m string[33m,[39m context[33m?[39m[33m:[39m 
[33mRecord[39m[33m<[39m[33mstring[39m[33m,[39m any[33m>[39m) {[0m

      at Logger.log (src/utils/logger.ts:25:13)
      at Logger.info (src/utils/logger.ts:33:10)
      at ContentScreeningService.screenBatch (src/services/content-screening.service.ts:340:12)
      at Object.<anonymous> (tests/unit/services/content-screening.test.ts:334:23)

    console.error
      {"timestamp":"2026-02-11T12:49:52.937Z","level":"info","message":"Starting batch screening of 1 files"}

    [0m [90m 23 |[39m     }[33m;[39m
     [90m 24 |[39m
    [31m[1m>[22m[39m[90m 25 |[39m     
console[33m.[39merror([33mJSON[39m[33m.[39mstringify(entry))[33m;[39m [90m// stderr for stdio servers[39m
     [90m    |[39m             [31m[1m^[22m[39m
     [90m 26 |[39m   }
     [90m 27 |[39m
     [90m 28 |[39m   debug(message[33m:[39m string[33m,[39m context[33m?[39m[33m:[39m 
[33mRecord[39m[33m<[39m[33mstring[39m[33m,[39m any[33m>[39m) {[0m

      at Logger.log (src/utils/logger.ts:25:13)
      at Logger.info (src/utils/logger.ts:33:10)
      at ContentScreeningService.screenBatch (src/services/content-screening.service.ts:331:12)
      at Object.<anonymous> (tests/unit/services/content-screening.test.ts:352:46)

    console.error
      {"timestamp":"2026-02-11T12:49:52.939Z","level":"error","message":"File analyzed","filePath":"C:\\Users\\NewAdmin
\\Desktop\\File-Organizer-MCP\\tests\\temp\\test-screening-pxTCW3\\virus.pdf","detectedType":"Windows Executable","secu
rity":{"threatLevel":"high","passed":false,"issues":[{"type":"extension_mismatch","severity":"warning","message":"Exten
sion mismatch: declared as \".pdf\" but detected as \"Windows 
Executable\"","details":{"declaredExtension":".pdf","detectedExtension":".exe","detectedType":"Windows 
Executable"}},{"type":"executable_disguised","severity":"error","message":"CRITICAL: Executable content detected 
inside .pdf file! Possible malware.","details":{"declaredExtension":".pdf","detectedType":"Windows 
Executable","detectedCategory":"executable"}}]}}

    [0m [90m 23 |[39m     }[33m;[39m
     [90m 24 |[39m
    [31m[1m>[22m[39m[90m 25 |[39m     
console[33m.[39merror([33mJSON[39m[33m.[39mstringify(entry))[33m;[39m [90m// stderr for stdio servers[39m
     [90m    |[39m             [31m[1m^[22m[39m
     [90m 26 |[39m   }
     [90m 27 |[39m
     [90m 28 |[39m   debug(message[33m:[39m string[33m,[39m context[33m?[39m[33m:[39m 
[33mRecord[39m[33m<[39m[33mstring[39m[33m,[39m any[33m>[39m) {[0m

      at Logger.log (src/utils/logger.ts:25:13)
      at Logger.logScanResult (src/utils/logger.ts:83:10)
      at ContentScreeningService.screen (src/services/content-screening.service.ts:309:14)
          at async Promise.all (index 0)
      at ContentScreeningService.screenBatch (src/services/content-screening.service.ts:333:21)
      at Object.<anonymous> (tests/unit/services/content-screening.test.ts:352:23)

    console.error
      {"timestamp":"2026-02-11T12:49:52.940Z","level":"info","message":"Batch screening 
complete","total":1,"passed":0,"failed":1}

    [0m [90m 23 |[39m     }[33m;[39m
     [90m 24 |[39m
    [31m[1m>[22m[39m[90m 25 |[39m     
console[33m.[39merror([33mJSON[39m[33m.[39mstringify(entry))[33m;[39m [90m// stderr for stdio servers[39m
     [90m    |[39m             [31m[1m^[22m[39m
     [90m 26 |[39m   }
     [90m 27 |[39m
     [90m 28 |[39m   debug(message[33m:[39m string[33m,[39m context[33m?[39m[33m:[39m 
[33mRecord[39m[33m<[39m[33mstring[39m[33m,[39m any[33m>[39m) {[0m

      at Logger.log (src/utils/logger.ts:25:13)
      at Logger.info (src/utils/logger.ts:33:10)
      at ContentScreeningService.screenBatch (src/services/content-screening.service.ts:340:12)
      at Object.<anonymous> (tests/unit/services/content-screening.test.ts:352:23)

    console.error
      {"timestamp":"2026-02-11T12:49:53.094Z","level":"info","message":"File analyzed","filePath":"C:\\Users\\NewAdmin\
\Desktop\\File-Organizer-MCP\\tests\\temp\\test-screening-53gA1i\\doc.pdf","detectedType":"PDF 
Document","security":{"threatLevel":"none","passed":true,"issues":[]}}

    [0m [90m 23 |[39m     }[33m;[39m
     [90m 24 |[39m
    [31m[1m>[22m[39m[90m 25 |[39m     
console[33m.[39merror([33mJSON[39m[33m.[39mstringify(entry))[33m;[39m [90m// stderr for stdio servers[39m
     [90m    |[39m             [31m[1m^[22m[39m
     [90m 26 |[39m   }
     [90m 27 |[39m
     [90m 28 |[39m   debug(message[33m:[39m string[33m,[39m context[33m?[39m[33m:[39m 
[33mRecord[39m[33m<[39m[33mstring[39m[33m,[39m any[33m>[39m) {[0m

      at Logger.log (src/utils/logger.ts:25:13)
      at Logger.logScanResult (src/utils/logger.ts:83:10)
      at ContentScreeningService.screen (src/services/content-screening.service.ts:309:14)
      at ContentScreeningService.isAllowed (src/services/content-screening.service.ts:357:20)
      at Object.<anonymous> (tests/unit/services/content-screening.test.ts:373:23)

    console.error
      {"timestamp":"2026-02-11T12:49:53.163Z","level":"info","message":"File analyzed","filePath":"C:\\Users\\NewAdmin\
\Desktop\\File-Organizer-MCP\\tests\\temp\\test-screening-4ezeMb\\app.exe","detectedType":"Windows 
Executable","security":{"threatLevel":"none","passed":true,"issues":[]}}

    [0m [90m 23 |[39m     }[33m;[39m
     [90m 24 |[39m
    [31m[1m>[22m[39m[90m 25 |[39m     
console[33m.[39merror([33mJSON[39m[33m.[39mstringify(entry))[33m;[39m [90m// stderr for stdio servers[39m
     [90m    |[39m             [31m[1m^[22m[39m
     [90m 26 |[39m   }
     [90m 27 |[39m
     [90m 28 |[39m   debug(message[33m:[39m string[33m,[39m context[33m?[39m[33m:[39m 
[33mRecord[39m[33m<[39m[33mstring[39m[33m,[39m any[33m>[39m) {[0m

      at Logger.log (src/utils/logger.ts:25:13)
      at Logger.logScanResult (src/utils/logger.ts:83:10)
      at ContentScreeningService.screen (src/services/content-screening.service.ts:309:14)
      at ContentScreeningService.isAllowed (src/services/content-screening.service.ts:357:20)
      at Object.<anonymous> (tests/unit/services/content-screening.test.ts:382:23)

    console.error
      {"timestamp":"2026-02-11T12:49:53.231Z","level":"error","message":"File analyzed","filePath":"C:\\Users\\NewAdmin
\\Desktop\\File-Organizer-MCP\\tests\\temp\\test-screening-M3PGdY\\malware.pdf","detectedType":"Windows Executable","se
curity":{"threatLevel":"high","passed":false,"issues":[{"type":"extension_mismatch","severity":"warning","message":"Ext
ension mismatch: declared as \".pdf\" but detected as \"Windows 
Executable\"","details":{"declaredExtension":".pdf","detectedExtension":".exe","detectedType":"Windows 
Executable"}},{"type":"executable_disguised","severity":"error","message":"CRITICAL: Executable content detected 
inside .pdf file! Possible malware.","details":{"declaredExtension":".pdf","detectedType":"Windows 
Executable","detectedCategory":"executable"}}]}}

    [0m [90m 23 |[39m     }[33m;[39m
     [90m 24 |[39m
    [31m[1m>[22m[39m[90m 25 |[39m     
console[33m.[39merror([33mJSON[39m[33m.[39mstringify(entry))[33m;[39m [90m// stderr for stdio servers[39m
     [90m    |[39m             [31m[1m^[22m[39m
     [90m 26 |[39m   }
     [90m 27 |[39m
     [90m 28 |[39m   debug(message[33m:[39m string[33m,[39m context[33m?[39m[33m:[39m 
[33mRecord[39m[33m<[39m[33mstring[39m[33m,[39m any[33m>[39m) {[0m

      at Logger.log (src/utils/logger.ts:25:13)
      at Logger.logScanResult (src/utils/logger.ts:83:10)
      at ContentScreeningService.screen (src/services/content-screening.service.ts:309:14)
      at ContentScreeningService.isAllowed (src/services/content-screening.service.ts:357:20)
      at Object.<anonymous> (tests/unit/services/content-screening.test.ts:395:23)

    console.error
      {"timestamp":"2026-02-11T12:49:53.297Z","level":"info","message":"File analyzed","filePath":"C:\\Users\\NewAdmin\
\Desktop\\File-Organizer-MCP\\tests\\temp\\test-screening-8VhBqj\\image.jpg","detectedType":"PNG 
Image","security":{"threatLevel":"none","passed":true,"issues":[]}}

    [0m [90m 23 |[39m     }[33m;[39m
     [90m 24 |[39m
    [31m[1m>[22m[39m[90m 25 |[39m     
console[33m.[39merror([33mJSON[39m[33m.[39mstringify(entry))[33m;[39m [90m// stderr for stdio servers[39m
     [90m    |[39m             [31m[1m^[22m[39m
     [90m 26 |[39m   }
     [90m 27 |[39m
     [90m 28 |[39m   debug(message[33m:[39m string[33m,[39m context[33m?[39m[33m:[39m 
[33mRecord[39m[33m<[39m[33mstring[39m[33m,[39m any[33m>[39m) {[0m

      at Logger.log (src/utils/logger.ts:25:13)
      at Logger.logScanResult (src/utils/logger.ts:83:10)
      at ContentScreeningService.screen (src/services/content-screening.service.ts:309:14)
      at Object.<anonymous> (tests/unit/services/content-screening.test.ts:408:22)

    console.error
      {"timestamp":"2026-02-11T12:49:53.360Z","level":"warn","message":"File analyzed","filePath":"C:\\Users\\NewAdmin\
\Desktop\\File-Organizer-MCP\\tests\\temp\\test-screening-bDwM6U\\malware.pdf","detectedType":"Windows Executable","sec
urity":{"threatLevel":"medium","passed":true,"issues":[{"type":"extension_mismatch","severity":"warning","message":"Ext
ension mismatch: declared as \".pdf\" but detected as \"Windows 
Executable\"","details":{"declaredExtension":".pdf","detectedExtension":".exe","detectedType":"Windows Executable"}}]}}

    [0m [90m 23 |[39m     }[33m;[39m
     [90m 24 |[39m
    [31m[1m>[22m[39m[90m 25 |[39m     
console[33m.[39merror([33mJSON[39m[33m.[39mstringify(entry))[33m;[39m [90m// stderr for stdio servers[39m
     [90m    |[39m             [31m[1m^[22m[39m
     [90m 26 |[39m   }
     [90m 27 |[39m
     [90m 28 |[39m   debug(message[33m:[39m string[33m,[39m context[33m?[39m[33m:[39m 
[33mRecord[39m[33m<[39m[33mstring[39m[33m,[39m any[33m>[39m) {[0m

      at Logger.log (src/utils/logger.ts:25:13)
      at Logger.logScanResult (src/utils/logger.ts:83:10)
      at ContentScreeningService.screen (src/services/content-screening.service.ts:309:14)
      at Object.<anonymous> (tests/unit/services/content-screening.test.ts:422:22)

    console.error
      {"timestamp":"2026-02-11T12:49:53.422Z","level":"info","message":"File analyzed","filePath":"C:\\Users\\NewAdmin\
\Desktop\\File-Organizer-MCP\\tests\\temp\\test-screening-YXtvc8\\file.jpg.exe","detectedType":"unknown","security":{"t
hreatLevel":"low","passed":true,"issues":[{"type":"unknown_type","severity":"warning","message":"Unknown file type 
with extension: .exe","details":{"extension":".exe"}}]}}

    [0m [90m 23 |[39m     }[33m;[39m
     [90m 24 |[39m
    [31m[1m>[22m[39m[90m 25 |[39m     
console[33m.[39merror([33mJSON[39m[33m.[39mstringify(entry))[33m;[39m [90m// stderr for stdio servers[39m
     [90m    |[39m             [31m[1m^[22m[39m
     [90m 26 |[39m   }
     [90m 27 |[39m
     [90m 28 |[39m   debug(message[33m:[39m string[33m,[39m context[33m?[39m[33m:[39m 
[33mRecord[39m[33m<[39m[33mstring[39m[33m,[39m any[33m>[39m) {[0m

      at Logger.log (src/utils/logger.ts:25:13)
      at Logger.logScanResult (src/utils/logger.ts:83:10)
      at ContentScreeningService.screen (src/services/content-screening.service.ts:309:14)
      at Object.<anonymous> (tests/unit/services/content-screening.test.ts:436:22)

    console.error
      {"timestamp":"2026-02-11T12:49:53.493Z","level":"warn","message":"File analyzed","filePath":"C:\\Users\\NewAdmin\
\Desktop\\File-Organizer-MCP\\tests\\temp\\test-screening-6J9tKa\\image.png","detectedType":"JPEG Image","security":{"t
hreatLevel":"medium","passed":false,"issues":[{"type":"extension_mismatch","severity":"warning","message":"Extension 
mismatch: declared as \".png\" but detected as \"JPEG 
Image\"","details":{"declaredExtension":".png","detectedExtension":".jpg","detectedType":"JPEG Image"}}]}}

    [0m [90m 23 |[39m     }[33m;[39m
     [90m 24 |[39m
    [31m[1m>[22m[39m[90m 25 |[39m     
console[33m.[39merror([33mJSON[39m[33m.[39mstringify(entry))[33m;[39m [90m// stderr for stdio servers[39m
     [90m    |[39m             [31m[1m^[22m[39m
     [90m 26 |[39m   }
     [90m 27 |[39m
     [90m 28 |[39m   debug(message[33m:[39m string[33m,[39m context[33m?[39m[33m:[39m 
[33mRecord[39m[33m<[39m[33mstring[39m[33m,[39m any[33m>[39m) {[0m

      at Logger.log (src/utils/logger.ts:25:13)
      at Logger.logScanResult (src/utils/logger.ts:83:10)
      at ContentScreeningService.screen (src/services/content-screening.service.ts:309:14)
      at Object.<anonymous> (tests/unit/services/content-screening.test.ts:451:22)

    console.error
      {"timestamp":"2026-02-11T12:49:53.560Z","level":"info","message":"File analyzed","filePath":"C:\\Users\\NewAdmin\
\Desktop\\File-Organizer-MCP\\tests\\temp\\test-screening-ycvyDb\\doc.pdf","detectedType":"PDF 
Document","security":{"threatLevel":"none","passed":true,"issues":[]}}

    [0m [90m 23 |[39m     }[33m;[39m
     [90m 24 |[39m
    [31m[1m>[22m[39m[90m 25 |[39m     
console[33m.[39merror([33mJSON[39m[33m.[39mstringify(entry))[33m;[39m [90m// stderr for stdio servers[39m
     [90m    |[39m             [31m[1m^[22m[39m
     [90m 26 |[39m   }
     [90m 27 |[39m
     [90m 28 |[39m   debug(message[33m:[39m string[33m,[39m context[33m?[39m[33m:[39m 
[33mRecord[39m[33m<[39m[33mstring[39m[33m,[39m any[33m>[39m) {[0m

      at Logger.log (src/utils/logger.ts:25:13)
      at Logger.logScanResult (src/utils/logger.ts:83:10)
      at ContentScreeningService.screen (src/services/content-screening.service.ts:309:14)
      at Object.<anonymous> (tests/unit/services/content-screening.test.ts:464:22)

    console.error
      {"timestamp":"2026-02-11T12:49:53.626Z","level":"info","message":"File analyzed","filePath":"C:\\Users\\NewAdmin\
\Desktop\\File-Organizer-MCP\\tests\\temp\\test-screening-pX6T19\\unknown.xyz","detectedType":"unknown","security":{"th
reatLevel":"low","passed":true,"issues":[{"type":"unknown_type","severity":"warning","message":"Unknown file type with 
extension: .xyz","details":{"extension":".xyz"}}]}}

    [0m [90m 23 |[39m     }[33m;[39m
     [90m 24 |[39m
    [31m[1m>[22m[39m[90m 25 |[39m     
console[33m.[39merror([33mJSON[39m[33m.[39mstringify(entry))[33m;[39m [90m// stderr for stdio servers[39m
     [90m    |[39m             [31m[1m^[22m[39m
     [90m 26 |[39m   }
     [90m 27 |[39m
     [90m 28 |[39m   debug(message[33m:[39m string[33m,[39m context[33m?[39m[33m:[39m 
[33mRecord[39m[33m<[39m[33mstring[39m[33m,[39m any[33m>[39m) {[0m

      at Logger.log (src/utils/logger.ts:25:13)
      at Logger.logScanResult (src/utils/logger.ts:83:10)
      at ContentScreeningService.screen (src/services/content-screening.service.ts:309:14)
      at Object.<anonymous> (tests/unit/services/content-screening.test.ts:473:22)

    console.error
      {"timestamp":"2026-02-11T12:49:53.690Z","level":"warn","message":"File analyzed","filePath":"C:\\Users\\NewAdmin\
\Desktop\\File-Organizer-MCP\\tests\\temp\\test-screening-wdO2pP\\image.jpg","detectedType":"PNG Image","security":{"th
reatLevel":"medium","passed":true,"issues":[{"type":"extension_mismatch","severity":"warning","message":"Extension 
mismatch: declared as \".jpg\" but detected as \"PNG 
Image\"","details":{"declaredExtension":".jpg","detectedExtension":".png","detectedType":"PNG Image"}}]}}

    [0m [90m 23 |[39m     }[33m;[39m
     [90m 24 |[39m
    [31m[1m>[22m[39m[90m 25 |[39m     
console[33m.[39merror([33mJSON[39m[33m.[39mstringify(entry))[33m;[39m [90m// stderr for stdio servers[39m
     [90m    |[39m             [31m[1m^[22m[39m
     [90m 26 |[39m   }
     [90m 27 |[39m
     [90m 28 |[39m   debug(message[33m:[39m string[33m,[39m context[33m?[39m[33m:[39m 
[33mRecord[39m[33m<[39m[33mstring[39m[33m,[39m any[33m>[39m) {[0m

      at Logger.log (src/utils/logger.ts:25:13)
      at Logger.logScanResult (src/utils/logger.ts:83:10)
      at ContentScreeningService.screen (src/services/content-screening.service.ts:309:14)
      at Object.<anonymous> (tests/unit/services/content-screening.test.ts:485:22)

    console.error
      {"timestamp":"2026-02-11T12:49:53.759Z","level":"error","message":"File analyzed","filePath":"C:\\Users\\NewAdmin
\\Desktop\\File-Organizer-MCP\\tests\\temp\\test-screening-C686tJ\\virus.pdf","detectedType":"Windows Executable","secu
rity":{"threatLevel":"high","passed":false,"issues":[{"type":"extension_mismatch","severity":"warning","message":"Exten
sion mismatch: declared as \".pdf\" but detected as \"Windows 
Executable\"","details":{"declaredExtension":".pdf","detectedExtension":".exe","detectedType":"Windows 
Executable"}},{"type":"executable_disguised","severity":"error","message":"CRITICAL: Executable content detected 
inside .pdf file! Possible malware.","details":{"declaredExtension":".pdf","detectedType":"Windows 
Executable","detectedCategory":"executable"}}]}}

    [0m [90m 23 |[39m     }[33m;[39m
     [90m 24 |[39m
    [31m[1m>[22m[39m[90m 25 |[39m     
console[33m.[39merror([33mJSON[39m[33m.[39mstringify(entry))[33m;[39m [90m// stderr for stdio servers[39m
     [90m    |[39m             [31m[1m^[22m[39m
     [90m 26 |[39m   }
     [90m 27 |[39m
     [90m 28 |[39m   debug(message[33m:[39m string[33m,[39m context[33m?[39m[33m:[39m 
[33mRecord[39m[33m<[39m[33mstring[39m[33m,[39m any[33m>[39m) {[0m

      at Logger.log (src/utils/logger.ts:25:13)
      at Logger.logScanResult (src/utils/logger.ts:83:10)
      at ContentScreeningService.screen (src/services/content-screening.service.ts:309:14)
      at Object.<anonymous> (tests/unit/services/content-screening.test.ts:494:22)

    console.error
      {"timestamp":"2026-02-11T12:49:53.824Z","level":"info","message":"File analyzed","filePath":"C:\\Users\\NewAdmin\
\Desktop\\File-Organizer-MCP\\tests\\temp\\test-screening-5erDiz\\archive.zip","detectedType":"ZIP 
Archive","security":{"threatLevel":"none","passed":true,"issues":[]}}

    [0m [90m 23 |[39m     }[33m;[39m
     [90m 24 |[39m
    [31m[1m>[22m[39m[90m 25 |[39m     
console[33m.[39merror([33mJSON[39m[33m.[39mstringify(entry))[33m;[39m [90m// stderr for stdio servers[39m
     [90m    |[39m             [31m[1m^[22m[39m
     [90m 26 |[39m   }
     [90m 27 |[39m
     [90m 28 |[39m   debug(message[33m:[39m string[33m,[39m context[33m?[39m[33m:[39m 
[33mRecord[39m[33m<[39m[33mstring[39m[33m,[39m any[33m>[39m) {[0m

      at Logger.log (src/utils/logger.ts:25:13)
      at Logger.logScanResult (src/utils/logger.ts:83:10)
      at ContentScreeningService.screen (src/services/content-screening.service.ts:309:14)
      at Object.<anonymous> (tests/unit/services/content-screening.test.ts:505:22)

    console.error
      {"timestamp":"2026-02-11T12:49:53.893Z","level":"info","message":"File analyzed","filePath":"C:\\Users\\NewAdmin\
\Desktop\\File-Organizer-MCP\\tests\\temp\\test-screening-MJvRYT\\archive.rar","detectedType":"RAR 
Archive","security":{"threatLevel":"none","passed":true,"issues":[]}}

    [0m [90m 23 |[39m     }[33m;[39m
     [90m 24 |[39m
    [31m[1m>[22m[39m[90m 25 |[39m     
console[33m.[39merror([33mJSON[39m[33m.[39mstringify(entry))[33m;[39m [90m// stderr for stdio servers[39m
     [90m    |[39m             [31m[1m^[22m[39m
     [90m 26 |[39m   }
     [90m 27 |[39m
     [90m 28 |[39m   debug(message[33m:[39m string[33m,[39m context[33m?[39m[33m:[39m 
[33mRecord[39m[33m<[39m[33mstring[39m[33m,[39m any[33m>[39m) {[0m

      at Logger.log (src/utils/logger.ts:25:13)
      at Logger.logScanResult (src/utils/logger.ts:83:10)
      at ContentScreeningService.screen (src/services/content-screening.service.ts:309:14)
      at Object.<anonymous> (tests/unit/services/content-screening.test.ts:515:22)

    console.error
      {"timestamp":"2026-02-11T12:49:53.959Z","level":"info","message":"File analyzed","filePath":"C:\\Users\\NewAdmin\
\Desktop\\File-Organizer-MCP\\tests\\temp\\test-screening-FWNO6z\\archive.7z","detectedType":"7-Zip 
Archive","security":{"threatLevel":"none","passed":true,"issues":[]}}

    [0m [90m 23 |[39m     }[33m;[39m
     [90m 24 |[39m
    [31m[1m>[22m[39m[90m 25 |[39m     
console[33m.[39merror([33mJSON[39m[33m.[39mstringify(entry))[33m;[39m [90m// stderr for stdio servers[39m
     [90m    |[39m             [31m[1m^[22m[39m
     [90m 26 |[39m   }
     [90m 27 |[39m
     [90m 28 |[39m   debug(message[33m:[39m string[33m,[39m context[33m?[39m[33m:[39m 
[33mRecord[39m[33m<[39m[33mstring[39m[33m,[39m any[33m>[39m) {[0m

      at Logger.log (src/utils/logger.ts:25:13)
      at Logger.logScanResult (src/utils/logger.ts:83:10)
      at ContentScreeningService.screen (src/services/content-screening.service.ts:309:14)
      at Object.<anonymous> (tests/unit/services/content-screening.test.ts:525:22)

    console.error
      {"timestamp":"2026-02-11T12:49:54.026Z","level":"info","message":"File analyzed","filePath":"C:\\Users\\NewAdmin\
\Desktop\\File-Organizer-MCP\\tests\\temp\\test-screening-oJMAPR\\script.sh","detectedType":"Shell 
Script","security":{"threatLevel":"none","passed":true,"issues":[]}}

    [0m [90m 23 |[39m     }[33m;[39m
     [90m 24 |[39m
    [31m[1m>[22m[39m[90m 25 |[39m     
console[33m.[39merror([33mJSON[39m[33m.[39mstringify(entry))[33m;[39m [90m// stderr for stdio servers[39m
     [90m    |[39m             [31m[1m^[22m[39m
     [90m 26 |[39m   }
     [90m 27 |[39m
     [90m 28 |[39m   debug(message[33m:[39m string[33m,[39m context[33m?[39m[33m:[39m 
[33mRecord[39m[33m<[39m[33mstring[39m[33m,[39m any[33m>[39m) {[0m

      at Logger.log (src/utils/logger.ts:25:13)
      at Logger.logScanResult (src/utils/logger.ts:83:10)
      at ContentScreeningService.screen (src/services/content-screening.service.ts:309:14)
      at Object.<anonymous> (tests/unit/services/content-screening.test.ts:537:22)

    console.error
      {"timestamp":"2026-02-11T12:49:54.094Z","level":"info","message":"File analyzed","filePath":"C:\\Users\\NewAdmin\
\Desktop\\File-Organizer-MCP\\tests\\temp\\test-screening-MJJlxi\\script.bat","detectedType":"Batch 
File","security":{"threatLevel":"none","passed":true,"issues":[]}}

    [0m [90m 23 |[39m     }[33m;[39m
     [90m 24 |[39m
    [31m[1m>[22m[39m[90m 25 |[39m     
console[33m.[39merror([33mJSON[39m[33m.[39mstringify(entry))[33m;[39m [90m// stderr for stdio servers[39m
     [90m    |[39m             [31m[1m^[22m[39m
     [90m 26 |[39m   }
     [90m 27 |[39m
     [90m 28 |[39m   debug(message[33m:[39m string[33m,[39m context[33m?[39m[33m:[39m 
[33mRecord[39m[33m<[39m[33mstring[39m[33m,[39m any[33m>[39m) {[0m

      at Logger.log (src/utils/logger.ts:25:13)
      at Logger.logScanResult (src/utils/logger.ts:83:10)
      at ContentScreeningService.screen (src/services/content-screening.service.ts:309:14)
      at Object.<anonymous> (tests/unit/services/content-screening.test.ts:546:22)

    console.error
      {"timestamp":"2026-02-11T12:49:54.162Z","level":"info","message":"File analyzed","filePath":"C:\\Users\\NewAdmin\
\Desktop\\File-Organizer-MCP\\tests\\temp\\test-screening-5HnY54\\elfbinary","detectedType":"ELF 
Executable","security":{"threatLevel":"none","passed":true,"issues":[]}}

    [0m [90m 23 |[39m     }[33m;[39m
     [90m 24 |[39m
    [31m[1m>[22m[39m[90m 25 |[39m     
console[33m.[39merror([33mJSON[39m[33m.[39mstringify(entry))[33m;[39m [90m// stderr for stdio servers[39m
     [90m    |[39m             [31m[1m^[22m[39m
     [90m 26 |[39m   }
     [90m 27 |[39m
     [90m 28 |[39m   debug(message[33m:[39m string[33m,[39m context[33m?[39m[33m:[39m 
[33mRecord[39m[33m<[39m[33mstring[39m[33m,[39m any[33m>[39m) {[0m

      at Logger.log (src/utils/logger.ts:25:13)
      at Logger.logScanResult (src/utils/logger.ts:83:10)
      at ContentScreeningService.screen (src/services/content-screening.service.ts:309:14)
      at Object.<anonymous> (tests/unit/services/content-screening.test.ts:557:22)

    console.error
      {"timestamp":"2026-02-11T12:49:54.237Z","level":"info","message":"File analyzed","filePath":"C:\\Users\\NewAdmin\
\Desktop\\File-Organizer-MCP\\tests\\temp\\test-screening-43zRkQ\\aaaaaaaaaaaaaaaaaaaaaaaaaaaaaaaaaaaaaaaaaaaaaaaaaaaaa
aaaaaaaaaaaaaaaaaaaaaaaaaaaaaaaaaaaaaaaaaaaaaaaaaaaaaaaaaaaaaaaaaaaaaaaaaaaaaaaaaaaaaaaaaaaaaaaaaaaaaaaaaaaaaaaaaaaaaaa
aaaaaaaaaaaaaaaaaaaaaaaaaaaa.txt","detectedType":"unknown","security":{"threatLevel":"low","passed":true,"issues":[{"ty
pe":"unknown_type","severity":"warning","message":"Unknown file type with extension: 
.txt","details":{"extension":".txt"}}]}}

    [0m [90m 23 |[39m     }[33m;[39m
     [90m 24 |[39m
    [31m[1m>[22m[39m[90m 25 |[39m     
console[33m.[39merror([33mJSON[39m[33m.[39mstringify(entry))[33m;[39m [90m// stderr for stdio servers[39m
     [90m    |[39m             [31m[1m^[22m[39m
     [90m 26 |[39m   }
     [90m 27 |[39m
     [90m 28 |[39m   debug(message[33m:[39m string[33m,[39m context[33m?[39m[33m:[39m 
[33mRecord[39m[33m<[39m[33mstring[39m[33m,[39m any[33m>[39m) {[0m

      at Logger.log (src/utils/logger.ts:25:13)
      at Logger.logScanResult (src/utils/logger.ts:83:10)
      at ContentScreeningService.screen (src/services/content-screening.service.ts:309:14)
      at Object.<anonymous> (tests/unit/services/content-screening.test.ts:568:22)

    console.error
      {"timestamp":"2026-02-11T12:49:54.309Z","level":"info","message":"File analyzed","filePath":"C:\\Users\\NewAdmin\
\Desktop\\File-Organizer-MCP\\tests\\temp\\test-screening-gUMCsl\\µûçõ╗Âµûçµíúð┤ð¥ð║Ðâð╝ðÁð¢Ðé.pdf","detectedType":"unk
nown","security":{"threatLevel":"low","passed":true,"issues":[{"type":"unknown_type","severity":"warning","message":"Un
known file type with extension: .pdf","details":{"extension":".pdf"}}]}}

    [0m [90m 23 |[39m     }[33m;[39m
     [90m 24 |[39m
    [31m[1m>[22m[39m[90m 25 |[39m     
console[33m.[39merror([33mJSON[39m[33m.[39mstringify(entry))[33m;[39m [90m// stderr for stdio servers[39m
     [90m    |[39m             [31m[1m^[22m[39m
     [90m 26 |[39m   }
     [90m 27 |[39m
     [90m 28 |[39m   debug(message[33m:[39m string[33m,[39m context[33m?[39m[33m:[39m 
[33mRecord[39m[33m<[39m[33mstring[39m[33m,[39m any[33m>[39m) {[0m

      at Logger.log (src/utils/logger.ts:25:13)
      at Logger.logScanResult (src/utils/logger.ts:83:10)
      at ContentScreeningService.screen (src/services/content-screening.service.ts:309:14)
      at Object.<anonymous> (tests/unit/services/content-screening.test.ts:580:22)

PASS tests/unit/services/duplicate-finder.test.ts
  ÔùÅ Console

    console.error
      {"timestamp":"2026-02-11T12:49:55.687Z","level":"info","message":"Created rollback manifest: 
f5d6634e-8599-4c81-9c23-d17cb55e3f65 (1 actions)"}

    [0m [90m 23 |[39m     }[33m;[39m
     [90m 24 |[39m
    [31m[1m>[22m[39m[90m 25 |[39m     
console[33m.[39merror([33mJSON[39m[33m.[39mstringify(entry))[33m;[39m [90m// stderr for stdio servers[39m
     [90m    |[39m             [31m[1m^[22m[39m
     [90m 26 |[39m   }
     [90m 27 |[39m
     [90m 28 |[39m   debug(message[33m:[39m string[33m,[39m context[33m?[39m[33m:[39m 
[33mRecord[39m[33m<[39m[33mstring[39m[33m,[39m any[33m>[39m) {[0m

      at Logger.log (src/utils/logger.ts:25:13)
      at Logger.info (src/utils/logger.ts:33:10)
      at RollbackService.createManifest (src/services/rollback.service.ts:59:12)
      at DuplicateFinderService.deleteFiles (src/services/duplicate-finder.service.ts:250:26)
      at Object.<anonymous> (tests/unit/services/duplicate-finder.test.ts:119:28)

    console.error
      {"timestamp":"2026-02-11T12:49:55.937Z","level":"info","message":"Created rollback manifest: 
f286a198-5f60-4bb1-841e-b40865065662 (2 actions)"}

    [0m [90m 23 |[39m     }[33m;[39m
     [90m 24 |[39m
    [31m[1m>[22m[39m[90m 25 |[39m     
console[33m.[39merror([33mJSON[39m[33m.[39mstringify(entry))[33m;[39m [90m// stderr for stdio servers[39m
     [90m    |[39m             [31m[1m^[22m[39m
     [90m 26 |[39m   }
     [90m 27 |[39m
     [90m 28 |[39m   debug(message[33m:[39m string[33m,[39m context[33m?[39m[33m:[39m 
[33mRecord[39m[33m<[39m[33mstring[39m[33m,[39m any[33m>[39m) {[0m

      at Logger.log (src/utils/logger.ts:25:13)
      at Logger.info (src/utils/logger.ts:33:10)
      at RollbackService.createManifest (src/services/rollback.service.ts:59:12)
      at DuplicateFinderService.deleteFiles (src/services/duplicate-finder.service.ts:250:26)
      at Object.<anonymous> (tests/unit/services/duplicate-finder.test.ts:156:28)

    console.error
      {"timestamp":"2026-02-11T12:49:56.077Z","level":"info","message":"Created rollback manifest: 
f48d23d4-bd7a-4828-bdc9-bf52fd3fb1ef (3 actions)"}

    [0m [90m 23 |[39m     }[33m;[39m
     [90m 24 |[39m
    [31m[1m>[22m[39m[90m 25 |[39m     
console[33m.[39merror([33mJSON[39m[33m.[39mstringify(entry))[33m;[39m [90m// stderr for stdio servers[39m
     [90m    |[39m             [31m[1m^[22m[39m
     [90m 26 |[39m   }
     [90m 27 |[39m
     [90m 28 |[39m   debug(message[33m:[39m string[33m,[39m context[33m?[39m[33m:[39m 
[33mRecord[39m[33m<[39m[33mstring[39m[33m,[39m any[33m>[39m) {[0m

      at Logger.log (src/utils/logger.ts:25:13)
      at Logger.info (src/utils/logger.ts:33:10)
      at RollbackService.createManifest (src/services/rollback.service.ts:59:12)
      at DuplicateFinderService.deleteFiles (src/services/duplicate-finder.service.ts:250:26)
      at Object.<anonymous> (tests/unit/services/duplicate-finder.test.ts:174:28)

    console.error
      {"timestamp":"2026-02-11T12:49:56.217Z","level":"info","message":"Created rollback manifest: 
8cd130db-7333-4536-af6f-65b229c822d7 (3 actions)"}

    [0m [90m 23 |[39m     }[33m;[39m
     [90m 24 |[39m
    [31m[1m>[22m[39m[90m 25 |[39m     
console[33m.[39merror([33mJSON[39m[33m.[39mstringify(entry))[33m;[39m [90m// stderr for stdio servers[39m
     [90m    |[39m             [31m[1m^[22m[39m
     [90m 26 |[39m   }
     [90m 27 |[39m
     [90m 28 |[39m   debug(message[33m:[39m string[33m,[39m context[33m?[39m[33m:[39m 
[33mRecord[39m[33m<[39m[33mstring[39m[33m,[39m any[33m>[39m) {[0m

      at Logger.log (src/utils/logger.ts:25:13)
      at Logger.info (src/utils/logger.ts:33:10)
      at RollbackService.createManifest (src/services/rollback.service.ts:59:12)
      at DuplicateFinderService.deleteFiles (src/services/duplicate-finder.service.ts:250:26)
      at Object.<anonymous> (tests/unit/services/duplicate-finder.test.ts:192:28)

    console.error
      {"timestamp":"2026-02-11T12:49:56.360Z","level":"info","message":"Created rollback manifest: 
264b3df9-39b3-4a2c-8c6c-d32539f8916c (4 actions)"}

    [0m [90m 23 |[39m     }[33m;[39m
     [90m 24 |[39m
    [31m[1m>[22m[39m[90m 25 |[39m     
console[33m.[39merror([33mJSON[39m[33m.[39mstringify(entry))[33m;[39m [90m// stderr for stdio servers[39m
     [90m    |[39m             [31m[1m^[22m[39m
     [90m 26 |[39m   }
     [90m 27 |[39m
     [90m 28 |[39m   debug(message[33m:[39m string[33m,[39m context[33m?[39m[33m:[39m 
[33mRecord[39m[33m<[39m[33mstring[39m[33m,[39m any[33m>[39m) {[0m

      at Logger.log (src/utils/logger.ts:25:13)
      at Logger.info (src/utils/logger.ts:33:10)
      at RollbackService.createManifest (src/services/rollback.service.ts:59:12)
      at DuplicateFinderService.deleteFiles (src/services/duplicate-finder.service.ts:250:26)
      at Object.<anonymous> (tests/unit/services/duplicate-finder.test.ts:215:28)

    console.error
      {"timestamp":"2026-02-11T12:49:56.472Z","level":"info","message":"Created rollback manifest: 
debbd4c1-2cca-4f10-846f-031f0720dbfc (1 actions)"}

    [0m [90m 23 |[39m     }[33m;[39m
     [90m 24 |[39m
    [31m[1m>[22m[39m[90m 25 |[39m     
console[33m.[39merror([33mJSON[39m[33m.[39mstringify(entry))[33m;[39m [90m// stderr for stdio servers[39m
     [90m    |[39m             [31m[1m^[22m[39m
     [90m 26 |[39m   }
     [90m 27 |[39m
     [90m 28 |[39m   debug(message[33m:[39m string[33m,[39m context[33m?[39m[33m:[39m 
[33mRecord[39m[33m<[39m[33mstring[39m[33m,[39m any[33m>[39m) {[0m

      at Logger.log (src/utils/logger.ts:25:13)
      at Logger.info (src/utils/logger.ts:33:10)
      at RollbackService.createManifest (src/services/rollback.service.ts:59:12)
      at DuplicateFinderService.deleteFiles (src/services/duplicate-finder.service.ts:250:26)
      at Object.<anonymous> (tests/unit/services/duplicate-finder.test.ts:235:28)

    console.error
      {"timestamp":"2026-02-11T12:49:56.592Z","level":"info","message":"Created rollback manifest: 
24358cdb-58f3-4de7-b203-022b825d4036 (1 actions)"}

    [0m [90m 23 |[39m     }[33m;[39m
     [90m 24 |[39m
    [31m[1m>[22m[39m[90m 25 |[39m     
console[33m.[39merror([33mJSON[39m[33m.[39mstringify(entry))[33m;[39m [90m// stderr for stdio servers[39m
     [90m    |[39m             [31m[1m^[22m[39m
     [90m 26 |[39m   }
     [90m 27 |[39m
     [90m 28 |[39m   debug(message[33m:[39m string[33m,[39m context[33m?[39m[33m:[39m 
[33mRecord[39m[33m<[39m[33mstring[39m[33m,[39m any[33m>[39m) {[0m

      at Logger.log (src/utils/logger.ts:25:13)
      at Logger.info (src/utils/logger.ts:33:10)
      at RollbackService.createManifest (src/services/rollback.service.ts:59:12)
      at DuplicateFinderService.deleteFiles (src/services/duplicate-finder.service.ts:250:26)
      at Object.<anonymous> (tests/unit/services/duplicate-finder.test.ts:246:28)

    console.error
      {"timestamp":"2026-02-11T12:49:56.709Z","level":"info","message":"Created rollback manifest: 
2ddd9366-3f0f-40cb-aa43-ef5c2bcb1f5b (1 actions)"}

    [0m [90m 23 |[39m     }[33m;[39m
     [90m 24 |[39m
    [31m[1m>[22m[39m[90m 25 |[39m     
console[33m.[39merror([33mJSON[39m[33m.[39mstringify(entry))[33m;[39m [90m// stderr for stdio servers[39m
     [90m    |[39m             [31m[1m^[22m[39m
     [90m 26 |[39m   }
     [90m 27 |[39m
     [90m 28 |[39m   debug(message[33m:[39m string[33m,[39m context[33m?[39m[33m:[39m 
[33mRecord[39m[33m<[39m[33mstring[39m[33m,[39m any[33m>[39m) {[0m

      at Logger.log (src/utils/logger.ts:25:13)
      at Logger.info (src/utils/logger.ts:33:10)
      at RollbackService.createManifest (src/services/rollback.service.ts:59:12)
      at DuplicateFinderService.deleteFiles (src/services/duplicate-finder.service.ts:250:26)
      at Object.<anonymous> (tests/unit/services/duplicate-finder.test.ts:260:28)

    console.error
      {"timestamp":"2026-02-11T12:49:56.952Z","level":"info","message":"Created rollback manifest: 
4a15d18b-6954-4398-b834-2166e9d4d1f1 (1 actions)"}

    [0m [90m 23 |[39m     }[33m;[39m
     [90m 24 |[39m
    [31m[1m>[22m[39m[90m 25 |[39m     
console[33m.[39merror([33mJSON[39m[33m.[39mstringify(entry))[33m;[39m [90m// stderr for stdio servers[39m
     [90m    |[39m             [31m[1m^[22m[39m
     [90m 26 |[39m   }
     [90m 27 |[39m
     [90m 28 |[39m   debug(message[33m:[39m string[33m,[39m context[33m?[39m[33m:[39m 
[33mRecord[39m[33m<[39m[33mstring[39m[33m,[39m any[33m>[39m) {[0m

      at Logger.log (src/utils/logger.ts:25:13)
      at Logger.info (src/utils/logger.ts:33:10)
      at RollbackService.createManifest (src/services/rollback.service.ts:59:12)
      at DuplicateFinderService.deleteFiles (src/services/duplicate-finder.service.ts:250:26)
      at Object.<anonymous> (tests/unit/services/duplicate-finder.test.ts:285:28)

PASS tests/performance/performance.test.ts
  ÔùÅ Console

    console.log
      Memory increase: 0.12 MB

      at Object.<anonymous> (tests/performance/performance.test.ts:66:13)

PASS tests/integration/full_organization_flow.test.ts
  ÔùÅ Console

    console.error
      {"timestamp":"2026-02-11T12:49:59.895Z","level":"info","message":"Created rollback manifest: 
408c2bff-baef-453a-b312-29943ddebcf1 (4 actions)"}

    [0m [90m 23 |[39m     }[33m;[39m
     [90m 24 |[39m
    [31m[1m>[22m[39m[90m 25 |[39m     
console[33m.[39merror([33mJSON[39m[33m.[39mstringify(entry))[33m;[39m [90m// stderr for stdio servers[39m
     [90m    |[39m             [31m[1m^[22m[39m
     [90m 26 |[39m   }
     [90m 27 |[39m
     [90m 28 |[39m   debug(message[33m:[39m string[33m,[39m context[33m?[39m[33m:[39m 
[33mRecord[39m[33m<[39m[33mstring[39m[33m,[39m any[33m>[39m) {[0m

      at Logger.log (src/utils/logger.ts:25:13)
      at Logger.info (src/utils/logger.ts:33:10)
      at RollbackService.createManifest (src/services/rollback.service.ts:59:12)
      at OrganizerService.organize (src/services/organizer.service.ts:420:9)
      at handleOrganizeFiles (src/tools/file-organization.ts:93:45)
      at Object.<anonymous> (tests/integration/full_organization_flow.test.ts:55:27)

PASS tests/unit/services/file-scanner.test.ts
PASS tests/unit/services/scheduler-state.test.ts
  ÔùÅ Console

    console.error
      {"timestamp":"2026-02-11T12:50:02.231Z","level":"error","message":"Scheduler state file is corrupted, starting 
fresh:","error":{"message":"Unexpected token 'o', \"not valid json\" is not valid JSON","stack":"SyntaxError: 
Unexpected token 'o', \"not valid json\" is not valid JSON\n    at JSON.parse (<anonymous>)\n    at 
SchedulerStateService.loadState 
(C:\\Users\\NewAdmin\\Desktop\\File-Organizer-MCP\\src\\services\\scheduler-state.service.ts:142:27)\n    at 
SchedulerStateService.initialize 
(C:\\Users\\NewAdmin\\Desktop\\File-Organizer-MCP\\src\\services\\scheduler-state.service.ts:101:7)\n    at 
Object.<anonymous> 
(C:\\Users\\NewAdmin\\Desktop\\File-Organizer-MCP\\tests\\unit\\services\\scheduler-state.test.ts:62:7)"}}

    [0m [90m 23 |[39m     }[33m;[39m
     [90m 24 |[39m
    [31m[1m>[22m[39m[90m 25 |[39m     
console[33m.[39merror([33mJSON[39m[33m.[39mstringify(entry))[33m;[39m [90m// stderr for stdio servers[39m
     [90m    |[39m             [31m[1m^[22m[39m
     [90m 26 |[39m   }
     [90m 27 |[39m
     [90m 28 |[39m   debug(message[33m:[39m string[33m,[39m context[33m?[39m[33m:[39m 
[33mRecord[39m[33m<[39m[33mstring[39m[33m,[39m any[33m>[39m) {[0m

      at Logger.log (src/utils/logger.ts:25:13)
      at Logger.error (src/utils/logger.ts:45:10)
      at SchedulerStateService.loadState (src/services/scheduler-state.service.ts:157:16)
      at SchedulerStateService.initialize (src/services/scheduler-state.service.ts:101:7)
      at Object.<anonymous> (tests/unit/services/scheduler-state.test.ts:62:7)

    console.error
      {"timestamp":"2026-02-11T12:50:02.237Z","level":"warn","message":"Scheduler state file is empty, starting fresh"}

    [0m [90m 23 |[39m     }[33m;[39m
     [90m 24 |[39m
    [31m[1m>[22m[39m[90m 25 |[39m     
console[33m.[39merror([33mJSON[39m[33m.[39mstringify(entry))[33m;[39m [90m// stderr for stdio servers[39m
     [90m    |[39m             [31m[1m^[22m[39m
     [90m 26 |[39m   }
     [90m 27 |[39m
     [90m 28 |[39m   debug(message[33m:[39m string[33m,[39m context[33m?[39m[33m:[39m 
[33mRecord[39m[33m<[39m[33mstring[39m[33m,[39m any[33m>[39m) {[0m

      at Logger.log (src/utils/logger.ts:25:13)
      at Logger.warn (src/utils/logger.ts:37:10)
      at SchedulerStateService.loadState (src/services/scheduler-state.service.ts:137:16)
      at SchedulerStateService.initialize (src/services/scheduler-state.service.ts:101:7)
      at Object.<anonymous> (tests/unit/services/scheduler-state.test.ts:73:7)

    console.error
      {"timestamp":"2026-02-11T12:50:02.297Z","level":"info","message":"Scheduler state cleared"}

    [0m [90m 23 |[39m     }[33m;[39m
     [90m 24 |[39m
    [31m[1m>[22m[39m[90m 25 |[39m     
console[33m.[39merror([33mJSON[39m[33m.[39mstringify(entry))[33m;[39m [90m// stderr for stdio servers[39m
     [90m    |[39m             [31m[1m^[22m[39m
     [90m 26 |[39m   }
     [90m 27 |[39m
     [90m 28 |[39m   debug(message[33m:[39m string[33m,[39m context[33m?[39m[33m:[39m 
[33mRecord[39m[33m<[39m[33mstring[39m[33m,[39m any[33m>[39m) {[0m

      at Logger.log (src/utils/logger.ts:25:13)
      at Logger.info (src/utils/logger.ts:33:10)
      at SchedulerStateService.clearState (src/services/scheduler-state.service.ts:332:12)
      at Object.<anonymous> (tests/unit/services/scheduler-state.test.ts:212:7)

    console.error
      {"timestamp":"2026-02-11T12:50:02.313Z","level":"info","message":"Scheduler state cleared"}

    [0m [90m 23 |[39m     }[33m;[39m
     [90m 24 |[39m
    [31m[1m>[22m[39m[90m 25 |[39m     
console[33m.[39merror([33mJSON[39m[33m.[39mstringify(entry))[33m;[39m [90m// stderr for stdio servers[39m
     [90m    |[39m             [31m[1m^[22m[39m
     [90m 26 |[39m   }
     [90m 27 |[39m
     [90m 28 |[39m   debug(message[33m:[39m string[33m,[39m context[33m?[39m[33m:[39m 
[33mRecord[39m[33m<[39m[33mstring[39m[33m,[39m any[33m>[39m) {[0m

      at Logger.log (src/utils/logger.ts:25:13)
      at Logger.info (src/utils/logger.ts:33:10)
      at SchedulerStateService.clearState (src/services/scheduler-state.service.ts:332:12)
      at Object.<anonymous> (tests/unit/services/scheduler-state.test.ts:221:7)

    console.error
      {"timestamp":"2026-02-11T12:50:02.329Z","level":"warn","message":"Scheduler state file is invalid, starting 
fresh"}

    [0m [90m 23 |[39m     }[33m;[39m
     [90m 24 |[39m
    [31m[1m>[22m[39m[90m 25 |[39m     
console[33m.[39merror([33mJSON[39m[33m.[39mstringify(entry))[33m;[39m [90m// stderr for stdio servers[39m
     [90m    |[39m             [31m[1m^[22m[39m
     [90m 26 |[39m   }
     [90m 27 |[39m
     [90m 28 |[39m   debug(message[33m:[39m string[33m,[39m context[33m?[39m[33m:[39m 
[33mRecord[39m[33m<[39m[33mstring[39m[33m,[39m any[33m>[39m) {[0m

      at Logger.log (src/utils/logger.ts:25:13)
      at Logger.warn (src/utils/logger.ts:37:10)
      at SchedulerStateService.loadState (src/services/scheduler-state.service.ts:146:16)
      at SchedulerStateService.initialize (src/services/scheduler-state.service.ts:101:7)
      at Object.<anonymous> (tests/unit/services/scheduler-state.test.ts:267:7)

    console.error
      {"timestamp":"2026-02-11T12:50:02.333Z","level":"warn","message":"Scheduler state file is invalid, starting 
fresh"}

    [0m [90m 23 |[39m     }[33m;[39m
     [90m 24 |[39m
    [31m[1m>[22m[39m[90m 25 |[39m     
console[33m.[39merror([33mJSON[39m[33m.[39mstringify(entry))[33m;[39m [90m// stderr for stdio servers[39m
     [90m    |[39m             [31m[1m^[22m[39m
     [90m 26 |[39m   }
     [90m 27 |[39m
     [90m 28 |[39m   debug(message[33m:[39m string[33m,[39m context[33m?[39m[33m:[39m 
[33mRecord[39m[33m<[39m[33mstring[39m[33m,[39m any[33m>[39m) {[0m

      at Logger.log (src/utils/logger.ts:25:13)
      at Logger.warn (src/utils/logger.ts:37:10)
      at SchedulerStateService.loadState (src/services/scheduler-state.service.ts:146:16)
      at SchedulerStateService.initialize (src/services/scheduler-state.service.ts:101:7)
      at Object.<anonymous> (tests/unit/services/scheduler-state.test.ts:286:7)

    console.error
      {"timestamp":"2026-02-11T12:50:02.336Z","level":"warn","message":"Scheduler state file is invalid, starting 
fresh"}

    [0m [90m 23 |[39m     }[33m;[39m
     [90m 24 |[39m
    [31m[1m>[22m[39m[90m 25 |[39m     
console[33m.[39merror([33mJSON[39m[33m.[39mstringify(entry))[33m;[39m [90m// stderr for stdio servers[39m
     [90m    |[39m             [31m[1m^[22m[39m
     [90m 26 |[39m   }
     [90m 27 |[39m
     [90m 28 |[39m   debug(message[33m:[39m string[33m,[39m context[33m?[39m[33m:[39m 
[33mRecord[39m[33m<[39m[33mstring[39m[33m,[39m any[33m>[39m) {[0m

      at Logger.log (src/utils/logger.ts:25:13)
      at Logger.warn (src/utils/logger.ts:37:10)
      at SchedulerStateService.loadState (src/services/scheduler-state.service.ts:146:16)
      at SchedulerStateService.initialize (src/services/scheduler-state.service.ts:101:7)
      at Object.<anonymous> (tests/unit/services/scheduler-state.test.ts:302:7)

PASS tests/unit/services/music-organizer.test.ts
  ÔùÅ Console

    console.error
      {"timestamp":"2026-02-11T12:50:02.942Z","level":"info","message":"Starting music organization","sourceDir":"C:\\U
sers\\NewAdmin\\Desktop\\File-Organizer-MCP\\tests\\temp\\music-org-5RG0g7\\source","targetDir":"C:\\Users\\NewAdmin\\D
esktop\\File-Organizer-MCP\\tests\\temp\\music-org-5RG0g7\\target","structure":"artist/album"}

    [0m [90m 23 |[39m     }[33m;[39m
     [90m 24 |[39m
    [31m[1m>[22m[39m[90m 25 |[39m     
console[33m.[39merror([33mJSON[39m[33m.[39mstringify(entry))[33m;[39m [90m// stderr for stdio servers[39m
     [90m    |[39m             [31m[1m^[22m[39m
     [90m 26 |[39m   }
     [90m 27 |[39m
     [90m 28 |[39m   debug(message[33m:[39m string[33m,[39m context[33m?[39m[33m:[39m 
[33mRecord[39m[33m<[39m[33mstring[39m[33m,[39m any[33m>[39m) {[0m

      at Logger.log (src/utils/logger.ts:25:13)
      at Logger.info (src/utils/logger.ts:33:10)
      at MusicOrganizerService.organize (src/services/music-organizer.service.ts:101:12)
      at Object.<anonymous> (tests/unit/services/music-organizer.test.ts:390:36)

    console.error
      {"timestamp":"2026-02-11T12:50:02.956Z","level":"info","message":"Found 3 audio files to organize"}

    [0m [90m 23 |[39m     }[33m;[39m
     [90m 24 |[39m
    [31m[1m>[22m[39m[90m 25 |[39m     
console[33m.[39merror([33mJSON[39m[33m.[39mstringify(entry))[33m;[39m [90m// stderr for stdio servers[39m
     [90m    |[39m             [31m[1m^[22m[39m
     [90m 26 |[39m   }
     [90m 27 |[39m
     [90m 28 |[39m   debug(message[33m:[39m string[33m,[39m context[33m?[39m[33m:[39m 
[33mRecord[39m[33m<[39m[33mstring[39m[33m,[39m any[33m>[39m) {[0m

      at Logger.log (src/utils/logger.ts:25:13)
      at Logger.info (src/utils/logger.ts:33:10)
      at MusicOrganizerService.organize (src/services/music-organizer.service.ts:113:14)
      at Object.<anonymous> (tests/unit/services/music-organizer.test.ts:390:22)

    console.error
      {"timestamp":"2026-02-11T12:50:02.958Z","level":"info","message":"Extracting metadata from: 
C:\\Users\\NewAdmin\\Desktop\\File-Organizer-MCP\\tests\\temp\\music-org-5RG0g7\\source\\song1.mp3"}

    [0m [90m 23 |[39m     }[33m;[39m
     [90m 24 |[39m
    [31m[1m>[22m[39m[90m 25 |[39m     
console[33m.[39merror([33mJSON[39m[33m.[39mstringify(entry))[33m;[39m [90m// stderr for stdio servers[39m
     [90m    |[39m             [31m[1m^[22m[39m
     [90m 26 |[39m   }
     [90m 27 |[39m
     [90m 28 |[39m   debug(message[33m:[39m string[33m,[39m context[33m?[39m[33m:[39m 
[33mRecord[39m[33m<[39m[33mstring[39m[33m,[39m any[33m>[39m) {[0m

      at Logger.log (src/utils/logger.ts:25:13)
      at Logger.info (src/utils/logger.ts:33:10)
      at AudioMetadataService.extract (src/services/audio-metadata.service.ts:73:12)
      at MusicOrganizerService.planOrganization (src/services/music-organizer.service.ts:366:58)
      at MusicOrganizerService.organize (src/services/music-organizer.service.ts:116:37)
      at Object.<anonymous> (tests/unit/services/music-organizer.test.ts:390:22)

    console.error
      {"timestamp":"2026-02-11T12:50:02.960Z","level":"info","message":"Metadata extracted in 2ms: 
C:\\Users\\NewAdmin\\Desktop\\File-Organizer-MCP\\tests\\temp\\music-org-5RG0g7\\source\\song1.mp3"}

    [0m [90m 23 |[39m     }[33m;[39m
     [90m 24 |[39m
    [31m[1m>[22m[39m[90m 25 |[39m     
console[33m.[39merror([33mJSON[39m[33m.[39mstringify(entry))[33m;[39m [90m// stderr for stdio servers[39m
     [90m    |[39m             [31m[1m^[22m[39m
     [90m 26 |[39m   }
     [90m 27 |[39m
     [90m 28 |[39m   debug(message[33m:[39m string[33m,[39m context[33m?[39m[33m:[39m 
[33mRecord[39m[33m<[39m[33mstring[39m[33m,[39m any[33m>[39m) {[0m

      at Logger.log (src/utils/logger.ts:25:13)
      at Logger.info (src/utils/logger.ts:33:10)
      at AudioMetadataService.extract (src/services/audio-metadata.service.ts:120:14)
      at MusicOrganizerService.planOrganization (src/services/music-organizer.service.ts:366:26)
      at MusicOrganizerService.organize (src/services/music-organizer.service.ts:116:26)
      at Object.<anonymous> (tests/unit/services/music-organizer.test.ts:390:22)

    console.error
      {"timestamp":"2026-02-11T12:50:02.960Z","level":"info","message":"Extracting metadata from: 
C:\\Users\\NewAdmin\\Desktop\\File-Organizer-MCP\\tests\\temp\\music-org-5RG0g7\\source\\song2.mp3"}

    [0m [90m 23 |[39m     }[33m;[39m
     [90m 24 |[39m
    [31m[1m>[22m[39m[90m 25 |[39m     
console[33m.[39merror([33mJSON[39m[33m.[39mstringify(entry))[33m;[39m [90m// stderr for stdio servers[39m
     [90m    |[39m             [31m[1m^[22m[39m
     [90m 26 |[39m   }
     [90m 27 |[39m
     [90m 28 |[39m   debug(message[33m:[39m string[33m,[39m context[33m?[39m[33m:[39m 
[33mRecord[39m[33m<[39m[33mstring[39m[33m,[39m any[33m>[39m) {[0m

      at Logger.log (src/utils/logger.ts:25:13)
      at Logger.info (src/utils/logger.ts:33:10)
      at AudioMetadataService.extract (src/services/audio-metadata.service.ts:73:12)
      at MusicOrganizerService.planOrganization (src/services/music-organizer.service.ts:366:58)
      at MusicOrganizerService.organize (src/services/music-organizer.service.ts:116:26)
      at Object.<anonymous> (tests/unit/services/music-organizer.test.ts:390:22)

    console.error
      {"timestamp":"2026-02-11T12:50:02.961Z","level":"info","message":"Metadata extracted in 1ms: 
C:\\Users\\NewAdmin\\Desktop\\File-Organizer-MCP\\tests\\temp\\music-org-5RG0g7\\source\\song2.mp3"}

    [0m [90m 23 |[39m     }[33m;[39m
     [90m 24 |[39m
    [31m[1m>[22m[39m[90m 25 |[39m     
console[33m.[39merror([33mJSON[39m[33m.[39mstringify(entry))[33m;[39m [90m// stderr for stdio servers[39m
     [90m    |[39m             [31m[1m^[22m[39m
     [90m 26 |[39m   }
     [90m 27 |[39m
     [90m 28 |[39m   debug(message[33m:[39m string[33m,[39m context[33m?[39m[33m:[39m 
[33mRecord[39m[33m<[39m[33mstring[39m[33m,[39m any[33m>[39m) {[0m

      at Logger.log (src/utils/logger.ts:25:13)
      at Logger.info (src/utils/logger.ts:33:10)
      at AudioMetadataService.extract (src/services/audio-metadata.service.ts:120:14)
      at MusicOrganizerService.planOrganization (src/services/music-organizer.service.ts:366:26)
      at MusicOrganizerService.organize (src/services/music-organizer.service.ts:116:26)
      at Object.<anonymous> (tests/unit/services/music-organizer.test.ts:390:22)

    console.error
      {"timestamp":"2026-02-11T12:50:02.961Z","level":"info","message":"Extracting metadata from: 
C:\\Users\\NewAdmin\\Desktop\\File-Organizer-MCP\\tests\\temp\\music-org-5RG0g7\\source\\song3.mp3"}

    [0m [90m 23 |[39m     }[33m;[39m
     [90m 24 |[39m
    [31m[1m>[22m[39m[90m 25 |[39m     
console[33m.[39merror([33mJSON[39m[33m.[39mstringify(entry))[33m;[39m [90m// stderr for stdio servers[39m
     [90m    |[39m             [31m[1m^[22m[39m
     [90m 26 |[39m   }
     [90m 27 |[39m
     [90m 28 |[39m   debug(message[33m:[39m string[33m,[39m context[33m?[39m[33m:[39m 
[33mRecord[39m[33m<[39m[33mstring[39m[33m,[39m any[33m>[39m) {[0m

      at Logger.log (src/utils/logger.ts:25:13)
      at Logger.info (src/utils/logger.ts:33:10)
      at AudioMetadataService.extract (src/services/audio-metadata.service.ts:73:12)
      at MusicOrganizerService.planOrganization (src/services/music-organizer.service.ts:366:58)
      at MusicOrganizerService.organize (src/services/music-organizer.service.ts:116:26)
      at Object.<anonymous> (tests/unit/services/music-organizer.test.ts:390:22)

    console.error
      {"timestamp":"2026-02-11T12:50:02.962Z","level":"info","message":"Metadata extracted in 1ms: 
C:\\Users\\NewAdmin\\Desktop\\File-Organizer-MCP\\tests\\temp\\music-org-5RG0g7\\source\\song3.mp3"}

    [0m [90m 23 |[39m     }[33m;[39m
     [90m 24 |[39m
    [31m[1m>[22m[39m[90m 25 |[39m     
console[33m.[39merror([33mJSON[39m[33m.[39mstringify(entry))[33m;[39m [90m// stderr for stdio servers[39m
     [90m    |[39m             [31m[1m^[22m[39m
     [90m 26 |[39m   }
     [90m 27 |[39m
     [90m 28 |[39m   debug(message[33m:[39m string[33m,[39m context[33m?[39m[33m:[39m 
[33mRecord[39m[33m<[39m[33mstring[39m[33m,[39m any[33m>[39m) {[0m

      at Logger.log (src/utils/logger.ts:25:13)
      at Logger.info (src/utils/logger.ts:33:10)
      at AudioMetadataService.extract (src/services/audio-metadata.service.ts:120:14)
      at MusicOrganizerService.planOrganization (src/services/music-organizer.service.ts:366:26)
      at MusicOrganizerService.organize (src/services/music-organizer.service.ts:116:26)
      at Object.<anonymous> (tests/unit/services/music-organizer.test.ts:390:22)

    console.error
      {"timestamp":"2026-02-11T12:50:02.975Z","level":"info","message":"Music organization 
completed","organized":3,"skipped":0,"errors":0}

    [0m [90m 23 |[39m     }[33m;[39m
     [90m 24 |[39m
    [31m[1m>[22m[39m[90m 25 |[39m     
console[33m.[39merror([33mJSON[39m[33m.[39mstringify(entry))[33m;[39m [90m// stderr for stdio servers[39m
     [90m    |[39m             [31m[1m^[22m[39m
     [90m 26 |[39m   }
     [90m 27 |[39m
     [90m 28 |[39m   debug(message[33m:[39m string[33m,[39m context[33m?[39m[33m:[39m 
[33mRecord[39m[33m<[39m[33mstring[39m[33m,[39m any[33m>[39m) {[0m

      at Logger.log (src/utils/logger.ts:25:13)
      at Logger.info (src/utils/logger.ts:33:10)
      at MusicOrganizerService.organize (src/services/music-organizer.service.ts:121:14)
      at Object.<anonymous> (tests/unit/services/music-organizer.test.ts:390:22)

    console.error
      {"timestamp":"2026-02-11T12:50:02.994Z","level":"info","message":"Starting music organization","sourceDir":"C:\\U
sers\\NewAdmin\\Desktop\\File-Organizer-MCP\\tests\\temp\\music-org-gUSZDA\\source","targetDir":"C:\\Users\\NewAdmin\\D
esktop\\File-Organizer-MCP\\tests\\temp\\music-org-gUSZDA\\target","structure":"flat"}

    [0m [90m 23 |[39m     }[33m;[39m
     [90m 24 |[39m
    [31m[1m>[22m[39m[90m 25 |[39m     
console[33m.[39merror([33mJSON[39m[33m.[39mstringify(entry))[33m;[39m [90m// stderr for stdio servers[39m
     [90m    |[39m             [31m[1m^[22m[39m
     [90m 26 |[39m   }
     [90m 27 |[39m
     [90m 28 |[39m   debug(message[33m:[39m string[33m,[39m context[33m?[39m[33m:[39m 
[33mRecord[39m[33m<[39m[33mstring[39m[33m,[39m any[33m>[39m) {[0m

      at Logger.log (src/utils/logger.ts:25:13)
      at Logger.info (src/utils/logger.ts:33:10)
      at MusicOrganizerService.organize (src/services/music-organizer.service.ts:101:12)
      at Object.<anonymous> (tests/unit/services/music-organizer.test.ts:422:36)

    console.error
      {"timestamp":"2026-02-11T12:50:02.996Z","level":"info","message":"Found 2 audio files to organize"}

    [0m [90m 23 |[39m     }[33m;[39m
     [90m 24 |[39m
    [31m[1m>[22m[39m[90m 25 |[39m     
console[33m.[39merror([33mJSON[39m[33m.[39mstringify(entry))[33m;[39m [90m// stderr for stdio servers[39m
     [90m    |[39m             [31m[1m^[22m[39m
     [90m 26 |[39m   }
     [90m 27 |[39m
     [90m 28 |[39m   debug(message[33m:[39m string[33m,[39m context[33m?[39m[33m:[39m 
[33mRecord[39m[33m<[39m[33mstring[39m[33m,[39m any[33m>[39m) {[0m

      at Logger.log (src/utils/logger.ts:25:13)
      at Logger.info (src/utils/logger.ts:33:10)
      at MusicOrganizerService.organize (src/services/music-organizer.service.ts:113:14)
      at Object.<anonymous> (tests/unit/services/music-organizer.test.ts:422:22)

    console.error
      {"timestamp":"2026-02-11T12:50:02.996Z","level":"info","message":"Extracting metadata from: 
C:\\Users\\NewAdmin\\Desktop\\File-Organizer-MCP\\tests\\temp\\music-org-gUSZDA\\source\\song1.mp3"}

    [0m [90m 23 |[39m     }[33m;[39m
     [90m 24 |[39m
    [31m[1m>[22m[39m[90m 25 |[39m     
console[33m.[39merror([33mJSON[39m[33m.[39mstringify(entry))[33m;[39m [90m// stderr for stdio servers[39m
     [90m    |[39m             [31m[1m^[22m[39m
     [90m 26 |[39m   }
     [90m 27 |[39m
     [90m 28 |[39m   debug(message[33m:[39m string[33m,[39m context[33m?[39m[33m:[39m 
[33mRecord[39m[33m<[39m[33mstring[39m[33m,[39m any[33m>[39m) {[0m

      at Logger.log (src/utils/logger.ts:25:13)
      at Logger.info (src/utils/logger.ts:33:10)
      at AudioMetadataService.extract (src/services/audio-metadata.service.ts:73:12)
      at MusicOrganizerService.planOrganization (src/services/music-organizer.service.ts:366:58)
      at MusicOrganizerService.organize (src/services/music-organizer.service.ts:116:37)
      at Object.<anonymous> (tests/unit/services/music-organizer.test.ts:422:22)

    console.error
      {"timestamp":"2026-02-11T12:50:02.997Z","level":"info","message":"Metadata extracted in 1ms: 
C:\\Users\\NewAdmin\\Desktop\\File-Organizer-MCP\\tests\\temp\\music-org-gUSZDA\\source\\song1.mp3"}

    [0m [90m 23 |[39m     }[33m;[39m
     [90m 24 |[39m
    [31m[1m>[22m[39m[90m 25 |[39m     
console[33m.[39merror([33mJSON[39m[33m.[39mstringify(entry))[33m;[39m [90m// stderr for stdio servers[39m
     [90m    |[39m             [31m[1m^[22m[39m
     [90m 26 |[39m   }
     [90m 27 |[39m
     [90m 28 |[39m   debug(message[33m:[39m string[33m,[39m context[33m?[39m[33m:[39m 
[33mRecord[39m[33m<[39m[33mstring[39m[33m,[39m any[33m>[39m) {[0m

      at Logger.log (src/utils/logger.ts:25:13)
      at Logger.info (src/utils/logger.ts:33:10)
      at AudioMetadataService.extract (src/services/audio-metadata.service.ts:120:14)
      at MusicOrganizerService.planOrganization (src/services/music-organizer.service.ts:366:26)
      at MusicOrganizerService.organize (src/services/music-organizer.service.ts:116:26)
      at Object.<anonymous> (tests/unit/services/music-organizer.test.ts:422:22)

    console.error
      {"timestamp":"2026-02-11T12:50:02.997Z","level":"info","message":"Extracting metadata from: 
C:\\Users\\NewAdmin\\Desktop\\File-Organizer-MCP\\tests\\temp\\music-org-gUSZDA\\source\\song2.mp3"}

    [0m [90m 23 |[39m     }[33m;[39m
     [90m 24 |[39m
    [31m[1m>[22m[39m[90m 25 |[39m     
console[33m.[39merror([33mJSON[39m[33m.[39mstringify(entry))[33m;[39m [90m// stderr for stdio servers[39m
     [90m    |[39m             [31m[1m^[22m[39m
     [90m 26 |[39m   }
     [90m 27 |[39m
     [90m 28 |[39m   debug(message[33m:[39m string[33m,[39m context[33m?[39m[33m:[39m 
[33mRecord[39m[33m<[39m[33mstring[39m[33m,[39m any[33m>[39m) {[0m

      at Logger.log (src/utils/logger.ts:25:13)
      at Logger.info (src/utils/logger.ts:33:10)
      at AudioMetadataService.extract (src/services/audio-metadata.service.ts:73:12)
      at MusicOrganizerService.planOrganization (src/services/music-organizer.service.ts:366:58)
      at MusicOrganizerService.organize (src/services/music-organizer.service.ts:116:26)
      at Object.<anonymous> (tests/unit/services/music-organizer.test.ts:422:22)

    console.error
      {"timestamp":"2026-02-11T12:50:02.998Z","level":"info","message":"Metadata extracted in 1ms: 
C:\\Users\\NewAdmin\\Desktop\\File-Organizer-MCP\\tests\\temp\\music-org-gUSZDA\\source\\song2.mp3"}

    [0m [90m 23 |[39m     }[33m;[39m
     [90m 24 |[39m
    [31m[1m>[22m[39m[90m 25 |[39m     
console[33m.[39merror([33mJSON[39m[33m.[39mstringify(entry))[33m;[39m [90m// stderr for stdio servers[39m
     [90m    |[39m             [31m[1m^[22m[39m
     [90m 26 |[39m   }
     [90m 27 |[39m
     [90m 28 |[39m   debug(message[33m:[39m string[33m,[39m context[33m?[39m[33m:[39m 
[33mRecord[39m[33m<[39m[33mstring[39m[33m,[39m any[33m>[39m) {[0m

      at Logger.log (src/utils/logger.ts:25:13)
      at Logger.info (src/utils/logger.ts:33:10)
      at AudioMetadataService.extract (src/services/audio-metadata.service.ts:120:14)
      at MusicOrganizerService.planOrganization (src/services/music-organizer.service.ts:366:26)
      at MusicOrganizerService.organize (src/services/music-organizer.service.ts:116:26)
      at Object.<anonymous> (tests/unit/services/music-organizer.test.ts:422:22)

    console.error
      {"timestamp":"2026-02-11T12:50:03.026Z","level":"info","message":"Music organization 
completed","organized":2,"skipped":0,"errors":0}

    [0m [90m 23 |[39m     }[33m;[39m
     [90m 24 |[39m
    [31m[1m>[22m[39m[90m 25 |[39m     
console[33m.[39merror([33mJSON[39m[33m.[39mstringify(entry))[33m;[39m [90m// stderr for stdio servers[39m
     [90m    |[39m             [31m[1m^[22m[39m
     [90m 26 |[39m   }
     [90m 27 |[39m
     [90m 28 |[39m   debug(message[33m:[39m string[33m,[39m context[33m?[39m[33m:[39m 
[33mRecord[39m[33m<[39m[33mstring[39m[33m,[39m any[33m>[39m) {[0m

      at Logger.log (src/utils/logger.ts:25:13)
      at Logger.info (src/utils/logger.ts:33:10)
      at MusicOrganizerService.organize (src/services/music-organizer.service.ts:121:14)
      at Object.<anonymous> (tests/unit/services/music-organizer.test.ts:422:22)

    console.error
      {"timestamp":"2026-02-11T12:50:03.049Z","level":"info","message":"Starting music organization","sourceDir":"C:\\U
sers\\NewAdmin\\Desktop\\File-Organizer-MCP\\tests\\temp\\music-org-ZfVVPH\\source","targetDir":"C:\\Users\\NewAdmin\\D
esktop\\File-Organizer-MCP\\tests\\temp\\music-org-ZfVVPH\\target","structure":"flat"}

    [0m [90m 23 |[39m     }[33m;[39m
     [90m 24 |[39m
    [31m[1m>[22m[39m[90m 25 |[39m     
console[33m.[39merror([33mJSON[39m[33m.[39mstringify(entry))[33m;[39m [90m// stderr for stdio servers[39m
     [90m    |[39m             [31m[1m^[22m[39m
     [90m 26 |[39m   }
     [90m 27 |[39m
     [90m 28 |[39m   debug(message[33m:[39m string[33m,[39m context[33m?[39m[33m:[39m 
[33mRecord[39m[33m<[39m[33mstring[39m[33m,[39m any[33m>[39m) {[0m

      at Logger.log (src/utils/logger.ts:25:13)
      at Logger.info (src/utils/logger.ts:33:10)
      at MusicOrganizerService.organize (src/services/music-organizer.service.ts:101:12)
      at Object.<anonymous> (tests/unit/services/music-organizer.test.ts:440:36)

    console.error
      {"timestamp":"2026-02-11T12:50:03.052Z","level":"info","message":"Found 1 audio files to organize"}

    [0m [90m 23 |[39m     }[33m;[39m
     [90m 24 |[39m
    [31m[1m>[22m[39m[90m 25 |[39m     
console[33m.[39merror([33mJSON[39m[33m.[39mstringify(entry))[33m;[39m [90m// stderr for stdio servers[39m
     [90m    |[39m             [31m[1m^[22m[39m
     [90m 26 |[39m   }
     [90m 27 |[39m
     [90m 28 |[39m   debug(message[33m:[39m string[33m,[39m context[33m?[39m[33m:[39m 
[33mRecord[39m[33m<[39m[33mstring[39m[33m,[39m any[33m>[39m) {[0m

      at Logger.log (src/utils/logger.ts:25:13)
      at Logger.info (src/utils/logger.ts:33:10)
      at MusicOrganizerService.organize (src/services/music-organizer.service.ts:113:14)
      at Object.<anonymous> (tests/unit/services/music-organizer.test.ts:440:22)

    console.error
      {"timestamp":"2026-02-11T12:50:03.052Z","level":"info","message":"Extracting metadata from: 
C:\\Users\\NewAdmin\\Desktop\\File-Organizer-MCP\\tests\\temp\\music-org-ZfVVPH\\source\\song1.mp3"}

    [0m [90m 23 |[39m     }[33m;[39m
     [90m 24 |[39m
    [31m[1m>[22m[39m[90m 25 |[39m     
console[33m.[39merror([33mJSON[39m[33m.[39mstringify(entry))[33m;[39m [90m// stderr for stdio servers[39m
     [90m    |[39m             [31m[1m^[22m[39m
     [90m 26 |[39m   }
     [90m 27 |[39m
     [90m 28 |[39m   debug(message[33m:[39m string[33m,[39m context[33m?[39m[33m:[39m 
[33mRecord[39m[33m<[39m[33mstring[39m[33m,[39m any[33m>[39m) {[0m

      at Logger.log (src/utils/logger.ts:25:13)
      at Logger.info (src/utils/logger.ts:33:10)
      at AudioMetadataService.extract (src/services/audio-metadata.service.ts:73:12)
      at MusicOrganizerService.planOrganization (src/services/music-organizer.service.ts:366:58)
      at MusicOrganizerService.organize (src/services/music-organizer.service.ts:116:37)
      at Object.<anonymous> (tests/unit/services/music-organizer.test.ts:440:22)

    console.error
      {"timestamp":"2026-02-11T12:50:03.053Z","level":"info","message":"Metadata extracted in 1ms: 
C:\\Users\\NewAdmin\\Desktop\\File-Organizer-MCP\\tests\\temp\\music-org-ZfVVPH\\source\\song1.mp3"}

    [0m [90m 23 |[39m     }[33m;[39m
     [90m 24 |[39m
    [31m[1m>[22m[39m[90m 25 |[39m     
console[33m.[39merror([33mJSON[39m[33m.[39mstringify(entry))[33m;[39m [90m// stderr for stdio servers[39m
     [90m    |[39m             [31m[1m^[22m[39m
     [90m 26 |[39m   }
     [90m 27 |[39m
     [90m 28 |[39m   debug(message[33m:[39m string[33m,[39m context[33m?[39m[33m:[39m 
[33mRecord[39m[33m<[39m[33mstring[39m[33m,[39m any[33m>[39m) {[0m

      at Logger.log (src/utils/logger.ts:25:13)
      at Logger.info (src/utils/logger.ts:33:10)
      at AudioMetadataService.extract (src/services/audio-metadata.service.ts:120:14)
      at MusicOrganizerService.planOrganization (src/services/music-organizer.service.ts:366:26)
      at MusicOrganizerService.organize (src/services/music-organizer.service.ts:116:26)
      at Object.<anonymous> (tests/unit/services/music-organizer.test.ts:440:22)

    console.error
      {"timestamp":"2026-02-11T12:50:03.056Z","level":"info","message":"Music organization 
completed","organized":1,"skipped":0,"errors":0}

    [0m [90m 23 |[39m     }[33m;[39m
     [90m 24 |[39m
    [31m[1m>[22m[39m[90m 25 |[39m     
console[33m.[39merror([33mJSON[39m[33m.[39mstringify(entry))[33m;[39m [90m// stderr for stdio servers[39m
     [90m    |[39m             [31m[1m^[22m[39m
     [90m 26 |[39m   }
     [90m 27 |[39m
     [90m 28 |[39m   debug(message[33m:[39m string[33m,[39m context[33m?[39m[33m:[39m 
[33mRecord[39m[33m<[39m[33mstring[39m[33m,[39m any[33m>[39m) {[0m

      at Logger.log (src/utils/logger.ts:25:13)
      at Logger.info (src/utils/logger.ts:33:10)
      at MusicOrganizerService.organize (src/services/music-organizer.service.ts:121:14)
      at Object.<anonymous> (tests/unit/services/music-organizer.test.ts:440:22)

    console.error
      {"timestamp":"2026-02-11T12:50:03.075Z","level":"info","message":"Starting music organization","sourceDir":"C:\\U
sers\\NewAdmin\\Desktop\\File-Organizer-MCP\\tests\\temp\\music-org-o8IHhC\\source","targetDir":"C:\\Users\\NewAdmin\\D
esktop\\File-Organizer-MCP\\tests\\temp\\music-org-o8IHhC\\target","structure":"artist/album"}

    [0m [90m 23 |[39m     }[33m;[39m
     [90m 24 |[39m
    [31m[1m>[22m[39m[90m 25 |[39m     
console[33m.[39merror([33mJSON[39m[33m.[39mstringify(entry))[33m;[39m [90m// stderr for stdio servers[39m
     [90m    |[39m             [31m[1m^[22m[39m
     [90m 26 |[39m   }
     [90m 27 |[39m
     [90m 28 |[39m   debug(message[33m:[39m string[33m,[39m context[33m?[39m[33m:[39m 
[33mRecord[39m[33m<[39m[33mstring[39m[33m,[39m any[33m>[39m) {[0m

      at Logger.log (src/utils/logger.ts:25:13)
      at Logger.info (src/utils/logger.ts:33:10)
      at MusicOrganizerService.organize (src/services/music-organizer.service.ts:101:12)
      at Object.<anonymous> (tests/unit/services/music-organizer.test.ts:472:36)

    console.error
      {"timestamp":"2026-02-11T12:50:03.079Z","level":"info","message":"Found 2 audio files to organize"}

    [0m [90m 23 |[39m     }[33m;[39m
     [90m 24 |[39m
    [31m[1m>[22m[39m[90m 25 |[39m     
console[33m.[39merror([33mJSON[39m[33m.[39mstringify(entry))[33m;[39m [90m// stderr for stdio servers[39m
     [90m    |[39m             [31m[1m^[22m[39m
     [90m 26 |[39m   }
     [90m 27 |[39m
     [90m 28 |[39m   debug(message[33m:[39m string[33m,[39m context[33m?[39m[33m:[39m 
[33mRecord[39m[33m<[39m[33mstring[39m[33m,[39m any[33m>[39m) {[0m

      at Logger.log (src/utils/logger.ts:25:13)
      at Logger.info (src/utils/logger.ts:33:10)
      at MusicOrganizerService.organize (src/services/music-organizer.service.ts:113:14)
      at Object.<anonymous> (tests/unit/services/music-organizer.test.ts:472:22)

    console.error
      {"timestamp":"2026-02-11T12:50:03.079Z","level":"info","message":"Extracting metadata from: 
C:\\Users\\NewAdmin\\Desktop\\File-Organizer-MCP\\tests\\temp\\music-org-o8IHhC\\source\\song1.mp3"}

    [0m [90m 23 |[39m     }[33m;[39m
     [90m 24 |[39m
    [31m[1m>[22m[39m[90m 25 |[39m     
console[33m.[39merror([33mJSON[39m[33m.[39mstringify(entry))[33m;[39m [90m// stderr for stdio servers[39m
     [90m    |[39m             [31m[1m^[22m[39m
     [90m 26 |[39m   }
     [90m 27 |[39m
     [90m 28 |[39m   debug(message[33m:[39m string[33m,[39m context[33m?[39m[33m:[39m 
[33mRecord[39m[33m<[39m[33mstring[39m[33m,[39m any[33m>[39m) {[0m

      at Logger.log (src/utils/logger.ts:25:13)
      at Logger.info (src/utils/logger.ts:33:10)
      at AudioMetadataService.extract (src/services/audio-metadata.service.ts:73:12)
      at MusicOrganizerService.planOrganization (src/services/music-organizer.service.ts:366:58)
      at MusicOrganizerService.organize (src/services/music-organizer.service.ts:116:37)
      at Object.<anonymous> (tests/unit/services/music-organizer.test.ts:472:22)

    console.error
      {"timestamp":"2026-02-11T12:50:03.080Z","level":"info","message":"Metadata extracted in 1ms: 
C:\\Users\\NewAdmin\\Desktop\\File-Organizer-MCP\\tests\\temp\\music-org-o8IHhC\\source\\song1.mp3"}

    [0m [90m 23 |[39m     }[33m;[39m
     [90m 24 |[39m
    [31m[1m>[22m[39m[90m 25 |[39m     
console[33m.[39merror([33mJSON[39m[33m.[39mstringify(entry))[33m;[39m [90m// stderr for stdio servers[39m
     [90m    |[39m             [31m[1m^[22m[39m
     [90m 26 |[39m   }
     [90m 27 |[39m
     [90m 28 |[39m   debug(message[33m:[39m string[33m,[39m context[33m?[39m[33m:[39m 
[33mRecord[39m[33m<[39m[33mstring[39m[33m,[39m any[33m>[39m) {[0m

      at Logger.log (src/utils/logger.ts:25:13)
      at Logger.info (src/utils/logger.ts:33:10)
      at AudioMetadataService.extract (src/services/audio-metadata.service.ts:120:14)
      at MusicOrganizerService.planOrganization (src/services/music-organizer.service.ts:366:26)
      at MusicOrganizerService.organize (src/services/music-organizer.service.ts:116:26)
      at Object.<anonymous> (tests/unit/services/music-organizer.test.ts:472:22)

    console.error
      {"timestamp":"2026-02-11T12:50:03.080Z","level":"info","message":"Extracting metadata from: 
C:\\Users\\NewAdmin\\Desktop\\File-Organizer-MCP\\tests\\temp\\music-org-o8IHhC\\source\\song2.mp3"}

    [0m [90m 23 |[39m     }[33m;[39m
     [90m 24 |[39m
    [31m[1m>[22m[39m[90m 25 |[39m     
console[33m.[39merror([33mJSON[39m[33m.[39mstringify(entry))[33m;[39m [90m// stderr for stdio servers[39m
     [90m    |[39m             [31m[1m^[22m[39m
     [90m 26 |[39m   }
     [90m 27 |[39m
     [90m 28 |[39m   debug(message[33m:[39m string[33m,[39m context[33m?[39m[33m:[39m 
[33mRecord[39m[33m<[39m[33mstring[39m[33m,[39m any[33m>[39m) {[0m

      at Logger.log (src/utils/logger.ts:25:13)
      at Logger.info (src/utils/logger.ts:33:10)
      at AudioMetadataService.extract (src/services/audio-metadata.service.ts:73:12)
      at MusicOrganizerService.planOrganization (src/services/music-organizer.service.ts:366:58)
      at MusicOrganizerService.organize (src/services/music-organizer.service.ts:116:26)
      at Object.<anonymous> (tests/unit/services/music-organizer.test.ts:472:22)

    console.error
      {"timestamp":"2026-02-11T12:50:03.081Z","level":"info","message":"Metadata extracted in 1ms: 
C:\\Users\\NewAdmin\\Desktop\\File-Organizer-MCP\\tests\\temp\\music-org-o8IHhC\\source\\song2.mp3"}

    [0m [90m 23 |[39m     }[33m;[39m
     [90m 24 |[39m
    [31m[1m>[22m[39m[90m 25 |[39m     
console[33m.[39merror([33mJSON[39m[33m.[39mstringify(entry))[33m;[39m [90m// stderr for stdio servers[39m
     [90m    |[39m             [31m[1m^[22m[39m
     [90m 26 |[39m   }
     [90m 27 |[39m
     [90m 28 |[39m   debug(message[33m:[39m string[33m,[39m context[33m?[39m[33m:[39m 
[33mRecord[39m[33m<[39m[33mstring[39m[33m,[39m any[33m>[39m) {[0m

      at Logger.log (src/utils/logger.ts:25:13)
      at Logger.info (src/utils/logger.ts:33:10)
      at AudioMetadataService.extract (src/services/audio-metadata.service.ts:120:14)
      at MusicOrganizerService.planOrganization (src/services/music-organizer.service.ts:366:26)
      at MusicOrganizerService.organize (src/services/music-organizer.service.ts:116:26)
      at Object.<anonymous> (tests/unit/services/music-organizer.test.ts:472:22)

    console.error
      {"timestamp":"2026-02-11T12:50:03.085Z","level":"info","message":"Music organization 
completed","organized":1,"skipped":1,"errors":0}

    [0m [90m 23 |[39m     }[33m;[39m
     [90m 24 |[39m
    [31m[1m>[22m[39m[90m 25 |[39m     
console[33m.[39merror([33mJSON[39m[33m.[39mstringify(entry))[33m;[39m [90m// stderr for stdio servers[39m
     [90m    |[39m             [31m[1m^[22m[39m
     [90m 26 |[39m   }
     [90m 27 |[39m
     [90m 28 |[39m   debug(message[33m:[39m string[33m,[39m context[33m?[39m[33m:[39m 
[33mRecord[39m[33m<[39m[33mstring[39m[33m,[39m any[33m>[39m) {[0m

      at Logger.log (src/utils/logger.ts:25:13)
      at Logger.info (src/utils/logger.ts:33:10)
      at MusicOrganizerService.organize (src/services/music-organizer.service.ts:121:14)
      at Object.<anonymous> (tests/unit/services/music-organizer.test.ts:472:22)

    console.error
      {"timestamp":"2026-02-11T12:50:03.135Z","level":"info","message":"Starting music organization","sourceDir":"C:\\U
sers\\NewAdmin\\Desktop\\File-Organizer-MCP\\tests\\temp\\music-org-3mH6Tf\\source","targetDir":"C:\\Users\\NewAdmin\\D
esktop\\File-Organizer-MCP\\tests\\temp\\music-org-3mH6Tf\\target","structure":"flat"}

    [0m [90m 23 |[39m     }[33m;[39m
     [90m 24 |[39m
    [31m[1m>[22m[39m[90m 25 |[39m     
console[33m.[39merror([33mJSON[39m[33m.[39mstringify(entry))[33m;[39m [90m// stderr for stdio servers[39m
     [90m    |[39m             [31m[1m^[22m[39m
     [90m 26 |[39m   }
     [90m 27 |[39m
     [90m 28 |[39m   debug(message[33m:[39m string[33m,[39m context[33m?[39m[33m:[39m 
[33mRecord[39m[33m<[39m[33mstring[39m[33m,[39m any[33m>[39m) {[0m

      at Logger.log (src/utils/logger.ts:25:13)
      at Logger.info (src/utils/logger.ts:33:10)
      at MusicOrganizerService.organize (src/services/music-organizer.service.ts:101:12)
      at Object.<anonymous> (tests/unit/services/music-organizer.test.ts:524:36)

    console.error
      {"timestamp":"2026-02-11T12:50:03.138Z","level":"info","message":"Found 2 audio files to organize"}

    [0m [90m 23 |[39m     }[33m;[39m
     [90m 24 |[39m
    [31m[1m>[22m[39m[90m 25 |[39m     
console[33m.[39merror([33mJSON[39m[33m.[39mstringify(entry))[33m;[39m [90m// stderr for stdio servers[39m
     [90m    |[39m             [31m[1m^[22m[39m
     [90m 26 |[39m   }
     [90m 27 |[39m
     [90m 28 |[39m   debug(message[33m:[39m string[33m,[39m context[33m?[39m[33m:[39m 
[33mRecord[39m[33m<[39m[33mstring[39m[33m,[39m any[33m>[39m) {[0m

      at Logger.log (src/utils/logger.ts:25:13)
      at Logger.info (src/utils/logger.ts:33:10)
      at MusicOrganizerService.organize (src/services/music-organizer.service.ts:113:14)
      at Object.<anonymous> (tests/unit/services/music-organizer.test.ts:524:22)

    console.error
      {"timestamp":"2026-02-11T12:50:03.138Z","level":"info","message":"Extracting metadata from: 
C:\\Users\\NewAdmin\\Desktop\\File-Organizer-MCP\\tests\\temp\\music-org-3mH6Tf\\source\\song1.mp3"}

    [0m [90m 23 |[39m     }[33m;[39m
     [90m 24 |[39m
    [31m[1m>[22m[39m[90m 25 |[39m     
console[33m.[39merror([33mJSON[39m[33m.[39mstringify(entry))[33m;[39m [90m// stderr for stdio servers[39m
     [90m    |[39m             [31m[1m^[22m[39m
     [90m 26 |[39m   }
     [90m 27 |[39m
     [90m 28 |[39m   debug(message[33m:[39m string[33m,[39m context[33m?[39m[33m:[39m 
[33mRecord[39m[33m<[39m[33mstring[39m[33m,[39m any[33m>[39m) {[0m

      at Logger.log (src/utils/logger.ts:25:13)
      at Logger.info (src/utils/logger.ts:33:10)
      at AudioMetadataService.extract (src/services/audio-metadata.service.ts:73:12)
      at MusicOrganizerService.planOrganization (src/services/music-organizer.service.ts:366:58)
      at MusicOrganizerService.organize (src/services/music-organizer.service.ts:116:37)
      at Object.<anonymous> (tests/unit/services/music-organizer.test.ts:524:22)

    console.error
      {"timestamp":"2026-02-11T12:50:03.139Z","level":"info","message":"Metadata extracted in 1ms: 
C:\\Users\\NewAdmin\\Desktop\\File-Organizer-MCP\\tests\\temp\\music-org-3mH6Tf\\source\\song1.mp3"}

    [0m [90m 23 |[39m     }[33m;[39m
     [90m 24 |[39m
    [31m[1m>[22m[39m[90m 25 |[39m     
console[33m.[39merror([33mJSON[39m[33m.[39mstringify(entry))[33m;[39m [90m// stderr for stdio servers[39m
     [90m    |[39m             [31m[1m^[22m[39m
     [90m 26 |[39m   }
     [90m 27 |[39m
     [90m 28 |[39m   debug(message[33m:[39m string[33m,[39m context[33m?[39m[33m:[39m 
[33mRecord[39m[33m<[39m[33mstring[39m[33m,[39m any[33m>[39m) {[0m

      at Logger.log (src/utils/logger.ts:25:13)
      at Logger.info (src/utils/logger.ts:33:10)
      at AudioMetadataService.extract (src/services/audio-metadata.service.ts:120:14)
      at MusicOrganizerService.planOrganization (src/services/music-organizer.service.ts:366:26)
      at MusicOrganizerService.organize (src/services/music-organizer.service.ts:116:26)
      at Object.<anonymous> (tests/unit/services/music-organizer.test.ts:524:22)

    console.error
      {"timestamp":"2026-02-11T12:50:03.141Z","level":"info","message":"Extracting metadata from: 
C:\\Users\\NewAdmin\\Desktop\\File-Organizer-MCP\\tests\\temp\\music-org-3mH6Tf\\source\\song2.mp3"}

    [0m [90m 23 |[39m     }[33m;[39m
     [90m 24 |[39m
    [31m[1m>[22m[39m[90m 25 |[39m     
console[33m.[39merror([33mJSON[39m[33m.[39mstringify(entry))[33m;[39m [90m// stderr for stdio servers[39m
     [90m    |[39m             [31m[1m^[22m[39m
     [90m 26 |[39m   }
     [90m 27 |[39m
     [90m 28 |[39m   debug(message[33m:[39m string[33m,[39m context[33m?[39m[33m:[39m 
[33mRecord[39m[33m<[39m[33mstring[39m[33m,[39m any[33m>[39m) {[0m

      at Logger.log (src/utils/logger.ts:25:13)
      at Logger.info (src/utils/logger.ts:33:10)
      at AudioMetadataService.extract (src/services/audio-metadata.service.ts:73:12)
      at MusicOrganizerService.planOrganization (src/services/music-organizer.service.ts:366:58)
      at MusicOrganizerService.organize (src/services/music-organizer.service.ts:116:26)
      at Object.<anonymous> (tests/unit/services/music-organizer.test.ts:524:22)

    console.error
      {"timestamp":"2026-02-11T12:50:03.143Z","level":"info","message":"Metadata extracted in 2ms: 
C:\\Users\\NewAdmin\\Desktop\\File-Organizer-MCP\\tests\\temp\\music-org-3mH6Tf\\source\\song2.mp3"}

    [0m [90m 23 |[39m     }[33m;[39m
     [90m 24 |[39m
    [31m[1m>[22m[39m[90m 25 |[39m     
console[33m.[39merror([33mJSON[39m[33m.[39mstringify(entry))[33m;[39m [90m// stderr for stdio servers[39m
     [90m    |[39m             [31m[1m^[22m[39m
     [90m 26 |[39m   }
     [90m 27 |[39m
     [90m 28 |[39m   debug(message[33m:[39m string[33m,[39m context[33m?[39m[33m:[39m 
[33mRecord[39m[33m<[39m[33mstring[39m[33m,[39m any[33m>[39m) {[0m

      at Logger.log (src/utils/logger.ts:25:13)
      at Logger.info (src/utils/logger.ts:33:10)
      at AudioMetadataService.extract (src/services/audio-metadata.service.ts:120:14)
      at MusicOrganizerService.planOrganization (src/services/music-organizer.service.ts:366:26)
      at MusicOrganizerService.organize (src/services/music-organizer.service.ts:116:26)
      at Object.<anonymous> (tests/unit/services/music-organizer.test.ts:524:22)

    console.error
      {"timestamp":"2026-02-11T12:50:03.147Z","level":"info","message":"Music organization 
completed","organized":2,"skipped":0,"errors":0}

    [0m [90m 23 |[39m     }[33m;[39m
     [90m 24 |[39m
    [31m[1m>[22m[39m[90m 25 |[39m     
console[33m.[39merror([33mJSON[39m[33m.[39mstringify(entry))[33m;[39m [90m// stderr for stdio servers[39m
     [90m    |[39m             [31m[1m^[22m[39m
     [90m 26 |[39m   }
     [90m 27 |[39m
     [90m 28 |[39m   debug(message[33m:[39m string[33m,[39m context[33m?[39m[33m:[39m 
[33mRecord[39m[33m<[39m[33mstring[39m[33m,[39m any[33m>[39m) {[0m

      at Logger.log (src/utils/logger.ts:25:13)
      at Logger.info (src/utils/logger.ts:33:10)
      at MusicOrganizerService.organize (src/services/music-organizer.service.ts:121:14)
      at Object.<anonymous> (tests/unit/services/music-organizer.test.ts:524:22)

    console.error
      {"timestamp":"2026-02-11T12:50:03.155Z","level":"info","message":"Starting music organization","sourceDir":"C:\\U
sers\\NewAdmin\\Desktop\\File-Organizer-MCP\\tests\\temp\\music-org-JoMLC4\\source","targetDir":"C:\\Users\\NewAdmin\\D
esktop\\File-Organizer-MCP\\tests\\temp\\music-org-JoMLC4\\target","structure":"flat"}

    [0m [90m 23 |[39m     }[33m;[39m
     [90m 24 |[39m
    [31m[1m>[22m[39m[90m 25 |[39m     
console[33m.[39merror([33mJSON[39m[33m.[39mstringify(entry))[33m;[39m [90m// stderr for stdio servers[39m
     [90m    |[39m             [31m[1m^[22m[39m
     [90m 26 |[39m   }
     [90m 27 |[39m
     [90m 28 |[39m   debug(message[33m:[39m string[33m,[39m context[33m?[39m[33m:[39m 
[33mRecord[39m[33m<[39m[33mstring[39m[33m,[39m any[33m>[39m) {[0m

      at Logger.log (src/utils/logger.ts:25:13)
      at Logger.info (src/utils/logger.ts:33:10)
      at MusicOrganizerService.organize (src/services/music-organizer.service.ts:101:12)
      at Object.<anonymous> (tests/unit/services/music-organizer.test.ts:566:36)

    console.error
      {"timestamp":"2026-02-11T12:50:03.161Z","level":"info","message":"Found 1 audio files to organize"}

    [0m [90m 23 |[39m     }[33m;[39m
     [90m 24 |[39m
    [31m[1m>[22m[39m[90m 25 |[39m     
console[33m.[39merror([33mJSON[39m[33m.[39mstringify(entry))[33m;[39m [90m// stderr for stdio servers[39m
     [90m    |[39m             [31m[1m^[22m[39m
     [90m 26 |[39m   }
     [90m 27 |[39m
     [90m 28 |[39m   debug(message[33m:[39m string[33m,[39m context[33m?[39m[33m:[39m 
[33mRecord[39m[33m<[39m[33mstring[39m[33m,[39m any[33m>[39m) {[0m

      at Logger.log (src/utils/logger.ts:25:13)
      at Logger.info (src/utils/logger.ts:33:10)
      at MusicOrganizerService.organize (src/services/music-organizer.service.ts:113:14)
      at Object.<anonymous> (tests/unit/services/music-organizer.test.ts:566:22)

    console.error
      {"timestamp":"2026-02-11T12:50:03.161Z","level":"info","message":"Extracting metadata from: 
C:\\Users\\NewAdmin\\Desktop\\File-Organizer-MCP\\tests\\temp\\music-org-JoMLC4\\source\\nested\\deep\\deep_song.mp3"}

    [0m [90m 23 |[39m     }[33m;[39m
     [90m 24 |[39m
    [31m[1m>[22m[39m[90m 25 |[39m     
console[33m.[39merror([33mJSON[39m[33m.[39mstringify(entry))[33m;[39m [90m// stderr for stdio servers[39m
     [90m    |[39m             [31m[1m^[22m[39m
     [90m 26 |[39m   }
     [90m 27 |[39m
     [90m 28 |[39m   debug(message[33m:[39m string[33m,[39m context[33m?[39m[33m:[39m 
[33mRecord[39m[33m<[39m[33mstring[39m[33m,[39m any[33m>[39m) {[0m

      at Logger.log (src/utils/logger.ts:25:13)
      at Logger.info (src/utils/logger.ts:33:10)
      at AudioMetadataService.extract (src/services/audio-metadata.service.ts:73:12)
      at MusicOrganizerService.planOrganization (src/services/music-organizer.service.ts:366:58)
      at MusicOrganizerService.organize (src/services/music-organizer.service.ts:116:37)
      at Object.<anonymous> (tests/unit/services/music-organizer.test.ts:566:22)

    console.error
      {"timestamp":"2026-02-11T12:50:03.163Z","level":"error","message":"Error extracting metadata from C:\\Users\\NewA
dmin\\Desktop\\File-Organizer-MCP\\tests\\temp\\music-org-JoMLC4\\source\\nested\\deep\\deep_song.mp3:","error":{"code"
:"ERR_OUT_OF_RANGE"}}

    [0m [90m 23 |[39m     }[33m;[39m
     [90m 24 |[39m
    [31m[1m>[22m[39m[90m 25 |[39m     
console[33m.[39merror([33mJSON[39m[33m.[39mstringify(entry))[33m;[39m [90m// stderr for stdio servers[39m
     [90m    |[39m             [31m[1m^[22m[39m
     [90m 26 |[39m   }
     [90m 27 |[39m
     [90m 28 |[39m   debug(message[33m:[39m string[33m,[39m context[33m?[39m[33m:[39m 
[33mRecord[39m[33m<[39m[33mstring[39m[33m,[39m any[33m>[39m) {[0m

      at Logger.log (src/utils/logger.ts:25:13)
      at Logger.error (src/utils/logger.ts:45:10)
      at AudioMetadataService.extract (src/services/audio-metadata.service.ts:124:14)
      at MusicOrganizerService.planOrganization (src/services/music-organizer.service.ts:366:26)
      at MusicOrganizerService.organize (src/services/music-organizer.service.ts:116:26)
      at Object.<anonymous> (tests/unit/services/music-organizer.test.ts:566:22)

    console.error
      {"timestamp":"2026-02-11T12:50:03.164Z","level":"info","message":"Music organization 
completed","organized":1,"skipped":0,"errors":0}

    [0m [90m 23 |[39m     }[33m;[39m
     [90m 24 |[39m
    [31m[1m>[22m[39m[90m 25 |[39m     
console[33m.[39merror([33mJSON[39m[33m.[39mstringify(entry))[33m;[39m [90m// stderr for stdio servers[39m
     [90m    |[39m             [31m[1m^[22m[39m
     [90m 26 |[39m   }
     [90m 27 |[39m
     [90m 28 |[39m   debug(message[33m:[39m string[33m,[39m context[33m?[39m[33m:[39m 
[33mRecord[39m[33m<[39m[33mstring[39m[33m,[39m any[33m>[39m) {[0m

      at Logger.log (src/utils/logger.ts:25:13)
      at Logger.info (src/utils/logger.ts:33:10)
      at MusicOrganizerService.organize (src/services/music-organizer.service.ts:121:14)
      at Object.<anonymous> (tests/unit/services/music-organizer.test.ts:566:22)

    console.error
      {"timestamp":"2026-02-11T12:50:03.227Z","level":"info","message":"Starting music organization preview (dry run)",
"sourceDir":"C:\\Users\\NewAdmin\\Desktop\\File-Organizer-MCP\\tests\\temp\\music-org-S2SyVN\\source","targetDir":"C:\\
Users\\NewAdmin\\Desktop\\File-Organizer-MCP\\tests\\temp\\music-org-S2SyVN\\target"}

    [0m [90m 23 |[39m     }[33m;[39m
     [90m 24 |[39m
    [31m[1m>[22m[39m[90m 25 |[39m     
console[33m.[39merror([33mJSON[39m[33m.[39mstringify(entry))[33m;[39m [90m// stderr for stdio servers[39m
     [90m    |[39m             [31m[1m^[22m[39m
     [90m 26 |[39m   }
     [90m 27 |[39m
     [90m 28 |[39m   debug(message[33m:[39m string[33m,[39m context[33m?[39m[33m:[39m 
[33mRecord[39m[33m<[39m[33mstring[39m[33m,[39m any[33m>[39m) {[0m

      at Logger.log (src/utils/logger.ts:25:13)
      at Logger.info (src/utils/logger.ts:33:10)
      at MusicOrganizerService.previewOrganization (src/services/music-organizer.service.ts:151:12)
      at Object.<anonymous> (tests/unit/services/music-organizer.test.ts:584:36)

    console.error
      {"timestamp":"2026-02-11T12:50:03.287Z","level":"info","message":"Extracting metadata from: 
C:\\Users\\NewAdmin\\Desktop\\File-Organizer-MCP\\tests\\temp\\music-org-S2SyVN\\source\\song1.mp3"}

    [0m [90m 23 |[39m     }[33m;[39m
     [90m 24 |[39m
    [31m[1m>[22m[39m[90m 25 |[39m     
console[33m.[39merror([33mJSON[39m[33m.[39mstringify(entry))[33m;[39m [90m// stderr for stdio servers[39m
     [90m    |[39m             [31m[1m^[22m[39m
     [90m 26 |[39m   }
     [90m 27 |[39m
     [90m 28 |[39m   debug(message[33m:[39m string[33m,[39m context[33m?[39m[33m:[39m 
[33mRecord[39m[33m<[39m[33mstring[39m[33m,[39m any[33m>[39m) {[0m

      at Logger.log (src/utils/logger.ts:25:13)
      at Logger.info (src/utils/logger.ts:33:10)
      at AudioMetadataService.extract (src/services/audio-metadata.service.ts:73:12)
      at MusicOrganizerService.planOrganization (src/services/music-organizer.service.ts:366:58)
      at MusicOrganizerService.previewOrganization (src/services/music-organizer.service.ts:159:37)
      at Object.<anonymous> (tests/unit/services/music-organizer.test.ts:584:22)

    console.error
      {"timestamp":"2026-02-11T12:50:03.362Z","level":"info","message":"Metadata extracted in 75ms: 
C:\\Users\\NewAdmin\\Desktop\\File-Organizer-MCP\\tests\\temp\\music-org-S2SyVN\\source\\song1.mp3"}

    [0m [90m 23 |[39m     }[33m;[39m
     [90m 24 |[39m
    [31m[1m>[22m[39m[90m 25 |[39m     
console[33m.[39merror([33mJSON[39m[33m.[39mstringify(entry))[33m;[39m [90m// stderr for stdio servers[39m
     [90m    |[39m             [31m[1m^[22m[39m
     [90m 26 |[39m   }
     [90m 27 |[39m
     [90m 28 |[39m   debug(message[33m:[39m string[33m,[39m context[33m?[39m[33m:[39m 
[33mRecord[39m[33m<[39m[33mstring[39m[33m,[39m any[33m>[39m) {[0m

      at Logger.log (src/utils/logger.ts:25:13)
      at Logger.info (src/utils/logger.ts:33:10)
      at AudioMetadataService.extract (src/services/audio-metadata.service.ts:120:14)
      at MusicOrganizerService.planOrganization (src/services/music-organizer.service.ts:366:26)
      at MusicOrganizerService.previewOrganization (src/services/music-organizer.service.ts:159:26)
      at Object.<anonymous> (tests/unit/services/music-organizer.test.ts:584:22)

    console.error
      {"timestamp":"2026-02-11T12:50:03.362Z","level":"info","message":"Music organization preview 
completed","organized":1,"skipped":0}

    [0m [90m 23 |[39m     }[33m;[39m
     [90m 24 |[39m
    [31m[1m>[22m[39m[90m 25 |[39m     
console[33m.[39merror([33mJSON[39m[33m.[39mstringify(entry))[33m;[39m [90m// stderr for stdio servers[39m
     [90m    |[39m             [31m[1m^[22m[39m
     [90m 26 |[39m   }
     [90m 27 |[39m
     [90m 28 |[39m   debug(message[33m:[39m string[33m,[39m context[33m?[39m[33m:[39m 
[33mRecord[39m[33m<[39m[33mstring[39m[33m,[39m any[33m>[39m) {[0m

      at Logger.log (src/utils/logger.ts:25:13)
      at Logger.info (src/utils/logger.ts:33:10)
      at MusicOrganizerService.previewOrganization (src/services/music-organizer.service.ts:162:14)
      at Object.<anonymous> (tests/unit/services/music-organizer.test.ts:584:22)

    console.error
      {"timestamp":"2026-02-11T12:50:03.422Z","level":"info","message":"Starting music organization preview (dry run)",
"sourceDir":"C:\\Users\\NewAdmin\\Desktop\\File-Organizer-MCP\\tests\\temp\\music-org-gM9viY\\source","targetDir":"C:\\
Users\\NewAdmin\\Desktop\\File-Organizer-MCP\\tests\\temp\\music-org-gM9viY\\target"}

    [0m [90m 23 |[39m     }[33m;[39m
     [90m 24 |[39m
    [31m[1m>[22m[39m[90m 25 |[39m     
console[33m.[39merror([33mJSON[39m[33m.[39mstringify(entry))[33m;[39m [90m// stderr for stdio servers[39m
     [90m    |[39m             [31m[1m^[22m[39m
     [90m 26 |[39m   }
     [90m 27 |[39m
     [90m 28 |[39m   debug(message[33m:[39m string[33m,[39m context[33m?[39m[33m:[39m 
[33mRecord[39m[33m<[39m[33mstring[39m[33m,[39m any[33m>[39m) {[0m

      at Logger.log (src/utils/logger.ts:25:13)
      at Logger.info (src/utils/logger.ts:33:10)
      at MusicOrganizerService.previewOrganization (src/services/music-organizer.service.ts:151:12)
      at Object.<anonymous> (tests/unit/services/music-organizer.test.ts:625:36)

    console.error
      {"timestamp":"2026-02-11T12:50:03.431Z","level":"info","message":"Extracting metadata from: 
C:\\Users\\NewAdmin\\Desktop\\File-Organizer-MCP\\tests\\temp\\music-org-gM9viY\\source\\song1.mp3"}

    [0m [90m 23 |[39m     }[33m;[39m
     [90m 24 |[39m
    [31m[1m>[22m[39m[90m 25 |[39m     
console[33m.[39merror([33mJSON[39m[33m.[39mstringify(entry))[33m;[39m [90m// stderr for stdio servers[39m
     [90m    |[39m             [31m[1m^[22m[39m
     [90m 26 |[39m   }
     [90m 27 |[39m
     [90m 28 |[39m   debug(message[33m:[39m string[33m,[39m context[33m?[39m[33m:[39m 
[33mRecord[39m[33m<[39m[33mstring[39m[33m,[39m any[33m>[39m) {[0m

      at Logger.log (src/utils/logger.ts:25:13)
      at Logger.info (src/utils/logger.ts:33:10)
      at AudioMetadataService.extract (src/services/audio-metadata.service.ts:73:12)
      at MusicOrganizerService.planOrganization (src/services/music-organizer.service.ts:366:58)
      at MusicOrganizerService.previewOrganization (src/services/music-organizer.service.ts:159:37)
      at Object.<anonymous> (tests/unit/services/music-organizer.test.ts:625:22)

    console.error
      {"timestamp":"2026-02-11T12:50:03.434Z","level":"info","message":"Metadata extracted in 2ms: 
C:\\Users\\NewAdmin\\Desktop\\File-Organizer-MCP\\tests\\temp\\music-org-gM9viY\\source\\song1.mp3"}

    [0m [90m 23 |[39m     }[33m;[39m
     [90m 24 |[39m
    [31m[1m>[22m[39m[90m 25 |[39m     
console[33m.[39merror([33mJSON[39m[33m.[39mstringify(entry))[33m;[39m [90m// stderr for stdio servers[39m
     [90m    |[39m             [31m[1m^[22m[39m
     [90m 26 |[39m   }
     [90m 27 |[39m
     [90m 28 |[39m   debug(message[33m:[39m string[33m,[39m context[33m?[39m[33m:[39m 
[33mRecord[39m[33m<[39m[33mstring[39m[33m,[39m any[33m>[39m) {[0m

      at Logger.log (src/utils/logger.ts:25:13)
      at Logger.info (src/utils/logger.ts:33:10)
      at AudioMetadataService.extract (src/services/audio-metadata.service.ts:120:14)
      at MusicOrganizerService.planOrganization (src/services/music-organizer.service.ts:366:26)
      at MusicOrganizerService.previewOrganization (src/services/music-organizer.service.ts:159:26)
      at Object.<anonymous> (tests/unit/services/music-organizer.test.ts:625:22)

    console.error
      {"timestamp":"2026-02-11T12:50:03.434Z","level":"info","message":"Extracting metadata from: 
C:\\Users\\NewAdmin\\Desktop\\File-Organizer-MCP\\tests\\temp\\music-org-gM9viY\\source\\song2.mp3"}

    [0m [90m 23 |[39m     }[33m;[39m
     [90m 24 |[39m
    [31m[1m>[22m[39m[90m 25 |[39m     
console[33m.[39merror([33mJSON[39m[33m.[39mstringify(entry))[33m;[39m [90m// stderr for stdio servers[39m
     [90m    |[39m             [31m[1m^[22m[39m
     [90m 26 |[39m   }
     [90m 27 |[39m
     [90m 28 |[39m   debug(message[33m:[39m string[33m,[39m context[33m?[39m[33m:[39m 
[33mRecord[39m[33m<[39m[33mstring[39m[33m,[39m any[33m>[39m) {[0m

      at Logger.log (src/utils/logger.ts:25:13)
      at Logger.info (src/utils/logger.ts:33:10)
      at AudioMetadataService.extract (src/services/audio-metadata.service.ts:73:12)
      at MusicOrganizerService.planOrganization (src/services/music-organizer.service.ts:366:58)
      at MusicOrganizerService.previewOrganization (src/services/music-organizer.service.ts:159:26)
      at Object.<anonymous> (tests/unit/services/music-organizer.test.ts:625:22)

    console.error
      {"timestamp":"2026-02-11T12:50:03.436Z","level":"info","message":"Metadata extracted in 2ms: 
C:\\Users\\NewAdmin\\Desktop\\File-Organizer-MCP\\tests\\temp\\music-org-gM9viY\\source\\song2.mp3"}

    [0m [90m 23 |[39m     }[33m;[39m
     [90m 24 |[39m
    [31m[1m>[22m[39m[90m 25 |[39m     
console[33m.[39merror([33mJSON[39m[33m.[39mstringify(entry))[33m;[39m [90m// stderr for stdio servers[39m
     [90m    |[39m             [31m[1m^[22m[39m
     [90m 26 |[39m   }
     [90m 27 |[39m
     [90m 28 |[39m   debug(message[33m:[39m string[33m,[39m context[33m?[39m[33m:[39m 
[33mRecord[39m[33m<[39m[33mstring[39m[33m,[39m any[33m>[39m) {[0m

      at Logger.log (src/utils/logger.ts:25:13)
      at Logger.info (src/utils/logger.ts:33:10)
      at AudioMetadataService.extract (src/services/audio-metadata.service.ts:120:14)
      at MusicOrganizerService.planOrganization (src/services/music-organizer.service.ts:366:26)
      at MusicOrganizerService.previewOrganization (src/services/music-organizer.service.ts:159:26)
      at Object.<anonymous> (tests/unit/services/music-organizer.test.ts:625:22)

    console.error
      {"timestamp":"2026-02-11T12:50:03.436Z","level":"info","message":"Music organization preview 
completed","organized":2,"skipped":0}

    [0m [90m 23 |[39m     }[33m;[39m
     [90m 24 |[39m
    [31m[1m>[22m[39m[90m 25 |[39m     
console[33m.[39merror([33mJSON[39m[33m.[39mstringify(entry))[33m;[39m [90m// stderr for stdio servers[39m
     [90m    |[39m             [31m[1m^[22m[39m
     [90m 26 |[39m   }
     [90m 27 |[39m
     [90m 28 |[39m   debug(message[33m:[39m string[33m,[39m context[33m?[39m[33m:[39m 
[33mRecord[39m[33m<[39m[33mstring[39m[33m,[39m any[33m>[39m) {[0m

      at Logger.log (src/utils/logger.ts:25:13)
      at Logger.info (src/utils/logger.ts:33:10)
      at MusicOrganizerService.previewOrganization (src/services/music-organizer.service.ts:162:14)
      at Object.<anonymous> (tests/unit/services/music-organizer.test.ts:625:22)

    console.error
      {"timestamp":"2026-02-11T12:50:03.452Z","level":"info","message":"Starting music organization","sourceDir":"/none
xistent/source","targetDir":"C:\\Users\\NewAdmin\\Desktop\\File-Organizer-MCP\\tests\\temp\\music-org-1FiBF6\\target","
structure":"artist/album"}

    [0m [90m 23 |[39m     }[33m;[39m
     [90m 24 |[39m
    [31m[1m>[22m[39m[90m 25 |[39m     
console[33m.[39merror([33mJSON[39m[33m.[39mstringify(entry))[33m;[39m [90m// stderr for stdio servers[39m
     [90m    |[39m             [31m[1m^[22m[39m
     [90m 26 |[39m   }
     [90m 27 |[39m
     [90m 28 |[39m   debug(message[33m:[39m string[33m,[39m context[33m?[39m[33m:[39m 
[33mRecord[39m[33m<[39m[33mstring[39m[33m,[39m any[33m>[39m) {[0m

      at Logger.log (src/utils/logger.ts:25:13)
      at Logger.info (src/utils/logger.ts:33:10)
      at MusicOrganizerService.organize (src/services/music-organizer.service.ts:101:12)
      at Object.<anonymous> (tests/unit/services/music-organizer.test.ts:641:36)

    console.error
      {"timestamp":"2026-02-11T12:50:03.489Z","level":"error","message":"Music organization 
failed","error":{"message":"Access denied: Access Denied: Path is outside allowed directories\n\nThe directory 
\"/nonexistent/source\" is not accessible.\n\nCurrent allowed directories:\n  - C:\\Users\\NewAdmin\\Desktop\n  - 
C:\\Users\\NewAdmin\\Documents\n  - C:\\Users\\NewAdmin\\Downloads\n  - C:\\Users\\NewAdmin\\Pictures\n  - 
C:\\Users\\NewAdmin\\Videos\n  - C:\\Users\\NewAdmin\\Music\n  - C:\\Users\\NewAdmin\\OneDrive\n  - 
C:\\Users\\NewAdmin\\Desktop\\File-Organizer-MCP\n  - C:\\Users\\NewAdmin\\Downloads\n  - 
C:\\Users\\NewAdmin\\Documents\n  - C:\\Users\\NewAdmin\\Pictures\n  - C:\\Users\\NewAdmin\\Videos\n  - 
C:\\Users\\NewAdmin\\Music\n\nTo grant access to this directory:\n1. Open your File Organizer configuration file\n2. 
Add the directory path to \"customAllowedDirectories\"\n3. Restart Claude Desktop\n\nAdd this directory to your 
configuration file to grant access","stack":"AccessDeniedError: Access denied: Access Denied: Path is outside allowed 
directories\n\nThe directory \"/nonexistent/source\" is not accessible.\n\nCurrent allowed directories:\n  - 
C:\\Users\\NewAdmin\\Desktop\n  - C:\\Users\\NewAdmin\\Documents\n  - C:\\Users\\NewAdmin\\Downloads\n  - 
C:\\Users\\NewAdmin\\Pictures\n  - C:\\Users\\NewAdmin\\Videos\n  - C:\\Users\\NewAdmin\\Music\n  - 
C:\\Users\\NewAdmin\\OneDrive\n  - C:\\Users\\NewAdmin\\Desktop\\File-Organizer-MCP\n  - 
C:\\Users\\NewAdmin\\Downloads\n  - C:\\Users\\NewAdmin\\Documents\n  - C:\\Users\\NewAdmin\\Pictures\n  - 
C:\\Users\\NewAdmin\\Videos\n  - C:\\Users\\NewAdmin\\Music\n\nTo grant access to this directory:\n1. Open your File 
Organizer configuration file\n2. Add the directory path to \"customAllowedDirectories\"\n3. Restart Claude 
Desktop\n\nAdd this directory to your configuration file to grant access\n    at validatePathBase 
(C:\\Users\\NewAdmin\\Desktop\\File-Organizer-MCP\\src\\services\\path-validator.service.ts:181:13)\n    at 
MusicOrganizerService.validateConfig 
(C:\\Users\\NewAdmin\\Desktop\\File-Organizer-MCP\\src\\services\\music-organizer.service.ts:255:29)\n    at 
MusicOrganizerService.organize 
(C:\\Users\\NewAdmin\\Desktop\\File-Organizer-MCP\\src\\services\\music-organizer.service.ts:109:7)\n    at 
Object.<anonymous> 
(C:\\Users\\NewAdmin\\Desktop\\File-Organizer-MCP\\tests\\unit\\services\\music-organizer.test.ts:641:22)"}}

    [0m [90m 23 |[39m     }[33m;[39m
     [90m 24 |[39m
    [31m[1m>[22m[39m[90m 25 |[39m     
console[33m.[39merror([33mJSON[39m[33m.[39mstringify(entry))[33m;[39m [90m// stderr for stdio servers[39m
     [90m    |[39m             [31m[1m^[22m[39m
     [90m 26 |[39m   }
     [90m 27 |[39m
     [90m 28 |[39m   debug(message[33m:[39m string[33m,[39m context[33m?[39m[33m:[39m 
[33mRecord[39m[33m<[39m[33mstring[39m[33m,[39m any[33m>[39m) {[0m

      at Logger.log (src/utils/logger.ts:25:13)
      at Logger.error (src/utils/logger.ts:45:10)
      at MusicOrganizerService.organize (src/services/music-organizer.service.ts:129:14)
      at Object.<anonymous> (tests/unit/services/music-organizer.test.ts:641:22)

    console.error
      {"timestamp":"2026-02-11T12:50:03.497Z","level":"info","message":"Starting music organization","sourceDir":"C:\\U
sers\\NewAdmin\\Desktop\\File-Organizer-MCP\\tests\\temp\\music-org-iQAhSo\\source","targetDir":"C:\\Users\\NewAdmin\\D
esktop\\File-Organizer-MCP\\tests\\temp\\music-org-iQAhSo\\source","structure":"artist/album"}

    [0m [90m 23 |[39m     }[33m;[39m
     [90m 24 |[39m
    [31m[1m>[22m[39m[90m 25 |[39m     
console[33m.[39merror([33mJSON[39m[33m.[39mstringify(entry))[33m;[39m [90m// stderr for stdio servers[39m
     [90m    |[39m             [31m[1m^[22m[39m
     [90m 26 |[39m   }
     [90m 27 |[39m
     [90m 28 |[39m   debug(message[33m:[39m string[33m,[39m context[33m?[39m[33m:[39m 
[33mRecord[39m[33m<[39m[33mstring[39m[33m,[39m any[33m>[39m) {[0m

      at Logger.log (src/utils/logger.ts:25:13)
      at Logger.info (src/utils/logger.ts:33:10)
      at MusicOrganizerService.organize (src/services/music-organizer.service.ts:101:12)
      at Object.<anonymous> (tests/unit/services/music-organizer.test.ts:653:36)

    console.error
      {"timestamp":"2026-02-11T12:50:03.500Z","level":"error","message":"Music organization 
failed","error":{"message":"Source and target directories must be different","stack":"Error: Source and target 
directories must be different\n    at MusicOrganizerService.validateConfig 
(C:\\Users\\NewAdmin\\Desktop\\File-Organizer-MCP\\src\\services\\music-organizer.service.ts:273:13)\n    at 
MusicOrganizerService.organize 
(C:\\Users\\NewAdmin\\Desktop\\File-Organizer-MCP\\src\\services\\music-organizer.service.ts:109:7)\n    at 
Object.<anonymous> 
(C:\\Users\\NewAdmin\\Desktop\\File-Organizer-MCP\\tests\\unit\\services\\music-organizer.test.ts:653:22)"}}

    [0m [90m 23 |[39m     }[33m;[39m
     [90m 24 |[39m
    [31m[1m>[22m[39m[90m 25 |[39m     
console[33m.[39merror([33mJSON[39m[33m.[39mstringify(entry))[33m;[39m [90m// stderr for stdio servers[39m
     [90m    |[39m             [31m[1m^[22m[39m
     [90m 26 |[39m   }
     [90m 27 |[39m
     [90m 28 |[39m   debug(message[33m:[39m string[33m,[39m context[33m?[39m[33m:[39m 
[33mRecord[39m[33m<[39m[33mstring[39m[33m,[39m any[33m>[39m) {[0m

      at Logger.log (src/utils/logger.ts:25:13)
      at Logger.error (src/utils/logger.ts:45:10)
      at MusicOrganizerService.organize (src/services/music-organizer.service.ts:129:14)
      at Object.<anonymous> (tests/unit/services/music-organizer.test.ts:653:22)

    console.error
      {"timestamp":"2026-02-11T12:50:03.505Z","level":"info","message":"Starting music organization","sourceDir":"C:\\U
sers\\NewAdmin\\Desktop\\File-Organizer-MCP\\tests\\temp\\music-org-T9Qw7u\\source","targetDir":"C:\\Users\\NewAdmin\\D
esktop\\File-Organizer-MCP\\tests\\temp\\music-org-T9Qw7u\\source\\organized","structure":"artist/album"}

    [0m [90m 23 |[39m     }[33m;[39m
     [90m 24 |[39m
    [31m[1m>[22m[39m[90m 25 |[39m     
console[33m.[39merror([33mJSON[39m[33m.[39mstringify(entry))[33m;[39m [90m// stderr for stdio servers[39m
     [90m    |[39m             [31m[1m^[22m[39m
     [90m 26 |[39m   }
     [90m 27 |[39m
     [90m 28 |[39m   debug(message[33m:[39m string[33m,[39m context[33m?[39m[33m:[39m 
[33mRecord[39m[33m<[39m[33mstring[39m[33m,[39m any[33m>[39m) {[0m

      at Logger.log (src/utils/logger.ts:25:13)
      at Logger.info (src/utils/logger.ts:33:10)
      at MusicOrganizerService.organize (src/services/music-organizer.service.ts:101:12)
      at Object.<anonymous> (tests/unit/services/music-organizer.test.ts:666:36)

    console.error
      {"timestamp":"2026-02-11T12:50:03.512Z","level":"error","message":"Music organization 
failed","error":{"message":"Target directory cannot be inside source directory","stack":"Error: Target directory 
cannot be inside source directory\n    at MusicOrganizerService.validateConfig 
(C:\\Users\\NewAdmin\\Desktop\\File-Organizer-MCP\\src\\services\\music-organizer.service.ts:278:13)\n    at 
MusicOrganizerService.organize 
(C:\\Users\\NewAdmin\\Desktop\\File-Organizer-MCP\\src\\services\\music-organizer.service.ts:109:7)\n    at 
Object.<anonymous> 
(C:\\Users\\NewAdmin\\Desktop\\File-Organizer-MCP\\tests\\unit\\services\\music-organizer.test.ts:666:22)"}}

    [0m [90m 23 |[39m     }[33m;[39m
     [90m 24 |[39m
    [31m[1m>[22m[39m[90m 25 |[39m     
console[33m.[39merror([33mJSON[39m[33m.[39mstringify(entry))[33m;[39m [90m// stderr for stdio servers[39m
     [90m    |[39m             [31m[1m^[22m[39m
     [90m 26 |[39m   }
     [90m 27 |[39m
     [90m 28 |[39m   debug(message[33m:[39m string[33m,[39m context[33m?[39m[33m:[39m 
[33mRecord[39m[33m<[39m[33mstring[39m[33m,[39m any[33m>[39m) {[0m

      at Logger.log (src/utils/logger.ts:25:13)
      at Logger.error (src/utils/logger.ts:45:10)
      at MusicOrganizerService.organize (src/services/music-organizer.service.ts:129:14)
      at Object.<anonymous> (tests/unit/services/music-organizer.test.ts:666:22)

    console.error
      {"timestamp":"2026-02-11T12:50:03.517Z","level":"info","message":"Starting music organization","sourceDir":"C:\\U
sers\\NewAdmin\\Desktop\\File-Organizer-MCP\\tests\\temp\\music-org-Olx3Wy\\source","targetDir":"C:\\Users\\NewAdmin\\D
esktop\\File-Organizer-MCP\\tests\\temp\\music-org-Olx3Wy\\target","structure":"invalid"}

    [0m [90m 23 |[39m     }[33m;[39m
     [90m 24 |[39m
    [31m[1m>[22m[39m[90m 25 |[39m     
console[33m.[39merror([33mJSON[39m[33m.[39mstringify(entry))[33m;[39m [90m// stderr for stdio servers[39m
     [90m    |[39m             [31m[1m^[22m[39m
     [90m 26 |[39m   }
     [90m 27 |[39m
     [90m 28 |[39m   debug(message[33m:[39m string[33m,[39m context[33m?[39m[33m:[39m 
[33mRecord[39m[33m<[39m[33mstring[39m[33m,[39m any[33m>[39m) {[0m

      at Logger.log (src/utils/logger.ts:25:13)
      at Logger.info (src/utils/logger.ts:33:10)
      at MusicOrganizerService.organize (src/services/music-organizer.service.ts:101:12)
      at Object.<anonymous> (tests/unit/services/music-organizer.test.ts:677:36)

    console.error
      {"timestamp":"2026-02-11T12:50:03.520Z","level":"error","message":"Music organization 
failed","error":{"message":"Invalid structure: invalid","stack":"Error: Invalid structure: invalid\n    at 
MusicOrganizerService.validateConfig 
(C:\\Users\\NewAdmin\\Desktop\\File-Organizer-MCP\\src\\services\\music-organizer.service.ts:292:13)\n    at 
MusicOrganizerService.organize 
(C:\\Users\\NewAdmin\\Desktop\\File-Organizer-MCP\\src\\services\\music-organizer.service.ts:109:7)\n    at 
Object.<anonymous> 
(C:\\Users\\NewAdmin\\Desktop\\File-Organizer-MCP\\tests\\unit\\services\\music-organizer.test.ts:677:22)"}}

    [0m [90m 23 |[39m     }[33m;[39m
     [90m 24 |[39m
    [31m[1m>[22m[39m[90m 25 |[39m     
console[33m.[39merror([33mJSON[39m[33m.[39mstringify(entry))[33m;[39m [90m// stderr for stdio servers[39m
     [90m    |[39m             [31m[1m^[22m[39m
     [90m 26 |[39m   }
     [90m 27 |[39m
     [90m 28 |[39m   debug(message[33m:[39m string[33m,[39m context[33m?[39m[33m:[39m 
[33mRecord[39m[33m<[39m[33mstring[39m[33m,[39m any[33m>[39m) {[0m

      at Logger.log (src/utils/logger.ts:25:13)
      at Logger.error (src/utils/logger.ts:45:10)
      at MusicOrganizerService.organize (src/services/music-organizer.service.ts:129:14)
      at Object.<anonymous> (tests/unit/services/music-organizer.test.ts:677:22)

    console.error
      {"timestamp":"2026-02-11T12:50:03.536Z","level":"info","message":"Starting music organization","sourceDir":"C:\\U
sers\\NewAdmin\\Desktop\\File-Organizer-MCP\\tests\\temp\\music-org-Gm6FEH\\source","targetDir":"C:\\Users\\NewAdmin\\D
esktop\\File-Organizer-MCP\\tests\\temp\\music-org-Gm6FEH\\target","structure":"artist/album"}

    [0m [90m 23 |[39m     }[33m;[39m
     [90m 24 |[39m
    [31m[1m>[22m[39m[90m 25 |[39m     
console[33m.[39merror([33mJSON[39m[33m.[39mstringify(entry))[33m;[39m [90m// stderr for stdio servers[39m
     [90m    |[39m             [31m[1m^[22m[39m
     [90m 26 |[39m   }
     [90m 27 |[39m
     [90m 28 |[39m   debug(message[33m:[39m string[33m,[39m context[33m?[39m[33m:[39m 
[33mRecord[39m[33m<[39m[33mstring[39m[33m,[39m any[33m>[39m) {[0m

      at Logger.log (src/utils/logger.ts:25:13)
      at Logger.info (src/utils/logger.ts:33:10)
      at MusicOrganizerService.organize (src/services/music-organizer.service.ts:101:12)
      at Object.<anonymous> (tests/unit/services/music-organizer.test.ts:688:36)

    console.error
      {"timestamp":"2026-02-11T12:50:03.542Z","level":"error","message":"Music organization 
failed","error":{"message":"Invalid filename pattern: {invalid}","stack":"Error: Invalid filename pattern: {invalid}\n 
   at MusicOrganizerService.validateConfig 
(C:\\Users\\NewAdmin\\Desktop\\File-Organizer-MCP\\src\\services\\music-organizer.service.ts:302:13)\n    at 
MusicOrganizerService.organize 
(C:\\Users\\NewAdmin\\Desktop\\File-Organizer-MCP\\src\\services\\music-organizer.service.ts:109:7)\n    at 
Object.<anonymous> 
(C:\\Users\\NewAdmin\\Desktop\\File-Organizer-MCP\\tests\\unit\\services\\music-organizer.test.ts:688:22)"}}

    [0m [90m 23 |[39m     }[33m;[39m
     [90m 24 |[39m
    [31m[1m>[22m[39m[90m 25 |[39m     
console[33m.[39merror([33mJSON[39m[33m.[39mstringify(entry))[33m;[39m [90m// stderr for stdio servers[39m
     [90m    |[39m             [31m[1m^[22m[39m
     [90m 26 |[39m   }
     [90m 27 |[39m
     [90m 28 |[39m   debug(message[33m:[39m string[33m,[39m context[33m?[39m[33m:[39m 
[33mRecord[39m[33m<[39m[33mstring[39m[33m,[39m any[33m>[39m) {[0m

      at Logger.log (src/utils/logger.ts:25:13)
      at Logger.error (src/utils/logger.ts:45:10)
      at MusicOrganizerService.organize (src/services/music-organizer.service.ts:129:14)
      at Object.<anonymous> (tests/unit/services/music-organizer.test.ts:688:22)

    console.error
      {"timestamp":"2026-02-11T12:50:03.553Z","level":"info","message":"Starting music organization","sourceDir":"C:\\U
sers\\NewAdmin\\Desktop\\File-Organizer-MCP\\tests\\temp\\music-org-fJPsC1\\source","targetDir":"C:\\Users\\NewAdmin\\D
esktop\\File-Organizer-MCP\\tests\\temp\\music-org-fJPsC1\\target","structure":"flat"}

    [0m [90m 23 |[39m     }[33m;[39m
     [90m 24 |[39m
    [31m[1m>[22m[39m[90m 25 |[39m     
console[33m.[39merror([33mJSON[39m[33m.[39mstringify(entry))[33m;[39m [90m// stderr for stdio servers[39m
     [90m    |[39m             [31m[1m^[22m[39m
     [90m 26 |[39m   }
     [90m 27 |[39m
     [90m 28 |[39m   debug(message[33m:[39m string[33m,[39m context[33m?[39m[33m:[39m 
[33mRecord[39m[33m<[39m[33mstring[39m[33m,[39m any[33m>[39m) {[0m

      at Logger.log (src/utils/logger.ts:25:13)
      at Logger.info (src/utils/logger.ts:33:10)
      at MusicOrganizerService.organize (src/services/music-organizer.service.ts:101:12)
      at Object.<anonymous> (tests/unit/services/music-organizer.test.ts:705:36)

    console.error
      {"timestamp":"2026-02-11T12:50:03.560Z","level":"info","message":"Found 1 audio files to organize"}

    [0m [90m 23 |[39m     }[33m;[39m
     [90m 24 |[39m
    [31m[1m>[22m[39m[90m 25 |[39m     
console[33m.[39merror([33mJSON[39m[33m.[39mstringify(entry))[33m;[39m [90m// stderr for stdio servers[39m
     [90m    |[39m             [31m[1m^[22m[39m
     [90m 26 |[39m   }
     [90m 27 |[39m
     [90m 28 |[39m   debug(message[33m:[39m string[33m,[39m context[33m?[39m[33m:[39m 
[33mRecord[39m[33m<[39m[33mstring[39m[33m,[39m any[33m>[39m) {[0m

      at Logger.log (src/utils/logger.ts:25:13)
      at Logger.info (src/utils/logger.ts:33:10)
      at MusicOrganizerService.organize (src/services/music-organizer.service.ts:113:14)
      at Object.<anonymous> (tests/unit/services/music-organizer.test.ts:705:22)

    console.error
      {"timestamp":"2026-02-11T12:50:03.560Z","level":"info","message":"Extracting metadata from: 
C:\\Users\\NewAdmin\\Desktop\\File-Organizer-MCP\\tests\\temp\\music-org-fJPsC1\\source\\corrupted.mp3"}

    [0m [90m 23 |[39m     }[33m;[39m
     [90m 24 |[39m
    [31m[1m>[22m[39m[90m 25 |[39m     
console[33m.[39merror([33mJSON[39m[33m.[39mstringify(entry))[33m;[39m [90m// stderr for stdio servers[39m
     [90m    |[39m             [31m[1m^[22m[39m
     [90m 26 |[39m   }
     [90m 27 |[39m
     [90m 28 |[39m   debug(message[33m:[39m string[33m,[39m context[33m?[39m[33m:[39m 
[33mRecord[39m[33m<[39m[33mstring[39m[33m,[39m any[33m>[39m) {[0m

      at Logger.log (src/utils/logger.ts:25:13)
      at Logger.info (src/utils/logger.ts:33:10)
      at AudioMetadataService.extract (src/services/audio-metadata.service.ts:73:12)
      at MusicOrganizerService.planOrganization (src/services/music-organizer.service.ts:366:58)
      at MusicOrganizerService.organize (src/services/music-organizer.service.ts:116:37)
      at Object.<anonymous> (tests/unit/services/music-organizer.test.ts:705:22)

    console.error
      {"timestamp":"2026-02-11T12:50:03.561Z","level":"info","message":"Metadata extracted in 1ms: 
C:\\Users\\NewAdmin\\Desktop\\File-Organizer-MCP\\tests\\temp\\music-org-fJPsC1\\source\\corrupted.mp3"}

    [0m [90m 23 |[39m     }[33m;[39m
     [90m 24 |[39m
    [31m[1m>[22m[39m[90m 25 |[39m     
console[33m.[39merror([33mJSON[39m[33m.[39mstringify(entry))[33m;[39m [90m// stderr for stdio servers[39m
     [90m    |[39m             [31m[1m^[22m[39m
     [90m 26 |[39m   }
     [90m 27 |[39m
     [90m 28 |[39m   debug(message[33m:[39m string[33m,[39m context[33m?[39m[33m:[39m 
[33mRecord[39m[33m<[39m[33mstring[39m[33m,[39m any[33m>[39m) {[0m

      at Logger.log (src/utils/logger.ts:25:13)
      at Logger.info (src/utils/logger.ts:33:10)
      at AudioMetadataService.extract (src/services/audio-metadata.service.ts:120:14)
      at MusicOrganizerService.planOrganization (src/services/music-organizer.service.ts:366:26)
      at MusicOrganizerService.organize (src/services/music-organizer.service.ts:116:26)
      at Object.<anonymous> (tests/unit/services/music-organizer.test.ts:705:22)

    console.error
      {"timestamp":"2026-02-11T12:50:03.564Z","level":"info","message":"Music organization 
completed","organized":1,"skipped":0,"errors":0}

    [0m [90m 23 |[39m     }[33m;[39m
     [90m 24 |[39m
    [31m[1m>[22m[39m[90m 25 |[39m     
console[33m.[39merror([33mJSON[39m[33m.[39mstringify(entry))[33m;[39m [90m// stderr for stdio servers[39m
     [90m    |[39m             [31m[1m^[22m[39m
     [90m 26 |[39m   }
     [90m 27 |[39m
     [90m 28 |[39m   debug(message[33m:[39m string[33m,[39m context[33m?[39m[33m:[39m 
[33mRecord[39m[33m<[39m[33mstring[39m[33m,[39m any[33m>[39m) {[0m

      at Logger.log (src/utils/logger.ts:25:13)
      at Logger.info (src/utils/logger.ts:33:10)
      at MusicOrganizerService.organize (src/services/music-organizer.service.ts:121:14)
      at Object.<anonymous> (tests/unit/services/music-organizer.test.ts:705:22)

    console.error
      {"timestamp":"2026-02-11T12:50:03.572Z","level":"info","message":"Starting music organization","sourceDir":"C:\\U
sers\\NewAdmin\\Desktop\\File-Organizer-MCP\\tests\\temp\\music-org-fXLAhu\\source","targetDir":"C:\\Users\\NewAdmin\\D
esktop\\File-Organizer-MCP\\tests\\temp\\music-org-fXLAhu\\target","structure":"artist/album"}

    [0m [90m 23 |[39m     }[33m;[39m
     [90m 24 |[39m
    [31m[1m>[22m[39m[90m 25 |[39m     
console[33m.[39merror([33mJSON[39m[33m.[39mstringify(entry))[33m;[39m [90m// stderr for stdio servers[39m
     [90m    |[39m             [31m[1m^[22m[39m
     [90m 26 |[39m   }
     [90m 27 |[39m
     [90m 28 |[39m   debug(message[33m:[39m string[33m,[39m context[33m?[39m[33m:[39m 
[33mRecord[39m[33m<[39m[33mstring[39m[33m,[39m any[33m>[39m) {[0m

      at Logger.log (src/utils/logger.ts:25:13)
      at Logger.info (src/utils/logger.ts:33:10)
      at MusicOrganizerService.organize (src/services/music-organizer.service.ts:101:12)
      at Object.<anonymous> (tests/unit/services/music-organizer.test.ts:721:36)

    console.error
      {"timestamp":"2026-02-11T12:50:03.580Z","level":"info","message":"Found 0 audio files to organize"}

    [0m [90m 23 |[39m     }[33m;[39m
     [90m 24 |[39m
    [31m[1m>[22m[39m[90m 25 |[39m     
console[33m.[39merror([33mJSON[39m[33m.[39mstringify(entry))[33m;[39m [90m// stderr for stdio servers[39m
     [90m    |[39m             [31m[1m^[22m[39m
     [90m 26 |[39m   }
     [90m 27 |[39m
     [90m 28 |[39m   debug(message[33m:[39m string[33m,[39m context[33m?[39m[33m:[39m 
[33mRecord[39m[33m<[39m[33mstring[39m[33m,[39m any[33m>[39m) {[0m

      at Logger.log (src/utils/logger.ts:25:13)
      at Logger.info (src/utils/logger.ts:33:10)
      at MusicOrganizerService.organize (src/services/music-organizer.service.ts:113:14)
      at Object.<anonymous> (tests/unit/services/music-organizer.test.ts:721:22)

    console.error
      {"timestamp":"2026-02-11T12:50:03.580Z","level":"info","message":"Music organization 
completed","organized":0,"skipped":0,"errors":0}

    [0m [90m 23 |[39m     }[33m;[39m
     [90m 24 |[39m
    [31m[1m>[22m[39m[90m 25 |[39m     
console[33m.[39merror([33mJSON[39m[33m.[39mstringify(entry))[33m;[39m [90m// stderr for stdio servers[39m
     [90m    |[39m             [31m[1m^[22m[39m
     [90m 26 |[39m   }
     [90m 27 |[39m
     [90m 28 |[39m   debug(message[33m:[39m string[33m,[39m context[33m?[39m[33m:[39m 
[33mRecord[39m[33m<[39m[33mstring[39m[33m,[39m any[33m>[39m) {[0m

      at Logger.log (src/utils/logger.ts:25:13)
      at Logger.info (src/utils/logger.ts:33:10)
      at MusicOrganizerService.organize (src/services/music-organizer.service.ts:121:14)
      at Object.<anonymous> (tests/unit/services/music-organizer.test.ts:721:22)

    console.error
      {"timestamp":"2026-02-11T12:50:03.598Z","level":"info","message":"Starting music organization","sourceDir":"C:\\U
sers\\NewAdmin\\Desktop\\File-Organizer-MCP\\tests\\temp\\music-org-U71QUa\\source","targetDir":"C:\\Users\\NewAdmin\\D
esktop\\File-Organizer-MCP\\tests\\temp\\music-org-U71QUa\\target","structure":"flat"}

    [0m [90m 23 |[39m     }[33m;[39m
     [90m 24 |[39m
    [31m[1m>[22m[39m[90m 25 |[39m     
console[33m.[39merror([33mJSON[39m[33m.[39mstringify(entry))[33m;[39m [90m// stderr for stdio servers[39m
     [90m    |[39m             [31m[1m^[22m[39m
     [90m 26 |[39m   }
     [90m 27 |[39m
     [90m 28 |[39m   debug(message[33m:[39m string[33m,[39m context[33m?[39m[33m:[39m 
[33mRecord[39m[33m<[39m[33mstring[39m[33m,[39m any[33m>[39m) {[0m

      at Logger.log (src/utils/logger.ts:25:13)
      at Logger.info (src/utils/logger.ts:33:10)
      at MusicOrganizerService.organize (src/services/music-organizer.service.ts:101:12)
      at Object.<anonymous> (tests/unit/services/music-organizer.test.ts:739:36)

    console.error
      {"timestamp":"2026-02-11T12:50:03.600Z","level":"info","message":"Found 1 audio files to organize"}

    [0m [90m 23 |[39m     }[33m;[39m
     [90m 24 |[39m
    [31m[1m>[22m[39m[90m 25 |[39m     
console[33m.[39merror([33mJSON[39m[33m.[39mstringify(entry))[33m;[39m [90m// stderr for stdio servers[39m
     [90m    |[39m             [31m[1m^[22m[39m
     [90m 26 |[39m   }
     [90m 27 |[39m
     [90m 28 |[39m   debug(message[33m:[39m string[33m,[39m context[33m?[39m[33m:[39m 
[33mRecord[39m[33m<[39m[33mstring[39m[33m,[39m any[33m>[39m) {[0m

      at Logger.log (src/utils/logger.ts:25:13)
      at Logger.info (src/utils/logger.ts:33:10)
      at MusicOrganizerService.organize (src/services/music-organizer.service.ts:113:14)
      at Object.<anonymous> (tests/unit/services/music-organizer.test.ts:739:22)

    console.error
      {"timestamp":"2026-02-11T12:50:03.600Z","level":"info","message":"Extracting metadata from: 
C:\\Users\\NewAdmin\\Desktop\\File-Organizer-MCP\\tests\\temp\\music-org-U71QUa\\source\\song1.mp3"}

    [0m [90m 23 |[39m     }[33m;[39m
     [90m 24 |[39m
    [31m[1m>[22m[39m[90m 25 |[39m     
console[33m.[39merror([33mJSON[39m[33m.[39mstringify(entry))[33m;[39m [90m// stderr for stdio servers[39m
     [90m    |[39m             [31m[1m^[22m[39m
     [90m 26 |[39m   }
     [90m 27 |[39m
     [90m 28 |[39m   debug(message[33m:[39m string[33m,[39m context[33m?[39m[33m:[39m 
[33mRecord[39m[33m<[39m[33mstring[39m[33m,[39m any[33m>[39m) {[0m

      at Logger.log (src/utils/logger.ts:25:13)
      at Logger.info (src/utils/logger.ts:33:10)
      at AudioMetadataService.extract (src/services/audio-metadata.service.ts:73:12)
      at MusicOrganizerService.planOrganization (src/services/music-organizer.service.ts:366:58)
      at MusicOrganizerService.organize (src/services/music-organizer.service.ts:116:37)
      at Object.<anonymous> (tests/unit/services/music-organizer.test.ts:739:22)

    console.error
      {"timestamp":"2026-02-11T12:50:03.601Z","level":"info","message":"Metadata extracted in 1ms: 
C:\\Users\\NewAdmin\\Desktop\\File-Organizer-MCP\\tests\\temp\\music-org-U71QUa\\source\\song1.mp3"}

    [0m [90m 23 |[39m     }[33m;[39m
     [90m 24 |[39m
    [31m[1m>[22m[39m[90m 25 |[39m     
console[33m.[39merror([33mJSON[39m[33m.[39mstringify(entry))[33m;[39m [90m// stderr for stdio servers[39m
     [90m    |[39m             [31m[1m^[22m[39m
     [90m 26 |[39m   }
     [90m 27 |[39m
     [90m 28 |[39m   debug(message[33m:[39m string[33m,[39m context[33m?[39m[33m:[39m 
[33mRecord[39m[33m<[39m[33mstring[39m[33m,[39m any[33m>[39m) {[0m

      at Logger.log (src/utils/logger.ts:25:13)
      at Logger.info (src/utils/logger.ts:33:10)
      at AudioMetadataService.extract (src/services/audio-metadata.service.ts:120:14)
      at MusicOrganizerService.planOrganization (src/services/music-organizer.service.ts:366:26)
      at MusicOrganizerService.organize (src/services/music-organizer.service.ts:116:26)
      at Object.<anonymous> (tests/unit/services/music-organizer.test.ts:739:22)

    console.error
      {"timestamp":"2026-02-11T12:50:03.604Z","level":"info","message":"Music organization 
completed","organized":1,"skipped":0,"errors":0}

    [0m [90m 23 |[39m     }[33m;[39m
     [90m 24 |[39m
    [31m[1m>[22m[39m[90m 25 |[39m     
console[33m.[39merror([33mJSON[39m[33m.[39mstringify(entry))[33m;[39m [90m// stderr for stdio servers[39m
     [90m    |[39m             [31m[1m^[22m[39m
     [90m 26 |[39m   }
     [90m 27 |[39m
     [90m 28 |[39m   debug(message[33m:[39m string[33m,[39m context[33m?[39m[33m:[39m 
[33mRecord[39m[33m<[39m[33mstring[39m[33m,[39m any[33m>[39m) {[0m

      at Logger.log (src/utils/logger.ts:25:13)
      at Logger.info (src/utils/logger.ts:33:10)
      at MusicOrganizerService.organize (src/services/music-organizer.service.ts:121:14)
      at Object.<anonymous> (tests/unit/services/music-organizer.test.ts:739:22)

    console.error
      {"timestamp":"2026-02-11T12:50:03.620Z","level":"info","message":"Starting music organization","sourceDir":"C:\\U
sers\\NewAdmin\\Desktop\\File-Organizer-MCP\\tests\\temp\\music-org-bFTCmE\\source","targetDir":"C:\\Users\\NewAdmin\\D
esktop\\File-Organizer-MCP\\tests\\temp\\music-org-bFTCmE\\target","structure":"artist/album"}

    [0m [90m 23 |[39m     }[33m;[39m
     [90m 24 |[39m
    [31m[1m>[22m[39m[90m 25 |[39m     
console[33m.[39merror([33mJSON[39m[33m.[39mstringify(entry))[33m;[39m [90m// stderr for stdio servers[39m
     [90m    |[39m             [31m[1m^[22m[39m
     [90m 26 |[39m   }
     [90m 27 |[39m
     [90m 28 |[39m   debug(message[33m:[39m string[33m,[39m context[33m?[39m[33m:[39m 
[33mRecord[39m[33m<[39m[33mstring[39m[33m,[39m any[33m>[39m) {[0m

      at Logger.log (src/utils/logger.ts:25:13)
      at Logger.info (src/utils/logger.ts:33:10)
      at MusicOrganizerService.organize (src/services/music-organizer.service.ts:101:12)
      at Object.<anonymous> (tests/unit/services/music-organizer.test.ts:756:36)

    console.error
      {"timestamp":"2026-02-11T12:50:03.627Z","level":"info","message":"Found 1 audio files to organize"}

    [0m [90m 23 |[39m     }[33m;[39m
     [90m 24 |[39m
    [31m[1m>[22m[39m[90m 25 |[39m     
console[33m.[39merror([33mJSON[39m[33m.[39mstringify(entry))[33m;[39m [90m// stderr for stdio servers[39m
     [90m    |[39m             [31m[1m^[22m[39m
     [90m 26 |[39m   }
     [90m 27 |[39m
     [90m 28 |[39m   debug(message[33m:[39m string[33m,[39m context[33m?[39m[33m:[39m 
[33mRecord[39m[33m<[39m[33mstring[39m[33m,[39m any[33m>[39m) {[0m

      at Logger.log (src/utils/logger.ts:25:13)
      at Logger.info (src/utils/logger.ts:33:10)
      at MusicOrganizerService.organize (src/services/music-organizer.service.ts:113:14)
      at Object.<anonymous> (tests/unit/services/music-organizer.test.ts:756:22)

    console.error
      {"timestamp":"2026-02-11T12:50:03.627Z","level":"info","message":"Extracting metadata from: 
C:\\Users\\NewAdmin\\Desktop\\File-Organizer-MCP\\tests\\temp\\music-org-bFTCmE\\source\\unicode.mp3"}

    [0m [90m 23 |[39m     }[33m;[39m
     [90m 24 |[39m
    [31m[1m>[22m[39m[90m 25 |[39m     
console[33m.[39merror([33mJSON[39m[33m.[39mstringify(entry))[33m;[39m [90m// stderr for stdio servers[39m
     [90m    |[39m             [31m[1m^[22m[39m
     [90m 26 |[39m   }
     [90m 27 |[39m
     [90m 28 |[39m   debug(message[33m:[39m string[33m,[39m context[33m?[39m[33m:[39m 
[33mRecord[39m[33m<[39m[33mstring[39m[33m,[39m any[33m>[39m) {[0m

      at Logger.log (src/utils/logger.ts:25:13)
      at Logger.info (src/utils/logger.ts:33:10)
      at AudioMetadataService.extract (src/services/audio-metadata.service.ts:73:12)
      at MusicOrganizerService.planOrganization (src/services/music-organizer.service.ts:366:58)
      at MusicOrganizerService.organize (src/services/music-organizer.service.ts:116:37)
      at Object.<anonymous> (tests/unit/services/music-organizer.test.ts:756:22)

    console.error
      {"timestamp":"2026-02-11T12:50:03.628Z","level":"info","message":"Metadata extracted in 1ms: 
C:\\Users\\NewAdmin\\Desktop\\File-Organizer-MCP\\tests\\temp\\music-org-bFTCmE\\source\\unicode.mp3"}

    [0m [90m 23 |[39m     }[33m;[39m
     [90m 24 |[39m
    [31m[1m>[22m[39m[90m 25 |[39m     
console[33m.[39merror([33mJSON[39m[33m.[39mstringify(entry))[33m;[39m [90m// stderr for stdio servers[39m
     [90m    |[39m             [31m[1m^[22m[39m
     [90m 26 |[39m   }
     [90m 27 |[39m
     [90m 28 |[39m   debug(message[33m:[39m string[33m,[39m context[33m?[39m[33m:[39m 
[33mRecord[39m[33m<[39m[33mstring[39m[33m,[39m any[33m>[39m) {[0m

      at Logger.log (src/utils/logger.ts:25:13)
      at Logger.info (src/utils/logger.ts:33:10)
      at AudioMetadataService.extract (src/services/audio-metadata.service.ts:120:14)
      at MusicOrganizerService.planOrganization (src/services/music-organizer.service.ts:366:26)
      at MusicOrganizerService.organize (src/services/music-organizer.service.ts:116:26)
      at Object.<anonymous> (tests/unit/services/music-organizer.test.ts:756:22)

    console.error
      {"timestamp":"2026-02-11T12:50:03.638Z","level":"info","message":"Music organization 
completed","organized":1,"skipped":0,"errors":0}

    [0m [90m 23 |[39m     }[33m;[39m
     [90m 24 |[39m
    [31m[1m>[22m[39m[90m 25 |[39m     
console[33m.[39merror([33mJSON[39m[33m.[39mstringify(entry))[33m;[39m [90m// stderr for stdio servers[39m
     [90m    |[39m             [31m[1m^[22m[39m
     [90m 26 |[39m   }
     [90m 27 |[39m
     [90m 28 |[39m   debug(message[33m:[39m string[33m,[39m context[33m?[39m[33m:[39m 
[33mRecord[39m[33m<[39m[33mstring[39m[33m,[39m any[33m>[39m) {[0m

      at Logger.log (src/utils/logger.ts:25:13)
      at Logger.info (src/utils/logger.ts:33:10)
      at MusicOrganizerService.organize (src/services/music-organizer.service.ts:121:14)
      at Object.<anonymous> (tests/unit/services/music-organizer.test.ts:756:22)

    console.error
      {"timestamp":"2026-02-11T12:50:03.660Z","level":"info","message":"Starting music organization","sourceDir":"C:\\U
sers\\NewAdmin\\Desktop\\File-Organizer-MCP\\tests\\temp\\music-org-bjRNT3\\source","targetDir":"C:\\Users\\NewAdmin\\D
esktop\\File-Organizer-MCP\\tests\\temp\\music-org-bjRNT3\\target","structure":"artist/album"}

    [0m [90m 23 |[39m     }[33m;[39m
     [90m 24 |[39m
    [31m[1m>[22m[39m[90m 25 |[39m     
console[33m.[39merror([33mJSON[39m[33m.[39mstringify(entry))[33m;[39m [90m// stderr for stdio servers[39m
     [90m    |[39m             [31m[1m^[22m[39m
     [90m 26 |[39m   }
     [90m 27 |[39m
     [90m 28 |[39m   debug(message[33m:[39m string[33m,[39m context[33m?[39m[33m:[39m 
[33mRecord[39m[33m<[39m[33mstring[39m[33m,[39m any[33m>[39m) {[0m

      at Logger.log (src/utils/logger.ts:25:13)
      at Logger.info (src/utils/logger.ts:33:10)
      at MusicOrganizerService.organize (src/services/music-organizer.service.ts:101:12)
      at Object.<anonymous> (tests/unit/services/music-organizer.test.ts:774:36)

    console.error
      {"timestamp":"2026-02-11T12:50:03.663Z","level":"info","message":"Found 1 audio files to organize"}

    [0m [90m 23 |[39m     }[33m;[39m
     [90m 24 |[39m
    [31m[1m>[22m[39m[90m 25 |[39m     
console[33m.[39merror([33mJSON[39m[33m.[39mstringify(entry))[33m;[39m [90m// stderr for stdio servers[39m
     [90m    |[39m             [31m[1m^[22m[39m
     [90m 26 |[39m   }
     [90m 27 |[39m
     [90m 28 |[39m   debug(message[33m:[39m string[33m,[39m context[33m?[39m[33m:[39m 
[33mRecord[39m[33m<[39m[33mstring[39m[33m,[39m any[33m>[39m) {[0m

      at Logger.log (src/utils/logger.ts:25:13)
      at Logger.info (src/utils/logger.ts:33:10)
      at MusicOrganizerService.organize (src/services/music-organizer.service.ts:113:14)
      at Object.<anonymous> (tests/unit/services/music-organizer.test.ts:774:22)

    console.error
      {"timestamp":"2026-02-11T12:50:03.663Z","level":"info","message":"Extracting metadata from: 
C:\\Users\\NewAdmin\\Desktop\\File-Organizer-MCP\\tests\\temp\\music-org-bjRNT3\\source\\long.mp3"}

    [0m [90m 23 |[39m     }[33m;[39m
     [90m 24 |[39m
    [31m[1m>[22m[39m[90m 25 |[39m     
console[33m.[39merror([33mJSON[39m[33m.[39mstringify(entry))[33m;[39m [90m// stderr for stdio servers[39m
     [90m    |[39m             [31m[1m^[22m[39m
     [90m 26 |[39m   }
     [90m 27 |[39m
     [90m 28 |[39m   debug(message[33m:[39m string[33m,[39m context[33m?[39m[33m:[39m 
[33mRecord[39m[33m<[39m[33mstring[39m[33m,[39m any[33m>[39m) {[0m

      at Logger.log (src/utils/logger.ts:25:13)
      at Logger.info (src/utils/logger.ts:33:10)
      at AudioMetadataService.extract (src/services/audio-metadata.service.ts:73:12)
      at MusicOrganizerService.planOrganization (src/services/music-organizer.service.ts:366:58)
      at MusicOrganizerService.organize (src/services/music-organizer.service.ts:116:37)
      at Object.<anonymous> (tests/unit/services/music-organizer.test.ts:774:22)

    console.error
      {"timestamp":"2026-02-11T12:50:03.664Z","level":"info","message":"Metadata extracted in 1ms: 
C:\\Users\\NewAdmin\\Desktop\\File-Organizer-MCP\\tests\\temp\\music-org-bjRNT3\\source\\long.mp3"}

    [0m [90m 23 |[39m     }[33m;[39m
     [90m 24 |[39m
    [31m[1m>[22m[39m[90m 25 |[39m     
console[33m.[39merror([33mJSON[39m[33m.[39mstringify(entry))[33m;[39m [90m// stderr for stdio servers[39m
     [90m    |[39m             [31m[1m^[22m[39m
     [90m 26 |[39m   }
     [90m 27 |[39m
     [90m 28 |[39m   debug(message[33m:[39m string[33m,[39m context[33m?[39m[33m:[39m 
[33mRecord[39m[33m<[39m[33mstring[39m[33m,[39m any[33m>[39m) {[0m

      at Logger.log (src/utils/logger.ts:25:13)
      at Logger.info (src/utils/logger.ts:33:10)
      at AudioMetadataService.extract (src/services/audio-metadata.service.ts:120:14)
      at MusicOrganizerService.planOrganization (src/services/music-organizer.service.ts:366:26)
      at MusicOrganizerService.organize (src/services/music-organizer.service.ts:116:26)
      at Object.<anonymous> (tests/unit/services/music-organizer.test.ts:774:22)

    console.error
      {"timestamp":"2026-02-11T12:50:03.669Z","level":"info","message":"Music organization 
completed","organized":1,"skipped":0,"errors":0}

    [0m [90m 23 |[39m     }[33m;[39m
     [90m 24 |[39m
    [31m[1m>[22m[39m[90m 25 |[39m     
console[33m.[39merror([33mJSON[39m[33m.[39mstringify(entry))[33m;[39m [90m// stderr for stdio servers[39m
     [90m    |[39m             [31m[1m^[22m[39m
     [90m 26 |[39m   }
     [90m 27 |[39m
     [90m 28 |[39m   debug(message[33m:[39m string[33m,[39m context[33m?[39m[33m:[39m 
[33mRecord[39m[33m<[39m[33mstring[39m[33m,[39m any[33m>[39m) {[0m

      at Logger.log (src/utils/logger.ts:25:13)
      at Logger.info (src/utils/logger.ts:33:10)
      at MusicOrganizerService.organize (src/services/music-organizer.service.ts:121:14)
      at Object.<anonymous> (tests/unit/services/music-organizer.test.ts:774:22)

    console.error
      {"timestamp":"2026-02-11T12:50:03.735Z","level":"info","message":"Starting music organization","sourceDir":"C:\\U
sers\\NewAdmin\\Desktop\\File-Organizer-MCP\\tests\\temp\\music-org-gIpmEL\\source","targetDir":"C:\\Users\\NewAdmin\\D
esktop\\File-Organizer-MCP\\tests\\temp\\music-org-gIpmEL\\target","structure":"artist/album"}

    [0m [90m 23 |[39m     }[33m;[39m
     [90m 24 |[39m
    [31m[1m>[22m[39m[90m 25 |[39m     
console[33m.[39merror([33mJSON[39m[33m.[39mstringify(entry))[33m;[39m [90m// stderr for stdio servers[39m
     [90m    |[39m             [31m[1m^[22m[39m
     [90m 26 |[39m   }
     [90m 27 |[39m
     [90m 28 |[39m   debug(message[33m:[39m string[33m,[39m context[33m?[39m[33m:[39m 
[33mRecord[39m[33m<[39m[33mstring[39m[33m,[39m any[33m>[39m) {[0m

      at Logger.log (src/utils/logger.ts:25:13)
      at Logger.info (src/utils/logger.ts:33:10)
      at MusicOrganizerService.organize (src/services/music-organizer.service.ts:101:12)
      at Object.<anonymous> (tests/unit/services/music-organizer.test.ts:792:36)

    console.error
      {"timestamp":"2026-02-11T12:50:03.742Z","level":"info","message":"Found 1 audio files to organize"}

    [0m [90m 23 |[39m     }[33m;[39m
     [90m 24 |[39m
    [31m[1m>[22m[39m[90m 25 |[39m     
console[33m.[39merror([33mJSON[39m[33m.[39mstringify(entry))[33m;[39m [90m// stderr for stdio servers[39m
     [90m    |[39m             [31m[1m^[22m[39m
     [90m 26 |[39m   }
     [90m 27 |[39m
     [90m 28 |[39m   debug(message[33m:[39m string[33m,[39m context[33m?[39m[33m:[39m 
[33mRecord[39m[33m<[39m[33mstring[39m[33m,[39m any[33m>[39m) {[0m

      at Logger.log (src/utils/logger.ts:25:13)
      at Logger.info (src/utils/logger.ts:33:10)
      at MusicOrganizerService.organize (src/services/music-organizer.service.ts:113:14)
      at Object.<anonymous> (tests/unit/services/music-organizer.test.ts:792:22)

    console.error
      {"timestamp":"2026-02-11T12:50:03.742Z","level":"info","message":"Extracting metadata from: 
C:\\Users\\NewAdmin\\Desktop\\File-Organizer-MCP\\tests\\temp\\music-org-gIpmEL\\source\\special.mp3"}

    [0m [90m 23 |[39m     }[33m;[39m
     [90m 24 |[39m
    [31m[1m>[22m[39m[90m 25 |[39m     
console[33m.[39merror([33mJSON[39m[33m.[39mstringify(entry))[33m;[39m [90m// stderr for stdio servers[39m
     [90m    |[39m             [31m[1m^[22m[39m
     [90m 26 |[39m   }
     [90m 27 |[39m
     [90m 28 |[39m   debug(message[33m:[39m string[33m,[39m context[33m?[39m[33m:[39m 
[33mRecord[39m[33m<[39m[33mstring[39m[33m,[39m any[33m>[39m) {[0m

      at Logger.log (src/utils/logger.ts:25:13)
      at Logger.info (src/utils/logger.ts:33:10)
      at AudioMetadataService.extract (src/services/audio-metadata.service.ts:73:12)
      at MusicOrganizerService.planOrganization (src/services/music-organizer.service.ts:366:58)
      at MusicOrganizerService.organize (src/services/music-organizer.service.ts:116:37)
      at Object.<anonymous> (tests/unit/services/music-organizer.test.ts:792:22)

    console.error
      {"timestamp":"2026-02-11T12:50:03.743Z","level":"info","message":"Metadata extracted in 1ms: 
C:\\Users\\NewAdmin\\Desktop\\File-Organizer-MCP\\tests\\temp\\music-org-gIpmEL\\source\\special.mp3"}

    [0m [90m 23 |[39m     }[33m;[39m
     [90m 24 |[39m
    [31m[1m>[22m[39m[90m 25 |[39m     
console[33m.[39merror([33mJSON[39m[33m.[39mstringify(entry))[33m;[39m [90m// stderr for stdio servers[39m
     [90m    |[39m             [31m[1m^[22m[39m
     [90m 26 |[39m   }
     [90m 27 |[39m
     [90m 28 |[39m   debug(message[33m:[39m string[33m,[39m context[33m?[39m[33m:[39m 
[33mRecord[39m[33m<[39m[33mstring[39m[33m,[39m any[33m>[39m) {[0m

      at Logger.log (src/utils/logger.ts:25:13)
      at Logger.info (src/utils/logger.ts:33:10)
      at AudioMetadataService.extract (src/services/audio-metadata.service.ts:120:14)
      at MusicOrganizerService.planOrganization (src/services/music-organizer.service.ts:366:26)
      at MusicOrganizerService.organize (src/services/music-organizer.service.ts:116:26)
      at Object.<anonymous> (tests/unit/services/music-organizer.test.ts:792:22)

    console.error
      {"timestamp":"2026-02-11T12:50:03.755Z","level":"info","message":"Music organization 
completed","organized":1,"skipped":0,"errors":0}

    [0m [90m 23 |[39m     }[33m;[39m
     [90m 24 |[39m
    [31m[1m>[22m[39m[90m 25 |[39m     
console[33m.[39merror([33mJSON[39m[33m.[39mstringify(entry))[33m;[39m [90m// stderr for stdio servers[39m
     [90m    |[39m             [31m[1m^[22m[39m
     [90m 26 |[39m   }
     [90m 27 |[39m
     [90m 28 |[39m   debug(message[33m:[39m string[33m,[39m context[33m?[39m[33m:[39m 
[33mRecord[39m[33m<[39m[33mstring[39m[33m,[39m any[33m>[39m) {[0m

      at Logger.log (src/utils/logger.ts:25:13)
      at Logger.info (src/utils/logger.ts:33:10)
      at MusicOrganizerService.organize (src/services/music-organizer.service.ts:121:14)
      at Object.<anonymous> (tests/unit/services/music-organizer.test.ts:792:22)

    console.error
      {"timestamp":"2026-02-11T12:50:03.847Z","level":"info","message":"Starting music organization","sourceDir":"C:\\U
sers\\NewAdmin\\Desktop\\File-Organizer-MCP\\tests\\temp\\music-org-c1kJMP\\source","targetDir":"C:\\Users\\NewAdmin\\D
esktop\\File-Organizer-MCP\\tests\\temp\\music-org-c1kJMP\\target","structure":"flat"}

    [0m [90m 23 |[39m     }[33m;[39m
     [90m 24 |[39m
    [31m[1m>[22m[39m[90m 25 |[39m     
console[33m.[39merror([33mJSON[39m[33m.[39mstringify(entry))[33m;[39m [90m// stderr for stdio servers[39m
     [90m    |[39m             [31m[1m^[22m[39m
     [90m 26 |[39m   }
     [90m 27 |[39m
     [90m 28 |[39m   debug(message[33m:[39m string[33m,[39m context[33m?[39m[33m:[39m 
[33mRecord[39m[33m<[39m[33mstring[39m[33m,[39m any[33m>[39m) {[0m

      at Logger.log (src/utils/logger.ts:25:13)
      at Logger.info (src/utils/logger.ts:33:10)
      at MusicOrganizerService.organize (src/services/music-organizer.service.ts:101:12)
      at Object.<anonymous> (tests/unit/services/music-organizer.test.ts:814:36)

    console.error
      {"timestamp":"2026-02-11T12:50:03.850Z","level":"info","message":"Found 1 audio files to organize"}

    [0m [90m 23 |[39m     }[33m;[39m
     [90m 24 |[39m
    [31m[1m>[22m[39m[90m 25 |[39m     
console[33m.[39merror([33mJSON[39m[33m.[39mstringify(entry))[33m;[39m [90m// stderr for stdio servers[39m
     [90m    |[39m             [31m[1m^[22m[39m
     [90m 26 |[39m   }
     [90m 27 |[39m
     [90m 28 |[39m   debug(message[33m:[39m string[33m,[39m context[33m?[39m[33m:[39m 
[33mRecord[39m[33m<[39m[33mstring[39m[33m,[39m any[33m>[39m) {[0m

      at Logger.log (src/utils/logger.ts:25:13)
      at Logger.info (src/utils/logger.ts:33:10)
      at MusicOrganizerService.organize (src/services/music-organizer.service.ts:113:14)
      at Object.<anonymous> (tests/unit/services/music-organizer.test.ts:814:22)

    console.error
      {"timestamp":"2026-02-11T12:50:03.850Z","level":"info","message":"Extracting metadata from: 
C:\\Users\\NewAdmin\\Desktop\\File-Organizer-MCP\\tests\\temp\\music-org-c1kJMP\\source\\track.mp3"}

    [0m [90m 23 |[39m     }[33m;[39m
     [90m 24 |[39m
    [31m[1m>[22m[39m[90m 25 |[39m     
console[33m.[39merror([33mJSON[39m[33m.[39mstringify(entry))[33m;[39m [90m// stderr for stdio servers[39m
     [90m    |[39m             [31m[1m^[22m[39m
     [90m 26 |[39m   }
     [90m 27 |[39m
     [90m 28 |[39m   debug(message[33m:[39m string[33m,[39m context[33m?[39m[33m:[39m 
[33mRecord[39m[33m<[39m[33mstring[39m[33m,[39m any[33m>[39m) {[0m

      at Logger.log (src/utils/logger.ts:25:13)
      at Logger.info (src/utils/logger.ts:33:10)
      at AudioMetadataService.extract (src/services/audio-metadata.service.ts:73:12)
      at MusicOrganizerService.planOrganization (src/services/music-organizer.service.ts:366:58)
      at MusicOrganizerService.organize (src/services/music-organizer.service.ts:116:37)
      at Object.<anonymous> (tests/unit/services/music-organizer.test.ts:814:22)

    console.error
      {"timestamp":"2026-02-11T12:50:03.851Z","level":"info","message":"Metadata extracted in 1ms: 
C:\\Users\\NewAdmin\\Desktop\\File-Organizer-MCP\\tests\\temp\\music-org-c1kJMP\\source\\track.mp3"}

    [0m [90m 23 |[39m     }[33m;[39m
     [90m 24 |[39m
    [31m[1m>[22m[39m[90m 25 |[39m     
console[33m.[39merror([33mJSON[39m[33m.[39mstringify(entry))[33m;[39m [90m// stderr for stdio servers[39m
     [90m    |[39m             [31m[1m^[22m[39m
     [90m 26 |[39m   }
     [90m 27 |[39m
     [90m 28 |[39m   debug(message[33m:[39m string[33m,[39m context[33m?[39m[33m:[39m 
[33mRecord[39m[33m<[39m[33mstring[39m[33m,[39m any[33m>[39m) {[0m

      at Logger.log (src/utils/logger.ts:25:13)
      at Logger.info (src/utils/logger.ts:33:10)
      at AudioMetadataService.extract (src/services/audio-metadata.service.ts:120:14)
      at MusicOrganizerService.planOrganization (src/services/music-organizer.service.ts:366:26)
      at MusicOrganizerService.organize (src/services/music-organizer.service.ts:116:26)
      at Object.<anonymous> (tests/unit/services/music-organizer.test.ts:814:22)

    console.error
      {"timestamp":"2026-02-11T12:50:03.853Z","level":"info","message":"Music organization 
completed","organized":1,"skipped":0,"errors":0}

    [0m [90m 23 |[39m     }[33m;[39m
     [90m 24 |[39m
    [31m[1m>[22m[39m[90m 25 |[39m     
console[33m.[39merror([33mJSON[39m[33m.[39mstringify(entry))[33m;[39m [90m// stderr for stdio servers[39m
     [90m    |[39m             [31m[1m^[22m[39m
     [90m 26 |[39m   }
     [90m 27 |[39m
     [90m 28 |[39m   debug(message[33m:[39m string[33m,[39m context[33m?[39m[33m:[39m 
[33mRecord[39m[33m<[39m[33mstring[39m[33m,[39m any[33m>[39m) {[0m

      at Logger.log (src/utils/logger.ts:25:13)
      at Logger.info (src/utils/logger.ts:33:10)
      at MusicOrganizerService.organize (src/services/music-organizer.service.ts:121:14)
      at Object.<anonymous> (tests/unit/services/music-organizer.test.ts:814:22)

    console.error
      {"timestamp":"2026-02-11T12:50:03.864Z","level":"info","message":"Starting music organization","sourceDir":"C:\\U
sers\\NewAdmin\\Desktop\\File-Organizer-MCP\\tests\\temp\\music-org-cHCSMM\\source","targetDir":"C:\\Users\\NewAdmin\\D
esktop\\File-Organizer-MCP\\tests\\temp\\music-org-cHCSMM\\target","structure":"artist/album"}

    [0m [90m 23 |[39m     }[33m;[39m
     [90m 24 |[39m
    [31m[1m>[22m[39m[90m 25 |[39m     
console[33m.[39merror([33mJSON[39m[33m.[39mstringify(entry))[33m;[39m [90m// stderr for stdio servers[39m
     [90m    |[39m             [31m[1m^[22m[39m
     [90m 26 |[39m   }
     [90m 27 |[39m
     [90m 28 |[39m   debug(message[33m:[39m string[33m,[39m context[33m?[39m[33m:[39m 
[33mRecord[39m[33m<[39m[33mstring[39m[33m,[39m any[33m>[39m) {[0m

      at Logger.log (src/utils/logger.ts:25:13)
      at Logger.info (src/utils/logger.ts:33:10)
      at MusicOrganizerService.organize (src/services/music-organizer.service.ts:101:12)
      at Object.<anonymous> (tests/unit/services/music-organizer.test.ts:836:36)

    console.error
      {"timestamp":"2026-02-11T12:50:03.867Z","level":"info","message":"Found 1 audio files to organize"}

    [0m [90m 23 |[39m     }[33m;[39m
     [90m 24 |[39m
    [31m[1m>[22m[39m[90m 25 |[39m     
console[33m.[39merror([33mJSON[39m[33m.[39mstringify(entry))[33m;[39m [90m// stderr for stdio servers[39m
     [90m    |[39m             [31m[1m^[22m[39m
     [90m 26 |[39m   }
     [90m 27 |[39m
     [90m 28 |[39m   debug(message[33m:[39m string[33m,[39m context[33m?[39m[33m:[39m 
[33mRecord[39m[33m<[39m[33mstring[39m[33m,[39m any[33m>[39m) {[0m

      at Logger.log (src/utils/logger.ts:25:13)
      at Logger.info (src/utils/logger.ts:33:10)
      at MusicOrganizerService.organize (src/services/music-organizer.service.ts:113:14)
      at Object.<anonymous> (tests/unit/services/music-organizer.test.ts:836:22)

    console.error
      {"timestamp":"2026-02-11T12:50:03.867Z","level":"info","message":"Extracting metadata from: 
C:\\Users\\NewAdmin\\Desktop\\File-Organizer-MCP\\tests\\temp\\music-org-cHCSMM\\source\\disc1.mp3"}

    [0m [90m 23 |[39m     }[33m;[39m
     [90m 24 |[39m
    [31m[1m>[22m[39m[90m 25 |[39m     
console[33m.[39merror([33mJSON[39m[33m.[39mstringify(entry))[33m;[39m [90m// stderr for stdio servers[39m
     [90m    |[39m             [31m[1m^[22m[39m
     [90m 26 |[39m   }
     [90m 27 |[39m
     [90m 28 |[39m   debug(message[33m:[39m string[33m,[39m context[33m?[39m[33m:[39m 
[33mRecord[39m[33m<[39m[33mstring[39m[33m,[39m any[33m>[39m) {[0m

      at Logger.log (src/utils/logger.ts:25:13)
      at Logger.info (src/utils/logger.ts:33:10)
      at AudioMetadataService.extract (src/services/audio-metadata.service.ts:73:12)
      at MusicOrganizerService.planOrganization (src/services/music-organizer.service.ts:366:58)
      at MusicOrganizerService.organize (src/services/music-organizer.service.ts:116:37)
      at Object.<anonymous> (tests/unit/services/music-organizer.test.ts:836:22)

    console.error
      {"timestamp":"2026-02-11T12:50:03.868Z","level":"info","message":"Metadata extracted in 1ms: 
C:\\Users\\NewAdmin\\Desktop\\File-Organizer-MCP\\tests\\temp\\music-org-cHCSMM\\source\\disc1.mp3"}

    [0m [90m 23 |[39m     }[33m;[39m
     [90m 24 |[39m
    [31m[1m>[22m[39m[90m 25 |[39m     
console[33m.[39merror([33mJSON[39m[33m.[39mstringify(entry))[33m;[39m [90m// stderr for stdio servers[39m
     [90m    |[39m             [31m[1m^[22m[39m
     [90m 26 |[39m   }
     [90m 27 |[39m
     [90m 28 |[39m   debug(message[33m:[39m string[33m,[39m context[33m?[39m[33m:[39m 
[33mRecord[39m[33m<[39m[33mstring[39m[33m,[39m any[33m>[39m) {[0m

      at Logger.log (src/utils/logger.ts:25:13)
      at Logger.info (src/utils/logger.ts:33:10)
      at AudioMetadataService.extract (src/services/audio-metadata.service.ts:120:14)
      at MusicOrganizerService.planOrganization (src/services/music-organizer.service.ts:366:26)
      at MusicOrganizerService.organize (src/services/music-organizer.service.ts:116:26)
      at Object.<anonymous> (tests/unit/services/music-organizer.test.ts:836:22)

    console.error
      {"timestamp":"2026-02-11T12:50:03.871Z","level":"info","message":"Music organization 
completed","organized":1,"skipped":0,"errors":0}

    [0m [90m 23 |[39m     }[33m;[39m
     [90m 24 |[39m
    [31m[1m>[22m[39m[90m 25 |[39m     
console[33m.[39merror([33mJSON[39m[33m.[39mstringify(entry))[33m;[39m [90m// stderr for stdio servers[39m
     [90m    |[39m             [31m[1m^[22m[39m
     [90m 26 |[39m   }
     [90m 27 |[39m
     [90m 28 |[39m   debug(message[33m:[39m string[33m,[39m context[33m?[39m[33m:[39m 
[33mRecord[39m[33m<[39m[33mstring[39m[33m,[39m any[33m>[39m) {[0m

      at Logger.log (src/utils/logger.ts:25:13)
      at Logger.info (src/utils/logger.ts:33:10)
      at MusicOrganizerService.organize (src/services/music-organizer.service.ts:121:14)
      at Object.<anonymous> (tests/unit/services/music-organizer.test.ts:836:22)

    console.error
      {"timestamp":"2026-02-11T12:50:03.885Z","level":"info","message":"Starting music organization","sourceDir":"C:\\U
sers\\NewAdmin\\Desktop\\File-Organizer-MCP\\tests\\temp\\music-org-izMvdQ\\source","targetDir":"C:\\Users\\NewAdmin\\D
esktop\\File-Organizer-MCP\\tests\\temp\\music-org-izMvdQ\\target","structure":"flat"}

    [0m [90m 23 |[39m     }[33m;[39m
     [90m 24 |[39m
    [31m[1m>[22m[39m[90m 25 |[39m     
console[33m.[39merror([33mJSON[39m[33m.[39mstringify(entry))[33m;[39m [90m// stderr for stdio servers[39m
     [90m    |[39m             [31m[1m^[22m[39m
     [90m 26 |[39m   }
     [90m 27 |[39m
     [90m 28 |[39m   debug(message[33m:[39m string[33m,[39m context[33m?[39m[33m:[39m 
[33mRecord[39m[33m<[39m[33mstring[39m[33m,[39m any[33m>[39m) {[0m

      at Logger.log (src/utils/logger.ts:25:13)
      at Logger.info (src/utils/logger.ts:33:10)
      at MusicOrganizerService.organize (src/services/music-organizer.service.ts:101:12)
      at Object.<anonymous> (tests/unit/services/music-organizer.test.ts:852:36)

    console.error
      {"timestamp":"2026-02-11T12:50:03.887Z","level":"info","message":"Found 1 audio files to organize"}

    [0m [90m 23 |[39m     }[33m;[39m
     [90m 24 |[39m
    [31m[1m>[22m[39m[90m 25 |[39m     
console[33m.[39merror([33mJSON[39m[33m.[39mstringify(entry))[33m;[39m [90m// stderr for stdio servers[39m
     [90m    |[39m             [31m[1m^[22m[39m
     [90m 26 |[39m   }
     [90m 27 |[39m
     [90m 28 |[39m   debug(message[33m:[39m string[33m,[39m context[33m?[39m[33m:[39m 
[33mRecord[39m[33m<[39m[33mstring[39m[33m,[39m any[33m>[39m) {[0m

      at Logger.log (src/utils/logger.ts:25:13)
      at Logger.info (src/utils/logger.ts:33:10)
      at MusicOrganizerService.organize (src/services/music-organizer.service.ts:113:14)
      at Object.<anonymous> (tests/unit/services/music-organizer.test.ts:852:22)

    console.error
      {"timestamp":"2026-02-11T12:50:03.887Z","level":"info","message":"Extracting metadata from: 
C:\\Users\\NewAdmin\\Desktop\\File-Organizer-MCP\\tests\\temp\\music-org-izMvdQ\\source\\test.flac"}

    [0m [90m 23 |[39m     }[33m;[39m
     [90m 24 |[39m
    [31m[1m>[22m[39m[90m 25 |[39m     
console[33m.[39merror([33mJSON[39m[33m.[39mstringify(entry))[33m;[39m [90m// stderr for stdio servers[39m
     [90m    |[39m             [31m[1m^[22m[39m
     [90m 26 |[39m   }
     [90m 27 |[39m
     [90m 28 |[39m   debug(message[33m:[39m string[33m,[39m context[33m?[39m[33m:[39m 
[33mRecord[39m[33m<[39m[33mstring[39m[33m,[39m any[33m>[39m) {[0m

      at Logger.log (src/utils/logger.ts:25:13)
      at Logger.info (src/utils/logger.ts:33:10)
      at AudioMetadataService.extract (src/services/audio-metadata.service.ts:73:12)
      at MusicOrganizerService.planOrganization (src/services/music-organizer.service.ts:366:58)
      at MusicOrganizerService.organize (src/services/music-organizer.service.ts:116:37)
      at Object.<anonymous> (tests/unit/services/music-organizer.test.ts:852:22)

    console.error
      {"timestamp":"2026-02-11T12:50:03.888Z","level":"info","message":"Metadata extracted in 1ms: 
C:\\Users\\NewAdmin\\Desktop\\File-Organizer-MCP\\tests\\temp\\music-org-izMvdQ\\source\\test.flac"}

    [0m [90m 23 |[39m     }[33m;[39m
     [90m 24 |[39m
    [31m[1m>[22m[39m[90m 25 |[39m     
console[33m.[39merror([33mJSON[39m[33m.[39mstringify(entry))[33m;[39m [90m// stderr for stdio servers[39m
     [90m    |[39m             [31m[1m^[22m[39m
     [90m 26 |[39m   }
     [90m 27 |[39m
     [90m 28 |[39m   debug(message[33m:[39m string[33m,[39m context[33m?[39m[33m:[39m 
[33mRecord[39m[33m<[39m[33mstring[39m[33m,[39m any[33m>[39m) {[0m

      at Logger.log (src/utils/logger.ts:25:13)
      at Logger.info (src/utils/logger.ts:33:10)
      at AudioMetadataService.extract (src/services/audio-metadata.service.ts:120:14)
      at MusicOrganizerService.planOrganization (src/services/music-organizer.service.ts:366:26)
      at MusicOrganizerService.organize (src/services/music-organizer.service.ts:116:26)
      at Object.<anonymous> (tests/unit/services/music-organizer.test.ts:852:22)

    console.error
      {"timestamp":"2026-02-11T12:50:03.897Z","level":"info","message":"Music organization 
completed","organized":1,"skipped":0,"errors":0}

    [0m [90m 23 |[39m     }[33m;[39m
     [90m 24 |[39m
    [31m[1m>[22m[39m[90m 25 |[39m     
console[33m.[39merror([33mJSON[39m[33m.[39mstringify(entry))[33m;[39m [90m// stderr for stdio servers[39m
     [90m    |[39m             [31m[1m^[22m[39m
     [90m 26 |[39m   }
     [90m 27 |[39m
     [90m 28 |[39m   debug(message[33m:[39m string[33m,[39m context[33m?[39m[33m:[39m 
[33mRecord[39m[33m<[39m[33mstring[39m[33m,[39m any[33m>[39m) {[0m

      at Logger.log (src/utils/logger.ts:25:13)
      at Logger.info (src/utils/logger.ts:33:10)
      at MusicOrganizerService.organize (src/services/music-organizer.service.ts:121:14)
      at Object.<anonymous> (tests/unit/services/music-organizer.test.ts:852:22)

PASS src/readers/__tests__/integration.test.ts
  ÔùÅ Console

    console.error
      {"timestamp":"2026-02-11T12:50:04.771Z","level":"info","message":"File operation started: read","operation":"read
","path":"C:\\Users\\NewAdmin\\Desktop\\File-Organizer-MCP\\test-fixtures\\small.txt","operationId":"1770814204768-tn6h
vjon3","maxBytes":10485760,"encoding":"utf-8"}

    [0m [90m 23 |[39m     }[33m;[39m
     [90m 24 |[39m
    [31m[1m>[22m[39m[90m 25 |[39m     
console[33m.[39merror([33mJSON[39m[33m.[39mstringify(entry))[33m;[39m [90m// stderr for stdio servers[39m
     [90m    |[39m             [31m[1m^[22m[39m
     [90m 26 |[39m   }
     [90m 27 |[39m
     [90m 28 |[39m   debug(message[33m:[39m string[33m,[39m context[33m?[39m[33m:[39m 
[33mRecord[39m[33m<[39m[33mstring[39m[33m,[39m any[33m>[39m) {[0m

      at Logger.log (src/utils/logger.ts:25:13)
      at Logger.info (src/utils/logger.ts:33:10)
      at ConsoleAuditLogger.logOperationStart (src/readers/factory.ts:48:12)
      at SecureFileReader.read (src/readers/secure-file-reader.ts:164:22)
      at Object.<anonymous> (src/readers/__tests__/integration.test.ts:55:22)

    console.error
      {"timestamp":"2026-02-11T12:50:04.778Z","level":"info","message":"File operation completed: read","operation":"re
ad","path":"C:\\Users\\NewAdmin\\Desktop\\File-Organizer-MCP\\test-fixtures\\small.txt","status":"success","operationId
":"1770814204768-tn6hvjon3","bytesRead":13,"checksum":"dffd6021bb2bd5b0af676290809ec3a53191dd81c7f70a4b28688a362182986f
","streaming":false}

    [0m [90m 23 |[39m     }[33m;[39m
     [90m 24 |[39m
    [31m[1m>[22m[39m[90m 25 |[39m     
console[33m.[39merror([33mJSON[39m[33m.[39mstringify(entry))[33m;[39m [90m// stderr for stdio servers[39m
     [90m    |[39m             [31m[1m^[22m[39m
     [90m 26 |[39m   }
     [90m 27 |[39m
     [90m 28 |[39m   debug(message[33m:[39m string[33m,[39m context[33m?[39m[33m:[39m 
[33mRecord[39m[33m<[39m[33mstring[39m[33m,[39m any[33m>[39m) {[0m

      at Logger.log (src/utils/logger.ts:25:13)
      at Logger.info (src/utils/logger.ts:33:10)
      at ConsoleAuditLogger.logOperationSuccess (src/readers/factory.ts:60:12)
      at SecureFileReader.read (src/readers/secure-file-reader.ts:224:26)
      at Object.<anonymous> (src/readers/__tests__/integration.test.ts:55:22)

    console.error
      {"timestamp":"2026-02-11T12:50:04.783Z","level":"info","message":"File operation started: read","operation":"read
","path":"C:\\Users\\NewAdmin\\Desktop\\File-Organizer-MCP\\test-fixtures\\empty.txt","operationId":"1770814204781-etwd
kt8sa","maxBytes":10485760,"encoding":"utf-8"}

    [0m [90m 23 |[39m     }[33m;[39m
     [90m 24 |[39m
    [31m[1m>[22m[39m[90m 25 |[39m     
console[33m.[39merror([33mJSON[39m[33m.[39mstringify(entry))[33m;[39m [90m// stderr for stdio servers[39m
     [90m    |[39m             [31m[1m^[22m[39m
     [90m 26 |[39m   }
     [90m 27 |[39m
     [90m 28 |[39m   debug(message[33m:[39m string[33m,[39m context[33m?[39m[33m:[39m 
[33mRecord[39m[33m<[39m[33mstring[39m[33m,[39m any[33m>[39m) {[0m

      at Logger.log (src/utils/logger.ts:25:13)
      at Logger.info (src/utils/logger.ts:33:10)
      at ConsoleAuditLogger.logOperationStart (src/readers/factory.ts:48:12)
      at SecureFileReader.read (src/readers/secure-file-reader.ts:164:22)
      at Object.<anonymous> (src/readers/__tests__/integration.test.ts:69:22)

    console.error
      {"timestamp":"2026-02-11T12:50:04.808Z","level":"error","message":"File operation failed: read","operation":"read
","path":"C:\\Users\\NewAdmin\\Desktop\\File-Organizer-MCP\\test-fixtures\\empty.txt","status":"failure","error":{"mess
age":"Offset exceeds file size","stack":"FileReadError: Offset exceeds file size\n    at 
SecureFileReader.readViaBuffer 
(C:\\Users\\NewAdmin\\Desktop\\File-Organizer-MCP\\src\\readers\\secure-file-reader.ts:663:15)\n    at 
SecureFileReader.read (C:\\Users\\NewAdmin\\Desktop\\File-Organizer-MCP\\src\\readers\\secure-file-reader.ts:216:39)\n 
   at Object.<anonymous> 
(C:\\Users\\NewAdmin\\Desktop\\File-Organizer-MCP\\src\\readers\\__tests__\\integration.test.ts:69:22)"}}

    [0m [90m 23 |[39m     }[33m;[39m
     [90m 24 |[39m
    [31m[1m>[22m[39m[90m 25 |[39m     
console[33m.[39merror([33mJSON[39m[33m.[39mstringify(entry))[33m;[39m [90m// stderr for stdio servers[39m
     [90m    |[39m             [31m[1m^[22m[39m
     [90m 26 |[39m   }
     [90m 27 |[39m
     [90m 28 |[39m   debug(message[33m:[39m string[33m,[39m context[33m?[39m[33m:[39m 
[33mRecord[39m[33m<[39m[33mstring[39m[33m,[39m any[33m>[39m) {[0m

      at Logger.log (src/utils/logger.ts:25:13)
      at Logger.error (src/utils/logger.ts:45:10)
      at ConsoleAuditLogger.logOperationFailure (src/readers/factory.ts:69:12)
      at SecureFileReader.read (src/readers/secure-file-reader.ts:231:26)
      at Object.<anonymous> (src/readers/__tests__/integration.test.ts:69:22)

    console.error
      {"timestamp":"2026-02-11T12:50:04.809Z","level":"info","message":"File operation started: read","operation":"read
","path":"C:\\Users\\NewAdmin\\Desktop\\File-Organizer-MCP\\test-fixtures\\unicode.txt","operationId":"1770814204809-wn
15cpmdj","maxBytes":10485760,"encoding":"utf-8"}

    [0m [90m 23 |[39m     }[33m;[39m
     [90m 24 |[39m
    [31m[1m>[22m[39m[90m 25 |[39m     
console[33m.[39merror([33mJSON[39m[33m.[39mstringify(entry))[33m;[39m [90m// stderr for stdio servers[39m
     [90m    |[39m             [31m[1m^[22m[39m
     [90m 26 |[39m   }
     [90m 27 |[39m
     [90m 28 |[39m   debug(message[33m:[39m string[33m,[39m context[33m?[39m[33m:[39m 
[33mRecord[39m[33m<[39m[33mstring[39m[33m,[39m any[33m>[39m) {[0m

      at Logger.log (src/utils/logger.ts:25:13)
      at Logger.info (src/utils/logger.ts:33:10)
      at ConsoleAuditLogger.logOperationStart (src/readers/factory.ts:48:12)
      at SecureFileReader.read (src/readers/secure-file-reader.ts:164:22)
      at Object.<anonymous> (src/readers/__tests__/integration.test.ts:81:22)

    console.error
      {"timestamp":"2026-02-11T12:50:04.811Z","level":"info","message":"File operation completed: read","operation":"re
ad","path":"C:\\Users\\NewAdmin\\Desktop\\File-Organizer-MCP\\test-fixtures\\unicode.txt","status":"success","operation
Id":"1770814204809-wn15cpmdj","bytesRead":19,"checksum":"4c5bbf8d24e5546714002205ec5658b5aebb19cf16a7029287daf72dfb71e9
01","streaming":false}

    [0m [90m 23 |[39m     }[33m;[39m
     [90m 24 |[39m
    [31m[1m>[22m[39m[90m 25 |[39m     
console[33m.[39merror([33mJSON[39m[33m.[39mstringify(entry))[33m;[39m [90m// stderr for stdio servers[39m
     [90m    |[39m             [31m[1m^[22m[39m
     [90m 26 |[39m   }
     [90m 27 |[39m
     [90m 28 |[39m   debug(message[33m:[39m string[33m,[39m context[33m?[39m[33m:[39m 
[33mRecord[39m[33m<[39m[33mstring[39m[33m,[39m any[33m>[39m) {[0m

      at Logger.log (src/utils/logger.ts:25:13)
      at Logger.info (src/utils/logger.ts:33:10)
      at ConsoleAuditLogger.logOperationSuccess (src/readers/factory.ts:60:12)
      at SecureFileReader.read (src/readers/secure-file-reader.ts:224:26)
      at Object.<anonymous> (src/readers/__tests__/integration.test.ts:81:22)

    console.error
      {"timestamp":"2026-02-11T12:50:04.813Z","level":"info","message":"File operation started: read","operation":"read
","path":"C:\\Users\\NewAdmin\\Desktop\\File-Organizer-MCP\\test-fixtures\\small.txt","operationId":"1770814204812-6i1i
e1nxz","maxBytes":10485760,"encoding":"utf-8"}

    [0m [90m 23 |[39m     }[33m;[39m
     [90m 24 |[39m
    [31m[1m>[22m[39m[90m 25 |[39m     
console[33m.[39merror([33mJSON[39m[33m.[39mstringify(entry))[33m;[39m [90m// stderr for stdio servers[39m
     [90m    |[39m             [31m[1m^[22m[39m
     [90m 26 |[39m   }
     [90m 27 |[39m
     [90m 28 |[39m   debug(message[33m:[39m string[33m,[39m context[33m?[39m[33m:[39m 
[33mRecord[39m[33m<[39m[33mstring[39m[33m,[39m any[33m>[39m) {[0m

      at Logger.log (src/utils/logger.ts:25:13)
      at Logger.info (src/utils/logger.ts:33:10)
      at ConsoleAuditLogger.logOperationStart (src/readers/factory.ts:48:12)
      at SecureFileReader.read (src/readers/secure-file-reader.ts:164:22)
      at Object.<anonymous> (src/readers/__tests__/integration.test.ts:93:22)

    console.error
      {"timestamp":"2026-02-11T12:50:04.814Z","level":"info","message":"File operation completed: read","operation":"re
ad","path":"C:\\Users\\NewAdmin\\Desktop\\File-Organizer-MCP\\test-fixtures\\small.txt","status":"success","operationId
":"1770814204812-6i1ie1nxz","bytesRead":13,"checksum":"dffd6021bb2bd5b0af676290809ec3a53191dd81c7f70a4b28688a362182986f
","streaming":false}

    [0m [90m 23 |[39m     }[33m;[39m
     [90m 24 |[39m
    [31m[1m>[22m[39m[90m 25 |[39m     
console[33m.[39merror([33mJSON[39m[33m.[39mstringify(entry))[33m;[39m [90m// stderr for stdio servers[39m
     [90m    |[39m             [31m[1m^[22m[39m
     [90m 26 |[39m   }
     [90m 27 |[39m
     [90m 28 |[39m   debug(message[33m:[39m string[33m,[39m context[33m?[39m[33m:[39m 
[33mRecord[39m[33m<[39m[33mstring[39m[33m,[39m any[33m>[39m) {[0m

      at Logger.log (src/utils/logger.ts:25:13)
      at Logger.info (src/utils/logger.ts:33:10)
      at ConsoleAuditLogger.logOperationSuccess (src/readers/factory.ts:60:12)
      at SecureFileReader.read (src/readers/secure-file-reader.ts:224:26)
      at Object.<anonymous> (src/readers/__tests__/integration.test.ts:93:22)

    console.error
      {"timestamp":"2026-02-11T12:50:04.816Z","level":"info","message":"File operation started: read","operation":"read
","path":"C:\\Users\\NewAdmin\\Desktop\\File-Organizer-MCP\\test-fixtures\\json.json","operationId":"1770814204815-v616
btq9m","maxBytes":10485760,"encoding":"utf-8"}

    [0m [90m 23 |[39m     }[33m;[39m
     [90m 24 |[39m
    [31m[1m>[22m[39m[90m 25 |[39m     
console[33m.[39merror([33mJSON[39m[33m.[39mstringify(entry))[33m;[39m [90m// stderr for stdio servers[39m
     [90m    |[39m             [31m[1m^[22m[39m
     [90m 26 |[39m   }
     [90m 27 |[39m
     [90m 28 |[39m   debug(message[33m:[39m string[33m,[39m context[33m?[39m[33m:[39m 
[33mRecord[39m[33m<[39m[33mstring[39m[33m,[39m any[33m>[39m) {[0m

      at Logger.log (src/utils/logger.ts:25:13)
      at Logger.info (src/utils/logger.ts:33:10)
      at ConsoleAuditLogger.logOperationStart (src/readers/factory.ts:48:12)
      at SecureFileReader.read (src/readers/secure-file-reader.ts:164:22)
      at Object.<anonymous> (src/readers/__tests__/integration.test.ts:106:22)

    console.error
      {"timestamp":"2026-02-11T12:50:04.817Z","level":"info","message":"File operation completed: read","operation":"re
ad","path":"C:\\Users\\NewAdmin\\Desktop\\File-Organizer-MCP\\test-fixtures\\json.json","status":"success","operationId
":"1770814204815-v616btq9m","bytesRead":29,"checksum":"672a61860982ab9b5bd16b2576d6b4d4c79993462561256007cac171aaf2607a
","streaming":false}

    [0m [90m 23 |[39m     }[33m;[39m
     [90m 24 |[39m
    [31m[1m>[22m[39m[90m 25 |[39m     
console[33m.[39merror([33mJSON[39m[33m.[39mstringify(entry))[33m;[39m [90m// stderr for stdio servers[39m
     [90m    |[39m             [31m[1m^[22m[39m
     [90m 26 |[39m   }
     [90m 27 |[39m
     [90m 28 |[39m   debug(message[33m:[39m string[33m,[39m context[33m?[39m[33m:[39m 
[33mRecord[39m[33m<[39m[33mstring[39m[33m,[39m any[33m>[39m) {[0m

      at Logger.log (src/utils/logger.ts:25:13)
      at Logger.info (src/utils/logger.ts:33:10)
      at ConsoleAuditLogger.logOperationSuccess (src/readers/factory.ts:60:12)
      at SecureFileReader.read (src/readers/secure-file-reader.ts:224:26)
      at Object.<anonymous> (src/readers/__tests__/integration.test.ts:106:22)

    console.error
      {"timestamp":"2026-02-11T12:50:04.821Z","level":"info","message":"File operation started: read","operation":"read
","path":"C:\\Users\\NewAdmin\\Desktop\\File-Organizer-MCP\\test-fixtures\\small.txt","operationId":"1770814204820-w7i9
8h0cc","maxBytes":10485760,"encoding":"utf-8"}

    [0m [90m 23 |[39m     }[33m;[39m
     [90m 24 |[39m
    [31m[1m>[22m[39m[90m 25 |[39m     
console[33m.[39merror([33mJSON[39m[33m.[39mstringify(entry))[33m;[39m [90m// stderr for stdio servers[39m
     [90m    |[39m             [31m[1m^[22m[39m
     [90m 26 |[39m   }
     [90m 27 |[39m
     [90m 28 |[39m   debug(message[33m:[39m string[33m,[39m context[33m?[39m[33m:[39m 
[33mRecord[39m[33m<[39m[33mstring[39m[33m,[39m any[33m>[39m) {[0m

      at Logger.log (src/utils/logger.ts:25:13)
      at Logger.info (src/utils/logger.ts:33:10)
      at ConsoleAuditLogger.logOperationStart (src/readers/factory.ts:48:12)
      at SecureFileReader.read (src/readers/secure-file-reader.ts:164:22)
      at Object.<anonymous> (src/readers/__tests__/integration.test.ts:140:24)

    console.error
      {"timestamp":"2026-02-11T12:50:04.824Z","level":"info","message":"File operation completed: read","operation":"re
ad","path":"C:\\Users\\NewAdmin\\Desktop\\File-Organizer-MCP\\test-fixtures\\small.txt","status":"success","operationId
":"1770814204820-w7i98h0cc","bytesRead":13,"checksum":"dffd6021bb2bd5b0af676290809ec3a53191dd81c7f70a4b28688a362182986f
","streaming":false}

    [0m [90m 23 |[39m     }[33m;[39m
     [90m 24 |[39m
    [31m[1m>[22m[39m[90m 25 |[39m     
console[33m.[39merror([33mJSON[39m[33m.[39mstringify(entry))[33m;[39m [90m// stderr for stdio servers[39m
     [90m    |[39m             [31m[1m^[22m[39m
     [90m 26 |[39m   }
     [90m 27 |[39m
     [90m 28 |[39m   debug(message[33m:[39m string[33m,[39m context[33m?[39m[33m:[39m 
[33mRecord[39m[33m<[39m[33mstring[39m[33m,[39m any[33m>[39m) {[0m

      at Logger.log (src/utils/logger.ts:25:13)
      at Logger.info (src/utils/logger.ts:33:10)
      at ConsoleAuditLogger.logOperationSuccess (src/readers/factory.ts:60:12)
      at SecureFileReader.read (src/readers/secure-file-reader.ts:224:26)
      at Object.<anonymous> (src/readers/__tests__/integration.test.ts:140:24)

    console.error
      {"timestamp":"2026-02-11T12:50:04.825Z","level":"info","message":"File operation started: read","operation":"read
","path":"C:\\Users\\NewAdmin\\Desktop\\File-Organizer-MCP\\test-fixtures\\small.txt","operationId":"1770814204824-nds7
lqwmt","maxBytes":10485760,"encoding":"utf-8"}

    [0m [90m 23 |[39m     }[33m;[39m
     [90m 24 |[39m
    [31m[1m>[22m[39m[90m 25 |[39m     
console[33m.[39merror([33mJSON[39m[33m.[39mstringify(entry))[33m;[39m [90m// stderr for stdio servers[39m
     [90m    |[39m             [31m[1m^[22m[39m
     [90m 26 |[39m   }
     [90m 27 |[39m
     [90m 28 |[39m   debug(message[33m:[39m string[33m,[39m context[33m?[39m[33m:[39m 
[33mRecord[39m[33m<[39m[33mstring[39m[33m,[39m any[33m>[39m) {[0m

      at Logger.log (src/utils/logger.ts:25:13)
      at Logger.info (src/utils/logger.ts:33:10)
      at ConsoleAuditLogger.logOperationStart (src/readers/factory.ts:48:12)
      at SecureFileReader.read (src/readers/secure-file-reader.ts:164:22)
      at Object.<anonymous> (src/readers/__tests__/integration.test.ts:140:24)

    console.error
      {"timestamp":"2026-02-11T12:50:04.826Z","level":"info","message":"File operation completed: read","operation":"re
ad","path":"C:\\Users\\NewAdmin\\Desktop\\File-Organizer-MCP\\test-fixtures\\small.txt","status":"success","operationId
":"1770814204824-nds7lqwmt","bytesRead":13,"checksum":"dffd6021bb2bd5b0af676290809ec3a53191dd81c7f70a4b28688a362182986f
","streaming":false}

    [0m [90m 23 |[39m     }[33m;[39m
     [90m 24 |[39m
    [31m[1m>[22m[39m[90m 25 |[39m     
console[33m.[39merror([33mJSON[39m[33m.[39mstringify(entry))[33m;[39m [90m// stderr for stdio servers[39m
     [90m    |[39m             [31m[1m^[22m[39m
     [90m 26 |[39m   }
     [90m 27 |[39m
     [90m 28 |[39m   debug(message[33m:[39m string[33m,[39m context[33m?[39m[33m:[39m 
[33mRecord[39m[33m<[39m[33mstring[39m[33m,[39m any[33m>[39m) {[0m

      at Logger.log (src/utils/logger.ts:25:13)
      at Logger.info (src/utils/logger.ts:33:10)
      at ConsoleAuditLogger.logOperationSuccess (src/readers/factory.ts:60:12)
      at SecureFileReader.read (src/readers/secure-file-reader.ts:224:26)
      at Object.<anonymous> (src/readers/__tests__/integration.test.ts:140:24)

    console.error
      {"timestamp":"2026-02-11T12:50:04.827Z","level":"info","message":"File operation started: read","operation":"read
","path":"C:\\Users\\NewAdmin\\Desktop\\File-Organizer-MCP\\test-fixtures\\small.txt","operationId":"1770814204827-ti6e
4o1g9","maxBytes":10485760,"encoding":"utf-8"}

    [0m [90m 23 |[39m     }[33m;[39m
     [90m 24 |[39m
    [31m[1m>[22m[39m[90m 25 |[39m     
console[33m.[39merror([33mJSON[39m[33m.[39mstringify(entry))[33m;[39m [90m// stderr for stdio servers[39m
     [90m    |[39m             [31m[1m^[22m[39m
     [90m 26 |[39m   }
     [90m 27 |[39m
     [90m 28 |[39m   debug(message[33m:[39m string[33m,[39m context[33m?[39m[33m:[39m 
[33mRecord[39m[33m<[39m[33mstring[39m[33m,[39m any[33m>[39m) {[0m

      at Logger.log (src/utils/logger.ts:25:13)
      at Logger.info (src/utils/logger.ts:33:10)
      at ConsoleAuditLogger.logOperationStart (src/readers/factory.ts:48:12)
      at SecureFileReader.read (src/readers/secure-file-reader.ts:164:22)
      at Object.<anonymous> (src/readers/__tests__/integration.test.ts:140:24)

    console.error
      {"timestamp":"2026-02-11T12:50:04.828Z","level":"info","message":"File operation completed: read","operation":"re
ad","path":"C:\\Users\\NewAdmin\\Desktop\\File-Organizer-MCP\\test-fixtures\\small.txt","status":"success","operationId
":"1770814204827-ti6e4o1g9","bytesRead":13,"checksum":"dffd6021bb2bd5b0af676290809ec3a53191dd81c7f70a4b28688a362182986f
","streaming":false}

    [0m [90m 23 |[39m     }[33m;[39m
     [90m 24 |[39m
    [31m[1m>[22m[39m[90m 25 |[39m     
console[33m.[39merror([33mJSON[39m[33m.[39mstringify(entry))[33m;[39m [90m// stderr for stdio servers[39m
     [90m    |[39m             [31m[1m^[22m[39m
     [90m 26 |[39m   }
     [90m 27 |[39m
     [90m 28 |[39m   debug(message[33m:[39m string[33m,[39m context[33m?[39m[33m:[39m 
[33mRecord[39m[33m<[39m[33mstring[39m[33m,[39m any[33m>[39m) {[0m

      at Logger.log (src/utils/logger.ts:25:13)
      at Logger.info (src/utils/logger.ts:33:10)
      at ConsoleAuditLogger.logOperationSuccess (src/readers/factory.ts:60:12)
      at SecureFileReader.read (src/readers/secure-file-reader.ts:224:26)
      at Object.<anonymous> (src/readers/__tests__/integration.test.ts:140:24)

    console.error
      {"timestamp":"2026-02-11T12:50:04.829Z","level":"info","message":"File operation started: read","operation":"read
","path":"C:\\Users\\NewAdmin\\Desktop\\File-Organizer-MCP\\test-fixtures\\small.txt","operationId":"1770814204829-noua
73g8t","maxBytes":10485760,"encoding":"utf-8"}

    [0m [90m 23 |[39m     }[33m;[39m
     [90m 24 |[39m
    [31m[1m>[22m[39m[90m 25 |[39m     
console[33m.[39merror([33mJSON[39m[33m.[39mstringify(entry))[33m;[39m [90m// stderr for stdio servers[39m
     [90m    |[39m             [31m[1m^[22m[39m
     [90m 26 |[39m   }
     [90m 27 |[39m
     [90m 28 |[39m   debug(message[33m:[39m string[33m,[39m context[33m?[39m[33m:[39m 
[33mRecord[39m[33m<[39m[33mstring[39m[33m,[39m any[33m>[39m) {[0m

      at Logger.log (src/utils/logger.ts:25:13)
      at Logger.info (src/utils/logger.ts:33:10)
      at ConsoleAuditLogger.logOperationStart (src/readers/factory.ts:48:12)
      at SecureFileReader.read (src/readers/secure-file-reader.ts:164:22)
      at Object.<anonymous> (src/readers/__tests__/integration.test.ts:140:24)

    console.error
      {"timestamp":"2026-02-11T12:50:04.830Z","level":"info","message":"File operation completed: read","operation":"re
ad","path":"C:\\Users\\NewAdmin\\Desktop\\File-Organizer-MCP\\test-fixtures\\small.txt","status":"success","operationId
":"1770814204829-noua73g8t","bytesRead":13,"checksum":"dffd6021bb2bd5b0af676290809ec3a53191dd81c7f70a4b28688a362182986f
","streaming":false}

    [0m [90m 23 |[39m     }[33m;[39m
     [90m 24 |[39m
    [31m[1m>[22m[39m[90m 25 |[39m     
console[33m.[39merror([33mJSON[39m[33m.[39mstringify(entry))[33m;[39m [90m// stderr for stdio servers[39m
     [90m    |[39m             [31m[1m^[22m[39m
     [90m 26 |[39m   }
     [90m 27 |[39m
     [90m 28 |[39m   debug(message[33m:[39m string[33m,[39m context[33m?[39m[33m:[39m 
[33mRecord[39m[33m<[39m[33mstring[39m[33m,[39m any[33m>[39m) {[0m

      at Logger.log (src/utils/logger.ts:25:13)
      at Logger.info (src/utils/logger.ts:33:10)
      at ConsoleAuditLogger.logOperationSuccess (src/readers/factory.ts:60:12)
      at SecureFileReader.read (src/readers/secure-file-reader.ts:224:26)
      at Object.<anonymous> (src/readers/__tests__/integration.test.ts:140:24)

    console.error
      {"timestamp":"2026-02-11T12:50:04.831Z","level":"info","message":"File operation started: read","operation":"read
","path":"C:\\Users\\NewAdmin\\Desktop\\File-Organizer-MCP\\test-fixtures\\small.txt","operationId":"1770814204830-6cbw
f8u15","maxBytes":10485760,"encoding":"utf-8"}

    [0m [90m 23 |[39m     }[33m;[39m
     [90m 24 |[39m
    [31m[1m>[22m[39m[90m 25 |[39m     
console[33m.[39merror([33mJSON[39m[33m.[39mstringify(entry))[33m;[39m [90m// stderr for stdio servers[39m
     [90m    |[39m             [31m[1m^[22m[39m
     [90m 26 |[39m   }
     [90m 27 |[39m
     [90m 28 |[39m   debug(message[33m:[39m string[33m,[39m context[33m?[39m[33m:[39m 
[33mRecord[39m[33m<[39m[33mstring[39m[33m,[39m any[33m>[39m) {[0m

      at Logger.log (src/utils/logger.ts:25:13)
      at Logger.info (src/utils/logger.ts:33:10)
      at ConsoleAuditLogger.logOperationStart (src/readers/factory.ts:48:12)
      at SecureFileReader.read (src/readers/secure-file-reader.ts:164:22)
      at Object.<anonymous> (src/readers/__tests__/integration.test.ts:140:24)

    console.error
      {"timestamp":"2026-02-11T12:50:04.832Z","level":"info","message":"File operation completed: read","operation":"re
ad","path":"C:\\Users\\NewAdmin\\Desktop\\File-Organizer-MCP\\test-fixtures\\small.txt","status":"success","operationId
":"1770814204830-6cbwf8u15","bytesRead":13,"checksum":"dffd6021bb2bd5b0af676290809ec3a53191dd81c7f70a4b28688a362182986f
","streaming":false}

    [0m [90m 23 |[39m     }[33m;[39m
     [90m 24 |[39m
    [31m[1m>[22m[39m[90m 25 |[39m     
console[33m.[39merror([33mJSON[39m[33m.[39mstringify(entry))[33m;[39m [90m// stderr for stdio servers[39m
     [90m    |[39m             [31m[1m^[22m[39m
     [90m 26 |[39m   }
     [90m 27 |[39m
     [90m 28 |[39m   debug(message[33m:[39m string[33m,[39m context[33m?[39m[33m:[39m 
[33mRecord[39m[33m<[39m[33mstring[39m[33m,[39m any[33m>[39m) {[0m

      at Logger.log (src/utils/logger.ts:25:13)
      at Logger.info (src/utils/logger.ts:33:10)
      at ConsoleAuditLogger.logOperationSuccess (src/readers/factory.ts:60:12)
      at SecureFileReader.read (src/readers/secure-file-reader.ts:224:26)
      at Object.<anonymous> (src/readers/__tests__/integration.test.ts:140:24)

    console.error
      {"timestamp":"2026-02-11T12:50:04.833Z","level":"info","message":"File operation started: read","operation":"read
","path":"C:\\Users\\NewAdmin\\Desktop\\File-Organizer-MCP\\test-fixtures\\small.txt","operationId":"1770814204833-f0r9
0z4o4","maxBytes":10485760,"encoding":"utf-8"}

    [0m [90m 23 |[39m     }[33m;[39m
     [90m 24 |[39m
    [31m[1m>[22m[39m[90m 25 |[39m     
console[33m.[39merror([33mJSON[39m[33m.[39mstringify(entry))[33m;[39m [90m// stderr for stdio servers[39m
     [90m    |[39m             [31m[1m^[22m[39m
     [90m 26 |[39m   }
     [90m 27 |[39m
     [90m 28 |[39m   debug(message[33m:[39m string[33m,[39m context[33m?[39m[33m:[39m 
[33mRecord[39m[33m<[39m[33mstring[39m[33m,[39m any[33m>[39m) {[0m

      at Logger.log (src/utils/logger.ts:25:13)
      at Logger.info (src/utils/logger.ts:33:10)
      at ConsoleAuditLogger.logOperationStart (src/readers/factory.ts:48:12)
      at SecureFileReader.read (src/readers/secure-file-reader.ts:164:22)
      at Object.<anonymous> (src/readers/__tests__/integration.test.ts:140:24)

    console.error
      {"timestamp":"2026-02-11T12:50:04.834Z","level":"info","message":"File operation completed: read","operation":"re
ad","path":"C:\\Users\\NewAdmin\\Desktop\\File-Organizer-MCP\\test-fixtures\\small.txt","status":"success","operationId
":"1770814204833-f0r90z4o4","bytesRead":13,"checksum":"dffd6021bb2bd5b0af676290809ec3a53191dd81c7f70a4b28688a362182986f
","streaming":false}

    [0m [90m 23 |[39m     }[33m;[39m
     [90m 24 |[39m
    [31m[1m>[22m[39m[90m 25 |[39m     
console[33m.[39merror([33mJSON[39m[33m.[39mstringify(entry))[33m;[39m [90m// stderr for stdio servers[39m
     [90m    |[39m             [31m[1m^[22m[39m
     [90m 26 |[39m   }
     [90m 27 |[39m
     [90m 28 |[39m   debug(message[33m:[39m string[33m,[39m context[33m?[39m[33m:[39m 
[33mRecord[39m[33m<[39m[33mstring[39m[33m,[39m any[33m>[39m) {[0m

      at Logger.log (src/utils/logger.ts:25:13)
      at Logger.info (src/utils/logger.ts:33:10)
      at ConsoleAuditLogger.logOperationSuccess (src/readers/factory.ts:60:12)
      at SecureFileReader.read (src/readers/secure-file-reader.ts:224:26)
      at Object.<anonymous> (src/readers/__tests__/integration.test.ts:140:24)

    console.error
      {"timestamp":"2026-02-11T12:50:04.835Z","level":"info","message":"File operation started: read","operation":"read
","path":"C:\\Users\\NewAdmin\\Desktop\\File-Organizer-MCP\\test-fixtures\\small.txt","operationId":"1770814204834-h2rn
2lydi","maxBytes":10485760,"encoding":"utf-8"}

    [0m [90m 23 |[39m     }[33m;[39m
     [90m 24 |[39m
    [31m[1m>[22m[39m[90m 25 |[39m     
console[33m.[39merror([33mJSON[39m[33m.[39mstringify(entry))[33m;[39m [90m// stderr for stdio servers[39m
     [90m    |[39m             [31m[1m^[22m[39m
     [90m 26 |[39m   }
     [90m 27 |[39m
     [90m 28 |[39m   debug(message[33m:[39m string[33m,[39m context[33m?[39m[33m:[39m 
[33mRecord[39m[33m<[39m[33mstring[39m[33m,[39m any[33m>[39m) {[0m

      at Logger.log (src/utils/logger.ts:25:13)
      at Logger.info (src/utils/logger.ts:33:10)
      at ConsoleAuditLogger.logOperationStart (src/readers/factory.ts:48:12)
      at SecureFileReader.read (src/readers/secure-file-reader.ts:164:22)
      at Object.<anonymous> (src/readers/__tests__/integration.test.ts:140:24)

    console.error
      {"timestamp":"2026-02-11T12:50:04.836Z","level":"info","message":"File operation completed: read","operation":"re
ad","path":"C:\\Users\\NewAdmin\\Desktop\\File-Organizer-MCP\\test-fixtures\\small.txt","status":"success","operationId
":"1770814204834-h2rn2lydi","bytesRead":13,"checksum":"dffd6021bb2bd5b0af676290809ec3a53191dd81c7f70a4b28688a362182986f
","streaming":false}

    [0m [90m 23 |[39m     }[33m;[39m
     [90m 24 |[39m
    [31m[1m>[22m[39m[90m 25 |[39m     
console[33m.[39merror([33mJSON[39m[33m.[39mstringify(entry))[33m;[39m [90m// stderr for stdio servers[39m
     [90m    |[39m             [31m[1m^[22m[39m
     [90m 26 |[39m   }
     [90m 27 |[39m
     [90m 28 |[39m   debug(message[33m:[39m string[33m,[39m context[33m?[39m[33m:[39m 
[33mRecord[39m[33m<[39m[33mstring[39m[33m,[39m any[33m>[39m) {[0m

      at Logger.log (src/utils/logger.ts:25:13)
      at Logger.info (src/utils/logger.ts:33:10)
      at ConsoleAuditLogger.logOperationSuccess (src/readers/factory.ts:60:12)
      at SecureFileReader.read (src/readers/secure-file-reader.ts:224:26)
      at Object.<anonymous> (src/readers/__tests__/integration.test.ts:140:24)

    console.error
      {"timestamp":"2026-02-11T12:50:04.836Z","level":"info","message":"File operation started: read","operation":"read
","path":"C:\\Users\\NewAdmin\\Desktop\\File-Organizer-MCP\\test-fixtures\\small.txt","operationId":"1770814204836-deq8
a0jcs","maxBytes":10485760,"encoding":"utf-8"}

    [0m [90m 23 |[39m     }[33m;[39m
     [90m 24 |[39m
    [31m[1m>[22m[39m[90m 25 |[39m     
console[33m.[39merror([33mJSON[39m[33m.[39mstringify(entry))[33m;[39m [90m// stderr for stdio servers[39m
     [90m    |[39m             [31m[1m^[22m[39m
     [90m 26 |[39m   }
     [90m 27 |[39m
     [90m 28 |[39m   debug(message[33m:[39m string[33m,[39m context[33m?[39m[33m:[39m 
[33mRecord[39m[33m<[39m[33mstring[39m[33m,[39m any[33m>[39m) {[0m

      at Logger.log (src/utils/logger.ts:25:13)
      at Logger.info (src/utils/logger.ts:33:10)
      at ConsoleAuditLogger.logOperationStart (src/readers/factory.ts:48:12)
      at SecureFileReader.read (src/readers/secure-file-reader.ts:164:22)
      at Object.<anonymous> (src/readers/__tests__/integration.test.ts:140:24)

    console.error
      {"timestamp":"2026-02-11T12:50:04.842Z","level":"info","message":"File operation completed: read","operation":"re
ad","path":"C:\\Users\\NewAdmin\\Desktop\\File-Organizer-MCP\\test-fixtures\\small.txt","status":"success","operationId
":"1770814204836-deq8a0jcs","bytesRead":13,"checksum":"dffd6021bb2bd5b0af676290809ec3a53191dd81c7f70a4b28688a362182986f
","streaming":false}

    [0m [90m 23 |[39m     }[33m;[39m
     [90m 24 |[39m
    [31m[1m>[22m[39m[90m 25 |[39m     
console[33m.[39merror([33mJSON[39m[33m.[39mstringify(entry))[33m;[39m [90m// stderr for stdio servers[39m
     [90m    |[39m             [31m[1m^[22m[39m
     [90m 26 |[39m   }
     [90m 27 |[39m
     [90m 28 |[39m   debug(message[33m:[39m string[33m,[39m context[33m?[39m[33m:[39m 
[33mRecord[39m[33m<[39m[33mstring[39m[33m,[39m any[33m>[39m) {[0m

      at Logger.log (src/utils/logger.ts:25:13)
      at Logger.info (src/utils/logger.ts:33:10)
      at ConsoleAuditLogger.logOperationSuccess (src/readers/factory.ts:60:12)
      at SecureFileReader.read (src/readers/secure-file-reader.ts:224:26)
      at Object.<anonymous> (src/readers/__tests__/integration.test.ts:140:24)

    console.error
      {"timestamp":"2026-02-11T12:50:04.843Z","level":"info","message":"File operation started: read","operation":"read
","path":"C:\\Users\\NewAdmin\\Desktop\\File-Organizer-MCP\\test-fixtures\\small.txt","operationId":"1770814204842-rxlh
31fuh","maxBytes":10485760,"encoding":"utf-8"}

    [0m [90m 23 |[39m     }[33m;[39m
     [90m 24 |[39m
    [31m[1m>[22m[39m[90m 25 |[39m     
console[33m.[39merror([33mJSON[39m[33m.[39mstringify(entry))[33m;[39m [90m// stderr for stdio servers[39m
     [90m    |[39m             [31m[1m^[22m[39m
     [90m 26 |[39m   }
     [90m 27 |[39m
     [90m 28 |[39m   debug(message[33m:[39m string[33m,[39m context[33m?[39m[33m:[39m 
[33mRecord[39m[33m<[39m[33mstring[39m[33m,[39m any[33m>[39m) {[0m

      at Logger.log (src/utils/logger.ts:25:13)
      at Logger.info (src/utils/logger.ts:33:10)
      at ConsoleAuditLogger.logOperationStart (src/readers/factory.ts:48:12)
      at SecureFileReader.read (src/readers/secure-file-reader.ts:164:22)
      at Object.<anonymous> (src/readers/__tests__/integration.test.ts:140:24)

    console.error
      {"timestamp":"2026-02-11T12:50:04.844Z","level":"info","message":"File operation completed: read","operation":"re
ad","path":"C:\\Users\\NewAdmin\\Desktop\\File-Organizer-MCP\\test-fixtures\\small.txt","status":"success","operationId
":"1770814204842-rxlh31fuh","bytesRead":13,"checksum":"dffd6021bb2bd5b0af676290809ec3a53191dd81c7f70a4b28688a362182986f
","streaming":false}

    [0m [90m 23 |[39m     }[33m;[39m
     [90m 24 |[39m
    [31m[1m>[22m[39m[90m 25 |[39m     
console[33m.[39merror([33mJSON[39m[33m.[39mstringify(entry))[33m;[39m [90m// stderr for stdio servers[39m
     [90m    |[39m             [31m[1m^[22m[39m
     [90m 26 |[39m   }
     [90m 27 |[39m
     [90m 28 |[39m   debug(message[33m:[39m string[33m,[39m context[33m?[39m[33m:[39m 
[33mRecord[39m[33m<[39m[33mstring[39m[33m,[39m any[33m>[39m) {[0m

      at Logger.log (src/utils/logger.ts:25:13)
      at Logger.info (src/utils/logger.ts:33:10)
      at ConsoleAuditLogger.logOperationSuccess (src/readers/factory.ts:60:12)
      at SecureFileReader.read (src/readers/secure-file-reader.ts:224:26)
      at Object.<anonymous> (src/readers/__tests__/integration.test.ts:140:24)

    console.error
      {"timestamp":"2026-02-11T12:50:04.845Z","level":"info","message":"File operation started: read","operation":"read
","path":"C:\\Users\\NewAdmin\\Desktop\\File-Organizer-MCP\\test-fixtures\\small.txt","operationId":"1770814204844-x7xx
fnug7","maxBytes":10485760,"encoding":"utf-8"}

    [0m [90m 23 |[39m     }[33m;[39m
     [90m 24 |[39m
    [31m[1m>[22m[39m[90m 25 |[39m     
console[33m.[39merror([33mJSON[39m[33m.[39mstringify(entry))[33m;[39m [90m// stderr for stdio servers[39m
     [90m    |[39m             [31m[1m^[22m[39m
     [90m 26 |[39m   }
     [90m 27 |[39m
     [90m 28 |[39m   debug(message[33m:[39m string[33m,[39m context[33m?[39m[33m:[39m 
[33mRecord[39m[33m<[39m[33mstring[39m[33m,[39m any[33m>[39m) {[0m

      at Logger.log (src/utils/logger.ts:25:13)
      at Logger.info (src/utils/logger.ts:33:10)
      at ConsoleAuditLogger.logOperationStart (src/readers/factory.ts:48:12)
      at SecureFileReader.read (src/readers/secure-file-reader.ts:164:22)
      at Object.<anonymous> (src/readers/__tests__/integration.test.ts:140:24)

    console.error
      {"timestamp":"2026-02-11T12:50:04.846Z","level":"info","message":"File operation completed: read","operation":"re
ad","path":"C:\\Users\\NewAdmin\\Desktop\\File-Organizer-MCP\\test-fixtures\\small.txt","status":"success","operationId
":"1770814204844-x7xxfnug7","bytesRead":13,"checksum":"dffd6021bb2bd5b0af676290809ec3a53191dd81c7f70a4b28688a362182986f
","streaming":false}

    [0m [90m 23 |[39m     }[33m;[39m
     [90m 24 |[39m
    [31m[1m>[22m[39m[90m 25 |[39m     
console[33m.[39merror([33mJSON[39m[33m.[39mstringify(entry))[33m;[39m [90m// stderr for stdio servers[39m
     [90m    |[39m             [31m[1m^[22m[39m
     [90m 26 |[39m   }
     [90m 27 |[39m
     [90m 28 |[39m   debug(message[33m:[39m string[33m,[39m context[33m?[39m[33m:[39m 
[33mRecord[39m[33m<[39m[33mstring[39m[33m,[39m any[33m>[39m) {[0m

      at Logger.log (src/utils/logger.ts:25:13)
      at Logger.info (src/utils/logger.ts:33:10)
      at ConsoleAuditLogger.logOperationSuccess (src/readers/factory.ts:60:12)
      at SecureFileReader.read (src/readers/secure-file-reader.ts:224:26)
      at Object.<anonymous> (src/readers/__tests__/integration.test.ts:140:24)

    console.error
      {"timestamp":"2026-02-11T12:50:04.846Z","level":"info","message":"File operation started: read","operation":"read
","path":"C:\\Users\\NewAdmin\\Desktop\\File-Organizer-MCP\\test-fixtures\\small.txt","operationId":"1770814204846-qtc2
68on4","maxBytes":10485760,"encoding":"utf-8"}

    [0m [90m 23 |[39m     }[33m;[39m
     [90m 24 |[39m
    [31m[1m>[22m[39m[90m 25 |[39m     
console[33m.[39merror([33mJSON[39m[33m.[39mstringify(entry))[33m;[39m [90m// stderr for stdio servers[39m
     [90m    |[39m             [31m[1m^[22m[39m
     [90m 26 |[39m   }
     [90m 27 |[39m
     [90m 28 |[39m   debug(message[33m:[39m string[33m,[39m context[33m?[39m[33m:[39m 
[33mRecord[39m[33m<[39m[33mstring[39m[33m,[39m any[33m>[39m) {[0m

      at Logger.log (src/utils/logger.ts:25:13)
      at Logger.info (src/utils/logger.ts:33:10)
      at ConsoleAuditLogger.logOperationStart (src/readers/factory.ts:48:12)
      at SecureFileReader.read (src/readers/secure-file-reader.ts:164:22)
      at Object.<anonymous> (src/readers/__tests__/integration.test.ts:140:24)

    console.error
      {"timestamp":"2026-02-11T12:50:04.847Z","level":"info","message":"File operation completed: read","operation":"re
ad","path":"C:\\Users\\NewAdmin\\Desktop\\File-Organizer-MCP\\test-fixtures\\small.txt","status":"success","operationId
":"1770814204846-qtc268on4","bytesRead":13,"checksum":"dffd6021bb2bd5b0af676290809ec3a53191dd81c7f70a4b28688a362182986f
","streaming":false}

    [0m [90m 23 |[39m     }[33m;[39m
     [90m 24 |[39m
    [31m[1m>[22m[39m[90m 25 |[39m     
console[33m.[39merror([33mJSON[39m[33m.[39mstringify(entry))[33m;[39m [90m// stderr for stdio servers[39m
     [90m    |[39m             [31m[1m^[22m[39m
     [90m 26 |[39m   }
     [90m 27 |[39m
     [90m 28 |[39m   debug(message[33m:[39m string[33m,[39m context[33m?[39m[33m:[39m 
[33mRecord[39m[33m<[39m[33mstring[39m[33m,[39m any[33m>[39m) {[0m

      at Logger.log (src/utils/logger.ts:25:13)
      at Logger.info (src/utils/logger.ts:33:10)
      at ConsoleAuditLogger.logOperationSuccess (src/readers/factory.ts:60:12)
      at SecureFileReader.read (src/readers/secure-file-reader.ts:224:26)
      at Object.<anonymous> (src/readers/__tests__/integration.test.ts:140:24)

    console.error
      {"timestamp":"2026-02-11T12:50:04.848Z","level":"info","message":"File operation started: read","operation":"read
","path":"C:\\Users\\NewAdmin\\Desktop\\File-Organizer-MCP\\test-fixtures\\small.txt","operationId":"1770814204848-ucyh
pmz40","maxBytes":10485760,"encoding":"utf-8"}

    [0m [90m 23 |[39m     }[33m;[39m
     [90m 24 |[39m
    [31m[1m>[22m[39m[90m 25 |[39m     
console[33m.[39merror([33mJSON[39m[33m.[39mstringify(entry))[33m;[39m [90m// stderr for stdio servers[39m
     [90m    |[39m             [31m[1m^[22m[39m
     [90m 26 |[39m   }
     [90m 27 |[39m
     [90m 28 |[39m   debug(message[33m:[39m string[33m,[39m context[33m?[39m[33m:[39m 
[33mRecord[39m[33m<[39m[33mstring[39m[33m,[39m any[33m>[39m) {[0m

      at Logger.log (src/utils/logger.ts:25:13)
      at Logger.info (src/utils/logger.ts:33:10)
      at ConsoleAuditLogger.logOperationStart (src/readers/factory.ts:48:12)
      at SecureFileReader.read (src/readers/secure-file-reader.ts:164:22)
      at Object.<anonymous> (src/readers/__tests__/integration.test.ts:140:24)

    console.error
      {"timestamp":"2026-02-11T12:50:04.849Z","level":"info","message":"File operation completed: read","operation":"re
ad","path":"C:\\Users\\NewAdmin\\Desktop\\File-Organizer-MCP\\test-fixtures\\small.txt","status":"success","operationId
":"1770814204848-ucyhpmz40","bytesRead":13,"checksum":"dffd6021bb2bd5b0af676290809ec3a53191dd81c7f70a4b28688a362182986f
","streaming":false}

    [0m [90m 23 |[39m     }[33m;[39m
     [90m 24 |[39m
    [31m[1m>[22m[39m[90m 25 |[39m     
console[33m.[39merror([33mJSON[39m[33m.[39mstringify(entry))[33m;[39m [90m// stderr for stdio servers[39m
     [90m    |[39m             [31m[1m^[22m[39m
     [90m 26 |[39m   }
     [90m 27 |[39m
     [90m 28 |[39m   debug(message[33m:[39m string[33m,[39m context[33m?[39m[33m:[39m 
[33mRecord[39m[33m<[39m[33mstring[39m[33m,[39m any[33m>[39m) {[0m

      at Logger.log (src/utils/logger.ts:25:13)
      at Logger.info (src/utils/logger.ts:33:10)
      at ConsoleAuditLogger.logOperationSuccess (src/readers/factory.ts:60:12)
      at SecureFileReader.read (src/readers/secure-file-reader.ts:224:26)
      at Object.<anonymous> (src/readers/__tests__/integration.test.ts:140:24)

    console.error
      {"timestamp":"2026-02-11T12:50:04.850Z","level":"info","message":"File operation started: read","operation":"read
","path":"C:\\Users\\NewAdmin\\Desktop\\File-Organizer-MCP\\test-fixtures\\small.txt","operationId":"1770814204850-j1mv
sroz9","maxBytes":10485760,"encoding":"utf-8"}

    [0m [90m 23 |[39m     }[33m;[39m
     [90m 24 |[39m
    [31m[1m>[22m[39m[90m 25 |[39m     
console[33m.[39merror([33mJSON[39m[33m.[39mstringify(entry))[33m;[39m [90m// stderr for stdio servers[39m
     [90m    |[39m             [31m[1m^[22m[39m
     [90m 26 |[39m   }
     [90m 27 |[39m
     [90m 28 |[39m   debug(message[33m:[39m string[33m,[39m context[33m?[39m[33m:[39m 
[33mRecord[39m[33m<[39m[33mstring[39m[33m,[39m any[33m>[39m) {[0m

      at Logger.log (src/utils/logger.ts:25:13)
      at Logger.info (src/utils/logger.ts:33:10)
      at ConsoleAuditLogger.logOperationStart (src/readers/factory.ts:48:12)
      at SecureFileReader.read (src/readers/secure-file-reader.ts:164:22)
      at Object.<anonymous> (src/readers/__tests__/integration.test.ts:140:24)

    console.error
      {"timestamp":"2026-02-11T12:50:04.851Z","level":"info","message":"File operation completed: read","operation":"re
ad","path":"C:\\Users\\NewAdmin\\Desktop\\File-Organizer-MCP\\test-fixtures\\small.txt","status":"success","operationId
":"1770814204850-j1mvsroz9","bytesRead":13,"checksum":"dffd6021bb2bd5b0af676290809ec3a53191dd81c7f70a4b28688a362182986f
","streaming":false}

    [0m [90m 23 |[39m     }[33m;[39m
     [90m 24 |[39m
    [31m[1m>[22m[39m[90m 25 |[39m     
console[33m.[39merror([33mJSON[39m[33m.[39mstringify(entry))[33m;[39m [90m// stderr for stdio servers[39m
     [90m    |[39m             [31m[1m^[22m[39m
     [90m 26 |[39m   }
     [90m 27 |[39m
     [90m 28 |[39m   debug(message[33m:[39m string[33m,[39m context[33m?[39m[33m:[39m 
[33mRecord[39m[33m<[39m[33mstring[39m[33m,[39m any[33m>[39m) {[0m

      at Logger.log (src/utils/logger.ts:25:13)
      at Logger.info (src/utils/logger.ts:33:10)
      at ConsoleAuditLogger.logOperationSuccess (src/readers/factory.ts:60:12)
      at SecureFileReader.read (src/readers/secure-file-reader.ts:224:26)
      at Object.<anonymous> (src/readers/__tests__/integration.test.ts:140:24)

    console.error
      {"timestamp":"2026-02-11T12:50:04.852Z","level":"info","message":"File operation started: read","operation":"read
","path":"C:\\Users\\NewAdmin\\Desktop\\File-Organizer-MCP\\test-fixtures\\small.txt","operationId":"1770814204852-9asm
zt4t2","maxBytes":10485760,"encoding":"utf-8"}

    [0m [90m 23 |[39m     }[33m;[39m
     [90m 24 |[39m
    [31m[1m>[22m[39m[90m 25 |[39m     
console[33m.[39merror([33mJSON[39m[33m.[39mstringify(entry))[33m;[39m [90m// stderr for stdio servers[39m
     [90m    |[39m             [31m[1m^[22m[39m
     [90m 26 |[39m   }
     [90m 27 |[39m
     [90m 28 |[39m   debug(message[33m:[39m string[33m,[39m context[33m?[39m[33m:[39m 
[33mRecord[39m[33m<[39m[33mstring[39m[33m,[39m any[33m>[39m) {[0m

      at Logger.log (src/utils/logger.ts:25:13)
      at Logger.info (src/utils/logger.ts:33:10)
      at ConsoleAuditLogger.logOperationStart (src/readers/factory.ts:48:12)
      at SecureFileReader.read (src/readers/secure-file-reader.ts:164:22)
      at Object.<anonymous> (src/readers/__tests__/integration.test.ts:140:24)

    console.error
      {"timestamp":"2026-02-11T12:50:04.853Z","level":"info","message":"File operation completed: read","operation":"re
ad","path":"C:\\Users\\NewAdmin\\Desktop\\File-Organizer-MCP\\test-fixtures\\small.txt","status":"success","operationId
":"1770814204852-9asmzt4t2","bytesRead":13,"checksum":"dffd6021bb2bd5b0af676290809ec3a53191dd81c7f70a4b28688a362182986f
","streaming":false}

    [0m [90m 23 |[39m     }[33m;[39m
     [90m 24 |[39m
    [31m[1m>[22m[39m[90m 25 |[39m     
console[33m.[39merror([33mJSON[39m[33m.[39mstringify(entry))[33m;[39m [90m// stderr for stdio servers[39m
     [90m    |[39m             [31m[1m^[22m[39m
     [90m 26 |[39m   }
     [90m 27 |[39m
     [90m 28 |[39m   debug(message[33m:[39m string[33m,[39m context[33m?[39m[33m:[39m 
[33mRecord[39m[33m<[39m[33mstring[39m[33m,[39m any[33m>[39m) {[0m

      at Logger.log (src/utils/logger.ts:25:13)
      at Logger.info (src/utils/logger.ts:33:10)
      at ConsoleAuditLogger.logOperationSuccess (src/readers/factory.ts:60:12)
      at SecureFileReader.read (src/readers/secure-file-reader.ts:224:26)
      at Object.<anonymous> (src/readers/__tests__/integration.test.ts:140:24)

    console.error
      {"timestamp":"2026-02-11T12:50:04.854Z","level":"info","message":"File operation started: read","operation":"read
","path":"C:\\Users\\NewAdmin\\Desktop\\File-Organizer-MCP\\test-fixtures\\small.txt","operationId":"1770814204854-rn9k
eqw58","maxBytes":10485760,"encoding":"utf-8"}

    [0m [90m 23 |[39m     }[33m;[39m
     [90m 24 |[39m
    [31m[1m>[22m[39m[90m 25 |[39m     
console[33m.[39merror([33mJSON[39m[33m.[39mstringify(entry))[33m;[39m [90m// stderr for stdio servers[39m
     [90m    |[39m             [31m[1m^[22m[39m
     [90m 26 |[39m   }
     [90m 27 |[39m
     [90m 28 |[39m   debug(message[33m:[39m string[33m,[39m context[33m?[39m[33m:[39m 
[33mRecord[39m[33m<[39m[33mstring[39m[33m,[39m any[33m>[39m) {[0m

      at Logger.log (src/utils/logger.ts:25:13)
      at Logger.info (src/utils/logger.ts:33:10)
      at ConsoleAuditLogger.logOperationStart (src/readers/factory.ts:48:12)
      at SecureFileReader.read (src/readers/secure-file-reader.ts:164:22)
      at Object.<anonymous> (src/readers/__tests__/integration.test.ts:140:24)

    console.error
      {"timestamp":"2026-02-11T12:50:04.856Z","level":"info","message":"File operation completed: read","operation":"re
ad","path":"C:\\Users\\NewAdmin\\Desktop\\File-Organizer-MCP\\test-fixtures\\small.txt","status":"success","operationId
":"1770814204854-rn9keqw58","bytesRead":13,"checksum":"dffd6021bb2bd5b0af676290809ec3a53191dd81c7f70a4b28688a362182986f
","streaming":false}

    [0m [90m 23 |[39m     }[33m;[39m
     [90m 24 |[39m
    [31m[1m>[22m[39m[90m 25 |[39m     
console[33m.[39merror([33mJSON[39m[33m.[39mstringify(entry))[33m;[39m [90m// stderr for stdio servers[39m
     [90m    |[39m             [31m[1m^[22m[39m
     [90m 26 |[39m   }
     [90m 27 |[39m
     [90m 28 |[39m   debug(message[33m:[39m string[33m,[39m context[33m?[39m[33m:[39m 
[33mRecord[39m[33m<[39m[33mstring[39m[33m,[39m any[33m>[39m) {[0m

      at Logger.log (src/utils/logger.ts:25:13)
      at Logger.info (src/utils/logger.ts:33:10)
      at ConsoleAuditLogger.logOperationSuccess (src/readers/factory.ts:60:12)
      at SecureFileReader.read (src/readers/secure-file-reader.ts:224:26)
      at Object.<anonymous> (src/readers/__tests__/integration.test.ts:140:24)

    console.error
      {"timestamp":"2026-02-11T12:50:04.857Z","level":"info","message":"File operation started: read","operation":"read
","path":"C:\\Users\\NewAdmin\\Desktop\\File-Organizer-MCP\\test-fixtures\\small.txt","operationId":"1770814204856-nhjg
z6sma","maxBytes":10485760,"encoding":"utf-8"}

    [0m [90m 23 |[39m     }[33m;[39m
     [90m 24 |[39m
    [31m[1m>[22m[39m[90m 25 |[39m     
console[33m.[39merror([33mJSON[39m[33m.[39mstringify(entry))[33m;[39m [90m// stderr for stdio servers[39m
     [90m    |[39m             [31m[1m^[22m[39m
     [90m 26 |[39m   }
     [90m 27 |[39m
     [90m 28 |[39m   debug(message[33m:[39m string[33m,[39m context[33m?[39m[33m:[39m 
[33mRecord[39m[33m<[39m[33mstring[39m[33m,[39m any[33m>[39m) {[0m

      at Logger.log (src/utils/logger.ts:25:13)
      at Logger.info (src/utils/logger.ts:33:10)
      at ConsoleAuditLogger.logOperationStart (src/readers/factory.ts:48:12)
      at SecureFileReader.read (src/readers/secure-file-reader.ts:164:22)
      at Object.<anonymous> (src/readers/__tests__/integration.test.ts:140:24)

    console.error
      {"timestamp":"2026-02-11T12:50:04.858Z","level":"info","message":"File operation completed: read","operation":"re
ad","path":"C:\\Users\\NewAdmin\\Desktop\\File-Organizer-MCP\\test-fixtures\\small.txt","status":"success","operationId
":"1770814204856-nhjgz6sma","bytesRead":13,"checksum":"dffd6021bb2bd5b0af676290809ec3a53191dd81c7f70a4b28688a362182986f
","streaming":false}

    [0m [90m 23 |[39m     }[33m;[39m
     [90m 24 |[39m
    [31m[1m>[22m[39m[90m 25 |[39m     
console[33m.[39merror([33mJSON[39m[33m.[39mstringify(entry))[33m;[39m [90m// stderr for stdio servers[39m
     [90m    |[39m             [31m[1m^[22m[39m
     [90m 26 |[39m   }
     [90m 27 |[39m
     [90m 28 |[39m   debug(message[33m:[39m string[33m,[39m context[33m?[39m[33m:[39m 
[33mRecord[39m[33m<[39m[33mstring[39m[33m,[39m any[33m>[39m) {[0m

      at Logger.log (src/utils/logger.ts:25:13)
      at Logger.info (src/utils/logger.ts:33:10)
      at ConsoleAuditLogger.logOperationSuccess (src/readers/factory.ts:60:12)
      at SecureFileReader.read (src/readers/secure-file-reader.ts:224:26)
      at Object.<anonymous> (src/readers/__tests__/integration.test.ts:140:24)

    console.error
      {"timestamp":"2026-02-11T12:50:04.859Z","level":"info","message":"File operation started: read","operation":"read
","path":"C:\\Users\\NewAdmin\\Desktop\\File-Organizer-MCP\\test-fixtures\\small.txt","operationId":"1770814204858-stiq
b5obb","maxBytes":10485760,"encoding":"utf-8"}

    [0m [90m 23 |[39m     }[33m;[39m
     [90m 24 |[39m
    [31m[1m>[22m[39m[90m 25 |[39m     
console[33m.[39merror([33mJSON[39m[33m.[39mstringify(entry))[33m;[39m [90m// stderr for stdio servers[39m
     [90m    |[39m             [31m[1m^[22m[39m
     [90m 26 |[39m   }
     [90m 27 |[39m
     [90m 28 |[39m   debug(message[33m:[39m string[33m,[39m context[33m?[39m[33m:[39m 
[33mRecord[39m[33m<[39m[33mstring[39m[33m,[39m any[33m>[39m) {[0m

      at Logger.log (src/utils/logger.ts:25:13)
      at Logger.info (src/utils/logger.ts:33:10)
      at ConsoleAuditLogger.logOperationStart (src/readers/factory.ts:48:12)
      at SecureFileReader.read (src/readers/secure-file-reader.ts:164:22)
      at Object.<anonymous> (src/readers/__tests__/integration.test.ts:140:24)

    console.error
      {"timestamp":"2026-02-11T12:50:04.860Z","level":"info","message":"File operation completed: read","operation":"re
ad","path":"C:\\Users\\NewAdmin\\Desktop\\File-Organizer-MCP\\test-fixtures\\small.txt","status":"success","operationId
":"1770814204858-stiqb5obb","bytesRead":13,"checksum":"dffd6021bb2bd5b0af676290809ec3a53191dd81c7f70a4b28688a362182986f
","streaming":false}

    [0m [90m 23 |[39m     }[33m;[39m
     [90m 24 |[39m
    [31m[1m>[22m[39m[90m 25 |[39m     
console[33m.[39merror([33mJSON[39m[33m.[39mstringify(entry))[33m;[39m [90m// stderr for stdio servers[39m
     [90m    |[39m             [31m[1m^[22m[39m
     [90m 26 |[39m   }
     [90m 27 |[39m
     [90m 28 |[39m   debug(message[33m:[39m string[33m,[39m context[33m?[39m[33m:[39m 
[33mRecord[39m[33m<[39m[33mstring[39m[33m,[39m any[33m>[39m) {[0m

      at Logger.log (src/utils/logger.ts:25:13)
      at Logger.info (src/utils/logger.ts:33:10)
      at ConsoleAuditLogger.logOperationSuccess (src/readers/factory.ts:60:12)
      at SecureFileReader.read (src/readers/secure-file-reader.ts:224:26)
      at Object.<anonymous> (src/readers/__tests__/integration.test.ts:140:24)

    console.error
      {"timestamp":"2026-02-11T12:50:04.860Z","level":"info","message":"File operation started: read","operation":"read
","path":"C:\\Users\\NewAdmin\\Desktop\\File-Organizer-MCP\\test-fixtures\\small.txt","operationId":"1770814204860-zfz7
g9rp2","maxBytes":10485760,"encoding":"utf-8"}

    [0m [90m 23 |[39m     }[33m;[39m
     [90m 24 |[39m
    [31m[1m>[22m[39m[90m 25 |[39m     
console[33m.[39merror([33mJSON[39m[33m.[39mstringify(entry))[33m;[39m [90m// stderr for stdio servers[39m
     [90m    |[39m             [31m[1m^[22m[39m
     [90m 26 |[39m   }
     [90m 27 |[39m
     [90m 28 |[39m   debug(message[33m:[39m string[33m,[39m context[33m?[39m[33m:[39m 
[33mRecord[39m[33m<[39m[33mstring[39m[33m,[39m any[33m>[39m) {[0m

      at Logger.log (src/utils/logger.ts:25:13)
      at Logger.info (src/utils/logger.ts:33:10)
      at ConsoleAuditLogger.logOperationStart (src/readers/factory.ts:48:12)
      at SecureFileReader.read (src/readers/secure-file-reader.ts:164:22)
      at Object.<anonymous> (src/readers/__tests__/integration.test.ts:140:24)

    console.error
      {"timestamp":"2026-02-11T12:50:04.861Z","level":"info","message":"File operation completed: read","operation":"re
ad","path":"C:\\Users\\NewAdmin\\Desktop\\File-Organizer-MCP\\test-fixtures\\small.txt","status":"success","operationId
":"1770814204860-zfz7g9rp2","bytesRead":13,"checksum":"dffd6021bb2bd5b0af676290809ec3a53191dd81c7f70a4b28688a362182986f
","streaming":false}

    [0m [90m 23 |[39m     }[33m;[39m
     [90m 24 |[39m
    [31m[1m>[22m[39m[90m 25 |[39m     
console[33m.[39merror([33mJSON[39m[33m.[39mstringify(entry))[33m;[39m [90m// stderr for stdio servers[39m
     [90m    |[39m             [31m[1m^[22m[39m
     [90m 26 |[39m   }
     [90m 27 |[39m
     [90m 28 |[39m   debug(message[33m:[39m string[33m,[39m context[33m?[39m[33m:[39m 
[33mRecord[39m[33m<[39m[33mstring[39m[33m,[39m any[33m>[39m) {[0m

      at Logger.log (src/utils/logger.ts:25:13)
      at Logger.info (src/utils/logger.ts:33:10)
      at ConsoleAuditLogger.logOperationSuccess (src/readers/factory.ts:60:12)
      at SecureFileReader.read (src/readers/secure-file-reader.ts:224:26)
      at Object.<anonymous> (src/readers/__tests__/integration.test.ts:140:24)

    console.error
      {"timestamp":"2026-02-11T12:50:04.862Z","level":"info","message":"File operation started: read","operation":"read
","path":"C:\\Users\\NewAdmin\\Desktop\\File-Organizer-MCP\\test-fixtures\\small.txt","operationId":"1770814204861-pdn7
lqsp5","maxBytes":10485760,"encoding":"utf-8"}

    [0m [90m 23 |[39m     }[33m;[39m
     [90m 24 |[39m
    [31m[1m>[22m[39m[90m 25 |[39m     
console[33m.[39merror([33mJSON[39m[33m.[39mstringify(entry))[33m;[39m [90m// stderr for stdio servers[39m
     [90m    |[39m             [31m[1m^[22m[39m
     [90m 26 |[39m   }
     [90m 27 |[39m
     [90m 28 |[39m   debug(message[33m:[39m string[33m,[39m context[33m?[39m[33m:[39m 
[33mRecord[39m[33m<[39m[33mstring[39m[33m,[39m any[33m>[39m) {[0m

      at Logger.log (src/utils/logger.ts:25:13)
      at Logger.info (src/utils/logger.ts:33:10)
      at ConsoleAuditLogger.logOperationStart (src/readers/factory.ts:48:12)
      at SecureFileReader.read (src/readers/secure-file-reader.ts:164:22)
      at Object.<anonymous> (src/readers/__tests__/integration.test.ts:140:24)

    console.error
      {"timestamp":"2026-02-11T12:50:04.862Z","level":"info","message":"File operation completed: read","operation":"re
ad","path":"C:\\Users\\NewAdmin\\Desktop\\File-Organizer-MCP\\test-fixtures\\small.txt","status":"success","operationId
":"1770814204861-pdn7lqsp5","bytesRead":13,"checksum":"dffd6021bb2bd5b0af676290809ec3a53191dd81c7f70a4b28688a362182986f
","streaming":false}

    [0m [90m 23 |[39m     }[33m;[39m
     [90m 24 |[39m
    [31m[1m>[22m[39m[90m 25 |[39m     
console[33m.[39merror([33mJSON[39m[33m.[39mstringify(entry))[33m;[39m [90m// stderr for stdio servers[39m
     [90m    |[39m             [31m[1m^[22m[39m
     [90m 26 |[39m   }
     [90m 27 |[39m
     [90m 28 |[39m   debug(message[33m:[39m string[33m,[39m context[33m?[39m[33m:[39m 
[33mRecord[39m[33m<[39m[33mstring[39m[33m,[39m any[33m>[39m) {[0m

      at Logger.log (src/utils/logger.ts:25:13)
      at Logger.info (src/utils/logger.ts:33:10)
      at ConsoleAuditLogger.logOperationSuccess (src/readers/factory.ts:60:12)
      at SecureFileReader.read (src/readers/secure-file-reader.ts:224:26)
      at Object.<anonymous> (src/readers/__tests__/integration.test.ts:140:24)

    console.error
      {"timestamp":"2026-02-11T12:50:04.863Z","level":"info","message":"File operation started: read","operation":"read
","path":"C:\\Users\\NewAdmin\\Desktop\\File-Organizer-MCP\\test-fixtures\\small.txt","operationId":"1770814204863-yn17
67m35","maxBytes":10485760,"encoding":"utf-8"}

    [0m [90m 23 |[39m     }[33m;[39m
     [90m 24 |[39m
    [31m[1m>[22m[39m[90m 25 |[39m     
console[33m.[39merror([33mJSON[39m[33m.[39mstringify(entry))[33m;[39m [90m// stderr for stdio servers[39m
     [90m    |[39m             [31m[1m^[22m[39m
     [90m 26 |[39m   }
     [90m 27 |[39m
     [90m 28 |[39m   debug(message[33m:[39m string[33m,[39m context[33m?[39m[33m:[39m 
[33mRecord[39m[33m<[39m[33mstring[39m[33m,[39m any[33m>[39m) {[0m

      at Logger.log (src/utils/logger.ts:25:13)
      at Logger.info (src/utils/logger.ts:33:10)
      at ConsoleAuditLogger.logOperationStart (src/readers/factory.ts:48:12)
      at SecureFileReader.read (src/readers/secure-file-reader.ts:164:22)
      at Object.<anonymous> (src/readers/__tests__/integration.test.ts:140:24)

    console.error
      {"timestamp":"2026-02-11T12:50:04.864Z","level":"info","message":"File operation completed: read","operation":"re
ad","path":"C:\\Users\\NewAdmin\\Desktop\\File-Organizer-MCP\\test-fixtures\\small.txt","status":"success","operationId
":"1770814204863-yn1767m35","bytesRead":13,"checksum":"dffd6021bb2bd5b0af676290809ec3a53191dd81c7f70a4b28688a362182986f
","streaming":false}

    [0m [90m 23 |[39m     }[33m;[39m
     [90m 24 |[39m
    [31m[1m>[22m[39m[90m 25 |[39m     
console[33m.[39merror([33mJSON[39m[33m.[39mstringify(entry))[33m;[39m [90m// stderr for stdio servers[39m
     [90m    |[39m             [31m[1m^[22m[39m
     [90m 26 |[39m   }
     [90m 27 |[39m
     [90m 28 |[39m   debug(message[33m:[39m string[33m,[39m context[33m?[39m[33m:[39m 
[33mRecord[39m[33m<[39m[33mstring[39m[33m,[39m any[33m>[39m) {[0m

      at Logger.log (src/utils/logger.ts:25:13)
      at Logger.info (src/utils/logger.ts:33:10)
      at ConsoleAuditLogger.logOperationSuccess (src/readers/factory.ts:60:12)
      at SecureFileReader.read (src/readers/secure-file-reader.ts:224:26)
      at Object.<anonymous> (src/readers/__tests__/integration.test.ts:140:24)

    console.error
      {"timestamp":"2026-02-11T12:50:04.864Z","level":"info","message":"File operation started: read","operation":"read
","path":"C:\\Users\\NewAdmin\\Desktop\\File-Organizer-MCP\\test-fixtures\\small.txt","operationId":"1770814204864-u0c9
ol7ks","maxBytes":10485760,"encoding":"utf-8"}

    [0m [90m 23 |[39m     }[33m;[39m
     [90m 24 |[39m
    [31m[1m>[22m[39m[90m 25 |[39m     
console[33m.[39merror([33mJSON[39m[33m.[39mstringify(entry))[33m;[39m [90m// stderr for stdio servers[39m
     [90m    |[39m             [31m[1m^[22m[39m
     [90m 26 |[39m   }
     [90m 27 |[39m
     [90m 28 |[39m   debug(message[33m:[39m string[33m,[39m context[33m?[39m[33m:[39m 
[33mRecord[39m[33m<[39m[33mstring[39m[33m,[39m any[33m>[39m) {[0m

      at Logger.log (src/utils/logger.ts:25:13)
      at Logger.info (src/utils/logger.ts:33:10)
      at ConsoleAuditLogger.logOperationStart (src/readers/factory.ts:48:12)
      at SecureFileReader.read (src/readers/secure-file-reader.ts:164:22)
      at Object.<anonymous> (src/readers/__tests__/integration.test.ts:140:24)

    console.error
      {"timestamp":"2026-02-11T12:50:04.865Z","level":"info","message":"File operation completed: read","operation":"re
ad","path":"C:\\Users\\NewAdmin\\Desktop\\File-Organizer-MCP\\test-fixtures\\small.txt","status":"success","operationId
":"1770814204864-u0c9ol7ks","bytesRead":13,"checksum":"dffd6021bb2bd5b0af676290809ec3a53191dd81c7f70a4b28688a362182986f
","streaming":false}

    [0m [90m 23 |[39m     }[33m;[39m
     [90m 24 |[39m
    [31m[1m>[22m[39m[90m 25 |[39m     
console[33m.[39merror([33mJSON[39m[33m.[39mstringify(entry))[33m;[39m [90m// stderr for stdio servers[39m
     [90m    |[39m             [31m[1m^[22m[39m
     [90m 26 |[39m   }
     [90m 27 |[39m
     [90m 28 |[39m   debug(message[33m:[39m string[33m,[39m context[33m?[39m[33m:[39m 
[33mRecord[39m[33m<[39m[33mstring[39m[33m,[39m any[33m>[39m) {[0m

      at Logger.log (src/utils/logger.ts:25:13)
      at Logger.info (src/utils/logger.ts:33:10)
      at ConsoleAuditLogger.logOperationSuccess (src/readers/factory.ts:60:12)
      at SecureFileReader.read (src/readers/secure-file-reader.ts:224:26)
      at Object.<anonymous> (src/readers/__tests__/integration.test.ts:140:24)

    console.error
      {"timestamp":"2026-02-11T12:50:04.866Z","level":"info","message":"File operation started: read","operation":"read
","path":"C:\\Users\\NewAdmin\\Desktop\\File-Organizer-MCP\\test-fixtures\\small.txt","operationId":"1770814204865-yd8n
h6wny","maxBytes":10485760,"encoding":"utf-8"}

    [0m [90m 23 |[39m     }[33m;[39m
     [90m 24 |[39m
    [31m[1m>[22m[39m[90m 25 |[39m     
console[33m.[39merror([33mJSON[39m[33m.[39mstringify(entry))[33m;[39m [90m// stderr for stdio servers[39m
     [90m    |[39m             [31m[1m^[22m[39m
     [90m 26 |[39m   }
     [90m 27 |[39m
     [90m 28 |[39m   debug(message[33m:[39m string[33m,[39m context[33m?[39m[33m:[39m 
[33mRecord[39m[33m<[39m[33mstring[39m[33m,[39m any[33m>[39m) {[0m

      at Logger.log (src/utils/logger.ts:25:13)
      at Logger.info (src/utils/logger.ts:33:10)
      at ConsoleAuditLogger.logOperationStart (src/readers/factory.ts:48:12)
      at SecureFileReader.read (src/readers/secure-file-reader.ts:164:22)
      at Object.<anonymous> (src/readers/__tests__/integration.test.ts:140:24)

    console.error
      {"timestamp":"2026-02-11T12:50:04.867Z","level":"info","message":"File operation completed: read","operation":"re
ad","path":"C:\\Users\\NewAdmin\\Desktop\\File-Organizer-MCP\\test-fixtures\\small.txt","status":"success","operationId
":"1770814204865-yd8nh6wny","bytesRead":13,"checksum":"dffd6021bb2bd5b0af676290809ec3a53191dd81c7f70a4b28688a362182986f
","streaming":false}

    [0m [90m 23 |[39m     }[33m;[39m
     [90m 24 |[39m
    [31m[1m>[22m[39m[90m 25 |[39m     
console[33m.[39merror([33mJSON[39m[33m.[39mstringify(entry))[33m;[39m [90m// stderr for stdio servers[39m
     [90m    |[39m             [31m[1m^[22m[39m
     [90m 26 |[39m   }
     [90m 27 |[39m
     [90m 28 |[39m   debug(message[33m:[39m string[33m,[39m context[33m?[39m[33m:[39m 
[33mRecord[39m[33m<[39m[33mstring[39m[33m,[39m any[33m>[39m) {[0m

      at Logger.log (src/utils/logger.ts:25:13)
      at Logger.info (src/utils/logger.ts:33:10)
      at ConsoleAuditLogger.logOperationSuccess (src/readers/factory.ts:60:12)
      at SecureFileReader.read (src/readers/secure-file-reader.ts:224:26)
      at Object.<anonymous> (src/readers/__tests__/integration.test.ts:140:24)

    console.error
      {"timestamp":"2026-02-11T12:50:04.867Z","level":"info","message":"File operation started: read","operation":"read
","path":"C:\\Users\\NewAdmin\\Desktop\\File-Organizer-MCP\\test-fixtures\\small.txt","operationId":"1770814204867-y9nh
88sz2","maxBytes":10485760,"encoding":"utf-8"}

    [0m [90m 23 |[39m     }[33m;[39m
     [90m 24 |[39m
    [31m[1m>[22m[39m[90m 25 |[39m     
console[33m.[39merror([33mJSON[39m[33m.[39mstringify(entry))[33m;[39m [90m// stderr for stdio servers[39m
     [90m    |[39m             [31m[1m^[22m[39m
     [90m 26 |[39m   }
     [90m 27 |[39m
     [90m 28 |[39m   debug(message[33m:[39m string[33m,[39m context[33m?[39m[33m:[39m 
[33mRecord[39m[33m<[39m[33mstring[39m[33m,[39m any[33m>[39m) {[0m

      at Logger.log (src/utils/logger.ts:25:13)
      at Logger.info (src/utils/logger.ts:33:10)
      at ConsoleAuditLogger.logOperationStart (src/readers/factory.ts:48:12)
      at SecureFileReader.read (src/readers/secure-file-reader.ts:164:22)
      at Object.<anonymous> (src/readers/__tests__/integration.test.ts:140:24)

    console.error
      {"timestamp":"2026-02-11T12:50:04.868Z","level":"info","message":"File operation completed: read","operation":"re
ad","path":"C:\\Users\\NewAdmin\\Desktop\\File-Organizer-MCP\\test-fixtures\\small.txt","status":"success","operationId
":"1770814204867-y9nh88sz2","bytesRead":13,"checksum":"dffd6021bb2bd5b0af676290809ec3a53191dd81c7f70a4b28688a362182986f
","streaming":false}

    [0m [90m 23 |[39m     }[33m;[39m
     [90m 24 |[39m
    [31m[1m>[22m[39m[90m 25 |[39m     
console[33m.[39merror([33mJSON[39m[33m.[39mstringify(entry))[33m;[39m [90m// stderr for stdio servers[39m
     [90m    |[39m             [31m[1m^[22m[39m
     [90m 26 |[39m   }
     [90m 27 |[39m
     [90m 28 |[39m   debug(message[33m:[39m string[33m,[39m context[33m?[39m[33m:[39m 
[33mRecord[39m[33m<[39m[33mstring[39m[33m,[39m any[33m>[39m) {[0m

      at Logger.log (src/utils/logger.ts:25:13)
      at Logger.info (src/utils/logger.ts:33:10)
      at ConsoleAuditLogger.logOperationSuccess (src/readers/factory.ts:60:12)
      at SecureFileReader.read (src/readers/secure-file-reader.ts:224:26)
      at Object.<anonymous> (src/readers/__tests__/integration.test.ts:140:24)

    console.error
      {"timestamp":"2026-02-11T12:50:04.869Z","level":"info","message":"File operation started: read","operation":"read
","path":"C:\\Users\\NewAdmin\\Desktop\\File-Organizer-MCP\\test-fixtures\\small.txt","operationId":"1770814204868-ezs0
3duwb","maxBytes":10485760,"encoding":"utf-8"}

    [0m [90m 23 |[39m     }[33m;[39m
     [90m 24 |[39m
    [31m[1m>[22m[39m[90m 25 |[39m     
console[33m.[39merror([33mJSON[39m[33m.[39mstringify(entry))[33m;[39m [90m// stderr for stdio servers[39m
     [90m    |[39m             [31m[1m^[22m[39m
     [90m 26 |[39m   }
     [90m 27 |[39m
     [90m 28 |[39m   debug(message[33m:[39m string[33m,[39m context[33m?[39m[33m:[39m 
[33mRecord[39m[33m<[39m[33mstring[39m[33m,[39m any[33m>[39m) {[0m

      at Logger.log (src/utils/logger.ts:25:13)
      at Logger.info (src/utils/logger.ts:33:10)
      at ConsoleAuditLogger.logOperationStart (src/readers/factory.ts:48:12)
      at SecureFileReader.read (src/readers/secure-file-reader.ts:164:22)
      at Object.<anonymous> (src/readers/__tests__/integration.test.ts:140:24)

    console.error
      {"timestamp":"2026-02-11T12:50:04.870Z","level":"info","message":"File operation completed: read","operation":"re
ad","path":"C:\\Users\\NewAdmin\\Desktop\\File-Organizer-MCP\\test-fixtures\\small.txt","status":"success","operationId
":"1770814204868-ezs03duwb","bytesRead":13,"checksum":"dffd6021bb2bd5b0af676290809ec3a53191dd81c7f70a4b28688a362182986f
","streaming":false}

    [0m [90m 23 |[39m     }[33m;[39m
     [90m 24 |[39m
    [31m[1m>[22m[39m[90m 25 |[39m     
console[33m.[39merror([33mJSON[39m[33m.[39mstringify(entry))[33m;[39m [90m// stderr for stdio servers[39m
     [90m    |[39m             [31m[1m^[22m[39m
     [90m 26 |[39m   }
     [90m 27 |[39m
     [90m 28 |[39m   debug(message[33m:[39m string[33m,[39m context[33m?[39m[33m:[39m 
[33mRecord[39m[33m<[39m[33mstring[39m[33m,[39m any[33m>[39m) {[0m

      at Logger.log (src/utils/logger.ts:25:13)
      at Logger.info (src/utils/logger.ts:33:10)
      at ConsoleAuditLogger.logOperationSuccess (src/readers/factory.ts:60:12)
      at SecureFileReader.read (src/readers/secure-file-reader.ts:224:26)
      at Object.<anonymous> (src/readers/__tests__/integration.test.ts:140:24)

    console.error
      {"timestamp":"2026-02-11T12:50:04.870Z","level":"info","message":"File operation started: read","operation":"read
","path":"C:\\Users\\NewAdmin\\Desktop\\File-Organizer-MCP\\test-fixtures\\small.txt","operationId":"1770814204870-esby
wvda0","maxBytes":10485760,"encoding":"utf-8"}

    [0m [90m 23 |[39m     }[33m;[39m
     [90m 24 |[39m
    [31m[1m>[22m[39m[90m 25 |[39m     
console[33m.[39merror([33mJSON[39m[33m.[39mstringify(entry))[33m;[39m [90m// stderr for stdio servers[39m
     [90m    |[39m             [31m[1m^[22m[39m
     [90m 26 |[39m   }
     [90m 27 |[39m
     [90m 28 |[39m   debug(message[33m:[39m string[33m,[39m context[33m?[39m[33m:[39m 
[33mRecord[39m[33m<[39m[33mstring[39m[33m,[39m any[33m>[39m) {[0m

      at Logger.log (src/utils/logger.ts:25:13)
      at Logger.info (src/utils/logger.ts:33:10)
      at ConsoleAuditLogger.logOperationStart (src/readers/factory.ts:48:12)
      at SecureFileReader.read (src/readers/secure-file-reader.ts:164:22)
      at Object.<anonymous> (src/readers/__tests__/integration.test.ts:140:24)

    console.error
      {"timestamp":"2026-02-11T12:50:04.872Z","level":"info","message":"File operation completed: read","operation":"re
ad","path":"C:\\Users\\NewAdmin\\Desktop\\File-Organizer-MCP\\test-fixtures\\small.txt","status":"success","operationId
":"1770814204870-esbywvda0","bytesRead":13,"checksum":"dffd6021bb2bd5b0af676290809ec3a53191dd81c7f70a4b28688a362182986f
","streaming":false}

    [0m [90m 23 |[39m     }[33m;[39m
     [90m 24 |[39m
    [31m[1m>[22m[39m[90m 25 |[39m     
console[33m.[39merror([33mJSON[39m[33m.[39mstringify(entry))[33m;[39m [90m// stderr for stdio servers[39m
     [90m    |[39m             [31m[1m^[22m[39m
     [90m 26 |[39m   }
     [90m 27 |[39m
     [90m 28 |[39m   debug(message[33m:[39m string[33m,[39m context[33m?[39m[33m:[39m 
[33mRecord[39m[33m<[39m[33mstring[39m[33m,[39m any[33m>[39m) {[0m

      at Logger.log (src/utils/logger.ts:25:13)
      at Logger.info (src/utils/logger.ts:33:10)
      at ConsoleAuditLogger.logOperationSuccess (src/readers/factory.ts:60:12)
      at SecureFileReader.read (src/readers/secure-file-reader.ts:224:26)
      at Object.<anonymous> (src/readers/__tests__/integration.test.ts:140:24)

    console.error
      {"timestamp":"2026-02-11T12:50:04.874Z","level":"info","message":"File operation started: read","operation":"read
","path":"C:\\Users\\NewAdmin\\Desktop\\File-Organizer-MCP\\test-fixtures\\small.txt","operationId":"1770814204873-j749
c3inb","maxBytes":10485760,"encoding":"utf-8"}

    [0m [90m 23 |[39m     }[33m;[39m
     [90m 24 |[39m
    [31m[1m>[22m[39m[90m 25 |[39m     
console[33m.[39merror([33mJSON[39m[33m.[39mstringify(entry))[33m;[39m [90m// stderr for stdio servers[39m
     [90m    |[39m             [31m[1m^[22m[39m
     [90m 26 |[39m   }
     [90m 27 |[39m
     [90m 28 |[39m   debug(message[33m:[39m string[33m,[39m context[33m?[39m[33m:[39m 
[33mRecord[39m[33m<[39m[33mstring[39m[33m,[39m any[33m>[39m) {[0m

      at Logger.log (src/utils/logger.ts:25:13)
      at Logger.info (src/utils/logger.ts:33:10)
      at ConsoleAuditLogger.logOperationStart (src/readers/factory.ts:48:12)
      at SecureFileReader.read (src/readers/secure-file-reader.ts:164:22)
      at Object.<anonymous> (src/readers/__tests__/integration.test.ts:140:24)

    console.error
      {"timestamp":"2026-02-11T12:50:04.875Z","level":"info","message":"File operation completed: read","operation":"re
ad","path":"C:\\Users\\NewAdmin\\Desktop\\File-Organizer-MCP\\test-fixtures\\small.txt","status":"success","operationId
":"1770814204873-j749c3inb","bytesRead":13,"checksum":"dffd6021bb2bd5b0af676290809ec3a53191dd81c7f70a4b28688a362182986f
","streaming":false}

    [0m [90m 23 |[39m     }[33m;[39m
     [90m 24 |[39m
    [31m[1m>[22m[39m[90m 25 |[39m     
console[33m.[39merror([33mJSON[39m[33m.[39mstringify(entry))[33m;[39m [90m// stderr for stdio servers[39m
     [90m    |[39m             [31m[1m^[22m[39m
     [90m 26 |[39m   }
     [90m 27 |[39m
     [90m 28 |[39m   debug(message[33m:[39m string[33m,[39m context[33m?[39m[33m:[39m 
[33mRecord[39m[33m<[39m[33mstring[39m[33m,[39m any[33m>[39m) {[0m

      at Logger.log (src/utils/logger.ts:25:13)
      at Logger.info (src/utils/logger.ts:33:10)
      at ConsoleAuditLogger.logOperationSuccess (src/readers/factory.ts:60:12)
      at SecureFileReader.read (src/readers/secure-file-reader.ts:224:26)
      at Object.<anonymous> (src/readers/__tests__/integration.test.ts:140:24)

    console.error
      {"timestamp":"2026-02-11T12:50:04.875Z","level":"info","message":"File operation started: read","operation":"read
","path":"C:\\Users\\NewAdmin\\Desktop\\File-Organizer-MCP\\test-fixtures\\small.txt","operationId":"1770814204875-s7sh
8qk1v","maxBytes":10485760,"encoding":"utf-8"}

    [0m [90m 23 |[39m     }[33m;[39m
     [90m 24 |[39m
    [31m[1m>[22m[39m[90m 25 |[39m     
console[33m.[39merror([33mJSON[39m[33m.[39mstringify(entry))[33m;[39m [90m// stderr for stdio servers[39m
     [90m    |[39m             [31m[1m^[22m[39m
     [90m 26 |[39m   }
     [90m 27 |[39m
     [90m 28 |[39m   debug(message[33m:[39m string[33m,[39m context[33m?[39m[33m:[39m 
[33mRecord[39m[33m<[39m[33mstring[39m[33m,[39m any[33m>[39m) {[0m

      at Logger.log (src/utils/logger.ts:25:13)
      at Logger.info (src/utils/logger.ts:33:10)
      at ConsoleAuditLogger.logOperationStart (src/readers/factory.ts:48:12)
      at SecureFileReader.read (src/readers/secure-file-reader.ts:164:22)
      at Object.<anonymous> (src/readers/__tests__/integration.test.ts:140:24)

    console.error
      {"timestamp":"2026-02-11T12:50:04.876Z","level":"info","message":"File operation completed: read","operation":"re
ad","path":"C:\\Users\\NewAdmin\\Desktop\\File-Organizer-MCP\\test-fixtures\\small.txt","status":"success","operationId
":"1770814204875-s7sh8qk1v","bytesRead":13,"checksum":"dffd6021bb2bd5b0af676290809ec3a53191dd81c7f70a4b28688a362182986f
","streaming":false}

    [0m [90m 23 |[39m     }[33m;[39m
     [90m 24 |[39m
    [31m[1m>[22m[39m[90m 25 |[39m     
console[33m.[39merror([33mJSON[39m[33m.[39mstringify(entry))[33m;[39m [90m// stderr for stdio servers[39m
     [90m    |[39m             [31m[1m^[22m[39m
     [90m 26 |[39m   }
     [90m 27 |[39m
     [90m 28 |[39m   debug(message[33m:[39m string[33m,[39m context[33m?[39m[33m:[39m 
[33mRecord[39m[33m<[39m[33mstring[39m[33m,[39m any[33m>[39m) {[0m

      at Logger.log (src/utils/logger.ts:25:13)
      at Logger.info (src/utils/logger.ts:33:10)
      at ConsoleAuditLogger.logOperationSuccess (src/readers/factory.ts:60:12)
      at SecureFileReader.read (src/readers/secure-file-reader.ts:224:26)
      at Object.<anonymous> (src/readers/__tests__/integration.test.ts:140:24)

    console.error
      {"timestamp":"2026-02-11T12:50:04.877Z","level":"info","message":"File operation started: read","operation":"read
","path":"C:\\Users\\NewAdmin\\Desktop\\File-Organizer-MCP\\test-fixtures\\small.txt","operationId":"1770814204877-08z8
ry4d5","maxBytes":10485760,"encoding":"utf-8"}

    [0m [90m 23 |[39m     }[33m;[39m
     [90m 24 |[39m
    [31m[1m>[22m[39m[90m 25 |[39m     
console[33m.[39merror([33mJSON[39m[33m.[39mstringify(entry))[33m;[39m [90m// stderr for stdio servers[39m
     [90m    |[39m             [31m[1m^[22m[39m
     [90m 26 |[39m   }
     [90m 27 |[39m
     [90m 28 |[39m   debug(message[33m:[39m string[33m,[39m context[33m?[39m[33m:[39m 
[33mRecord[39m[33m<[39m[33mstring[39m[33m,[39m any[33m>[39m) {[0m

      at Logger.log (src/utils/logger.ts:25:13)
      at Logger.info (src/utils/logger.ts:33:10)
      at ConsoleAuditLogger.logOperationStart (src/readers/factory.ts:48:12)
      at SecureFileReader.read (src/readers/secure-file-reader.ts:164:22)
      at Object.<anonymous> (src/readers/__tests__/integration.test.ts:140:24)

    console.error
      {"timestamp":"2026-02-11T12:50:04.878Z","level":"info","message":"File operation completed: read","operation":"re
ad","path":"C:\\Users\\NewAdmin\\Desktop\\File-Organizer-MCP\\test-fixtures\\small.txt","status":"success","operationId
":"1770814204877-08z8ry4d5","bytesRead":13,"checksum":"dffd6021bb2bd5b0af676290809ec3a53191dd81c7f70a4b28688a362182986f
","streaming":false}

    [0m [90m 23 |[39m     }[33m;[39m
     [90m 24 |[39m
    [31m[1m>[22m[39m[90m 25 |[39m     
console[33m.[39merror([33mJSON[39m[33m.[39mstringify(entry))[33m;[39m [90m// stderr for stdio servers[39m
     [90m    |[39m             [31m[1m^[22m[39m
     [90m 26 |[39m   }
     [90m 27 |[39m
     [90m 28 |[39m   debug(message[33m:[39m string[33m,[39m context[33m?[39m[33m:[39m 
[33mRecord[39m[33m<[39m[33mstring[39m[33m,[39m any[33m>[39m) {[0m

      at Logger.log (src/utils/logger.ts:25:13)
      at Logger.info (src/utils/logger.ts:33:10)
      at ConsoleAuditLogger.logOperationSuccess (src/readers/factory.ts:60:12)
      at SecureFileReader.read (src/readers/secure-file-reader.ts:224:26)
      at Object.<anonymous> (src/readers/__tests__/integration.test.ts:140:24)

    console.error
      {"timestamp":"2026-02-11T12:50:04.879Z","level":"info","message":"File operation started: read","operation":"read
","path":"C:\\Users\\NewAdmin\\Desktop\\File-Organizer-MCP\\test-fixtures\\small.txt","operationId":"1770814204879-v8g9
v0ybn","maxBytes":10485760,"encoding":"utf-8"}

    [0m [90m 23 |[39m     }[33m;[39m
     [90m 24 |[39m
    [31m[1m>[22m[39m[90m 25 |[39m     
console[33m.[39merror([33mJSON[39m[33m.[39mstringify(entry))[33m;[39m [90m// stderr for stdio servers[39m
     [90m    |[39m             [31m[1m^[22m[39m
     [90m 26 |[39m   }
     [90m 27 |[39m
     [90m 28 |[39m   debug(message[33m:[39m string[33m,[39m context[33m?[39m[33m:[39m 
[33mRecord[39m[33m<[39m[33mstring[39m[33m,[39m any[33m>[39m) {[0m

      at Logger.log (src/utils/logger.ts:25:13)
      at Logger.info (src/utils/logger.ts:33:10)
      at ConsoleAuditLogger.logOperationStart (src/readers/factory.ts:48:12)
      at SecureFileReader.read (src/readers/secure-file-reader.ts:164:22)
      at Object.<anonymous> (src/readers/__tests__/integration.test.ts:140:24)

    console.error
      {"timestamp":"2026-02-11T12:50:04.880Z","level":"info","message":"File operation completed: read","operation":"re
ad","path":"C:\\Users\\NewAdmin\\Desktop\\File-Organizer-MCP\\test-fixtures\\small.txt","status":"success","operationId
":"1770814204879-v8g9v0ybn","bytesRead":13,"checksum":"dffd6021bb2bd5b0af676290809ec3a53191dd81c7f70a4b28688a362182986f
","streaming":false}

    [0m [90m 23 |[39m     }[33m;[39m
     [90m 24 |[39m
    [31m[1m>[22m[39m[90m 25 |[39m     
console[33m.[39merror([33mJSON[39m[33m.[39mstringify(entry))[33m;[39m [90m// stderr for stdio servers[39m
     [90m    |[39m             [31m[1m^[22m[39m
     [90m 26 |[39m   }
     [90m 27 |[39m
     [90m 28 |[39m   debug(message[33m:[39m string[33m,[39m context[33m?[39m[33m:[39m 
[33mRecord[39m[33m<[39m[33mstring[39m[33m,[39m any[33m>[39m) {[0m

      at Logger.log (src/utils/logger.ts:25:13)
      at Logger.info (src/utils/logger.ts:33:10)
      at ConsoleAuditLogger.logOperationSuccess (src/readers/factory.ts:60:12)
      at SecureFileReader.read (src/readers/secure-file-reader.ts:224:26)
      at Object.<anonymous> (src/readers/__tests__/integration.test.ts:140:24)

    console.error
      {"timestamp":"2026-02-11T12:50:04.880Z","level":"info","message":"File operation started: read","operation":"read
","path":"C:\\Users\\NewAdmin\\Desktop\\File-Organizer-MCP\\test-fixtures\\small.txt","operationId":"1770814204880-owuc
mlhwo","maxBytes":10485760,"encoding":"utf-8"}

    [0m [90m 23 |[39m     }[33m;[39m
     [90m 24 |[39m
    [31m[1m>[22m[39m[90m 25 |[39m     
console[33m.[39merror([33mJSON[39m[33m.[39mstringify(entry))[33m;[39m [90m// stderr for stdio servers[39m
     [90m    |[39m             [31m[1m^[22m[39m
     [90m 26 |[39m   }
     [90m 27 |[39m
     [90m 28 |[39m   debug(message[33m:[39m string[33m,[39m context[33m?[39m[33m:[39m 
[33mRecord[39m[33m<[39m[33mstring[39m[33m,[39m any[33m>[39m) {[0m

      at Logger.log (src/utils/logger.ts:25:13)
      at Logger.info (src/utils/logger.ts:33:10)
      at ConsoleAuditLogger.logOperationStart (src/readers/factory.ts:48:12)
      at SecureFileReader.read (src/readers/secure-file-reader.ts:164:22)
      at Object.<anonymous> (src/readers/__tests__/integration.test.ts:140:24)

    console.error
      {"timestamp":"2026-02-11T12:50:04.881Z","level":"info","message":"File operation completed: read","operation":"re
ad","path":"C:\\Users\\NewAdmin\\Desktop\\File-Organizer-MCP\\test-fixtures\\small.txt","status":"success","operationId
":"1770814204880-owucmlhwo","bytesRead":13,"checksum":"dffd6021bb2bd5b0af676290809ec3a53191dd81c7f70a4b28688a362182986f
","streaming":false}

    [0m [90m 23 |[39m     }[33m;[39m
     [90m 24 |[39m
    [31m[1m>[22m[39m[90m 25 |[39m     
console[33m.[39merror([33mJSON[39m[33m.[39mstringify(entry))[33m;[39m [90m// stderr for stdio servers[39m
     [90m    |[39m             [31m[1m^[22m[39m
     [90m 26 |[39m   }
     [90m 27 |[39m
     [90m 28 |[39m   debug(message[33m:[39m string[33m,[39m context[33m?[39m[33m:[39m 
[33mRecord[39m[33m<[39m[33mstring[39m[33m,[39m any[33m>[39m) {[0m

      at Logger.log (src/utils/logger.ts:25:13)
      at Logger.info (src/utils/logger.ts:33:10)
      at ConsoleAuditLogger.logOperationSuccess (src/readers/factory.ts:60:12)
      at SecureFileReader.read (src/readers/secure-file-reader.ts:224:26)
      at Object.<anonymous> (src/readers/__tests__/integration.test.ts:140:24)

    console.error
      {"timestamp":"2026-02-11T12:50:04.882Z","level":"info","message":"File operation started: read","operation":"read
","path":"C:\\Users\\NewAdmin\\Desktop\\File-Organizer-MCP\\test-fixtures\\small.txt","operationId":"1770814204882-zrt3
c7p7s","maxBytes":10485760,"encoding":"utf-8"}

    [0m [90m 23 |[39m     }[33m;[39m
     [90m 24 |[39m
    [31m[1m>[22m[39m[90m 25 |[39m     
console[33m.[39merror([33mJSON[39m[33m.[39mstringify(entry))[33m;[39m [90m// stderr for stdio servers[39m
     [90m    |[39m             [31m[1m^[22m[39m
     [90m 26 |[39m   }
     [90m 27 |[39m
     [90m 28 |[39m   debug(message[33m:[39m string[33m,[39m context[33m?[39m[33m:[39m 
[33mRecord[39m[33m<[39m[33mstring[39m[33m,[39m any[33m>[39m) {[0m

      at Logger.log (src/utils/logger.ts:25:13)
      at Logger.info (src/utils/logger.ts:33:10)
      at ConsoleAuditLogger.logOperationStart (src/readers/factory.ts:48:12)
      at SecureFileReader.read (src/readers/secure-file-reader.ts:164:22)
      at Object.<anonymous> (src/readers/__tests__/integration.test.ts:140:24)

    console.error
      {"timestamp":"2026-02-11T12:50:04.883Z","level":"info","message":"File operation completed: read","operation":"re
ad","path":"C:\\Users\\NewAdmin\\Desktop\\File-Organizer-MCP\\test-fixtures\\small.txt","status":"success","operationId
":"1770814204882-zrt3c7p7s","bytesRead":13,"checksum":"dffd6021bb2bd5b0af676290809ec3a53191dd81c7f70a4b28688a362182986f
","streaming":false}

    [0m [90m 23 |[39m     }[33m;[39m
     [90m 24 |[39m
    [31m[1m>[22m[39m[90m 25 |[39m     
console[33m.[39merror([33mJSON[39m[33m.[39mstringify(entry))[33m;[39m [90m// stderr for stdio servers[39m
     [90m    |[39m             [31m[1m^[22m[39m
     [90m 26 |[39m   }
     [90m 27 |[39m
     [90m 28 |[39m   debug(message[33m:[39m string[33m,[39m context[33m?[39m[33m:[39m 
[33mRecord[39m[33m<[39m[33mstring[39m[33m,[39m any[33m>[39m) {[0m

      at Logger.log (src/utils/logger.ts:25:13)
      at Logger.info (src/utils/logger.ts:33:10)
      at ConsoleAuditLogger.logOperationSuccess (src/readers/factory.ts:60:12)
      at SecureFileReader.read (src/readers/secure-file-reader.ts:224:26)
      at Object.<anonymous> (src/readers/__tests__/integration.test.ts:140:24)

    console.error
      {"timestamp":"2026-02-11T12:50:04.884Z","level":"info","message":"File operation started: read","operation":"read
","path":"C:\\Users\\NewAdmin\\Desktop\\File-Organizer-MCP\\test-fixtures\\small.txt","operationId":"1770814204884-z9er
viiay","maxBytes":10485760,"encoding":"utf-8"}

    [0m [90m 23 |[39m     }[33m;[39m
     [90m 24 |[39m
    [31m[1m>[22m[39m[90m 25 |[39m     
console[33m.[39merror([33mJSON[39m[33m.[39mstringify(entry))[33m;[39m [90m// stderr for stdio servers[39m
     [90m    |[39m             [31m[1m^[22m[39m
     [90m 26 |[39m   }
     [90m 27 |[39m
     [90m 28 |[39m   debug(message[33m:[39m string[33m,[39m context[33m?[39m[33m:[39m 
[33mRecord[39m[33m<[39m[33mstring[39m[33m,[39m any[33m>[39m) {[0m

      at Logger.log (src/utils/logger.ts:25:13)
      at Logger.info (src/utils/logger.ts:33:10)
      at ConsoleAuditLogger.logOperationStart (src/readers/factory.ts:48:12)
      at SecureFileReader.read (src/readers/secure-file-reader.ts:164:22)
      at Object.<anonymous> (src/readers/__tests__/integration.test.ts:140:24)

    console.error
      {"timestamp":"2026-02-11T12:50:04.885Z","level":"info","message":"File operation completed: read","operation":"re
ad","path":"C:\\Users\\NewAdmin\\Desktop\\File-Organizer-MCP\\test-fixtures\\small.txt","status":"success","operationId
":"1770814204884-z9erviiay","bytesRead":13,"checksum":"dffd6021bb2bd5b0af676290809ec3a53191dd81c7f70a4b28688a362182986f
","streaming":false}

    [0m [90m 23 |[39m     }[33m;[39m
     [90m 24 |[39m
    [31m[1m>[22m[39m[90m 25 |[39m     
console[33m.[39merror([33mJSON[39m[33m.[39mstringify(entry))[33m;[39m [90m// stderr for stdio servers[39m
     [90m    |[39m             [31m[1m^[22m[39m
     [90m 26 |[39m   }
     [90m 27 |[39m
     [90m 28 |[39m   debug(message[33m:[39m string[33m,[39m context[33m?[39m[33m:[39m 
[33mRecord[39m[33m<[39m[33mstring[39m[33m,[39m any[33m>[39m) {[0m

      at Logger.log (src/utils/logger.ts:25:13)
      at Logger.info (src/utils/logger.ts:33:10)
      at ConsoleAuditLogger.logOperationSuccess (src/readers/factory.ts:60:12)
      at SecureFileReader.read (src/readers/secure-file-reader.ts:224:26)
      at Object.<anonymous> (src/readers/__tests__/integration.test.ts:140:24)

    console.error
      {"timestamp":"2026-02-11T12:50:04.886Z","level":"info","message":"File operation started: read","operation":"read
","path":"C:\\Users\\NewAdmin\\Desktop\\File-Organizer-MCP\\test-fixtures\\small.txt","operationId":"1770814204885-45e1
dy0p2","maxBytes":10485760,"encoding":"utf-8"}

    [0m [90m 23 |[39m     }[33m;[39m
     [90m 24 |[39m
    [31m[1m>[22m[39m[90m 25 |[39m     
console[33m.[39merror([33mJSON[39m[33m.[39mstringify(entry))[33m;[39m [90m// stderr for stdio servers[39m
     [90m    |[39m             [31m[1m^[22m[39m
     [90m 26 |[39m   }
     [90m 27 |[39m
     [90m 28 |[39m   debug(message[33m:[39m string[33m,[39m context[33m?[39m[33m:[39m 
[33mRecord[39m[33m<[39m[33mstring[39m[33m,[39m any[33m>[39m) {[0m

      at Logger.log (src/utils/logger.ts:25:13)
      at Logger.info (src/utils/logger.ts:33:10)
      at ConsoleAuditLogger.logOperationStart (src/readers/factory.ts:48:12)
      at SecureFileReader.read (src/readers/secure-file-reader.ts:164:22)
      at Object.<anonymous> (src/readers/__tests__/integration.test.ts:140:24)

    console.error
      {"timestamp":"2026-02-11T12:50:04.887Z","level":"info","message":"File operation completed: read","operation":"re
ad","path":"C:\\Users\\NewAdmin\\Desktop\\File-Organizer-MCP\\test-fixtures\\small.txt","status":"success","operationId
":"1770814204885-45e1dy0p2","bytesRead":13,"checksum":"dffd6021bb2bd5b0af676290809ec3a53191dd81c7f70a4b28688a362182986f
","streaming":false}

    [0m [90m 23 |[39m     }[33m;[39m
     [90m 24 |[39m
    [31m[1m>[22m[39m[90m 25 |[39m     
console[33m.[39merror([33mJSON[39m[33m.[39mstringify(entry))[33m;[39m [90m// stderr for stdio servers[39m
     [90m    |[39m             [31m[1m^[22m[39m
     [90m 26 |[39m   }
     [90m 27 |[39m
     [90m 28 |[39m   debug(message[33m:[39m string[33m,[39m context[33m?[39m[33m:[39m 
[33mRecord[39m[33m<[39m[33mstring[39m[33m,[39m any[33m>[39m) {[0m

      at Logger.log (src/utils/logger.ts:25:13)
      at Logger.info (src/utils/logger.ts:33:10)
      at ConsoleAuditLogger.logOperationSuccess (src/readers/factory.ts:60:12)
      at SecureFileReader.read (src/readers/secure-file-reader.ts:224:26)
      at Object.<anonymous> (src/readers/__tests__/integration.test.ts:140:24)

    console.error
      {"timestamp":"2026-02-11T12:50:04.888Z","level":"info","message":"File operation started: read","operation":"read
","path":"C:\\Users\\NewAdmin\\Desktop\\File-Organizer-MCP\\test-fixtures\\small.txt","operationId":"1770814204887-e6kw
mswdq","maxBytes":10485760,"encoding":"utf-8"}

    [0m [90m 23 |[39m     }[33m;[39m
     [90m 24 |[39m
    [31m[1m>[22m[39m[90m 25 |[39m     
console[33m.[39merror([33mJSON[39m[33m.[39mstringify(entry))[33m;[39m [90m// stderr for stdio servers[39m
     [90m    |[39m             [31m[1m^[22m[39m
     [90m 26 |[39m   }
     [90m 27 |[39m
     [90m 28 |[39m   debug(message[33m:[39m string[33m,[39m context[33m?[39m[33m:[39m 
[33mRecord[39m[33m<[39m[33mstring[39m[33m,[39m any[33m>[39m) {[0m

      at Logger.log (src/utils/logger.ts:25:13)
      at Logger.info (src/utils/logger.ts:33:10)
      at ConsoleAuditLogger.logOperationStart (src/readers/factory.ts:48:12)
      at SecureFileReader.read (src/readers/secure-file-reader.ts:164:22)
      at Object.<anonymous> (src/readers/__tests__/integration.test.ts:140:24)

    console.error
      {"timestamp":"2026-02-11T12:50:04.889Z","level":"info","message":"File operation completed: read","operation":"re
ad","path":"C:\\Users\\NewAdmin\\Desktop\\File-Organizer-MCP\\test-fixtures\\small.txt","status":"success","operationId
":"1770814204887-e6kwmswdq","bytesRead":13,"checksum":"dffd6021bb2bd5b0af676290809ec3a53191dd81c7f70a4b28688a362182986f
","streaming":false}

    [0m [90m 23 |[39m     }[33m;[39m
     [90m 24 |[39m
    [31m[1m>[22m[39m[90m 25 |[39m     
console[33m.[39merror([33mJSON[39m[33m.[39mstringify(entry))[33m;[39m [90m// stderr for stdio servers[39m
     [90m    |[39m             [31m[1m^[22m[39m
     [90m 26 |[39m   }
     [90m 27 |[39m
     [90m 28 |[39m   debug(message[33m:[39m string[33m,[39m context[33m?[39m[33m:[39m 
[33mRecord[39m[33m<[39m[33mstring[39m[33m,[39m any[33m>[39m) {[0m

      at Logger.log (src/utils/logger.ts:25:13)
      at Logger.info (src/utils/logger.ts:33:10)
      at ConsoleAuditLogger.logOperationSuccess (src/readers/factory.ts:60:12)
      at SecureFileReader.read (src/readers/secure-file-reader.ts:224:26)
      at Object.<anonymous> (src/readers/__tests__/integration.test.ts:140:24)

    console.error
      {"timestamp":"2026-02-11T12:50:04.891Z","level":"info","message":"File operation started: read","operation":"read
","path":"C:\\Users\\NewAdmin\\Desktop\\File-Organizer-MCP\\test-fixtures\\small.txt","operationId":"1770814204890-quad
08233","maxBytes":10485760,"encoding":"utf-8"}

    [0m [90m 23 |[39m     }[33m;[39m
     [90m 24 |[39m
    [31m[1m>[22m[39m[90m 25 |[39m     
console[33m.[39merror([33mJSON[39m[33m.[39mstringify(entry))[33m;[39m [90m// stderr for stdio servers[39m
     [90m    |[39m             [31m[1m^[22m[39m
     [90m 26 |[39m   }
     [90m 27 |[39m
     [90m 28 |[39m   debug(message[33m:[39m string[33m,[39m context[33m?[39m[33m:[39m 
[33mRecord[39m[33m<[39m[33mstring[39m[33m,[39m any[33m>[39m) {[0m

      at Logger.log (src/utils/logger.ts:25:13)
      at Logger.info (src/utils/logger.ts:33:10)
      at ConsoleAuditLogger.logOperationStart (src/readers/factory.ts:48:12)
      at SecureFileReader.read (src/readers/secure-file-reader.ts:164:22)
      at Object.<anonymous> (src/readers/__tests__/integration.test.ts:140:24)

    console.error
      {"timestamp":"2026-02-11T12:50:04.892Z","level":"info","message":"File operation completed: read","operation":"re
ad","path":"C:\\Users\\NewAdmin\\Desktop\\File-Organizer-MCP\\test-fixtures\\small.txt","status":"success","operationId
":"1770814204890-quad08233","bytesRead":13,"checksum":"dffd6021bb2bd5b0af676290809ec3a53191dd81c7f70a4b28688a362182986f
","streaming":false}

    [0m [90m 23 |[39m     }[33m;[39m
     [90m 24 |[39m
    [31m[1m>[22m[39m[90m 25 |[39m     
console[33m.[39merror([33mJSON[39m[33m.[39mstringify(entry))[33m;[39m [90m// stderr for stdio servers[39m
     [90m    |[39m             [31m[1m^[22m[39m
     [90m 26 |[39m   }
     [90m 27 |[39m
     [90m 28 |[39m   debug(message[33m:[39m string[33m,[39m context[33m?[39m[33m:[39m 
[33mRecord[39m[33m<[39m[33mstring[39m[33m,[39m any[33m>[39m) {[0m

      at Logger.log (src/utils/logger.ts:25:13)
      at Logger.info (src/utils/logger.ts:33:10)
      at ConsoleAuditLogger.logOperationSuccess (src/readers/factory.ts:60:12)
      at SecureFileReader.read (src/readers/secure-file-reader.ts:224:26)
      at Object.<anonymous> (src/readers/__tests__/integration.test.ts:140:24)

    console.error
      {"timestamp":"2026-02-11T12:50:04.892Z","level":"info","message":"File operation started: read","operation":"read
","path":"C:\\Users\\NewAdmin\\Desktop\\File-Organizer-MCP\\test-fixtures\\small.txt","operationId":"1770814204892-07o7
l4ahx","maxBytes":10485760,"encoding":"utf-8"}

    [0m [90m 23 |[39m     }[33m;[39m
     [90m 24 |[39m
    [31m[1m>[22m[39m[90m 25 |[39m     
console[33m.[39merror([33mJSON[39m[33m.[39mstringify(entry))[33m;[39m [90m// stderr for stdio servers[39m
     [90m    |[39m             [31m[1m^[22m[39m
     [90m 26 |[39m   }
     [90m 27 |[39m
     [90m 28 |[39m   debug(message[33m:[39m string[33m,[39m context[33m?[39m[33m:[39m 
[33mRecord[39m[33m<[39m[33mstring[39m[33m,[39m any[33m>[39m) {[0m

      at Logger.log (src/utils/logger.ts:25:13)
      at Logger.info (src/utils/logger.ts:33:10)
      at ConsoleAuditLogger.logOperationStart (src/readers/factory.ts:48:12)
      at SecureFileReader.read (src/readers/secure-file-reader.ts:164:22)
      at Object.<anonymous> (src/readers/__tests__/integration.test.ts:140:24)

    console.error
      {"timestamp":"2026-02-11T12:50:04.893Z","level":"info","message":"File operation completed: read","operation":"re
ad","path":"C:\\Users\\NewAdmin\\Desktop\\File-Organizer-MCP\\test-fixtures\\small.txt","status":"success","operationId
":"1770814204892-07o7l4ahx","bytesRead":13,"checksum":"dffd6021bb2bd5b0af676290809ec3a53191dd81c7f70a4b28688a362182986f
","streaming":false}

    [0m [90m 23 |[39m     }[33m;[39m
     [90m 24 |[39m
    [31m[1m>[22m[39m[90m 25 |[39m     
console[33m.[39merror([33mJSON[39m[33m.[39mstringify(entry))[33m;[39m [90m// stderr for stdio servers[39m
     [90m    |[39m             [31m[1m^[22m[39m
     [90m 26 |[39m   }
     [90m 27 |[39m
     [90m 28 |[39m   debug(message[33m:[39m string[33m,[39m context[33m?[39m[33m:[39m 
[33mRecord[39m[33m<[39m[33mstring[39m[33m,[39m any[33m>[39m) {[0m

      at Logger.log (src/utils/logger.ts:25:13)
      at Logger.info (src/utils/logger.ts:33:10)
      at ConsoleAuditLogger.logOperationSuccess (src/readers/factory.ts:60:12)
      at SecureFileReader.read (src/readers/secure-file-reader.ts:224:26)
      at Object.<anonymous> (src/readers/__tests__/integration.test.ts:140:24)

    console.error
      {"timestamp":"2026-02-11T12:50:04.894Z","level":"info","message":"File operation started: read","operation":"read
","path":"C:\\Users\\NewAdmin\\Desktop\\File-Organizer-MCP\\test-fixtures\\small.txt","operationId":"1770814204894-0sai
3mlsa","maxBytes":10485760,"encoding":"utf-8"}

    [0m [90m 23 |[39m     }[33m;[39m
     [90m 24 |[39m
    [31m[1m>[22m[39m[90m 25 |[39m     
console[33m.[39merror([33mJSON[39m[33m.[39mstringify(entry))[33m;[39m [90m// stderr for stdio servers[39m
     [90m    |[39m             [31m[1m^[22m[39m
     [90m 26 |[39m   }
     [90m 27 |[39m
     [90m 28 |[39m   debug(message[33m:[39m string[33m,[39m context[33m?[39m[33m:[39m 
[33mRecord[39m[33m<[39m[33mstring[39m[33m,[39m any[33m>[39m) {[0m

      at Logger.log (src/utils/logger.ts:25:13)
      at Logger.info (src/utils/logger.ts:33:10)
      at ConsoleAuditLogger.logOperationStart (src/readers/factory.ts:48:12)
      at SecureFileReader.read (src/readers/secure-file-reader.ts:164:22)
      at Object.<anonymous> (src/readers/__tests__/integration.test.ts:140:24)

    console.error
      {"timestamp":"2026-02-11T12:50:04.895Z","level":"info","message":"File operation completed: read","operation":"re
ad","path":"C:\\Users\\NewAdmin\\Desktop\\File-Organizer-MCP\\test-fixtures\\small.txt","status":"success","operationId
":"1770814204894-0sai3mlsa","bytesRead":13,"checksum":"dffd6021bb2bd5b0af676290809ec3a53191dd81c7f70a4b28688a362182986f
","streaming":false}

    [0m [90m 23 |[39m     }[33m;[39m
     [90m 24 |[39m
    [31m[1m>[22m[39m[90m 25 |[39m     
console[33m.[39merror([33mJSON[39m[33m.[39mstringify(entry))[33m;[39m [90m// stderr for stdio servers[39m
     [90m    |[39m             [31m[1m^[22m[39m
     [90m 26 |[39m   }
     [90m 27 |[39m
     [90m 28 |[39m   debug(message[33m:[39m string[33m,[39m context[33m?[39m[33m:[39m 
[33mRecord[39m[33m<[39m[33mstring[39m[33m,[39m any[33m>[39m) {[0m

      at Logger.log (src/utils/logger.ts:25:13)
      at Logger.info (src/utils/logger.ts:33:10)
      at ConsoleAuditLogger.logOperationSuccess (src/readers/factory.ts:60:12)
      at SecureFileReader.read (src/readers/secure-file-reader.ts:224:26)
      at Object.<anonymous> (src/readers/__tests__/integration.test.ts:140:24)

    console.error
      {"timestamp":"2026-02-11T12:50:04.896Z","level":"info","message":"File operation started: read","operation":"read
","path":"C:\\Users\\NewAdmin\\Desktop\\File-Organizer-MCP\\test-fixtures\\small.txt","operationId":"1770814204895-9q7o
yuw0u","maxBytes":10485760,"encoding":"utf-8"}

    [0m [90m 23 |[39m     }[33m;[39m
     [90m 24 |[39m
    [31m[1m>[22m[39m[90m 25 |[39m     
console[33m.[39merror([33mJSON[39m[33m.[39mstringify(entry))[33m;[39m [90m// stderr for stdio servers[39m
     [90m    |[39m             [31m[1m^[22m[39m
     [90m 26 |[39m   }
     [90m 27 |[39m
     [90m 28 |[39m   debug(message[33m:[39m string[33m,[39m context[33m?[39m[33m:[39m 
[33mRecord[39m[33m<[39m[33mstring[39m[33m,[39m any[33m>[39m) {[0m

      at Logger.log (src/utils/logger.ts:25:13)
      at Logger.info (src/utils/logger.ts:33:10)
      at ConsoleAuditLogger.logOperationStart (src/readers/factory.ts:48:12)
      at SecureFileReader.read (src/readers/secure-file-reader.ts:164:22)
      at Object.<anonymous> (src/readers/__tests__/integration.test.ts:140:24)

    console.error
      {"timestamp":"2026-02-11T12:50:04.897Z","level":"info","message":"File operation completed: read","operation":"re
ad","path":"C:\\Users\\NewAdmin\\Desktop\\File-Organizer-MCP\\test-fixtures\\small.txt","status":"success","operationId
":"1770814204895-9q7oyuw0u","bytesRead":13,"checksum":"dffd6021bb2bd5b0af676290809ec3a53191dd81c7f70a4b28688a362182986f
","streaming":false}

    [0m [90m 23 |[39m     }[33m;[39m
     [90m 24 |[39m
    [31m[1m>[22m[39m[90m 25 |[39m     
console[33m.[39merror([33mJSON[39m[33m.[39mstringify(entry))[33m;[39m [90m// stderr for stdio servers[39m
     [90m    |[39m             [31m[1m^[22m[39m
     [90m 26 |[39m   }
     [90m 27 |[39m
     [90m 28 |[39m   debug(message[33m:[39m string[33m,[39m context[33m?[39m[33m:[39m 
[33mRecord[39m[33m<[39m[33mstring[39m[33m,[39m any[33m>[39m) {[0m

      at Logger.log (src/utils/logger.ts:25:13)
      at Logger.info (src/utils/logger.ts:33:10)
      at ConsoleAuditLogger.logOperationSuccess (src/readers/factory.ts:60:12)
      at SecureFileReader.read (src/readers/secure-file-reader.ts:224:26)
      at Object.<anonymous> (src/readers/__tests__/integration.test.ts:140:24)

    console.error
      {"timestamp":"2026-02-11T12:50:04.897Z","level":"info","message":"File operation started: read","operation":"read
","path":"C:\\Users\\NewAdmin\\Desktop\\File-Organizer-MCP\\test-fixtures\\small.txt","operationId":"1770814204897-itas
s6m02","maxBytes":10485760,"encoding":"utf-8"}

    [0m [90m 23 |[39m     }[33m;[39m
     [90m 24 |[39m
    [31m[1m>[22m[39m[90m 25 |[39m     
console[33m.[39merror([33mJSON[39m[33m.[39mstringify(entry))[33m;[39m [90m// stderr for stdio servers[39m
     [90m    |[39m             [31m[1m^[22m[39m
     [90m 26 |[39m   }
     [90m 27 |[39m
     [90m 28 |[39m   debug(message[33m:[39m string[33m,[39m context[33m?[39m[33m:[39m 
[33mRecord[39m[33m<[39m[33mstring[39m[33m,[39m any[33m>[39m) {[0m

      at Logger.log (src/utils/logger.ts:25:13)
      at Logger.info (src/utils/logger.ts:33:10)
      at ConsoleAuditLogger.logOperationStart (src/readers/factory.ts:48:12)
      at SecureFileReader.read (src/readers/secure-file-reader.ts:164:22)
      at Object.<anonymous> (src/readers/__tests__/integration.test.ts:140:24)

    console.error
      {"timestamp":"2026-02-11T12:50:04.898Z","level":"info","message":"File operation completed: read","operation":"re
ad","path":"C:\\Users\\NewAdmin\\Desktop\\File-Organizer-MCP\\test-fixtures\\small.txt","status":"success","operationId
":"1770814204897-itass6m02","bytesRead":13,"checksum":"dffd6021bb2bd5b0af676290809ec3a53191dd81c7f70a4b28688a362182986f
","streaming":false}

    [0m [90m 23 |[39m     }[33m;[39m
     [90m 24 |[39m
    [31m[1m>[22m[39m[90m 25 |[39m     
console[33m.[39merror([33mJSON[39m[33m.[39mstringify(entry))[33m;[39m [90m// stderr for stdio servers[39m
     [90m    |[39m             [31m[1m^[22m[39m
     [90m 26 |[39m   }
     [90m 27 |[39m
     [90m 28 |[39m   debug(message[33m:[39m string[33m,[39m context[33m?[39m[33m:[39m 
[33mRecord[39m[33m<[39m[33mstring[39m[33m,[39m any[33m>[39m) {[0m

      at Logger.log (src/utils/logger.ts:25:13)
      at Logger.info (src/utils/logger.ts:33:10)
      at ConsoleAuditLogger.logOperationSuccess (src/readers/factory.ts:60:12)
      at SecureFileReader.read (src/readers/secure-file-reader.ts:224:26)
      at Object.<anonymous> (src/readers/__tests__/integration.test.ts:140:24)

    console.error
      {"timestamp":"2026-02-11T12:50:04.899Z","level":"info","message":"File operation started: read","operation":"read
","path":"C:\\Users\\NewAdmin\\Desktop\\File-Organizer-MCP\\test-fixtures\\small.txt","operationId":"1770814204898-2eky
q27vo","maxBytes":10485760,"encoding":"utf-8"}

    [0m [90m 23 |[39m     }[33m;[39m
     [90m 24 |[39m
    [31m[1m>[22m[39m[90m 25 |[39m     
console[33m.[39merror([33mJSON[39m[33m.[39mstringify(entry))[33m;[39m [90m// stderr for stdio servers[39m
     [90m    |[39m             [31m[1m^[22m[39m
     [90m 26 |[39m   }
     [90m 27 |[39m
     [90m 28 |[39m   debug(message[33m:[39m string[33m,[39m context[33m?[39m[33m:[39m 
[33mRecord[39m[33m<[39m[33mstring[39m[33m,[39m any[33m>[39m) {[0m

      at Logger.log (src/utils/logger.ts:25:13)
      at Logger.info (src/utils/logger.ts:33:10)
      at ConsoleAuditLogger.logOperationStart (src/readers/factory.ts:48:12)
      at SecureFileReader.read (src/readers/secure-file-reader.ts:164:22)
      at Object.<anonymous> (src/readers/__tests__/integration.test.ts:140:24)

    console.error
      {"timestamp":"2026-02-11T12:50:04.900Z","level":"info","message":"File operation completed: read","operation":"re
ad","path":"C:\\Users\\NewAdmin\\Desktop\\File-Organizer-MCP\\test-fixtures\\small.txt","status":"success","operationId
":"1770814204898-2ekyq27vo","bytesRead":13,"checksum":"dffd6021bb2bd5b0af676290809ec3a53191dd81c7f70a4b28688a362182986f
","streaming":false}

    [0m [90m 23 |[39m     }[33m;[39m
     [90m 24 |[39m
    [31m[1m>[22m[39m[90m 25 |[39m     
console[33m.[39merror([33mJSON[39m[33m.[39mstringify(entry))[33m;[39m [90m// stderr for stdio servers[39m
     [90m    |[39m             [31m[1m^[22m[39m
     [90m 26 |[39m   }
     [90m 27 |[39m
     [90m 28 |[39m   debug(message[33m:[39m string[33m,[39m context[33m?[39m[33m:[39m 
[33mRecord[39m[33m<[39m[33mstring[39m[33m,[39m any[33m>[39m) {[0m

      at Logger.log (src/utils/logger.ts:25:13)
      at Logger.info (src/utils/logger.ts:33:10)
      at ConsoleAuditLogger.logOperationSuccess (src/readers/factory.ts:60:12)
      at SecureFileReader.read (src/readers/secure-file-reader.ts:224:26)
      at Object.<anonymous> (src/readers/__tests__/integration.test.ts:140:24)

    console.error
      {"timestamp":"2026-02-11T12:50:04.901Z","level":"info","message":"File operation started: read","operation":"read
","path":"C:\\Users\\NewAdmin\\Desktop\\File-Organizer-MCP\\test-fixtures\\small.txt","operationId":"1770814204900-um19
4wfhz","maxBytes":10485760,"encoding":"utf-8"}

    [0m [90m 23 |[39m     }[33m;[39m
     [90m 24 |[39m
    [31m[1m>[22m[39m[90m 25 |[39m     
console[33m.[39merror([33mJSON[39m[33m.[39mstringify(entry))[33m;[39m [90m// stderr for stdio servers[39m
     [90m    |[39m             [31m[1m^[22m[39m
     [90m 26 |[39m   }
     [90m 27 |[39m
     [90m 28 |[39m   debug(message[33m:[39m string[33m,[39m context[33m?[39m[33m:[39m 
[33mRecord[39m[33m<[39m[33mstring[39m[33m,[39m any[33m>[39m) {[0m

      at Logger.log (src/utils/logger.ts:25:13)
      at Logger.info (src/utils/logger.ts:33:10)
      at ConsoleAuditLogger.logOperationStart (src/readers/factory.ts:48:12)
      at SecureFileReader.read (src/readers/secure-file-reader.ts:164:22)
      at Object.<anonymous> (src/readers/__tests__/integration.test.ts:140:24)

    console.error
      {"timestamp":"2026-02-11T12:50:04.903Z","level":"info","message":"File operation completed: read","operation":"re
ad","path":"C:\\Users\\NewAdmin\\Desktop\\File-Organizer-MCP\\test-fixtures\\small.txt","status":"success","operationId
":"1770814204900-um194wfhz","bytesRead":13,"checksum":"dffd6021bb2bd5b0af676290809ec3a53191dd81c7f70a4b28688a362182986f
","streaming":false}

    [0m [90m 23 |[39m     }[33m;[39m
     [90m 24 |[39m
    [31m[1m>[22m[39m[90m 25 |[39m     
console[33m.[39merror([33mJSON[39m[33m.[39mstringify(entry))[33m;[39m [90m// stderr for stdio servers[39m
     [90m    |[39m             [31m[1m^[22m[39m
     [90m 26 |[39m   }
     [90m 27 |[39m
     [90m 28 |[39m   debug(message[33m:[39m string[33m,[39m context[33m?[39m[33m:[39m 
[33mRecord[39m[33m<[39m[33mstring[39m[33m,[39m any[33m>[39m) {[0m

      at Logger.log (src/utils/logger.ts:25:13)
      at Logger.info (src/utils/logger.ts:33:10)
      at ConsoleAuditLogger.logOperationSuccess (src/readers/factory.ts:60:12)
      at SecureFileReader.read (src/readers/secure-file-reader.ts:224:26)
      at Object.<anonymous> (src/readers/__tests__/integration.test.ts:140:24)

    console.error
      {"timestamp":"2026-02-11T12:50:04.904Z","level":"info","message":"File operation started: read","operation":"read
","path":"C:\\Users\\NewAdmin\\Desktop\\File-Organizer-MCP\\test-fixtures\\small.txt","operationId":"1770814204903-ok41
etiit","maxBytes":10485760,"encoding":"utf-8"}

    [0m [90m 23 |[39m     }[33m;[39m
     [90m 24 |[39m
    [31m[1m>[22m[39m[90m 25 |[39m     
console[33m.[39merror([33mJSON[39m[33m.[39mstringify(entry))[33m;[39m [90m// stderr for stdio servers[39m
     [90m    |[39m             [31m[1m^[22m[39m
     [90m 26 |[39m   }
     [90m 27 |[39m
     [90m 28 |[39m   debug(message[33m:[39m string[33m,[39m context[33m?[39m[33m:[39m 
[33mRecord[39m[33m<[39m[33mstring[39m[33m,[39m any[33m>[39m) {[0m

      at Logger.log (src/utils/logger.ts:25:13)
      at Logger.info (src/utils/logger.ts:33:10)
      at ConsoleAuditLogger.logOperationStart (src/readers/factory.ts:48:12)
      at SecureFileReader.read (src/readers/secure-file-reader.ts:164:22)
      at Object.<anonymous> (src/readers/__tests__/integration.test.ts:140:24)

    console.error
      {"timestamp":"2026-02-11T12:50:04.905Z","level":"info","message":"File operation completed: read","operation":"re
ad","path":"C:\\Users\\NewAdmin\\Desktop\\File-Organizer-MCP\\test-fixtures\\small.txt","status":"success","operationId
":"1770814204903-ok41etiit","bytesRead":13,"checksum":"dffd6021bb2bd5b0af676290809ec3a53191dd81c7f70a4b28688a362182986f
","streaming":false}

    [0m [90m 23 |[39m     }[33m;[39m
     [90m 24 |[39m
    [31m[1m>[22m[39m[90m 25 |[39m     
console[33m.[39merror([33mJSON[39m[33m.[39mstringify(entry))[33m;[39m [90m// stderr for stdio servers[39m
     [90m    |[39m             [31m[1m^[22m[39m
     [90m 26 |[39m   }
     [90m 27 |[39m
     [90m 28 |[39m   debug(message[33m:[39m string[33m,[39m context[33m?[39m[33m:[39m 
[33mRecord[39m[33m<[39m[33mstring[39m[33m,[39m any[33m>[39m) {[0m

      at Logger.log (src/utils/logger.ts:25:13)
      at Logger.info (src/utils/logger.ts:33:10)
      at ConsoleAuditLogger.logOperationSuccess (src/readers/factory.ts:60:12)
      at SecureFileReader.read (src/readers/secure-file-reader.ts:224:26)
      at Object.<anonymous> (src/readers/__tests__/integration.test.ts:140:24)

    console.error
      {"timestamp":"2026-02-11T12:50:04.907Z","level":"info","message":"File operation started: read","operation":"read
","path":"C:\\Users\\NewAdmin\\Desktop\\File-Organizer-MCP\\test-fixtures\\small.txt","operationId":"1770814204906-f6eh
43rtm","maxBytes":10485760,"encoding":"utf-8"}

    [0m [90m 23 |[39m     }[33m;[39m
     [90m 24 |[39m
    [31m[1m>[22m[39m[90m 25 |[39m     
console[33m.[39merror([33mJSON[39m[33m.[39mstringify(entry))[33m;[39m [90m// stderr for stdio servers[39m
     [90m    |[39m             [31m[1m^[22m[39m
     [90m 26 |[39m   }
     [90m 27 |[39m
     [90m 28 |[39m   debug(message[33m:[39m string[33m,[39m context[33m?[39m[33m:[39m 
[33mRecord[39m[33m<[39m[33mstring[39m[33m,[39m any[33m>[39m) {[0m

      at Logger.log (src/utils/logger.ts:25:13)
      at Logger.info (src/utils/logger.ts:33:10)
      at ConsoleAuditLogger.logOperationStart (src/readers/factory.ts:48:12)
      at SecureFileReader.read (src/readers/secure-file-reader.ts:164:22)
      at Object.<anonymous> (src/readers/__tests__/integration.test.ts:140:24)

    console.error
      {"timestamp":"2026-02-11T12:50:04.909Z","level":"info","message":"File operation completed: read","operation":"re
ad","path":"C:\\Users\\NewAdmin\\Desktop\\File-Organizer-MCP\\test-fixtures\\small.txt","status":"success","operationId
":"1770814204906-f6eh43rtm","bytesRead":13,"checksum":"dffd6021bb2bd5b0af676290809ec3a53191dd81c7f70a4b28688a362182986f
","streaming":false}

    [0m [90m 23 |[39m     }[33m;[39m
     [90m 24 |[39m
    [31m[1m>[22m[39m[90m 25 |[39m     
console[33m.[39merror([33mJSON[39m[33m.[39mstringify(entry))[33m;[39m [90m// stderr for stdio servers[39m
     [90m    |[39m             [31m[1m^[22m[39m
     [90m 26 |[39m   }
     [90m 27 |[39m
     [90m 28 |[39m   debug(message[33m:[39m string[33m,[39m context[33m?[39m[33m:[39m 
[33mRecord[39m[33m<[39m[33mstring[39m[33m,[39m any[33m>[39m) {[0m

      at Logger.log (src/utils/logger.ts:25:13)
      at Logger.info (src/utils/logger.ts:33:10)
      at ConsoleAuditLogger.logOperationSuccess (src/readers/factory.ts:60:12)
      at SecureFileReader.read (src/readers/secure-file-reader.ts:224:26)
      at Object.<anonymous> (src/readers/__tests__/integration.test.ts:140:24)

    console.error
      {"timestamp":"2026-02-11T12:50:04.911Z","level":"info","message":"File operation started: read","operation":"read
","path":"C:\\Users\\NewAdmin\\Desktop\\File-Organizer-MCP\\test-fixtures\\small.txt","operationId":"1770814204909-gmus
axazq","maxBytes":10485760,"encoding":"utf-8"}

    [0m [90m 23 |[39m     }[33m;[39m
     [90m 24 |[39m
    [31m[1m>[22m[39m[90m 25 |[39m     
console[33m.[39merror([33mJSON[39m[33m.[39mstringify(entry))[33m;[39m [90m// stderr for stdio servers[39m
     [90m    |[39m             [31m[1m^[22m[39m
     [90m 26 |[39m   }
     [90m 27 |[39m
     [90m 28 |[39m   debug(message[33m:[39m string[33m,[39m context[33m?[39m[33m:[39m 
[33mRecord[39m[33m<[39m[33mstring[39m[33m,[39m any[33m>[39m) {[0m

      at Logger.log (src/utils/logger.ts:25:13)
      at Logger.info (src/utils/logger.ts:33:10)
      at ConsoleAuditLogger.logOperationStart (src/readers/factory.ts:48:12)
      at SecureFileReader.read (src/readers/secure-file-reader.ts:164:22)
      at Object.<anonymous> (src/readers/__tests__/integration.test.ts:140:24)

    console.error
      {"timestamp":"2026-02-11T12:50:04.913Z","level":"info","message":"File operation completed: read","operation":"re
ad","path":"C:\\Users\\NewAdmin\\Desktop\\File-Organizer-MCP\\test-fixtures\\small.txt","status":"success","operationId
":"1770814204909-gmusaxazq","bytesRead":13,"checksum":"dffd6021bb2bd5b0af676290809ec3a53191dd81c7f70a4b28688a362182986f
","streaming":false}

    [0m [90m 23 |[39m     }[33m;[39m
     [90m 24 |[39m
    [31m[1m>[22m[39m[90m 25 |[39m     
console[33m.[39merror([33mJSON[39m[33m.[39mstringify(entry))[33m;[39m [90m// stderr for stdio servers[39m
     [90m    |[39m             [31m[1m^[22m[39m
     [90m 26 |[39m   }
     [90m 27 |[39m
     [90m 28 |[39m   debug(message[33m:[39m string[33m,[39m context[33m?[39m[33m:[39m 
[33mRecord[39m[33m<[39m[33mstring[39m[33m,[39m any[33m>[39m) {[0m

      at Logger.log (src/utils/logger.ts:25:13)
      at Logger.info (src/utils/logger.ts:33:10)
      at ConsoleAuditLogger.logOperationSuccess (src/readers/factory.ts:60:12)
      at SecureFileReader.read (src/readers/secure-file-reader.ts:224:26)
      at Object.<anonymous> (src/readers/__tests__/integration.test.ts:140:24)

    console.error
      {"timestamp":"2026-02-11T12:50:04.913Z","level":"info","message":"File operation started: read","operation":"read
","path":"C:\\Users\\NewAdmin\\Desktop\\File-Organizer-MCP\\test-fixtures\\small.txt","operationId":"1770814204913-7jag
du2ir","maxBytes":10485760,"encoding":"utf-8"}

    [0m [90m 23 |[39m     }[33m;[39m
     [90m 24 |[39m
    [31m[1m>[22m[39m[90m 25 |[39m     
console[33m.[39merror([33mJSON[39m[33m.[39mstringify(entry))[33m;[39m [90m// stderr for stdio servers[39m
     [90m    |[39m             [31m[1m^[22m[39m
     [90m 26 |[39m   }
     [90m 27 |[39m
     [90m 28 |[39m   debug(message[33m:[39m string[33m,[39m context[33m?[39m[33m:[39m 
[33mRecord[39m[33m<[39m[33mstring[39m[33m,[39m any[33m>[39m) {[0m

      at Logger.log (src/utils/logger.ts:25:13)
      at Logger.info (src/utils/logger.ts:33:10)
      at ConsoleAuditLogger.logOperationStart (src/readers/factory.ts:48:12)
      at SecureFileReader.read (src/readers/secure-file-reader.ts:164:22)
      at Object.<anonymous> (src/readers/__tests__/integration.test.ts:140:24)

    console.error
      {"timestamp":"2026-02-11T12:50:04.914Z","level":"info","message":"File operation completed: read","operation":"re
ad","path":"C:\\Users\\NewAdmin\\Desktop\\File-Organizer-MCP\\test-fixtures\\small.txt","status":"success","operationId
":"1770814204913-7jagdu2ir","bytesRead":13,"checksum":"dffd6021bb2bd5b0af676290809ec3a53191dd81c7f70a4b28688a362182986f
","streaming":false}

    [0m [90m 23 |[39m     }[33m;[39m
     [90m 24 |[39m
    [31m[1m>[22m[39m[90m 25 |[39m     
console[33m.[39merror([33mJSON[39m[33m.[39mstringify(entry))[33m;[39m [90m// stderr for stdio servers[39m
     [90m    |[39m             [31m[1m^[22m[39m
     [90m 26 |[39m   }
     [90m 27 |[39m
     [90m 28 |[39m   debug(message[33m:[39m string[33m,[39m context[33m?[39m[33m:[39m 
[33mRecord[39m[33m<[39m[33mstring[39m[33m,[39m any[33m>[39m) {[0m

      at Logger.log (src/utils/logger.ts:25:13)
      at Logger.info (src/utils/logger.ts:33:10)
      at ConsoleAuditLogger.logOperationSuccess (src/readers/factory.ts:60:12)
      at SecureFileReader.read (src/readers/secure-file-reader.ts:224:26)
      at Object.<anonymous> (src/readers/__tests__/integration.test.ts:140:24)

    console.error
      {"timestamp":"2026-02-11T12:50:04.916Z","level":"info","message":"File operation started: read","operation":"read
","path":"C:\\Users\\NewAdmin\\Desktop\\File-Organizer-MCP\\test-fixtures\\small.txt","operationId":"1770814204915-m0uf
3jkwq","maxBytes":10485760,"encoding":"utf-8"}

    [0m [90m 23 |[39m     }[33m;[39m
     [90m 24 |[39m
    [31m[1m>[22m[39m[90m 25 |[39m     
console[33m.[39merror([33mJSON[39m[33m.[39mstringify(entry))[33m;[39m [90m// stderr for stdio servers[39m
     [90m    |[39m             [31m[1m^[22m[39m
     [90m 26 |[39m   }
     [90m 27 |[39m
     [90m 28 |[39m   debug(message[33m:[39m string[33m,[39m context[33m?[39m[33m:[39m 
[33mRecord[39m[33m<[39m[33mstring[39m[33m,[39m any[33m>[39m) {[0m

      at Logger.log (src/utils/logger.ts:25:13)
      at Logger.info (src/utils/logger.ts:33:10)
      at ConsoleAuditLogger.logOperationStart (src/readers/factory.ts:48:12)
      at SecureFileReader.read (src/readers/secure-file-reader.ts:164:22)
      at Object.<anonymous> (src/readers/__tests__/integration.test.ts:140:24)

    console.error
      {"timestamp":"2026-02-11T12:50:04.918Z","level":"info","message":"File operation completed: read","operation":"re
ad","path":"C:\\Users\\NewAdmin\\Desktop\\File-Organizer-MCP\\test-fixtures\\small.txt","status":"success","operationId
":"1770814204915-m0uf3jkwq","bytesRead":13,"checksum":"dffd6021bb2bd5b0af676290809ec3a53191dd81c7f70a4b28688a362182986f
","streaming":false}

    [0m [90m 23 |[39m     }[33m;[39m
     [90m 24 |[39m
    [31m[1m>[22m[39m[90m 25 |[39m     
console[33m.[39merror([33mJSON[39m[33m.[39mstringify(entry))[33m;[39m [90m// stderr for stdio servers[39m
     [90m    |[39m             [31m[1m^[22m[39m
     [90m 26 |[39m   }
     [90m 27 |[39m
     [90m 28 |[39m   debug(message[33m:[39m string[33m,[39m context[33m?[39m[33m:[39m 
[33mRecord[39m[33m<[39m[33mstring[39m[33m,[39m any[33m>[39m) {[0m

      at Logger.log (src/utils/logger.ts:25:13)
      at Logger.info (src/utils/logger.ts:33:10)
      at ConsoleAuditLogger.logOperationSuccess (src/readers/factory.ts:60:12)
      at SecureFileReader.read (src/readers/secure-file-reader.ts:224:26)
      at Object.<anonymous> (src/readers/__tests__/integration.test.ts:140:24)

    console.error
      {"timestamp":"2026-02-11T12:50:04.919Z","level":"info","message":"File operation started: read","operation":"read
","path":"C:\\Users\\NewAdmin\\Desktop\\File-Organizer-MCP\\test-fixtures\\small.txt","operationId":"1770814204918-v3fv
eqdos","maxBytes":10485760,"encoding":"utf-8"}

    [0m [90m 23 |[39m     }[33m;[39m
     [90m 24 |[39m
    [31m[1m>[22m[39m[90m 25 |[39m     
console[33m.[39merror([33mJSON[39m[33m.[39mstringify(entry))[33m;[39m [90m// stderr for stdio servers[39m
     [90m    |[39m             [31m[1m^[22m[39m
     [90m 26 |[39m   }
     [90m 27 |[39m
     [90m 28 |[39m   debug(message[33m:[39m string[33m,[39m context[33m?[39m[33m:[39m 
[33mRecord[39m[33m<[39m[33mstring[39m[33m,[39m any[33m>[39m) {[0m

      at Logger.log (src/utils/logger.ts:25:13)
      at Logger.info (src/utils/logger.ts:33:10)
      at ConsoleAuditLogger.logOperationStart (src/readers/factory.ts:48:12)
      at SecureFileReader.read (src/readers/secure-file-reader.ts:164:22)
      at Object.<anonymous> (src/readers/__tests__/integration.test.ts:140:24)

    console.error
      {"timestamp":"2026-02-11T12:50:04.920Z","level":"info","message":"File operation completed: read","operation":"re
ad","path":"C:\\Users\\NewAdmin\\Desktop\\File-Organizer-MCP\\test-fixtures\\small.txt","status":"success","operationId
":"1770814204918-v3fveqdos","bytesRead":13,"checksum":"dffd6021bb2bd5b0af676290809ec3a53191dd81c7f70a4b28688a362182986f
","streaming":false}

    [0m [90m 23 |[39m     }[33m;[39m
     [90m 24 |[39m
    [31m[1m>[22m[39m[90m 25 |[39m     
console[33m.[39merror([33mJSON[39m[33m.[39mstringify(entry))[33m;[39m [90m// stderr for stdio servers[39m
     [90m    |[39m             [31m[1m^[22m[39m
     [90m 26 |[39m   }
     [90m 27 |[39m
     [90m 28 |[39m   debug(message[33m:[39m string[33m,[39m context[33m?[39m[33m:[39m 
[33mRecord[39m[33m<[39m[33mstring[39m[33m,[39m any[33m>[39m) {[0m

      at Logger.log (src/utils/logger.ts:25:13)
      at Logger.info (src/utils/logger.ts:33:10)
      at ConsoleAuditLogger.logOperationSuccess (src/readers/factory.ts:60:12)
      at SecureFileReader.read (src/readers/secure-file-reader.ts:224:26)
      at Object.<anonymous> (src/readers/__tests__/integration.test.ts:140:24)

    console.error
      {"timestamp":"2026-02-11T12:50:04.920Z","level":"info","message":"File operation started: read","operation":"read
","path":"C:\\Users\\NewAdmin\\Desktop\\File-Organizer-MCP\\test-fixtures\\small.txt","operationId":"1770814204920-kpmm
gyd6g","maxBytes":10485760,"encoding":"utf-8"}

    [0m [90m 23 |[39m     }[33m;[39m
     [90m 24 |[39m
    [31m[1m>[22m[39m[90m 25 |[39m     
console[33m.[39merror([33mJSON[39m[33m.[39mstringify(entry))[33m;[39m [90m// stderr for stdio servers[39m
     [90m    |[39m             [31m[1m^[22m[39m
     [90m 26 |[39m   }
     [90m 27 |[39m
     [90m 28 |[39m   debug(message[33m:[39m string[33m,[39m context[33m?[39m[33m:[39m 
[33mRecord[39m[33m<[39m[33mstring[39m[33m,[39m any[33m>[39m) {[0m

      at Logger.log (src/utils/logger.ts:25:13)
      at Logger.info (src/utils/logger.ts:33:10)
      at ConsoleAuditLogger.logOperationStart (src/readers/factory.ts:48:12)
      at SecureFileReader.read (src/readers/secure-file-reader.ts:164:22)
      at Object.<anonymous> (src/readers/__tests__/integration.test.ts:140:24)

    console.error
      {"timestamp":"2026-02-11T12:50:04.921Z","level":"info","message":"File operation completed: read","operation":"re
ad","path":"C:\\Users\\NewAdmin\\Desktop\\File-Organizer-MCP\\test-fixtures\\small.txt","status":"success","operationId
":"1770814204920-kpmmgyd6g","bytesRead":13,"checksum":"dffd6021bb2bd5b0af676290809ec3a53191dd81c7f70a4b28688a362182986f
","streaming":false}

    [0m [90m 23 |[39m     }[33m;[39m
     [90m 24 |[39m
    [31m[1m>[22m[39m[90m 25 |[39m     
console[33m.[39merror([33mJSON[39m[33m.[39mstringify(entry))[33m;[39m [90m// stderr for stdio servers[39m
     [90m    |[39m             [31m[1m^[22m[39m
     [90m 26 |[39m   }
     [90m 27 |[39m
     [90m 28 |[39m   debug(message[33m:[39m string[33m,[39m context[33m?[39m[33m:[39m 
[33mRecord[39m[33m<[39m[33mstring[39m[33m,[39m any[33m>[39m) {[0m

      at Logger.log (src/utils/logger.ts:25:13)
      at Logger.info (src/utils/logger.ts:33:10)
      at ConsoleAuditLogger.logOperationSuccess (src/readers/factory.ts:60:12)
      at SecureFileReader.read (src/readers/secure-file-reader.ts:224:26)
      at Object.<anonymous> (src/readers/__tests__/integration.test.ts:140:24)

    console.error
      {"timestamp":"2026-02-11T12:50:04.928Z","level":"info","message":"File operation started: read","operation":"read
","path":"C:\\Users\\NewAdmin\\Desktop\\File-Organizer-MCP\\test-fixtures\\small.txt","operationId":"1770814204926-lf74
0mc7s","maxBytes":10485760,"encoding":"utf-8"}

    [0m [90m 23 |[39m     }[33m;[39m
     [90m 24 |[39m
    [31m[1m>[22m[39m[90m 25 |[39m     
console[33m.[39merror([33mJSON[39m[33m.[39mstringify(entry))[33m;[39m [90m// stderr for stdio servers[39m
     [90m    |[39m             [31m[1m^[22m[39m
     [90m 26 |[39m   }
     [90m 27 |[39m
     [90m 28 |[39m   debug(message[33m:[39m string[33m,[39m context[33m?[39m[33m:[39m 
[33mRecord[39m[33m<[39m[33mstring[39m[33m,[39m any[33m>[39m) {[0m

      at Logger.log (src/utils/logger.ts:25:13)
      at Logger.info (src/utils/logger.ts:33:10)
      at ConsoleAuditLogger.logOperationStart (src/readers/factory.ts:48:12)
      at SecureFileReader.read (src/readers/secure-file-reader.ts:164:22)
      at Object.<anonymous> (src/readers/__tests__/integration.test.ts:140:24)

    console.error
      {"timestamp":"2026-02-11T12:50:04.930Z","level":"info","message":"File operation completed: read","operation":"re
ad","path":"C:\\Users\\NewAdmin\\Desktop\\File-Organizer-MCP\\test-fixtures\\small.txt","status":"success","operationId
":"1770814204926-lf740mc7s","bytesRead":13,"checksum":"dffd6021bb2bd5b0af676290809ec3a53191dd81c7f70a4b28688a362182986f
","streaming":false}

    [0m [90m 23 |[39m     }[33m;[39m
     [90m 24 |[39m
    [31m[1m>[22m[39m[90m 25 |[39m     
console[33m.[39merror([33mJSON[39m[33m.[39mstringify(entry))[33m;[39m [90m// stderr for stdio servers[39m
     [90m    |[39m             [31m[1m^[22m[39m
     [90m 26 |[39m   }
     [90m 27 |[39m
     [90m 28 |[39m   debug(message[33m:[39m string[33m,[39m context[33m?[39m[33m:[39m 
[33mRecord[39m[33m<[39m[33mstring[39m[33m,[39m any[33m>[39m) {[0m

      at Logger.log (src/utils/logger.ts:25:13)
      at Logger.info (src/utils/logger.ts:33:10)
      at ConsoleAuditLogger.logOperationSuccess (src/readers/factory.ts:60:12)
      at SecureFileReader.read (src/readers/secure-file-reader.ts:224:26)
      at Object.<anonymous> (src/readers/__tests__/integration.test.ts:140:24)

    console.error
      {"timestamp":"2026-02-11T12:50:04.932Z","level":"info","message":"File operation started: read","operation":"read
","path":"C:\\Users\\NewAdmin\\Desktop\\File-Organizer-MCP\\test-fixtures\\small.txt","operationId":"1770814204931-xmgo
cc0oh","maxBytes":10485760,"encoding":"utf-8"}

    [0m [90m 23 |[39m     }[33m;[39m
     [90m 24 |[39m
    [31m[1m>[22m[39m[90m 25 |[39m     
console[33m.[39merror([33mJSON[39m[33m.[39mstringify(entry))[33m;[39m [90m// stderr for stdio servers[39m
     [90m    |[39m             [31m[1m^[22m[39m
     [90m 26 |[39m   }
     [90m 27 |[39m
     [90m 28 |[39m   debug(message[33m:[39m string[33m,[39m context[33m?[39m[33m:[39m 
[33mRecord[39m[33m<[39m[33mstring[39m[33m,[39m any[33m>[39m) {[0m

      at Logger.log (src/utils/logger.ts:25:13)
      at Logger.info (src/utils/logger.ts:33:10)
      at ConsoleAuditLogger.logOperationStart (src/readers/factory.ts:48:12)
      at SecureFileReader.read (src/readers/secure-file-reader.ts:164:22)
      at Object.<anonymous> (src/readers/__tests__/integration.test.ts:140:24)

    console.error
      {"timestamp":"2026-02-11T12:50:04.933Z","level":"info","message":"File operation completed: read","operation":"re
ad","path":"C:\\Users\\NewAdmin\\Desktop\\File-Organizer-MCP\\test-fixtures\\small.txt","status":"success","operationId
":"1770814204931-xmgocc0oh","bytesRead":13,"checksum":"dffd6021bb2bd5b0af676290809ec3a53191dd81c7f70a4b28688a362182986f
","streaming":false}

    [0m [90m 23 |[39m     }[33m;[39m
     [90m 24 |[39m
    [31m[1m>[22m[39m[90m 25 |[39m     
console[33m.[39merror([33mJSON[39m[33m.[39mstringify(entry))[33m;[39m [90m// stderr for stdio servers[39m
     [90m    |[39m             [31m[1m^[22m[39m
     [90m 26 |[39m   }
     [90m 27 |[39m
     [90m 28 |[39m   debug(message[33m:[39m string[33m,[39m context[33m?[39m[33m:[39m 
[33mRecord[39m[33m<[39m[33mstring[39m[33m,[39m any[33m>[39m) {[0m

      at Logger.log (src/utils/logger.ts:25:13)
      at Logger.info (src/utils/logger.ts:33:10)
      at ConsoleAuditLogger.logOperationSuccess (src/readers/factory.ts:60:12)
      at SecureFileReader.read (src/readers/secure-file-reader.ts:224:26)
      at Object.<anonymous> (src/readers/__tests__/integration.test.ts:140:24)

    console.error
      {"timestamp":"2026-02-11T12:50:04.934Z","level":"info","message":"File operation started: read","operation":"read
","path":"C:\\Users\\NewAdmin\\Desktop\\File-Organizer-MCP\\test-fixtures\\small.txt","operationId":"1770814204934-mw5z
o9u6j","maxBytes":10485760,"encoding":"utf-8"}

    [0m [90m 23 |[39m     }[33m;[39m
     [90m 24 |[39m
    [31m[1m>[22m[39m[90m 25 |[39m     
console[33m.[39merror([33mJSON[39m[33m.[39mstringify(entry))[33m;[39m [90m// stderr for stdio servers[39m
     [90m    |[39m             [31m[1m^[22m[39m
     [90m 26 |[39m   }
     [90m 27 |[39m
     [90m 28 |[39m   debug(message[33m:[39m string[33m,[39m context[33m?[39m[33m:[39m 
[33mRecord[39m[33m<[39m[33mstring[39m[33m,[39m any[33m>[39m) {[0m

      at Logger.log (src/utils/logger.ts:25:13)
      at Logger.info (src/utils/logger.ts:33:10)
      at ConsoleAuditLogger.logOperationStart (src/readers/factory.ts:48:12)
      at SecureFileReader.read (src/readers/secure-file-reader.ts:164:22)
      at Object.<anonymous> (src/readers/__tests__/integration.test.ts:140:24)

    console.error
      {"timestamp":"2026-02-11T12:50:04.935Z","level":"info","message":"File operation completed: read","operation":"re
ad","path":"C:\\Users\\NewAdmin\\Desktop\\File-Organizer-MCP\\test-fixtures\\small.txt","status":"success","operationId
":"1770814204934-mw5zo9u6j","bytesRead":13,"checksum":"dffd6021bb2bd5b0af676290809ec3a53191dd81c7f70a4b28688a362182986f
","streaming":false}

    [0m [90m 23 |[39m     }[33m;[39m
     [90m 24 |[39m
    [31m[1m>[22m[39m[90m 25 |[39m     
console[33m.[39merror([33mJSON[39m[33m.[39mstringify(entry))[33m;[39m [90m// stderr for stdio servers[39m
     [90m    |[39m             [31m[1m^[22m[39m
     [90m 26 |[39m   }
     [90m 27 |[39m
     [90m 28 |[39m   debug(message[33m:[39m string[33m,[39m context[33m?[39m[33m:[39m 
[33mRecord[39m[33m<[39m[33mstring[39m[33m,[39m any[33m>[39m) {[0m

      at Logger.log (src/utils/logger.ts:25:13)
      at Logger.info (src/utils/logger.ts:33:10)
      at ConsoleAuditLogger.logOperationSuccess (src/readers/factory.ts:60:12)
      at SecureFileReader.read (src/readers/secure-file-reader.ts:224:26)
      at Object.<anonymous> (src/readers/__tests__/integration.test.ts:140:24)

    console.error
      {"timestamp":"2026-02-11T12:50:04.936Z","level":"info","message":"File operation started: read","operation":"read
","path":"C:\\Users\\NewAdmin\\Desktop\\File-Organizer-MCP\\test-fixtures\\small.txt","operationId":"1770814204935-vjnw
610eb","maxBytes":10485760,"encoding":"utf-8"}

    [0m [90m 23 |[39m     }[33m;[39m
     [90m 24 |[39m
    [31m[1m>[22m[39m[90m 25 |[39m     
console[33m.[39merror([33mJSON[39m[33m.[39mstringify(entry))[33m;[39m [90m// stderr for stdio servers[39m
     [90m    |[39m             [31m[1m^[22m[39m
     [90m 26 |[39m   }
     [90m 27 |[39m
     [90m 28 |[39m   debug(message[33m:[39m string[33m,[39m context[33m?[39m[33m:[39m 
[33mRecord[39m[33m<[39m[33mstring[39m[33m,[39m any[33m>[39m) {[0m

      at Logger.log (src/utils/logger.ts:25:13)
      at Logger.info (src/utils/logger.ts:33:10)
      at ConsoleAuditLogger.logOperationStart (src/readers/factory.ts:48:12)
      at SecureFileReader.read (src/readers/secure-file-reader.ts:164:22)
      at Object.<anonymous> (src/readers/__tests__/integration.test.ts:140:24)

    console.error
      {"timestamp":"2026-02-11T12:50:04.936Z","level":"info","message":"File operation completed: read","operation":"re
ad","path":"C:\\Users\\NewAdmin\\Desktop\\File-Organizer-MCP\\test-fixtures\\small.txt","status":"success","operationId
":"1770814204935-vjnw610eb","bytesRead":13,"checksum":"dffd6021bb2bd5b0af676290809ec3a53191dd81c7f70a4b28688a362182986f
","streaming":false}

    [0m [90m 23 |[39m     }[33m;[39m
     [90m 24 |[39m
    [31m[1m>[22m[39m[90m 25 |[39m     
console[33m.[39merror([33mJSON[39m[33m.[39mstringify(entry))[33m;[39m [90m// stderr for stdio servers[39m
     [90m    |[39m             [31m[1m^[22m[39m
     [90m 26 |[39m   }
     [90m 27 |[39m
     [90m 28 |[39m   debug(message[33m:[39m string[33m,[39m context[33m?[39m[33m:[39m 
[33mRecord[39m[33m<[39m[33mstring[39m[33m,[39m any[33m>[39m) {[0m

      at Logger.log (src/utils/logger.ts:25:13)
      at Logger.info (src/utils/logger.ts:33:10)
      at ConsoleAuditLogger.logOperationSuccess (src/readers/factory.ts:60:12)
      at SecureFileReader.read (src/readers/secure-file-reader.ts:224:26)
      at Object.<anonymous> (src/readers/__tests__/integration.test.ts:140:24)

    console.error
      {"timestamp":"2026-02-11T12:50:04.937Z","level":"info","message":"File operation started: read","operation":"read
","path":"C:\\Users\\NewAdmin\\Desktop\\File-Organizer-MCP\\test-fixtures\\small.txt","operationId":"1770814204937-qngc
gkvhu","maxBytes":10485760,"encoding":"utf-8"}

    [0m [90m 23 |[39m     }[33m;[39m
     [90m 24 |[39m
    [31m[1m>[22m[39m[90m 25 |[39m     
console[33m.[39merror([33mJSON[39m[33m.[39mstringify(entry))[33m;[39m [90m// stderr for stdio servers[39m
     [90m    |[39m             [31m[1m^[22m[39m
     [90m 26 |[39m   }
     [90m 27 |[39m
     [90m 28 |[39m   debug(message[33m:[39m string[33m,[39m context[33m?[39m[33m:[39m 
[33mRecord[39m[33m<[39m[33mstring[39m[33m,[39m any[33m>[39m) {[0m

      at Logger.log (src/utils/logger.ts:25:13)
      at Logger.info (src/utils/logger.ts:33:10)
      at ConsoleAuditLogger.logOperationStart (src/readers/factory.ts:48:12)
      at SecureFileReader.read (src/readers/secure-file-reader.ts:164:22)
      at Object.<anonymous> (src/readers/__tests__/integration.test.ts:140:24)

    console.error
      {"timestamp":"2026-02-11T12:50:04.942Z","level":"info","message":"File operation completed: read","operation":"re
ad","path":"C:\\Users\\NewAdmin\\Desktop\\File-Organizer-MCP\\test-fixtures\\small.txt","status":"success","operationId
":"1770814204937-qngcgkvhu","bytesRead":13,"checksum":"dffd6021bb2bd5b0af676290809ec3a53191dd81c7f70a4b28688a362182986f
","streaming":false}

    [0m [90m 23 |[39m     }[33m;[39m
     [90m 24 |[39m
    [31m[1m>[22m[39m[90m 25 |[39m     
console[33m.[39merror([33mJSON[39m[33m.[39mstringify(entry))[33m;[39m [90m// stderr for stdio servers[39m
     [90m    |[39m             [31m[1m^[22m[39m
     [90m 26 |[39m   }
     [90m 27 |[39m
     [90m 28 |[39m   debug(message[33m:[39m string[33m,[39m context[33m?[39m[33m:[39m 
[33mRecord[39m[33m<[39m[33mstring[39m[33m,[39m any[33m>[39m) {[0m

      at Logger.log (src/utils/logger.ts:25:13)
      at Logger.info (src/utils/logger.ts:33:10)
      at ConsoleAuditLogger.logOperationSuccess (src/readers/factory.ts:60:12)
      at SecureFileReader.read (src/readers/secure-file-reader.ts:224:26)
      at Object.<anonymous> (src/readers/__tests__/integration.test.ts:140:24)

    console.error
      {"timestamp":"2026-02-11T12:50:04.943Z","level":"info","message":"File operation started: read","operation":"read
","path":"C:\\Users\\NewAdmin\\Desktop\\File-Organizer-MCP\\test-fixtures\\small.txt","operationId":"1770814204942-zcf0
npayg","maxBytes":10485760,"encoding":"utf-8"}

    [0m [90m 23 |[39m     }[33m;[39m
     [90m 24 |[39m
    [31m[1m>[22m[39m[90m 25 |[39m     
console[33m.[39merror([33mJSON[39m[33m.[39mstringify(entry))[33m;[39m [90m// stderr for stdio servers[39m
     [90m    |[39m             [31m[1m^[22m[39m
     [90m 26 |[39m   }
     [90m 27 |[39m
     [90m 28 |[39m   debug(message[33m:[39m string[33m,[39m context[33m?[39m[33m:[39m 
[33mRecord[39m[33m<[39m[33mstring[39m[33m,[39m any[33m>[39m) {[0m

      at Logger.log (src/utils/logger.ts:25:13)
      at Logger.info (src/utils/logger.ts:33:10)
      at ConsoleAuditLogger.logOperationStart (src/readers/factory.ts:48:12)
      at SecureFileReader.read (src/readers/secure-file-reader.ts:164:22)
      at Object.<anonymous> (src/readers/__tests__/integration.test.ts:140:24)

    console.error
      {"timestamp":"2026-02-11T12:50:04.944Z","level":"info","message":"File operation completed: read","operation":"re
ad","path":"C:\\Users\\NewAdmin\\Desktop\\File-Organizer-MCP\\test-fixtures\\small.txt","status":"success","operationId
":"1770814204942-zcf0npayg","bytesRead":13,"checksum":"dffd6021bb2bd5b0af676290809ec3a53191dd81c7f70a4b28688a362182986f
","streaming":false}

    [0m [90m 23 |[39m     }[33m;[39m
     [90m 24 |[39m
    [31m[1m>[22m[39m[90m 25 |[39m     
console[33m.[39merror([33mJSON[39m[33m.[39mstringify(entry))[33m;[39m [90m// stderr for stdio servers[39m
     [90m    |[39m             [31m[1m^[22m[39m
     [90m 26 |[39m   }
     [90m 27 |[39m
     [90m 28 |[39m   debug(message[33m:[39m string[33m,[39m context[33m?[39m[33m:[39m 
[33mRecord[39m[33m<[39m[33mstring[39m[33m,[39m any[33m>[39m) {[0m

      at Logger.log (src/utils/logger.ts:25:13)
      at Logger.info (src/utils/logger.ts:33:10)
      at ConsoleAuditLogger.logOperationSuccess (src/readers/factory.ts:60:12)
      at SecureFileReader.read (src/readers/secure-file-reader.ts:224:26)
      at Object.<anonymous> (src/readers/__tests__/integration.test.ts:140:24)

    console.error
      {"timestamp":"2026-02-11T12:50:04.945Z","level":"info","message":"File operation started: read","operation":"read
","path":"C:\\Users\\NewAdmin\\Desktop\\File-Organizer-MCP\\test-fixtures\\small.txt","operationId":"1770814204944-z86h
hcrp5","maxBytes":10485760,"encoding":"utf-8"}

    [0m [90m 23 |[39m     }[33m;[39m
     [90m 24 |[39m
    [31m[1m>[22m[39m[90m 25 |[39m     
console[33m.[39merror([33mJSON[39m[33m.[39mstringify(entry))[33m;[39m [90m// stderr for stdio servers[39m
     [90m    |[39m             [31m[1m^[22m[39m
     [90m 26 |[39m   }
     [90m 27 |[39m
     [90m 28 |[39m   debug(message[33m:[39m string[33m,[39m context[33m?[39m[33m:[39m 
[33mRecord[39m[33m<[39m[33mstring[39m[33m,[39m any[33m>[39m) {[0m

      at Logger.log (src/utils/logger.ts:25:13)
      at Logger.info (src/utils/logger.ts:33:10)
      at ConsoleAuditLogger.logOperationStart (src/readers/factory.ts:48:12)
      at SecureFileReader.read (src/readers/secure-file-reader.ts:164:22)
      at Object.<anonymous> (src/readers/__tests__/integration.test.ts:140:24)

    console.error
      {"timestamp":"2026-02-11T12:50:04.947Z","level":"info","message":"File operation completed: read","operation":"re
ad","path":"C:\\Users\\NewAdmin\\Desktop\\File-Organizer-MCP\\test-fixtures\\small.txt","status":"success","operationId
":"1770814204944-z86hhcrp5","bytesRead":13,"checksum":"dffd6021bb2bd5b0af676290809ec3a53191dd81c7f70a4b28688a362182986f
","streaming":false}

    [0m [90m 23 |[39m     }[33m;[39m
     [90m 24 |[39m
    [31m[1m>[22m[39m[90m 25 |[39m     
console[33m.[39merror([33mJSON[39m[33m.[39mstringify(entry))[33m;[39m [90m// stderr for stdio servers[39m
     [90m    |[39m             [31m[1m^[22m[39m
     [90m 26 |[39m   }
     [90m 27 |[39m
     [90m 28 |[39m   debug(message[33m:[39m string[33m,[39m context[33m?[39m[33m:[39m 
[33mRecord[39m[33m<[39m[33mstring[39m[33m,[39m any[33m>[39m) {[0m

      at Logger.log (src/utils/logger.ts:25:13)
      at Logger.info (src/utils/logger.ts:33:10)
      at ConsoleAuditLogger.logOperationSuccess (src/readers/factory.ts:60:12)
      at SecureFileReader.read (src/readers/secure-file-reader.ts:224:26)
      at Object.<anonymous> (src/readers/__tests__/integration.test.ts:140:24)

    console.error
      {"timestamp":"2026-02-11T12:50:04.947Z","level":"info","message":"File operation started: read","operation":"read
","path":"C:\\Users\\NewAdmin\\Desktop\\File-Organizer-MCP\\test-fixtures\\small.txt","operationId":"1770814204947-zahg
wf5r6","maxBytes":10485760,"encoding":"utf-8"}

    [0m [90m 23 |[39m     }[33m;[39m
     [90m 24 |[39m
    [31m[1m>[22m[39m[90m 25 |[39m     
console[33m.[39merror([33mJSON[39m[33m.[39mstringify(entry))[33m;[39m [90m// stderr for stdio servers[39m
     [90m    |[39m             [31m[1m^[22m[39m
     [90m 26 |[39m   }
     [90m 27 |[39m
     [90m 28 |[39m   debug(message[33m:[39m string[33m,[39m context[33m?[39m[33m:[39m 
[33mRecord[39m[33m<[39m[33mstring[39m[33m,[39m any[33m>[39m) {[0m

      at Logger.log (src/utils/logger.ts:25:13)
      at Logger.info (src/utils/logger.ts:33:10)
      at ConsoleAuditLogger.logOperationStart (src/readers/factory.ts:48:12)
      at SecureFileReader.read (src/readers/secure-file-reader.ts:164:22)
      at Object.<anonymous> (src/readers/__tests__/integration.test.ts:140:24)

    console.error
      {"timestamp":"2026-02-11T12:50:04.948Z","level":"info","message":"File operation completed: read","operation":"re
ad","path":"C:\\Users\\NewAdmin\\Desktop\\File-Organizer-MCP\\test-fixtures\\small.txt","status":"success","operationId
":"1770814204947-zahgwf5r6","bytesRead":13,"checksum":"dffd6021bb2bd5b0af676290809ec3a53191dd81c7f70a4b28688a362182986f
","streaming":false}

    [0m [90m 23 |[39m     }[33m;[39m
     [90m 24 |[39m
    [31m[1m>[22m[39m[90m 25 |[39m     
console[33m.[39merror([33mJSON[39m[33m.[39mstringify(entry))[33m;[39m [90m// stderr for stdio servers[39m
     [90m    |[39m             [31m[1m^[22m[39m
     [90m 26 |[39m   }
     [90m 27 |[39m
     [90m 28 |[39m   debug(message[33m:[39m string[33m,[39m context[33m?[39m[33m:[39m 
[33mRecord[39m[33m<[39m[33mstring[39m[33m,[39m any[33m>[39m) {[0m

      at Logger.log (src/utils/logger.ts:25:13)
      at Logger.info (src/utils/logger.ts:33:10)
      at ConsoleAuditLogger.logOperationSuccess (src/readers/factory.ts:60:12)
      at SecureFileReader.read (src/readers/secure-file-reader.ts:224:26)
      at Object.<anonymous> (src/readers/__tests__/integration.test.ts:140:24)

    console.error
      {"timestamp":"2026-02-11T12:50:04.949Z","level":"info","message":"File operation started: read","operation":"read
","path":"C:\\Users\\NewAdmin\\Desktop\\File-Organizer-MCP\\test-fixtures\\small.txt","operationId":"1770814204949-lvs2
n3xwk","maxBytes":10485760,"encoding":"utf-8"}

    [0m [90m 23 |[39m     }[33m;[39m
     [90m 24 |[39m
    [31m[1m>[22m[39m[90m 25 |[39m     
console[33m.[39merror([33mJSON[39m[33m.[39mstringify(entry))[33m;[39m [90m// stderr for stdio servers[39m
     [90m    |[39m             [31m[1m^[22m[39m
     [90m 26 |[39m   }
     [90m 27 |[39m
     [90m 28 |[39m   debug(message[33m:[39m string[33m,[39m context[33m?[39m[33m:[39m 
[33mRecord[39m[33m<[39m[33mstring[39m[33m,[39m any[33m>[39m) {[0m

      at Logger.log (src/utils/logger.ts:25:13)
      at Logger.info (src/utils/logger.ts:33:10)
      at ConsoleAuditLogger.logOperationStart (src/readers/factory.ts:48:12)
      at SecureFileReader.read (src/readers/secure-file-reader.ts:164:22)
      at Object.<anonymous> (src/readers/__tests__/integration.test.ts:140:24)

    console.error
      {"timestamp":"2026-02-11T12:50:04.950Z","level":"info","message":"File operation completed: read","operation":"re
ad","path":"C:\\Users\\NewAdmin\\Desktop\\File-Organizer-MCP\\test-fixtures\\small.txt","status":"success","operationId
":"1770814204949-lvs2n3xwk","bytesRead":13,"checksum":"dffd6021bb2bd5b0af676290809ec3a53191dd81c7f70a4b28688a362182986f
","streaming":false}

    [0m [90m 23 |[39m     }[33m;[39m
     [90m 24 |[39m
    [31m[1m>[22m[39m[90m 25 |[39m     
console[33m.[39merror([33mJSON[39m[33m.[39mstringify(entry))[33m;[39m [90m// stderr for stdio servers[39m
     [90m    |[39m             [31m[1m^[22m[39m
     [90m 26 |[39m   }
     [90m 27 |[39m
     [90m 28 |[39m   debug(message[33m:[39m string[33m,[39m context[33m?[39m[33m:[39m 
[33mRecord[39m[33m<[39m[33mstring[39m[33m,[39m any[33m>[39m) {[0m

      at Logger.log (src/utils/logger.ts:25:13)
      at Logger.info (src/utils/logger.ts:33:10)
      at ConsoleAuditLogger.logOperationSuccess (src/readers/factory.ts:60:12)
      at SecureFileReader.read (src/readers/secure-file-reader.ts:224:26)
      at Object.<anonymous> (src/readers/__tests__/integration.test.ts:140:24)

    console.error
      {"timestamp":"2026-02-11T12:50:04.951Z","level":"info","message":"File operation started: read","operation":"read
","path":"C:\\Users\\NewAdmin\\Desktop\\File-Organizer-MCP\\test-fixtures\\small.txt","operationId":"1770814204950-lqao
whpd7","maxBytes":10485760,"encoding":"utf-8"}

    [0m [90m 23 |[39m     }[33m;[39m
     [90m 24 |[39m
    [31m[1m>[22m[39m[90m 25 |[39m     
console[33m.[39merror([33mJSON[39m[33m.[39mstringify(entry))[33m;[39m [90m// stderr for stdio servers[39m
     [90m    |[39m             [31m[1m^[22m[39m
     [90m 26 |[39m   }
     [90m 27 |[39m
     [90m 28 |[39m   debug(message[33m:[39m string[33m,[39m context[33m?[39m[33m:[39m 
[33mRecord[39m[33m<[39m[33mstring[39m[33m,[39m any[33m>[39m) {[0m

      at Logger.log (src/utils/logger.ts:25:13)
      at Logger.info (src/utils/logger.ts:33:10)
      at ConsoleAuditLogger.logOperationStart (src/readers/factory.ts:48:12)
      at SecureFileReader.read (src/readers/secure-file-reader.ts:164:22)
      at Object.<anonymous> (src/readers/__tests__/integration.test.ts:140:24)

    console.error
      {"timestamp":"2026-02-11T12:50:04.952Z","level":"info","message":"File operation completed: read","operation":"re
ad","path":"C:\\Users\\NewAdmin\\Desktop\\File-Organizer-MCP\\test-fixtures\\small.txt","status":"success","operationId
":"1770814204950-lqaowhpd7","bytesRead":13,"checksum":"dffd6021bb2bd5b0af676290809ec3a53191dd81c7f70a4b28688a362182986f
","streaming":false}

    [0m [90m 23 |[39m     }[33m;[39m
     [90m 24 |[39m
    [31m[1m>[22m[39m[90m 25 |[39m     
console[33m.[39merror([33mJSON[39m[33m.[39mstringify(entry))[33m;[39m [90m// stderr for stdio servers[39m
     [90m    |[39m             [31m[1m^[22m[39m
     [90m 26 |[39m   }
     [90m 27 |[39m
     [90m 28 |[39m   debug(message[33m:[39m string[33m,[39m context[33m?[39m[33m:[39m 
[33mRecord[39m[33m<[39m[33mstring[39m[33m,[39m any[33m>[39m) {[0m

      at Logger.log (src/utils/logger.ts:25:13)
      at Logger.info (src/utils/logger.ts:33:10)
      at ConsoleAuditLogger.logOperationSuccess (src/readers/factory.ts:60:12)
      at SecureFileReader.read (src/readers/secure-file-reader.ts:224:26)
      at Object.<anonymous> (src/readers/__tests__/integration.test.ts:140:24)

    console.error
      {"timestamp":"2026-02-11T12:50:04.953Z","level":"info","message":"File operation started: read","operation":"read
","path":"C:\\Users\\NewAdmin\\Desktop\\File-Organizer-MCP\\test-fixtures\\small.txt","operationId":"1770814204952-iy51
eqifa","maxBytes":10485760,"encoding":"utf-8"}

    [0m [90m 23 |[39m     }[33m;[39m
     [90m 24 |[39m
    [31m[1m>[22m[39m[90m 25 |[39m     
console[33m.[39merror([33mJSON[39m[33m.[39mstringify(entry))[33m;[39m [90m// stderr for stdio servers[39m
     [90m    |[39m             [31m[1m^[22m[39m
     [90m 26 |[39m   }
     [90m 27 |[39m
     [90m 28 |[39m   debug(message[33m:[39m string[33m,[39m context[33m?[39m[33m:[39m 
[33mRecord[39m[33m<[39m[33mstring[39m[33m,[39m any[33m>[39m) {[0m

      at Logger.log (src/utils/logger.ts:25:13)
      at Logger.info (src/utils/logger.ts:33:10)
      at ConsoleAuditLogger.logOperationStart (src/readers/factory.ts:48:12)
      at SecureFileReader.read (src/readers/secure-file-reader.ts:164:22)
      at Object.<anonymous> (src/readers/__tests__/integration.test.ts:140:24)

    console.error
      {"timestamp":"2026-02-11T12:50:04.954Z","level":"info","message":"File operation completed: read","operation":"re
ad","path":"C:\\Users\\NewAdmin\\Desktop\\File-Organizer-MCP\\test-fixtures\\small.txt","status":"success","operationId
":"1770814204952-iy51eqifa","bytesRead":13,"checksum":"dffd6021bb2bd5b0af676290809ec3a53191dd81c7f70a4b28688a362182986f
","streaming":false}

    [0m [90m 23 |[39m     }[33m;[39m
     [90m 24 |[39m
    [31m[1m>[22m[39m[90m 25 |[39m     
console[33m.[39merror([33mJSON[39m[33m.[39mstringify(entry))[33m;[39m [90m// stderr for stdio servers[39m
     [90m    |[39m             [31m[1m^[22m[39m
     [90m 26 |[39m   }
     [90m 27 |[39m
     [90m 28 |[39m   debug(message[33m:[39m string[33m,[39m context[33m?[39m[33m:[39m 
[33mRecord[39m[33m<[39m[33mstring[39m[33m,[39m any[33m>[39m) {[0m

      at Logger.log (src/utils/logger.ts:25:13)
      at Logger.info (src/utils/logger.ts:33:10)
      at ConsoleAuditLogger.logOperationSuccess (src/readers/factory.ts:60:12)
      at SecureFileReader.read (src/readers/secure-file-reader.ts:224:26)
      at Object.<anonymous> (src/readers/__tests__/integration.test.ts:140:24)

    console.error
      {"timestamp":"2026-02-11T12:50:04.957Z","level":"info","message":"File operation started: read","operation":"read
","path":"C:\\Users\\NewAdmin\\Desktop\\File-Organizer-MCP\\test-fixtures\\small.txt","operationId":"1770814204956-m81m
jtenw","maxBytes":10485760,"encoding":"utf-8"}

    [0m [90m 23 |[39m     }[33m;[39m
     [90m 24 |[39m
    [31m[1m>[22m[39m[90m 25 |[39m     
console[33m.[39merror([33mJSON[39m[33m.[39mstringify(entry))[33m;[39m [90m// stderr for stdio servers[39m
     [90m    |[39m             [31m[1m^[22m[39m
     [90m 26 |[39m   }
     [90m 27 |[39m
     [90m 28 |[39m   debug(message[33m:[39m string[33m,[39m context[33m?[39m[33m:[39m 
[33mRecord[39m[33m<[39m[33mstring[39m[33m,[39m any[33m>[39m) {[0m

      at Logger.log (src/utils/logger.ts:25:13)
      at Logger.info (src/utils/logger.ts:33:10)
      at ConsoleAuditLogger.logOperationStart (src/readers/factory.ts:48:12)
      at SecureFileReader.read (src/readers/secure-file-reader.ts:164:22)
      at Object.<anonymous> (src/readers/__tests__/integration.test.ts:140:24)

    console.error
      {"timestamp":"2026-02-11T12:50:04.958Z","level":"info","message":"File operation completed: read","operation":"re
ad","path":"C:\\Users\\NewAdmin\\Desktop\\File-Organizer-MCP\\test-fixtures\\small.txt","status":"success","operationId
":"1770814204956-m81mjtenw","bytesRead":13,"checksum":"dffd6021bb2bd5b0af676290809ec3a53191dd81c7f70a4b28688a362182986f
","streaming":false}

    [0m [90m 23 |[39m     }[33m;[39m
     [90m 24 |[39m
    [31m[1m>[22m[39m[90m 25 |[39m     
console[33m.[39merror([33mJSON[39m[33m.[39mstringify(entry))[33m;[39m [90m// stderr for stdio servers[39m
     [90m    |[39m             [31m[1m^[22m[39m
     [90m 26 |[39m   }
     [90m 27 |[39m
     [90m 28 |[39m   debug(message[33m:[39m string[33m,[39m context[33m?[39m[33m:[39m 
[33mRecord[39m[33m<[39m[33mstring[39m[33m,[39m any[33m>[39m) {[0m

      at Logger.log (src/utils/logger.ts:25:13)
      at Logger.info (src/utils/logger.ts:33:10)
      at ConsoleAuditLogger.logOperationSuccess (src/readers/factory.ts:60:12)
      at SecureFileReader.read (src/readers/secure-file-reader.ts:224:26)
      at Object.<anonymous> (src/readers/__tests__/integration.test.ts:140:24)

    console.error
      {"timestamp":"2026-02-11T12:50:04.997Z","level":"info","message":"File operation started: read","operation":"read
","path":"C:\\Users\\NewAdmin\\Desktop\\File-Organizer-MCP\\test-fixtures\\multiline.txt","operationId":"1770814204995-
cgg6fxgdw","maxBytes":10485760,"encoding":"utf-8"}

    [0m [90m 23 |[39m     }[33m;[39m
     [90m 24 |[39m
    [31m[1m>[22m[39m[90m 25 |[39m     
console[33m.[39merror([33mJSON[39m[33m.[39mstringify(entry))[33m;[39m [90m// stderr for stdio servers[39m
     [90m    |[39m             [31m[1m^[22m[39m
     [90m 26 |[39m   }
     [90m 27 |[39m
     [90m 28 |[39m   debug(message[33m:[39m string[33m,[39m context[33m?[39m[33m:[39m 
[33mRecord[39m[33m<[39m[33mstring[39m[33m,[39m any[33m>[39m) {[0m

      at Logger.log (src/utils/logger.ts:25:13)
      at Logger.info (src/utils/logger.ts:33:10)
      at ConsoleAuditLogger.logOperationStart (src/readers/factory.ts:48:12)
      at SecureFileReader.read (src/readers/secure-file-reader.ts:164:22)
          at async Promise.all (index 0)
      at Object.<anonymous> (src/readers/__tests__/integration.test.ts:159:23)

    console.error
      {"timestamp":"2026-02-11T12:50:04.999Z","level":"info","message":"File operation started: read","operation":"read
","path":"C:\\Users\\NewAdmin\\Desktop\\File-Organizer-MCP\\test-fixtures\\multiline.txt","operationId":"1770814204995-
b2h8zco2l","maxBytes":10485760,"encoding":"utf-8"}

    [0m [90m 23 |[39m     }[33m;[39m
     [90m 24 |[39m
    [31m[1m>[22m[39m[90m 25 |[39m     
console[33m.[39merror([33mJSON[39m[33m.[39mstringify(entry))[33m;[39m [90m// stderr for stdio servers[39m
     [90m    |[39m             [31m[1m^[22m[39m
     [90m 26 |[39m   }
     [90m 27 |[39m
     [90m 28 |[39m   debug(message[33m:[39m string[33m,[39m context[33m?[39m[33m:[39m 
[33mRecord[39m[33m<[39m[33mstring[39m[33m,[39m any[33m>[39m) {[0m

      at Logger.log (src/utils/logger.ts:25:13)
      at Logger.info (src/utils/logger.ts:33:10)
      at ConsoleAuditLogger.logOperationStart (src/readers/factory.ts:48:12)
      at SecureFileReader.read (src/readers/secure-file-reader.ts:164:22)
          at async Promise.all (index 1)
      at Object.<anonymous> (src/readers/__tests__/integration.test.ts:159:23)

    console.error
      {"timestamp":"2026-02-11T12:50:05.001Z","level":"info","message":"File operation started: read","operation":"read
","path":"C:\\Users\\NewAdmin\\Desktop\\File-Organizer-MCP\\test-fixtures\\multiline.txt","operationId":"1770814204995-
fid7vib8h","maxBytes":10485760,"encoding":"utf-8"}

    [0m [90m 23 |[39m     }[33m;[39m
     [90m 24 |[39m
    [31m[1m>[22m[39m[90m 25 |[39m     
console[33m.[39merror([33mJSON[39m[33m.[39mstringify(entry))[33m;[39m [90m// stderr for stdio servers[39m
     [90m    |[39m             [31m[1m^[22m[39m
     [90m 26 |[39m   }
     [90m 27 |[39m
     [90m 28 |[39m   debug(message[33m:[39m string[33m,[39m context[33m?[39m[33m:[39m 
[33mRecord[39m[33m<[39m[33mstring[39m[33m,[39m any[33m>[39m) {[0m

      at Logger.log (src/utils/logger.ts:25:13)
      at Logger.info (src/utils/logger.ts:33:10)
      at ConsoleAuditLogger.logOperationStart (src/readers/factory.ts:48:12)
      at SecureFileReader.read (src/readers/secure-file-reader.ts:164:22)
          at async Promise.all (index 2)
      at Object.<anonymous> (src/readers/__tests__/integration.test.ts:159:23)

    console.error
      {"timestamp":"2026-02-11T12:50:05.002Z","level":"info","message":"File operation started: read","operation":"read
","path":"C:\\Users\\NewAdmin\\Desktop\\File-Organizer-MCP\\test-fixtures\\multiline.txt","operationId":"1770814204995-
iiuk2ux97","maxBytes":10485760,"encoding":"utf-8"}

    [0m [90m 23 |[39m     }[33m;[39m
     [90m 24 |[39m
    [31m[1m>[22m[39m[90m 25 |[39m     
console[33m.[39merror([33mJSON[39m[33m.[39mstringify(entry))[33m;[39m [90m// stderr for stdio servers[39m
     [90m    |[39m             [31m[1m^[22m[39m
     [90m 26 |[39m   }
     [90m 27 |[39m
     [90m 28 |[39m   debug(message[33m:[39m string[33m,[39m context[33m?[39m[33m:[39m 
[33mRecord[39m[33m<[39m[33mstring[39m[33m,[39m any[33m>[39m) {[0m

      at Logger.log (src/utils/logger.ts:25:13)
      at Logger.info (src/utils/logger.ts:33:10)
      at ConsoleAuditLogger.logOperationStart (src/readers/factory.ts:48:12)
      at SecureFileReader.read (src/readers/secure-file-reader.ts:164:22)
          at async Promise.all (index 3)
      at Object.<anonymous> (src/readers/__tests__/integration.test.ts:159:23)

    console.error
      {"timestamp":"2026-02-11T12:50:05.002Z","level":"info","message":"File operation started: read","operation":"read
","path":"C:\\Users\\NewAdmin\\Desktop\\File-Organizer-MCP\\test-fixtures\\multiline.txt","operationId":"1770814204995-
axom6mcvc","maxBytes":10485760,"encoding":"utf-8"}

    [0m [90m 23 |[39m     }[33m;[39m
     [90m 24 |[39m
    [31m[1m>[22m[39m[90m 25 |[39m     
console[33m.[39merror([33mJSON[39m[33m.[39mstringify(entry))[33m;[39m [90m// stderr for stdio servers[39m
     [90m    |[39m             [31m[1m^[22m[39m
     [90m 26 |[39m   }
     [90m 27 |[39m
     [90m 28 |[39m   debug(message[33m:[39m string[33m,[39m context[33m?[39m[33m:[39m 
[33mRecord[39m[33m<[39m[33mstring[39m[33m,[39m any[33m>[39m) {[0m

      at Logger.log (src/utils/logger.ts:25:13)
      at Logger.info (src/utils/logger.ts:33:10)
      at ConsoleAuditLogger.logOperationStart (src/readers/factory.ts:48:12)
      at SecureFileReader.read (src/readers/secure-file-reader.ts:164:22)
          at async Promise.all (index 4)
      at Object.<anonymous> (src/readers/__tests__/integration.test.ts:159:23)

    console.error
      {"timestamp":"2026-02-11T12:50:05.003Z","level":"info","message":"File operation started: read","operation":"read
","path":"C:\\Users\\NewAdmin\\Desktop\\File-Organizer-MCP\\test-fixtures\\multiline.txt","operationId":"1770814204995-
3qt6mf8rx","maxBytes":10485760,"encoding":"utf-8"}

    [0m [90m 23 |[39m     }[33m;[39m
     [90m 24 |[39m
    [31m[1m>[22m[39m[90m 25 |[39m     
console[33m.[39merror([33mJSON[39m[33m.[39mstringify(entry))[33m;[39m [90m// stderr for stdio servers[39m
     [90m    |[39m             [31m[1m^[22m[39m
     [90m 26 |[39m   }
     [90m 27 |[39m
     [90m 28 |[39m   debug(message[33m:[39m string[33m,[39m context[33m?[39m[33m:[39m 
[33mRecord[39m[33m<[39m[33mstring[39m[33m,[39m any[33m>[39m) {[0m

      at Logger.log (src/utils/logger.ts:25:13)
      at Logger.info (src/utils/logger.ts:33:10)
      at ConsoleAuditLogger.logOperationStart (src/readers/factory.ts:48:12)
      at SecureFileReader.read (src/readers/secure-file-reader.ts:164:22)
          at async Promise.all (index 5)
      at Object.<anonymous> (src/readers/__tests__/integration.test.ts:159:23)

    console.error
      {"timestamp":"2026-02-11T12:50:05.003Z","level":"info","message":"File operation started: read","operation":"read
","path":"C:\\Users\\NewAdmin\\Desktop\\File-Organizer-MCP\\test-fixtures\\multiline.txt","operationId":"1770814204995-
32czrpo01","maxBytes":10485760,"encoding":"utf-8"}

    [0m [90m 23 |[39m     }[33m;[39m
     [90m 24 |[39m
    [31m[1m>[22m[39m[90m 25 |[39m     
console[33m.[39merror([33mJSON[39m[33m.[39mstringify(entry))[33m;[39m [90m// stderr for stdio servers[39m
     [90m    |[39m             [31m[1m^[22m[39m
     [90m 26 |[39m   }
     [90m 27 |[39m
     [90m 28 |[39m   debug(message[33m:[39m string[33m,[39m context[33m?[39m[33m:[39m 
[33mRecord[39m[33m<[39m[33mstring[39m[33m,[39m any[33m>[39m) {[0m

      at Logger.log (src/utils/logger.ts:25:13)
      at Logger.info (src/utils/logger.ts:33:10)
      at ConsoleAuditLogger.logOperationStart (src/readers/factory.ts:48:12)
      at SecureFileReader.read (src/readers/secure-file-reader.ts:164:22)
          at async Promise.all (index 6)
      at Object.<anonymous> (src/readers/__tests__/integration.test.ts:159:23)

    console.error
      {"timestamp":"2026-02-11T12:50:05.003Z","level":"info","message":"File operation started: read","operation":"read
","path":"C:\\Users\\NewAdmin\\Desktop\\File-Organizer-MCP\\test-fixtures\\multiline.txt","operationId":"1770814204995-
jpdmmdg11","maxBytes":10485760,"encoding":"utf-8"}

    [0m [90m 23 |[39m     }[33m;[39m
     [90m 24 |[39m
    [31m[1m>[22m[39m[90m 25 |[39m     
console[33m.[39merror([33mJSON[39m[33m.[39mstringify(entry))[33m;[39m [90m// stderr for stdio servers[39m
     [90m    |[39m             [31m[1m^[22m[39m
     [90m 26 |[39m   }
     [90m 27 |[39m
     [90m 28 |[39m   debug(message[33m:[39m string[33m,[39m context[33m?[39m[33m:[39m 
[33mRecord[39m[33m<[39m[33mstring[39m[33m,[39m any[33m>[39m) {[0m

      at Logger.log (src/utils/logger.ts:25:13)
      at Logger.info (src/utils/logger.ts:33:10)
      at ConsoleAuditLogger.logOperationStart (src/readers/factory.ts:48:12)
      at SecureFileReader.read (src/readers/secure-file-reader.ts:164:22)
          at async Promise.all (index 7)
      at Object.<anonymous> (src/readers/__tests__/integration.test.ts:159:23)

    console.error
      {"timestamp":"2026-02-11T12:50:05.003Z","level":"info","message":"File operation started: read","operation":"read
","path":"C:\\Users\\NewAdmin\\Desktop\\File-Organizer-MCP\\test-fixtures\\multiline.txt","operationId":"1770814204995-
notlu0898","maxBytes":10485760,"encoding":"utf-8"}

    [0m [90m 23 |[39m     }[33m;[39m
     [90m 24 |[39m
    [31m[1m>[22m[39m[90m 25 |[39m     
console[33m.[39merror([33mJSON[39m[33m.[39mstringify(entry))[33m;[39m [90m// stderr for stdio servers[39m
     [90m    |[39m             [31m[1m^[22m[39m
     [90m 26 |[39m   }
     [90m 27 |[39m
     [90m 28 |[39m   debug(message[33m:[39m string[33m,[39m context[33m?[39m[33m:[39m 
[33mRecord[39m[33m<[39m[33mstring[39m[33m,[39m any[33m>[39m) {[0m

      at Logger.log (src/utils/logger.ts:25:13)
      at Logger.info (src/utils/logger.ts:33:10)
      at ConsoleAuditLogger.logOperationStart (src/readers/factory.ts:48:12)
      at SecureFileReader.read (src/readers/secure-file-reader.ts:164:22)
          at async Promise.all (index 8)
      at Object.<anonymous> (src/readers/__tests__/integration.test.ts:159:23)

    console.error
      {"timestamp":"2026-02-11T12:50:05.004Z","level":"info","message":"File operation started: read","operation":"read
","path":"C:\\Users\\NewAdmin\\Desktop\\File-Organizer-MCP\\test-fixtures\\multiline.txt","operationId":"1770814204995-
lrz3i9kx3","maxBytes":10485760,"encoding":"utf-8"}

    [0m [90m 23 |[39m     }[33m;[39m
     [90m 24 |[39m
    [31m[1m>[22m[39m[90m 25 |[39m     
console[33m.[39merror([33mJSON[39m[33m.[39mstringify(entry))[33m;[39m [90m// stderr for stdio servers[39m
     [90m    |[39m             [31m[1m^[22m[39m
     [90m 26 |[39m   }
     [90m 27 |[39m
     [90m 28 |[39m   debug(message[33m:[39m string[33m,[39m context[33m?[39m[33m:[39m 
[33mRecord[39m[33m<[39m[33mstring[39m[33m,[39m any[33m>[39m) {[0m

      at Logger.log (src/utils/logger.ts:25:13)
      at Logger.info (src/utils/logger.ts:33:10)
      at ConsoleAuditLogger.logOperationStart (src/readers/factory.ts:48:12)
      at SecureFileReader.read (src/readers/secure-file-reader.ts:164:22)
          at async Promise.all (index 9)
      at Object.<anonymous> (src/readers/__tests__/integration.test.ts:159:23)

    console.error
      {"timestamp":"2026-02-11T12:50:05.009Z","level":"info","message":"File operation completed: read","operation":"re
ad","path":"C:\\Users\\NewAdmin\\Desktop\\File-Organizer-MCP\\test-fixtures\\multiline.txt","status":"success","operati
onId":"1770814204995-cgg6fxgdw","bytesRead":20,"checksum":"391ba54caa9e9da3dd31dca1eff275e706979e76c1f60c91401f0624734f
52b0","streaming":false}

    [0m [90m 23 |[39m     }[33m;[39m
     [90m 24 |[39m
    [31m[1m>[22m[39m[90m 25 |[39m     
console[33m.[39merror([33mJSON[39m[33m.[39mstringify(entry))[33m;[39m [90m// stderr for stdio servers[39m
     [90m    |[39m             [31m[1m^[22m[39m
     [90m 26 |[39m   }
     [90m 27 |[39m
     [90m 28 |[39m   debug(message[33m:[39m string[33m,[39m context[33m?[39m[33m:[39m 
[33mRecord[39m[33m<[39m[33mstring[39m[33m,[39m any[33m>[39m) {[0m

      at Logger.log (src/utils/logger.ts:25:13)
      at Logger.info (src/utils/logger.ts:33:10)
      at ConsoleAuditLogger.logOperationSuccess (src/readers/factory.ts:60:12)
      at SecureFileReader.read (src/readers/secure-file-reader.ts:224:26)
          at async Promise.all (index 0)
      at Object.<anonymous> (src/readers/__tests__/integration.test.ts:159:23)

    console.error
      {"timestamp":"2026-02-11T12:50:05.010Z","level":"info","message":"File operation completed: read","operation":"re
ad","path":"C:\\Users\\NewAdmin\\Desktop\\File-Organizer-MCP\\test-fixtures\\multiline.txt","status":"success","operati
onId":"1770814204995-b2h8zco2l","bytesRead":20,"checksum":"391ba54caa9e9da3dd31dca1eff275e706979e76c1f60c91401f0624734f
52b0","streaming":false}

    [0m [90m 23 |[39m     }[33m;[39m
     [90m 24 |[39m
    [31m[1m>[22m[39m[90m 25 |[39m     
console[33m.[39merror([33mJSON[39m[33m.[39mstringify(entry))[33m;[39m [90m// stderr for stdio servers[39m
     [90m    |[39m             [31m[1m^[22m[39m
     [90m 26 |[39m   }
     [90m 27 |[39m
     [90m 28 |[39m   debug(message[33m:[39m string[33m,[39m context[33m?[39m[33m:[39m 
[33mRecord[39m[33m<[39m[33mstring[39m[33m,[39m any[33m>[39m) {[0m

      at Logger.log (src/utils/logger.ts:25:13)
      at Logger.info (src/utils/logger.ts:33:10)
      at ConsoleAuditLogger.logOperationSuccess (src/readers/factory.ts:60:12)
      at SecureFileReader.read (src/readers/secure-file-reader.ts:224:26)
          at async Promise.all (index 1)
      at Object.<anonymous> (src/readers/__tests__/integration.test.ts:159:23)

    console.error
      {"timestamp":"2026-02-11T12:50:05.010Z","level":"info","message":"File operation completed: read","operation":"re
ad","path":"C:\\Users\\NewAdmin\\Desktop\\File-Organizer-MCP\\test-fixtures\\multiline.txt","status":"success","operati
onId":"1770814204995-fid7vib8h","bytesRead":20,"checksum":"391ba54caa9e9da3dd31dca1eff275e706979e76c1f60c91401f0624734f
52b0","streaming":false}

    [0m [90m 23 |[39m     }[33m;[39m
     [90m 24 |[39m
    [31m[1m>[22m[39m[90m 25 |[39m     
console[33m.[39merror([33mJSON[39m[33m.[39mstringify(entry))[33m;[39m [90m// stderr for stdio servers[39m
     [90m    |[39m             [31m[1m^[22m[39m
     [90m 26 |[39m   }
     [90m 27 |[39m
     [90m 28 |[39m   debug(message[33m:[39m string[33m,[39m context[33m?[39m[33m:[39m 
[33mRecord[39m[33m<[39m[33mstring[39m[33m,[39m any[33m>[39m) {[0m

      at Logger.log (src/utils/logger.ts:25:13)
      at Logger.info (src/utils/logger.ts:33:10)
      at ConsoleAuditLogger.logOperationSuccess (src/readers/factory.ts:60:12)
      at SecureFileReader.read (src/readers/secure-file-reader.ts:224:26)
          at async Promise.all (index 2)
      at Object.<anonymous> (src/readers/__tests__/integration.test.ts:159:23)

    console.error
      {"timestamp":"2026-02-11T12:50:05.011Z","level":"info","message":"File operation completed: read","operation":"re
ad","path":"C:\\Users\\NewAdmin\\Desktop\\File-Organizer-MCP\\test-fixtures\\multiline.txt","status":"success","operati
onId":"1770814204995-iiuk2ux97","bytesRead":20,"checksum":"391ba54caa9e9da3dd31dca1eff275e706979e76c1f60c91401f0624734f
52b0","streaming":false}

    [0m [90m 23 |[39m     }[33m;[39m
     [90m 24 |[39m
    [31m[1m>[22m[39m[90m 25 |[39m     
console[33m.[39merror([33mJSON[39m[33m.[39mstringify(entry))[33m;[39m [90m// stderr for stdio servers[39m
     [90m    |[39m             [31m[1m^[22m[39m
     [90m 26 |[39m   }
     [90m 27 |[39m
     [90m 28 |[39m   debug(message[33m:[39m string[33m,[39m context[33m?[39m[33m:[39m 
[33mRecord[39m[33m<[39m[33mstring[39m[33m,[39m any[33m>[39m) {[0m

      at Logger.log (src/utils/logger.ts:25:13)
      at Logger.info (src/utils/logger.ts:33:10)
      at ConsoleAuditLogger.logOperationSuccess (src/readers/factory.ts:60:12)
      at SecureFileReader.read (src/readers/secure-file-reader.ts:224:26)
          at async Promise.all (index 3)
      at Object.<anonymous> (src/readers/__tests__/integration.test.ts:159:23)

    console.error
      {"timestamp":"2026-02-11T12:50:05.011Z","level":"info","message":"File operation completed: read","operation":"re
ad","path":"C:\\Users\\NewAdmin\\Desktop\\File-Organizer-MCP\\test-fixtures\\multiline.txt","status":"success","operati
onId":"1770814204995-axom6mcvc","bytesRead":20,"checksum":"391ba54caa9e9da3dd31dca1eff275e706979e76c1f60c91401f0624734f
52b0","streaming":false}

    [0m [90m 23 |[39m     }[33m;[39m
     [90m 24 |[39m
    [31m[1m>[22m[39m[90m 25 |[39m     
console[33m.[39merror([33mJSON[39m[33m.[39mstringify(entry))[33m;[39m [90m// stderr for stdio servers[39m
     [90m    |[39m             [31m[1m^[22m[39m
     [90m 26 |[39m   }
     [90m 27 |[39m
     [90m 28 |[39m   debug(message[33m:[39m string[33m,[39m context[33m?[39m[33m:[39m 
[33mRecord[39m[33m<[39m[33mstring[39m[33m,[39m any[33m>[39m) {[0m

      at Logger.log (src/utils/logger.ts:25:13)
      at Logger.info (src/utils/logger.ts:33:10)
      at ConsoleAuditLogger.logOperationSuccess (src/readers/factory.ts:60:12)
      at SecureFileReader.read (src/readers/secure-file-reader.ts:224:26)
          at async Promise.all (index 4)
      at Object.<anonymous> (src/readers/__tests__/integration.test.ts:159:23)

    console.error
      {"timestamp":"2026-02-11T12:50:05.011Z","level":"info","message":"File operation completed: read","operation":"re
ad","path":"C:\\Users\\NewAdmin\\Desktop\\File-Organizer-MCP\\test-fixtures\\multiline.txt","status":"success","operati
onId":"1770814204995-3qt6mf8rx","bytesRead":20,"checksum":"391ba54caa9e9da3dd31dca1eff275e706979e76c1f60c91401f0624734f
52b0","streaming":false}

    [0m [90m 23 |[39m     }[33m;[39m
     [90m 24 |[39m
    [31m[1m>[22m[39m[90m 25 |[39m     
console[33m.[39merror([33mJSON[39m[33m.[39mstringify(entry))[33m;[39m [90m// stderr for stdio servers[39m
     [90m    |[39m             [31m[1m^[22m[39m
     [90m 26 |[39m   }
     [90m 27 |[39m
     [90m 28 |[39m   debug(message[33m:[39m string[33m,[39m context[33m?[39m[33m:[39m 
[33mRecord[39m[33m<[39m[33mstring[39m[33m,[39m any[33m>[39m) {[0m

      at Logger.log (src/utils/logger.ts:25:13)
      at Logger.info (src/utils/logger.ts:33:10)
      at ConsoleAuditLogger.logOperationSuccess (src/readers/factory.ts:60:12)
      at SecureFileReader.read (src/readers/secure-file-reader.ts:224:26)
          at async Promise.all (index 5)
      at Object.<anonymous> (src/readers/__tests__/integration.test.ts:159:23)

    console.error
      {"timestamp":"2026-02-11T12:50:05.012Z","level":"info","message":"File operation completed: read","operation":"re
ad","path":"C:\\Users\\NewAdmin\\Desktop\\File-Organizer-MCP\\test-fixtures\\multiline.txt","status":"success","operati
onId":"1770814204995-32czrpo01","bytesRead":20,"checksum":"391ba54caa9e9da3dd31dca1eff275e706979e76c1f60c91401f0624734f
52b0","streaming":false}

    [0m [90m 23 |[39m     }[33m;[39m
     [90m 24 |[39m
    [31m[1m>[22m[39m[90m 25 |[39m     
console[33m.[39merror([33mJSON[39m[33m.[39mstringify(entry))[33m;[39m [90m// stderr for stdio servers[39m
     [90m    |[39m             [31m[1m^[22m[39m
     [90m 26 |[39m   }
     [90m 27 |[39m
     [90m 28 |[39m   debug(message[33m:[39m string[33m,[39m context[33m?[39m[33m:[39m 
[33mRecord[39m[33m<[39m[33mstring[39m[33m,[39m any[33m>[39m) {[0m

      at Logger.log (src/utils/logger.ts:25:13)
      at Logger.info (src/utils/logger.ts:33:10)
      at ConsoleAuditLogger.logOperationSuccess (src/readers/factory.ts:60:12)
      at SecureFileReader.read (src/readers/secure-file-reader.ts:224:26)
          at async Promise.all (index 6)
      at Object.<anonymous> (src/readers/__tests__/integration.test.ts:159:23)

    console.error
      {"timestamp":"2026-02-11T12:50:05.012Z","level":"info","message":"File operation completed: read","operation":"re
ad","path":"C:\\Users\\NewAdmin\\Desktop\\File-Organizer-MCP\\test-fixtures\\multiline.txt","status":"success","operati
onId":"1770814204995-jpdmmdg11","bytesRead":20,"checksum":"391ba54caa9e9da3dd31dca1eff275e706979e76c1f60c91401f0624734f
52b0","streaming":false}

    [0m [90m 23 |[39m     }[33m;[39m
     [90m 24 |[39m
    [31m[1m>[22m[39m[90m 25 |[39m     
console[33m.[39merror([33mJSON[39m[33m.[39mstringify(entry))[33m;[39m [90m// stderr for stdio servers[39m
     [90m    |[39m             [31m[1m^[22m[39m
     [90m 26 |[39m   }
     [90m 27 |[39m
     [90m 28 |[39m   debug(message[33m:[39m string[33m,[39m context[33m?[39m[33m:[39m 
[33mRecord[39m[33m<[39m[33mstring[39m[33m,[39m any[33m>[39m) {[0m

      at Logger.log (src/utils/logger.ts:25:13)
      at Logger.info (src/utils/logger.ts:33:10)
      at ConsoleAuditLogger.logOperationSuccess (src/readers/factory.ts:60:12)
      at SecureFileReader.read (src/readers/secure-file-reader.ts:224:26)
          at async Promise.all (index 7)
      at Object.<anonymous> (src/readers/__tests__/integration.test.ts:159:23)

    console.error
      {"timestamp":"2026-02-11T12:50:05.012Z","level":"info","message":"File operation completed: read","operation":"re
ad","path":"C:\\Users\\NewAdmin\\Desktop\\File-Organizer-MCP\\test-fixtures\\multiline.txt","status":"success","operati
onId":"1770814204995-notlu0898","bytesRead":20,"checksum":"391ba54caa9e9da3dd31dca1eff275e706979e76c1f60c91401f0624734f
52b0","streaming":false}

    [0m [90m 23 |[39m     }[33m;[39m
     [90m 24 |[39m
    [31m[1m>[22m[39m[90m 25 |[39m     
console[33m.[39merror([33mJSON[39m[33m.[39mstringify(entry))[33m;[39m [90m// stderr for stdio servers[39m
     [90m    |[39m             [31m[1m^[22m[39m
     [90m 26 |[39m   }
     [90m 27 |[39m
     [90m 28 |[39m   debug(message[33m:[39m string[33m,[39m context[33m?[39m[33m:[39m 
[33mRecord[39m[33m<[39m[33mstring[39m[33m,[39m any[33m>[39m) {[0m

      at Logger.log (src/utils/logger.ts:25:13)
      at Logger.info (src/utils/logger.ts:33:10)
      at ConsoleAuditLogger.logOperationSuccess (src/readers/factory.ts:60:12)
      at SecureFileReader.read (src/readers/secure-file-reader.ts:224:26)
          at async Promise.all (index 8)
      at Object.<anonymous> (src/readers/__tests__/integration.test.ts:159:23)

    console.error
      {"timestamp":"2026-02-11T12:50:05.013Z","level":"info","message":"File operation completed: read","operation":"re
ad","path":"C:\\Users\\NewAdmin\\Desktop\\File-Organizer-MCP\\test-fixtures\\multiline.txt","status":"success","operati
onId":"1770814204995-lrz3i9kx3","bytesRead":20,"checksum":"391ba54caa9e9da3dd31dca1eff275e706979e76c1f60c91401f0624734f
52b0","streaming":false}

    [0m [90m 23 |[39m     }[33m;[39m
     [90m 24 |[39m
    [31m[1m>[22m[39m[90m 25 |[39m     
console[33m.[39merror([33mJSON[39m[33m.[39mstringify(entry))[33m;[39m [90m// stderr for stdio servers[39m
     [90m    |[39m             [31m[1m^[22m[39m
     [90m 26 |[39m   }
     [90m 27 |[39m
     [90m 28 |[39m   debug(message[33m:[39m string[33m,[39m context[33m?[39m[33m:[39m 
[33mRecord[39m[33m<[39m[33mstring[39m[33m,[39m any[33m>[39m) {[0m

      at Logger.log (src/utils/logger.ts:25:13)
      at Logger.info (src/utils/logger.ts:33:10)
      at ConsoleAuditLogger.logOperationSuccess (src/readers/factory.ts:60:12)
      at SecureFileReader.read (src/readers/secure-file-reader.ts:224:26)
          at async Promise.all (index 9)
      at Object.<anonymous> (src/readers/__tests__/integration.test.ts:159:23)

    console.error
      {"timestamp":"2026-02-11T12:50:05.016Z","level":"info","message":"File operation started: read","operation":"read
","path":"C:\\Users\\NewAdmin\\Desktop\\File-Organizer-MCP\\test-fixtures\\small.txt","operationId":"1770814205015-4aww
9y9bf","maxBytes":10485760,"encoding":"utf-8"}

    [0m [90m 23 |[39m     }[33m;[39m
     [90m 24 |[39m
    [31m[1m>[22m[39m[90m 25 |[39m     
console[33m.[39merror([33mJSON[39m[33m.[39mstringify(entry))[33m;[39m [90m// stderr for stdio servers[39m
     [90m    |[39m             [31m[1m^[22m[39m
     [90m 26 |[39m   }
     [90m 27 |[39m
     [90m 28 |[39m   debug(message[33m:[39m string[33m,[39m context[33m?[39m[33m:[39m 
[33mRecord[39m[33m<[39m[33mstring[39m[33m,[39m any[33m>[39m) {[0m

      at Logger.log (src/utils/logger.ts:25:13)
      at Logger.info (src/utils/logger.ts:33:10)
      at ConsoleAuditLogger.logOperationStart (src/readers/factory.ts:48:12)
      at SecureFileReader.read (src/readers/secure-file-reader.ts:164:22)
          at async Promise.all (index 0)
      at Object.<anonymous> (src/readers/__tests__/integration.test.ts:177:23)

    console.error
      {"timestamp":"2026-02-11T12:50:05.017Z","level":"info","message":"File operation started: read","operation":"read
","path":"C:\\Users\\NewAdmin\\Desktop\\File-Organizer-MCP\\test-fixtures\\unicode.txt","operationId":"1770814205016-ss
5znfgu3","maxBytes":10485760,"encoding":"utf-8"}

    [0m [90m 23 |[39m     }[33m;[39m
     [90m 24 |[39m
    [31m[1m>[22m[39m[90m 25 |[39m     
console[33m.[39merror([33mJSON[39m[33m.[39mstringify(entry))[33m;[39m [90m// stderr for stdio servers[39m
     [90m    |[39m             [31m[1m^[22m[39m
     [90m 26 |[39m   }
     [90m 27 |[39m
     [90m 28 |[39m   debug(message[33m:[39m string[33m,[39m context[33m?[39m[33m:[39m 
[33mRecord[39m[33m<[39m[33mstring[39m[33m,[39m any[33m>[39m) {[0m

      at Logger.log (src/utils/logger.ts:25:13)
      at Logger.info (src/utils/logger.ts:33:10)
      at ConsoleAuditLogger.logOperationStart (src/readers/factory.ts:48:12)
      at SecureFileReader.read (src/readers/secure-file-reader.ts:164:22)
          at async Promise.all (index 1)
      at Object.<anonymous> (src/readers/__tests__/integration.test.ts:177:23)

    console.error
      {"timestamp":"2026-02-11T12:50:05.018Z","level":"info","message":"File operation started: read","operation":"read
","path":"C:\\Users\\NewAdmin\\Desktop\\File-Organizer-MCP\\test-fixtures\\json.json","operationId":"1770814205016-dqb5
fwbj4","maxBytes":10485760,"encoding":"utf-8"}

    [0m [90m 23 |[39m     }[33m;[39m
     [90m 24 |[39m
    [31m[1m>[22m[39m[90m 25 |[39m     
console[33m.[39merror([33mJSON[39m[33m.[39mstringify(entry))[33m;[39m [90m// stderr for stdio servers[39m
     [90m    |[39m             [31m[1m^[22m[39m
     [90m 26 |[39m   }
     [90m 27 |[39m
     [90m 28 |[39m   debug(message[33m:[39m string[33m,[39m context[33m?[39m[33m:[39m 
[33mRecord[39m[33m<[39m[33mstring[39m[33m,[39m any[33m>[39m) {[0m

      at Logger.log (src/utils/logger.ts:25:13)
      at Logger.info (src/utils/logger.ts:33:10)
      at ConsoleAuditLogger.logOperationStart (src/readers/factory.ts:48:12)
      at SecureFileReader.read (src/readers/secure-file-reader.ts:164:22)
          at async Promise.all (index 2)
      at Object.<anonymous> (src/readers/__tests__/integration.test.ts:177:23)

    console.error
      {"timestamp":"2026-02-11T12:50:05.018Z","level":"info","message":"File operation started: read","operation":"read
","path":"C:\\Users\\NewAdmin\\Desktop\\File-Organizer-MCP\\test-fixtures\\multiline.txt","operationId":"1770814205016-
gio4uhl15","maxBytes":10485760,"encoding":"utf-8"}

    [0m [90m 23 |[39m     }[33m;[39m
     [90m 24 |[39m
    [31m[1m>[22m[39m[90m 25 |[39m     
console[33m.[39merror([33mJSON[39m[33m.[39mstringify(entry))[33m;[39m [90m// stderr for stdio servers[39m
     [90m    |[39m             [31m[1m^[22m[39m
     [90m 26 |[39m   }
     [90m 27 |[39m
     [90m 28 |[39m   debug(message[33m:[39m string[33m,[39m context[33m?[39m[33m:[39m 
[33mRecord[39m[33m<[39m[33mstring[39m[33m,[39m any[33m>[39m) {[0m

      at Logger.log (src/utils/logger.ts:25:13)
      at Logger.info (src/utils/logger.ts:33:10)
      at ConsoleAuditLogger.logOperationStart (src/readers/factory.ts:48:12)
      at SecureFileReader.read (src/readers/secure-file-reader.ts:164:22)
          at async Promise.all (index 3)
      at Object.<anonymous> (src/readers/__tests__/integration.test.ts:177:23)

    console.error
      {"timestamp":"2026-02-11T12:50:05.019Z","level":"info","message":"File operation completed: read","operation":"re
ad","path":"C:\\Users\\NewAdmin\\Desktop\\File-Organizer-MCP\\test-fixtures\\small.txt","status":"success","operationId
":"1770814205015-4aww9y9bf","bytesRead":13,"checksum":"dffd6021bb2bd5b0af676290809ec3a53191dd81c7f70a4b28688a362182986f
","streaming":false}

    [0m [90m 23 |[39m     }[33m;[39m
     [90m 24 |[39m
    [31m[1m>[22m[39m[90m 25 |[39m     
console[33m.[39merror([33mJSON[39m[33m.[39mstringify(entry))[33m;[39m [90m// stderr for stdio servers[39m
     [90m    |[39m             [31m[1m^[22m[39m
     [90m 26 |[39m   }
     [90m 27 |[39m
     [90m 28 |[39m   debug(message[33m:[39m string[33m,[39m context[33m?[39m[33m:[39m 
[33mRecord[39m[33m<[39m[33mstring[39m[33m,[39m any[33m>[39m) {[0m

      at Logger.log (src/utils/logger.ts:25:13)
      at Logger.info (src/utils/logger.ts:33:10)
      at ConsoleAuditLogger.logOperationSuccess (src/readers/factory.ts:60:12)
      at SecureFileReader.read (src/readers/secure-file-reader.ts:224:26)
          at async Promise.all (index 0)
      at Object.<anonymous> (src/readers/__tests__/integration.test.ts:177:23)

    console.error
      {"timestamp":"2026-02-11T12:50:05.020Z","level":"info","message":"File operation completed: read","operation":"re
ad","path":"C:\\Users\\NewAdmin\\Desktop\\File-Organizer-MCP\\test-fixtures\\unicode.txt","status":"success","operation
Id":"1770814205016-ss5znfgu3","bytesRead":19,"checksum":"4c5bbf8d24e5546714002205ec5658b5aebb19cf16a7029287daf72dfb71e9
01","streaming":false}

    [0m [90m 23 |[39m     }[33m;[39m
     [90m 24 |[39m
    [31m[1m>[22m[39m[90m 25 |[39m     
console[33m.[39merror([33mJSON[39m[33m.[39mstringify(entry))[33m;[39m [90m// stderr for stdio servers[39m
     [90m    |[39m             [31m[1m^[22m[39m
     [90m 26 |[39m   }
     [90m 27 |[39m
     [90m 28 |[39m   debug(message[33m:[39m string[33m,[39m context[33m?[39m[33m:[39m 
[33mRecord[39m[33m<[39m[33mstring[39m[33m,[39m any[33m>[39m) {[0m

      at Logger.log (src/utils/logger.ts:25:13)
      at Logger.info (src/utils/logger.ts:33:10)
      at ConsoleAuditLogger.logOperationSuccess (src/readers/factory.ts:60:12)
      at SecureFileReader.read (src/readers/secure-file-reader.ts:224:26)
          at async Promise.all (index 1)
      at Object.<anonymous> (src/readers/__tests__/integration.test.ts:177:23)

    console.error
      {"timestamp":"2026-02-11T12:50:05.020Z","level":"info","message":"File operation completed: read","operation":"re
ad","path":"C:\\Users\\NewAdmin\\Desktop\\File-Organizer-MCP\\test-fixtures\\json.json","status":"success","operationId
":"1770814205016-dqb5fwbj4","bytesRead":29,"checksum":"672a61860982ab9b5bd16b2576d6b4d4c79993462561256007cac171aaf2607a
","streaming":false}

    [0m [90m 23 |[39m     }[33m;[39m
     [90m 24 |[39m
    [31m[1m>[22m[39m[90m 25 |[39m     
console[33m.[39merror([33mJSON[39m[33m.[39mstringify(entry))[33m;[39m [90m// stderr for stdio servers[39m
     [90m    |[39m             [31m[1m^[22m[39m
     [90m 26 |[39m   }
     [90m 27 |[39m
     [90m 28 |[39m   debug(message[33m:[39m string[33m,[39m context[33m?[39m[33m:[39m 
[33mRecord[39m[33m<[39m[33mstring[39m[33m,[39m any[33m>[39m) {[0m

      at Logger.log (src/utils/logger.ts:25:13)
      at Logger.info (src/utils/logger.ts:33:10)
      at ConsoleAuditLogger.logOperationSuccess (src/readers/factory.ts:60:12)
      at SecureFileReader.read (src/readers/secure-file-reader.ts:224:26)
          at async Promise.all (index 2)
      at Object.<anonymous> (src/readers/__tests__/integration.test.ts:177:23)

    console.error
      {"timestamp":"2026-02-11T12:50:05.021Z","level":"info","message":"File operation completed: read","operation":"re
ad","path":"C:\\Users\\NewAdmin\\Desktop\\File-Organizer-MCP\\test-fixtures\\multiline.txt","status":"success","operati
onId":"1770814205016-gio4uhl15","bytesRead":20,"checksum":"391ba54caa9e9da3dd31dca1eff275e706979e76c1f60c91401f0624734f
52b0","streaming":false}

    [0m [90m 23 |[39m     }[33m;[39m
     [90m 24 |[39m
    [31m[1m>[22m[39m[90m 25 |[39m     
console[33m.[39merror([33mJSON[39m[33m.[39mstringify(entry))[33m;[39m [90m// stderr for stdio servers[39m
     [90m    |[39m             [31m[1m^[22m[39m
     [90m 26 |[39m   }
     [90m 27 |[39m
     [90m 28 |[39m   debug(message[33m:[39m string[33m,[39m context[33m?[39m[33m:[39m 
[33mRecord[39m[33m<[39m[33mstring[39m[33m,[39m any[33m>[39m) {[0m

      at Logger.log (src/utils/logger.ts:25:13)
      at Logger.info (src/utils/logger.ts:33:10)
      at ConsoleAuditLogger.logOperationSuccess (src/readers/factory.ts:60:12)
      at SecureFileReader.read (src/readers/secure-file-reader.ts:224:26)
          at async Promise.all (index 3)
      at Object.<anonymous> (src/readers/__tests__/integration.test.ts:177:23)

    console.error
      {"timestamp":"2026-02-11T12:50:05.027Z","level":"info","message":"File operation started: read","operation":"read
","path":"C:\\Users\\NewAdmin\\Desktop\\File-Organizer-MCP\\test-fixtures\\unicode.txt","operationId":"1770814205026-nh
dw74bw1","maxBytes":10485760,"encoding":"utf-8"}

    [0m [90m 23 |[39m     }[33m;[39m
     [90m 24 |[39m
    [31m[1m>[22m[39m[90m 25 |[39m     
console[33m.[39merror([33mJSON[39m[33m.[39mstringify(entry))[33m;[39m [90m// stderr for stdio servers[39m
     [90m    |[39m             [31m[1m^[22m[39m
     [90m 26 |[39m   }
     [90m 27 |[39m
     [90m 28 |[39m   debug(message[33m:[39m string[33m,[39m context[33m?[39m[33m:[39m 
[33mRecord[39m[33m<[39m[33mstring[39m[33m,[39m any[33m>[39m) {[0m

      at Logger.log (src/utils/logger.ts:25:13)
      at Logger.info (src/utils/logger.ts:33:10)
      at ConsoleAuditLogger.logOperationStart (src/readers/factory.ts:48:12)
      at SecureFileReader.read (src/readers/secure-file-reader.ts:164:22)
          at async Promise.all (index 2)
      at Object.<anonymous> (src/readers/__tests__/integration.test.ts:195:23)

    console.error
      {"timestamp":"2026-02-11T12:50:05.027Z","level":"info","message":"File operation started: read","operation":"read
","path":"C:\\Users\\NewAdmin\\Desktop\\File-Organizer-MCP\\test-fixtures\\small.txt","operationId":"1770814205025-o9wj
yda5k","maxBytes":10485760,"encoding":"utf-8"}

    [0m [90m 23 |[39m     }[33m;[39m
     [90m 24 |[39m
    [31m[1m>[22m[39m[90m 25 |[39m     
console[33m.[39merror([33mJSON[39m[33m.[39mstringify(entry))[33m;[39m [90m// stderr for stdio servers[39m
     [90m    |[39m             [31m[1m^[22m[39m
     [90m 26 |[39m   }
     [90m 27 |[39m
     [90m 28 |[39m   debug(message[33m:[39m string[33m,[39m context[33m?[39m[33m:[39m 
[33mRecord[39m[33m<[39m[33mstring[39m[33m,[39m any[33m>[39m) {[0m

      at Logger.log (src/utils/logger.ts:25:13)
      at Logger.info (src/utils/logger.ts:33:10)
      at ConsoleAuditLogger.logOperationStart (src/readers/factory.ts:48:12)
      at SecureFileReader.read (src/readers/secure-file-reader.ts:164:22)
          at async Promise.all (index 0)
      at Object.<anonymous> (src/readers/__tests__/integration.test.ts:195:23)

    console.error
      {"timestamp":"2026-02-11T12:50:05.029Z","level":"info","message":"File operation completed: read","operation":"re
ad","path":"C:\\Users\\NewAdmin\\Desktop\\File-Organizer-MCP\\test-fixtures\\unicode.txt","status":"success","operation
Id":"1770814205026-nhdw74bw1","bytesRead":19,"checksum":"4c5bbf8d24e5546714002205ec5658b5aebb19cf16a7029287daf72dfb71e9
01","streaming":false}

    [0m [90m 23 |[39m     }[33m;[39m
     [90m 24 |[39m
    [31m[1m>[22m[39m[90m 25 |[39m     
console[33m.[39merror([33mJSON[39m[33m.[39mstringify(entry))[33m;[39m [90m// stderr for stdio servers[39m
     [90m    |[39m             [31m[1m^[22m[39m
     [90m 26 |[39m   }
     [90m 27 |[39m
     [90m 28 |[39m   debug(message[33m:[39m string[33m,[39m context[33m?[39m[33m:[39m 
[33mRecord[39m[33m<[39m[33mstring[39m[33m,[39m any[33m>[39m) {[0m

      at Logger.log (src/utils/logger.ts:25:13)
      at Logger.info (src/utils/logger.ts:33:10)
      at ConsoleAuditLogger.logOperationSuccess (src/readers/factory.ts:60:12)
      at SecureFileReader.read (src/readers/secure-file-reader.ts:224:26)
          at async Promise.all (index 2)
      at Object.<anonymous> (src/readers/__tests__/integration.test.ts:195:23)

    console.error
      {"timestamp":"2026-02-11T12:50:05.029Z","level":"info","message":"File operation completed: read","operation":"re
ad","path":"C:\\Users\\NewAdmin\\Desktop\\File-Organizer-MCP\\test-fixtures\\small.txt","status":"success","operationId
":"1770814205025-o9wjyda5k","bytesRead":13,"checksum":"dffd6021bb2bd5b0af676290809ec3a53191dd81c7f70a4b28688a362182986f
","streaming":false}

    [0m [90m 23 |[39m     }[33m;[39m
     [90m 24 |[39m
    [31m[1m>[22m[39m[90m 25 |[39m     
console[33m.[39merror([33mJSON[39m[33m.[39mstringify(entry))[33m;[39m [90m// stderr for stdio servers[39m
     [90m    |[39m             [31m[1m^[22m[39m
     [90m 26 |[39m   }
     [90m 27 |[39m
     [90m 28 |[39m   debug(message[33m:[39m string[33m,[39m context[33m?[39m[33m:[39m 
[33mRecord[39m[33m<[39m[33mstring[39m[33m,[39m any[33m>[39m) {[0m

      at Logger.log (src/utils/logger.ts:25:13)
      at Logger.info (src/utils/logger.ts:33:10)
      at ConsoleAuditLogger.logOperationSuccess (src/readers/factory.ts:60:12)
      at SecureFileReader.read (src/readers/secure-file-reader.ts:224:26)
          at async Promise.all (index 0)
      at Object.<anonymous> (src/readers/__tests__/integration.test.ts:195:23)

    console.error
      {"timestamp":"2026-02-11T12:50:05.031Z","level":"info","message":"File operation started: readStream","operation"
:"readStream","path":"C:\\Users\\NewAdmin\\Desktop\\File-Organizer-MCP\\test-fixtures\\small.txt","operationId":"177081
4205031-u2osn0bla","maxBytes":10485760}

    [0m [90m 23 |[39m     }[33m;[39m
     [90m 24 |[39m
    [31m[1m>[22m[39m[90m 25 |[39m     
console[33m.[39merror([33mJSON[39m[33m.[39mstringify(entry))[33m;[39m [90m// stderr for stdio servers[39m
     [90m    |[39m             [31m[1m^[22m[39m
     [90m 26 |[39m   }
     [90m 27 |[39m
     [90m 28 |[39m   debug(message[33m:[39m string[33m,[39m context[33m?[39m[33m:[39m 
[33mRecord[39m[33m<[39m[33mstring[39m[33m,[39m any[33m>[39m) {[0m

      at Logger.log (src/utils/logger.ts:25:13)
      at Logger.info (src/utils/logger.ts:33:10)
      at ConsoleAuditLogger.logOperationStart (src/readers/factory.ts:48:12)
      at SecureFileReader.readStream (src/readers/secure-file-reader.ts:283:22)
      at Object.<anonymous> (src/readers/__tests__/integration.test.ts:210:22)

    console.error
      {"timestamp":"2026-02-11T12:50:05.034Z","level":"info","message":"File operation started: readBuffer","operation"
:"readBuffer","path":"C:\\Users\\NewAdmin\\Desktop\\File-Organizer-MCP\\test-fixtures\\small.txt","operationId":"177081
4205033-vfjq2ssl0","maxBytes":10485760}

    [0m [90m 23 |[39m     }[33m;[39m
     [90m 24 |[39m
    [31m[1m>[22m[39m[90m 25 |[39m     
console[33m.[39merror([33mJSON[39m[33m.[39mstringify(entry))[33m;[39m [90m// stderr for stdio servers[39m
     [90m    |[39m             [31m[1m^[22m[39m
     [90m 26 |[39m   }
     [90m 27 |[39m
     [90m 28 |[39m   debug(message[33m:[39m string[33m,[39m context[33m?[39m[33m:[39m 
[33mRecord[39m[33m<[39m[33mstring[39m[33m,[39m any[33m>[39m) {[0m

      at Logger.log (src/utils/logger.ts:25:13)
      at Logger.info (src/utils/logger.ts:33:10)
      at ConsoleAuditLogger.logOperationStart (src/readers/factory.ts:48:12)
      at SecureFileReader.readBuffer (src/readers/secure-file-reader.ts:355:22)
      at Object.<anonymous> (src/readers/__tests__/integration.test.ts:221:22)

    console.error
      {"timestamp":"2026-02-11T12:50:05.035Z","level":"info","message":"File operation completed: readBuffer","operatio
n":"readBuffer","path":"C:\\Users\\NewAdmin\\Desktop\\File-Organizer-MCP\\test-fixtures\\small.txt","status":"success",
"operationId":"1770814205033-vfjq2ssl0","bytesRead":13,"checksum":"dffd6021bb2bd5b0af676290809ec3a53191dd81c7f70a4b2868
8a362182986f"}

    [0m [90m 23 |[39m     }[33m;[39m
     [90m 24 |[39m
    [31m[1m>[22m[39m[90m 25 |[39m     
console[33m.[39merror([33mJSON[39m[33m.[39mstringify(entry))[33m;[39m [90m// stderr for stdio servers[39m
     [90m    |[39m             [31m[1m^[22m[39m
     [90m 26 |[39m   }
     [90m 27 |[39m
     [90m 28 |[39m   debug(message[33m:[39m string[33m,[39m context[33m?[39m[33m:[39m 
[33mRecord[39m[33m<[39m[33mstring[39m[33m,[39m any[33m>[39m) {[0m

      at Logger.log (src/utils/logger.ts:25:13)
      at Logger.info (src/utils/logger.ts:33:10)
      at ConsoleAuditLogger.logOperationSuccess (src/readers/factory.ts:60:12)
      at SecureFileReader.readBuffer (src/readers/secure-file-reader.ts:412:24)
      at Object.<anonymous> (src/readers/__tests__/integration.test.ts:221:22)

    console.error
      {"timestamp":"2026-02-11T12:50:05.037Z","level":"info","message":"File operation started: read","operation":"read
","path":"C:\\Users\\NewAdmin\\Desktop\\File-Organizer-MCP\\test-fixtures\\json.json","operationId":"1770814205037-1bst
o9lf2","maxBytes":10485760,"encoding":"utf-8"}

    [0m [90m 23 |[39m     }[33m;[39m
     [90m 24 |[39m
    [31m[1m>[22m[39m[90m 25 |[39m     
console[33m.[39merror([33mJSON[39m[33m.[39mstringify(entry))[33m;[39m [90m// stderr for stdio servers[39m
     [90m    |[39m             [31m[1m^[22m[39m
     [90m 26 |[39m   }
     [90m 27 |[39m
     [90m 28 |[39m   debug(message[33m:[39m string[33m,[39m context[33m?[39m[33m:[39m 
[33mRecord[39m[33m<[39m[33mstring[39m[33m,[39m any[33m>[39m) {[0m

      at Logger.log (src/utils/logger.ts:25:13)
      at Logger.info (src/utils/logger.ts:33:10)
      at ConsoleAuditLogger.logOperationStart (src/readers/factory.ts:48:12)
      at SecureFileReader.read (src/readers/secure-file-reader.ts:164:22)
      at Object.<anonymous> (src/readers/__tests__/integration.test.ts:236:22)

    console.error
      {"timestamp":"2026-02-11T12:50:05.040Z","level":"info","message":"File operation completed: read","operation":"re
ad","path":"C:\\Users\\NewAdmin\\Desktop\\File-Organizer-MCP\\test-fixtures\\json.json","status":"success","operationId
":"1770814205037-1bsto9lf2","bytesRead":29,"checksum":"672a61860982ab9b5bd16b2576d6b4d4c79993462561256007cac171aaf2607a
","streaming":false}

    [0m [90m 23 |[39m     }[33m;[39m
     [90m 24 |[39m
    [31m[1m>[22m[39m[90m 25 |[39m     
console[33m.[39merror([33mJSON[39m[33m.[39mstringify(entry))[33m;[39m [90m// stderr for stdio servers[39m
     [90m    |[39m             [31m[1m^[22m[39m
     [90m 26 |[39m   }
     [90m 27 |[39m
     [90m 28 |[39m   debug(message[33m:[39m string[33m,[39m context[33m?[39m[33m:[39m 
[33mRecord[39m[33m<[39m[33mstring[39m[33m,[39m any[33m>[39m) {[0m

      at Logger.log (src/utils/logger.ts:25:13)
      at Logger.info (src/utils/logger.ts:33:10)
      at ConsoleAuditLogger.logOperationSuccess (src/readers/factory.ts:60:12)
      at SecureFileReader.read (src/readers/secure-file-reader.ts:224:26)
      at Object.<anonymous> (src/readers/__tests__/integration.test.ts:236:22)

    console.error
      {"timestamp":"2026-02-11T12:50:05.045Z","level":"info","message":"File operation started: read","operation":"read
","path":"C:\\Users\\NewAdmin\\Desktop\\File-Organizer-MCP\\test-fixtures\\small.txt","operationId":"1770814205044-tl4e
x8x90","maxBytes":100,"encoding":"utf-8"}

    [0m [90m 23 |[39m     }[33m;[39m
     [90m 24 |[39m
    [31m[1m>[22m[39m[90m 25 |[39m     
console[33m.[39merror([33mJSON[39m[33m.[39mstringify(entry))[33m;[39m [90m// stderr for stdio servers[39m
     [90m    |[39m             [31m[1m^[22m[39m
     [90m 26 |[39m   }
     [90m 27 |[39m
     [90m 28 |[39m   debug(message[33m:[39m string[33m,[39m context[33m?[39m[33m:[39m 
[33mRecord[39m[33m<[39m[33mstring[39m[33m,[39m any[33m>[39m) {[0m

      at Logger.log (src/utils/logger.ts:25:13)
      at Logger.info (src/utils/logger.ts:33:10)
      at ConsoleAuditLogger.logOperationStart (src/readers/factory.ts:48:12)
      at SecureFileReader.read (src/readers/secure-file-reader.ts:164:22)
      at Object.<anonymous> (src/readers/__tests__/integration.test.ts:245:22)

    console.error
      {"timestamp":"2026-02-11T12:50:05.046Z","level":"info","message":"File operation completed: read","operation":"re
ad","path":"C:\\Users\\NewAdmin\\Desktop\\File-Organizer-MCP\\test-fixtures\\small.txt","status":"success","operationId
":"1770814205044-tl4ex8x90","bytesRead":13,"checksum":"dffd6021bb2bd5b0af676290809ec3a53191dd81c7f70a4b28688a362182986f
","streaming":false}

    [0m [90m 23 |[39m     }[33m;[39m
     [90m 24 |[39m
    [31m[1m>[22m[39m[90m 25 |[39m     
console[33m.[39merror([33mJSON[39m[33m.[39mstringify(entry))[33m;[39m [90m// stderr for stdio servers[39m
     [90m    |[39m             [31m[1m^[22m[39m
     [90m 26 |[39m   }
     [90m 27 |[39m
     [90m 28 |[39m   debug(message[33m:[39m string[33m,[39m context[33m?[39m[33m:[39m 
[33mRecord[39m[33m<[39m[33mstring[39m[33m,[39m any[33m>[39m) {[0m

      at Logger.log (src/utils/logger.ts:25:13)
      at Logger.info (src/utils/logger.ts:33:10)
      at ConsoleAuditLogger.logOperationSuccess (src/readers/factory.ts:60:12)
      at SecureFileReader.read (src/readers/secure-file-reader.ts:224:26)
      at Object.<anonymous> (src/readers/__tests__/integration.test.ts:245:22)

    console.error
      {"timestamp":"2026-02-11T12:50:05.047Z","level":"info","message":"File operation started: read","operation":"read
","path":"C:\\Users\\NewAdmin\\Desktop\\File-Organizer-MCP\\test-fixtures\\multiline.txt","operationId":"1770814205047-
h2y5tcif0","maxBytes":100,"encoding":"utf-8"}

    [0m [90m 23 |[39m     }[33m;[39m
     [90m 24 |[39m
    [31m[1m>[22m[39m[90m 25 |[39m     
console[33m.[39merror([33mJSON[39m[33m.[39mstringify(entry))[33m;[39m [90m// stderr for stdio servers[39m
     [90m    |[39m             [31m[1m^[22m[39m
     [90m 26 |[39m   }
     [90m 27 |[39m
     [90m 28 |[39m   debug(message[33m:[39m string[33m,[39m context[33m?[39m[33m:[39m 
[33mRecord[39m[33m<[39m[33mstring[39m[33m,[39m any[33m>[39m) {[0m

      at Logger.log (src/utils/logger.ts:25:13)
      at Logger.info (src/utils/logger.ts:33:10)
      at ConsoleAuditLogger.logOperationStart (src/readers/factory.ts:48:12)
      at SecureFileReader.read (src/readers/secure-file-reader.ts:164:22)
      at Object.<anonymous> (src/readers/__tests__/integration.test.ts:254:22)

    console.error
      {"timestamp":"2026-02-11T12:50:05.048Z","level":"info","message":"File operation completed: read","operation":"re
ad","path":"C:\\Users\\NewAdmin\\Desktop\\File-Organizer-MCP\\test-fixtures\\multiline.txt","status":"success","operati
onId":"1770814205047-h2y5tcif0","bytesRead":20,"checksum":"391ba54caa9e9da3dd31dca1eff275e706979e76c1f60c91401f0624734f
52b0","streaming":false}

    [0m [90m 23 |[39m     }[33m;[39m
     [90m 24 |[39m
    [31m[1m>[22m[39m[90m 25 |[39m     
console[33m.[39merror([33mJSON[39m[33m.[39mstringify(entry))[33m;[39m [90m// stderr for stdio servers[39m
     [90m    |[39m             [31m[1m^[22m[39m
     [90m 26 |[39m   }
     [90m 27 |[39m
     [90m 28 |[39m   debug(message[33m:[39m string[33m,[39m context[33m?[39m[33m:[39m 
[33mRecord[39m[33m<[39m[33mstring[39m[33m,[39m any[33m>[39m) {[0m

      at Logger.log (src/utils/logger.ts:25:13)
      at Logger.info (src/utils/logger.ts:33:10)
      at ConsoleAuditLogger.logOperationSuccess (src/readers/factory.ts:60:12)
      at SecureFileReader.read (src/readers/secure-file-reader.ts:224:26)
      at Object.<anonymous> (src/readers/__tests__/integration.test.ts:254:22)

PASS tests/unit/tools/file-inspection.test.ts
PASS tests/integration/services/renaming-integration.test.ts
  ÔùÅ Console

    console.error
      {"timestamp":"2026-02-11T12:50:07.152Z","level":"info","message":"Created rollback manifest: 
4d1f9b8a-8a84-4a85-853c-76bde5c13ed1 (2 actions)"}

    [0m [90m 23 |[39m     }[33m;[39m
     [90m 24 |[39m
    [31m[1m>[22m[39m[90m 25 |[39m     
console[33m.[39merror([33mJSON[39m[33m.[39mstringify(entry))[33m;[39m [90m// stderr for stdio servers[39m
     [90m    |[39m             [31m[1m^[22m[39m
     [90m 26 |[39m   }
     [90m 27 |[39m
     [90m 28 |[39m   debug(message[33m:[39m string[33m,[39m context[33m?[39m[33m:[39m 
[33mRecord[39m[33m<[39m[33mstring[39m[33m,[39m any[33m>[39m) {[0m

      at Logger.log (src/utils/logger.ts:25:13)
      at Logger.info (src/utils/logger.ts:33:10)
      at RollbackService.createManifest (src/services/rollback.service.ts:59:12)
      at RenamingService.executeRename (src/services/renaming.service.ts:311:7)
      at Object.<anonymous> (tests/integration/services/renaming-integration.test.ts:58:20)

    console.error
      {"timestamp":"2026-02-11T12:50:07.167Z","level":"info","message":"Created rollback manifest: 
fb663018-b776-4d4e-904e-6e2f28fdfa37 (1 actions)"}

    [0m [90m 23 |[39m     }[33m;[39m
     [90m 24 |[39m
    [31m[1m>[22m[39m[90m 25 |[39m     
console[33m.[39merror([33mJSON[39m[33m.[39mstringify(entry))[33m;[39m [90m// stderr for stdio servers[39m
     [90m    |[39m             [31m[1m^[22m[39m
     [90m 26 |[39m   }
     [90m 27 |[39m
     [90m 28 |[39m   debug(message[33m:[39m string[33m,[39m context[33m?[39m[33m:[39m 
[33mRecord[39m[33m<[39m[33mstring[39m[33m,[39m any[33m>[39m) {[0m

      at Logger.log (src/utils/logger.ts:25:13)
      at Logger.info (src/utils/logger.ts:33:10)
      at RollbackService.createManifest (src/services/rollback.service.ts:59:12)
      at RenamingService.executeRename (src/services/renaming.service.ts:311:7)
      at Object.<anonymous> (tests/integration/services/renaming-integration.test.ts:101:20)

    console.error
      {"timestamp":"2026-02-11T12:50:07.184Z","level":"info","message":"Created rollback manifest: 
ea5cbd8f-2bc4-4bbe-9fce-5719fa0b3146 (1 actions)"}

    [0m [90m 23 |[39m     }[33m;[39m
     [90m 24 |[39m
    [31m[1m>[22m[39m[90m 25 |[39m     
console[33m.[39merror([33mJSON[39m[33m.[39mstringify(entry))[33m;[39m [90m// stderr for stdio servers[39m
     [90m    |[39m             [31m[1m^[22m[39m
     [90m 26 |[39m   }
     [90m 27 |[39m
     [90m 28 |[39m   debug(message[33m:[39m string[33m,[39m context[33m?[39m[33m:[39m 
[33mRecord[39m[33m<[39m[33mstring[39m[33m,[39m any[33m>[39m) {[0m

      at Logger.log (src/utils/logger.ts:25:13)
      at Logger.info (src/utils/logger.ts:33:10)
      at RollbackService.createManifest (src/services/rollback.service.ts:59:12)
      at RenamingService.executeRename (src/services/renaming.service.ts:311:7)
      at Object.<anonymous> (tests/integration/services/renaming-integration.test.ts:154:20)

PASS tests/unit/tools/file-organization.test.ts
  ÔùÅ Console

    console.error
      {"timestamp":"2026-02-11T12:50:08.015Z","level":"info","message":"Created rollback manifest: 
4aeafc47-7e7f-4906-9ec8-df7d56939a76 (1 actions)"}

    [0m [90m 23 |[39m     }[33m;[39m
     [90m 24 |[39m
    [31m[1m>[22m[39m[90m 25 |[39m     
console[33m.[39merror([33mJSON[39m[33m.[39mstringify(entry))[33m;[39m [90m// stderr for stdio servers[39m
     [90m    |[39m             [31m[1m^[22m[39m
     [90m 26 |[39m   }
     [90m 27 |[39m
     [90m 28 |[39m   debug(message[33m:[39m string[33m,[39m context[33m?[39m[33m:[39m 
[33mRecord[39m[33m<[39m[33mstring[39m[33m,[39m any[33m>[39m) {[0m

      at Logger.log (src/utils/logger.ts:25:13)
      at Logger.info (src/utils/logger.ts:33:10)
      at RollbackService.createManifest (src/services/rollback.service.ts:59:12)
      at OrganizerService.organize (src/services/organizer.service.ts:420:9)
      at handleOrganizeFiles (src/tools/file-organization.ts:93:45)
      at Object.<anonymous> (tests/unit/tools/file-organization.test.ts:34:24)

PASS tests/unit/services/streaming-scanner.test.ts
PASS tests/integration/metadata-collection.test.ts
  ÔùÅ Console

    console.error
      {"timestamp":"2026-02-11T12:50:09.199Z","level":"info","message":"MetadataCacheService initialized","cacheDir":"C
:\\Users\\NewAdmin\\Desktop\\File-Organizer-MCP\\.cache","maxAge":604800000,"maxEntries":10000}

    [0m [90m 23 |[39m     }[33m;[39m
     [90m 24 |[39m
    [31m[1m>[22m[39m[90m 25 |[39m     
console[33m.[39merror([33mJSON[39m[33m.[39mstringify(entry))[33m;[39m [90m// stderr for stdio servers[39m
     [90m    |[39m             [31m[1m^[22m[39m
     [90m 26 |[39m   }
     [90m 27 |[39m
     [90m 28 |[39m   debug(message[33m:[39m string[33m,[39m context[33m?[39m[33m:[39m 
[33mRecord[39m[33m<[39m[33mstring[39m[33m,[39m any[33m>[39m) {[0m

      at Logger.log (src/utils/logger.ts:25:13)
      at Logger.info (src/utils/logger.ts:33:10)
      at new MetadataCacheService (src/services/metadata-cache.service.ts:42:12)
      at src/services/metadata-cache.service.ts:556:36

    console.error
      {"timestamp":"2026-02-11T12:50:09.213Z","level":"info","message":"Starting music organization","sourceDir":"C:\\U
sers\\NewAdmin\\Desktop\\File-Organizer-MCP\\tests\\temp\\music-collection-OKez2N\\source","targetDir":"C:\\Users\\NewA
dmin\\Desktop\\File-Organizer-MCP\\tests\\temp\\music-collection-OKez2N\\target","structure":"flat"}

    [0m [90m 23 |[39m     }[33m;[39m
     [90m 24 |[39m
    [31m[1m>[22m[39m[90m 25 |[39m     
console[33m.[39merror([33mJSON[39m[33m.[39mstringify(entry))[33m;[39m [90m// stderr for stdio servers[39m
     [90m    |[39m             [31m[1m^[22m[39m
     [90m 26 |[39m   }
     [90m 27 |[39m
     [90m 28 |[39m   debug(message[33m:[39m string[33m,[39m context[33m?[39m[33m:[39m 
[33mRecord[39m[33m<[39m[33mstring[39m[33m,[39m any[33m>[39m) {[0m

      at Logger.log (src/utils/logger.ts:25:13)
      at Logger.info (src/utils/logger.ts:33:10)
      at MusicOrganizerService.organize (src/services/music-organizer.service.ts:101:12)
      at Object.<anonymous> (tests/integration/metadata-collection.test.ts:82:41)

    console.error
      {"timestamp":"2026-02-11T12:50:09.225Z","level":"info","message":"Found 1 audio files to organize"}

    [0m [90m 23 |[39m     }[33m;[39m
     [90m 24 |[39m
    [31m[1m>[22m[39m[90m 25 |[39m     
console[33m.[39merror([33mJSON[39m[33m.[39mstringify(entry))[33m;[39m [90m// stderr for stdio servers[39m
     [90m    |[39m             [31m[1m^[22m[39m
     [90m 26 |[39m   }
     [90m 27 |[39m
     [90m 28 |[39m   debug(message[33m:[39m string[33m,[39m context[33m?[39m[33m:[39m 
[33mRecord[39m[33m<[39m[33mstring[39m[33m,[39m any[33m>[39m) {[0m

      at Logger.log (src/utils/logger.ts:25:13)
      at Logger.info (src/utils/logger.ts:33:10)
      at MusicOrganizerService.organize (src/services/music-organizer.service.ts:113:14)
      at Object.<anonymous> (tests/integration/metadata-collection.test.ts:82:20)

    console.error
      {"timestamp":"2026-02-11T12:50:09.225Z","level":"info","message":"Extracting metadata from: 
C:\\Users\\NewAdmin\\Desktop\\File-Organizer-MCP\\tests\\temp\\music-collection-OKez2N\\source\\test.mp3"}

    [0m [90m 23 |[39m     }[33m;[39m
     [90m 24 |[39m
    [31m[1m>[22m[39m[90m 25 |[39m     
console[33m.[39merror([33mJSON[39m[33m.[39mstringify(entry))[33m;[39m [90m// stderr for stdio servers[39m
     [90m    |[39m             [31m[1m^[22m[39m
     [90m 26 |[39m   }
     [90m 27 |[39m
     [90m 28 |[39m   debug(message[33m:[39m string[33m,[39m context[33m?[39m[33m:[39m 
[33mRecord[39m[33m<[39m[33mstring[39m[33m,[39m any[33m>[39m) {[0m

      at Logger.log (src/utils/logger.ts:25:13)
      at Logger.info (src/utils/logger.ts:33:10)
      at AudioMetadataService.extract (src/services/audio-metadata.service.ts:73:12)
      at MusicOrganizerService.planOrganization (src/services/music-organizer.service.ts:366:58)
      at MusicOrganizerService.organize (src/services/music-organizer.service.ts:116:37)
      at Object.<anonymous> (tests/integration/metadata-collection.test.ts:82:20)

    console.error
      {"timestamp":"2026-02-11T12:50:09.226Z","level":"info","message":"Metadata extracted in 1ms: 
C:\\Users\\NewAdmin\\Desktop\\File-Organizer-MCP\\tests\\temp\\music-collection-OKez2N\\source\\test.mp3"}

    [0m [90m 23 |[39m     }[33m;[39m
     [90m 24 |[39m
    [31m[1m>[22m[39m[90m 25 |[39m     
console[33m.[39merror([33mJSON[39m[33m.[39mstringify(entry))[33m;[39m [90m// stderr for stdio servers[39m
     [90m    |[39m             [31m[1m^[22m[39m
     [90m 26 |[39m   }
     [90m 27 |[39m
     [90m 28 |[39m   debug(message[33m:[39m string[33m,[39m context[33m?[39m[33m:[39m 
[33mRecord[39m[33m<[39m[33mstring[39m[33m,[39m any[33m>[39m) {[0m

      at Logger.log (src/utils/logger.ts:25:13)
      at Logger.info (src/utils/logger.ts:33:10)
      at AudioMetadataService.extract (src/services/audio-metadata.service.ts:120:14)
      at MusicOrganizerService.planOrganization (src/services/music-organizer.service.ts:366:26)
      at MusicOrganizerService.organize (src/services/music-organizer.service.ts:116:26)
      at Object.<anonymous> (tests/integration/metadata-collection.test.ts:82:20)

    console.error
      {"timestamp":"2026-02-11T12:50:09.229Z","level":"info","message":"Music organization 
completed","organized":1,"skipped":0,"errors":0}

    [0m [90m 23 |[39m     }[33m;[39m
     [90m 24 |[39m
    [31m[1m>[22m[39m[90m 25 |[39m     
console[33m.[39merror([33mJSON[39m[33m.[39mstringify(entry))[33m;[39m [90m// stderr for stdio servers[39m
     [90m    |[39m             [31m[1m^[22m[39m
     [90m 26 |[39m   }
     [90m 27 |[39m
     [90m 28 |[39m   debug(message[33m:[39m string[33m,[39m context[33m?[39m[33m:[39m 
[33mRecord[39m[33m<[39m[33mstring[39m[33m,[39m any[33m>[39m) {[0m

      at Logger.log (src/utils/logger.ts:25:13)
      at Logger.info (src/utils/logger.ts:33:10)
      at MusicOrganizerService.organize (src/services/music-organizer.service.ts:121:14)
      at Object.<anonymous> (tests/integration/metadata-collection.test.ts:82:20)

    console.error
      {"timestamp":"2026-02-11T12:50:09.239Z","level":"info","message":"Starting music organization","sourceDir":"C:\\U
sers\\NewAdmin\\Desktop\\File-Organizer-MCP\\tests\\temp\\music-collection-1XdtwW\\source","targetDir":"C:\\Users\\NewA
dmin\\Desktop\\File-Organizer-MCP\\tests\\temp\\music-collection-1XdtwW\\target","structure":"flat"}

    [0m [90m 23 |[39m     }[33m;[39m
     [90m 24 |[39m
    [31m[1m>[22m[39m[90m 25 |[39m     
console[33m.[39merror([33mJSON[39m[33m.[39mstringify(entry))[33m;[39m [90m// stderr for stdio servers[39m
     [90m    |[39m             [31m[1m^[22m[39m
     [90m 26 |[39m   }
     [90m 27 |[39m
     [90m 28 |[39m   debug(message[33m:[39m string[33m,[39m context[33m?[39m[33m:[39m 
[33mRecord[39m[33m<[39m[33mstring[39m[33m,[39m any[33m>[39m) {[0m

      at Logger.log (src/utils/logger.ts:25:13)
      at Logger.info (src/utils/logger.ts:33:10)
      at MusicOrganizerService.organize (src/services/music-organizer.service.ts:101:12)
      at Object.<anonymous> (tests/integration/metadata-collection.test.ts:124:41)

    console.error
      {"timestamp":"2026-02-11T12:50:09.242Z","level":"info","message":"Found 1 audio files to organize"}

    [0m [90m 23 |[39m     }[33m;[39m
     [90m 24 |[39m
    [31m[1m>[22m[39m[90m 25 |[39m     
console[33m.[39merror([33mJSON[39m[33m.[39mstringify(entry))[33m;[39m [90m// stderr for stdio servers[39m
     [90m    |[39m             [31m[1m^[22m[39m
     [90m 26 |[39m   }
     [90m 27 |[39m
     [90m 28 |[39m   debug(message[33m:[39m string[33m,[39m context[33m?[39m[33m:[39m 
[33mRecord[39m[33m<[39m[33mstring[39m[33m,[39m any[33m>[39m) {[0m

      at Logger.log (src/utils/logger.ts:25:13)
      at Logger.info (src/utils/logger.ts:33:10)
      at MusicOrganizerService.organize (src/services/music-organizer.service.ts:113:14)
      at Object.<anonymous> (tests/integration/metadata-collection.test.ts:124:20)

    console.error
      {"timestamp":"2026-02-11T12:50:09.242Z","level":"info","message":"Extracting metadata from: 
C:\\Users\\NewAdmin\\Desktop\\File-Organizer-MCP\\tests\\temp\\music-collection-1XdtwW\\source\\no-artist.mp3"}

    [0m [90m 23 |[39m     }[33m;[39m
     [90m 24 |[39m
    [31m[1m>[22m[39m[90m 25 |[39m     
console[33m.[39merror([33mJSON[39m[33m.[39mstringify(entry))[33m;[39m [90m// stderr for stdio servers[39m
     [90m    |[39m             [31m[1m^[22m[39m
     [90m 26 |[39m   }
     [90m 27 |[39m
     [90m 28 |[39m   debug(message[33m:[39m string[33m,[39m context[33m?[39m[33m:[39m 
[33mRecord[39m[33m<[39m[33mstring[39m[33m,[39m any[33m>[39m) {[0m

      at Logger.log (src/utils/logger.ts:25:13)
      at Logger.info (src/utils/logger.ts:33:10)
      at AudioMetadataService.extract (src/services/audio-metadata.service.ts:73:12)
      at MusicOrganizerService.planOrganization (src/services/music-organizer.service.ts:366:58)
      at MusicOrganizerService.organize (src/services/music-organizer.service.ts:116:37)
      at Object.<anonymous> (tests/integration/metadata-collection.test.ts:124:20)

    console.error
      {"timestamp":"2026-02-11T12:50:09.244Z","level":"info","message":"Metadata extracted in 2ms: 
C:\\Users\\NewAdmin\\Desktop\\File-Organizer-MCP\\tests\\temp\\music-collection-1XdtwW\\source\\no-artist.mp3"}

    [0m [90m 23 |[39m     }[33m;[39m
     [90m 24 |[39m
    [31m[1m>[22m[39m[90m 25 |[39m     
console[33m.[39merror([33mJSON[39m[33m.[39mstringify(entry))[33m;[39m [90m// stderr for stdio servers[39m
     [90m    |[39m             [31m[1m^[22m[39m
     [90m 26 |[39m   }
     [90m 27 |[39m
     [90m 28 |[39m   debug(message[33m:[39m string[33m,[39m context[33m?[39m[33m:[39m 
[33mRecord[39m[33m<[39m[33mstring[39m[33m,[39m any[33m>[39m) {[0m

      at Logger.log (src/utils/logger.ts:25:13)
      at Logger.info (src/utils/logger.ts:33:10)
      at AudioMetadataService.extract (src/services/audio-metadata.service.ts:120:14)
      at MusicOrganizerService.planOrganization (src/services/music-organizer.service.ts:366:26)
      at MusicOrganizerService.organize (src/services/music-organizer.service.ts:116:26)
      at Object.<anonymous> (tests/integration/metadata-collection.test.ts:124:20)

    console.error
      {"timestamp":"2026-02-11T12:50:09.246Z","level":"info","message":"Music organization 
completed","organized":1,"skipped":0,"errors":0}

    [0m [90m 23 |[39m     }[33m;[39m
     [90m 24 |[39m
    [31m[1m>[22m[39m[90m 25 |[39m     
console[33m.[39merror([33mJSON[39m[33m.[39mstringify(entry))[33m;[39m [90m// stderr for stdio servers[39m
     [90m    |[39m             [31m[1m^[22m[39m
     [90m 26 |[39m   }
     [90m 27 |[39m
     [90m 28 |[39m   debug(message[33m:[39m string[33m,[39m context[33m?[39m[33m:[39m 
[33mRecord[39m[33m<[39m[33mstring[39m[33m,[39m any[33m>[39m) {[0m

      at Logger.log (src/utils/logger.ts:25:13)
      at Logger.info (src/utils/logger.ts:33:10)
      at MusicOrganizerService.organize (src/services/music-organizer.service.ts:121:14)
      at Object.<anonymous> (tests/integration/metadata-collection.test.ts:124:20)

    console.error
      {"timestamp":"2026-02-11T12:50:09.255Z","level":"info","message":"Starting music organization","sourceDir":"C:\\U
sers\\NewAdmin\\Desktop\\File-Organizer-MCP\\tests\\temp\\music-collection-UBxQX7\\source","targetDir":"C:\\Users\\NewA
dmin\\Desktop\\File-Organizer-MCP\\tests\\temp\\music-collection-UBxQX7\\target","structure":"flat"}

    [0m [90m 23 |[39m     }[33m;[39m
     [90m 24 |[39m
    [31m[1m>[22m[39m[90m 25 |[39m     
console[33m.[39merror([33mJSON[39m[33m.[39mstringify(entry))[33m;[39m [90m// stderr for stdio servers[39m
     [90m    |[39m             [31m[1m^[22m[39m
     [90m 26 |[39m   }
     [90m 27 |[39m
     [90m 28 |[39m   debug(message[33m:[39m string[33m,[39m context[33m?[39m[33m:[39m 
[33mRecord[39m[33m<[39m[33mstring[39m[33m,[39m any[33m>[39m) {[0m

      at Logger.log (src/utils/logger.ts:25:13)
      at Logger.info (src/utils/logger.ts:33:10)
      at MusicOrganizerService.organize (src/services/music-organizer.service.ts:101:12)
      at Object.<anonymous> (tests/integration/metadata-collection.test.ts:162:41)

    console.error
      {"timestamp":"2026-02-11T12:50:09.257Z","level":"info","message":"Found 1 audio files to organize"}

    [0m [90m 23 |[39m     }[33m;[39m
     [90m 24 |[39m
    [31m[1m>[22m[39m[90m 25 |[39m     
console[33m.[39merror([33mJSON[39m[33m.[39mstringify(entry))[33m;[39m [90m// stderr for stdio servers[39m
     [90m    |[39m             [31m[1m^[22m[39m
     [90m 26 |[39m   }
     [90m 27 |[39m
     [90m 28 |[39m   debug(message[33m:[39m string[33m,[39m context[33m?[39m[33m:[39m 
[33mRecord[39m[33m<[39m[33mstring[39m[33m,[39m any[33m>[39m) {[0m

      at Logger.log (src/utils/logger.ts:25:13)
      at Logger.info (src/utils/logger.ts:33:10)
      at MusicOrganizerService.organize (src/services/music-organizer.service.ts:113:14)
      at Object.<anonymous> (tests/integration/metadata-collection.test.ts:162:20)

    console.error
      {"timestamp":"2026-02-11T12:50:09.258Z","level":"info","message":"Extracting metadata from: 
C:\\Users\\NewAdmin\\Desktop\\File-Organizer-MCP\\tests\\temp\\music-collection-UBxQX7\\source\\no-album.mp3"}

    [0m [90m 23 |[39m     }[33m;[39m
     [90m 24 |[39m
    [31m[1m>[22m[39m[90m 25 |[39m     
console[33m.[39merror([33mJSON[39m[33m.[39mstringify(entry))[33m;[39m [90m// stderr for stdio servers[39m
     [90m    |[39m             [31m[1m^[22m[39m
     [90m 26 |[39m   }
     [90m 27 |[39m
     [90m 28 |[39m   debug(message[33m:[39m string[33m,[39m context[33m?[39m[33m:[39m 
[33mRecord[39m[33m<[39m[33mstring[39m[33m,[39m any[33m>[39m) {[0m

      at Logger.log (src/utils/logger.ts:25:13)
      at Logger.info (src/utils/logger.ts:33:10)
      at AudioMetadataService.extract (src/services/audio-metadata.service.ts:73:12)
      at MusicOrganizerService.planOrganization (src/services/music-organizer.service.ts:366:58)
      at MusicOrganizerService.organize (src/services/music-organizer.service.ts:116:37)
      at Object.<anonymous> (tests/integration/metadata-collection.test.ts:162:20)

    console.error
      {"timestamp":"2026-02-11T12:50:09.258Z","level":"info","message":"Metadata extracted in 0ms: 
C:\\Users\\NewAdmin\\Desktop\\File-Organizer-MCP\\tests\\temp\\music-collection-UBxQX7\\source\\no-album.mp3"}

    [0m [90m 23 |[39m     }[33m;[39m
     [90m 24 |[39m
    [31m[1m>[22m[39m[90m 25 |[39m     
console[33m.[39merror([33mJSON[39m[33m.[39mstringify(entry))[33m;[39m [90m// stderr for stdio servers[39m
     [90m    |[39m             [31m[1m^[22m[39m
     [90m 26 |[39m   }
     [90m 27 |[39m
     [90m 28 |[39m   debug(message[33m:[39m string[33m,[39m context[33m?[39m[33m:[39m 
[33mRecord[39m[33m<[39m[33mstring[39m[33m,[39m any[33m>[39m) {[0m

      at Logger.log (src/utils/logger.ts:25:13)
      at Logger.info (src/utils/logger.ts:33:10)
      at AudioMetadataService.extract (src/services/audio-metadata.service.ts:120:14)
      at MusicOrganizerService.planOrganization (src/services/music-organizer.service.ts:366:26)
      at MusicOrganizerService.organize (src/services/music-organizer.service.ts:116:26)
      at Object.<anonymous> (tests/integration/metadata-collection.test.ts:162:20)

    console.error
      {"timestamp":"2026-02-11T12:50:09.260Z","level":"info","message":"Music organization 
completed","organized":1,"skipped":0,"errors":0}

    [0m [90m 23 |[39m     }[33m;[39m
     [90m 24 |[39m
    [31m[1m>[22m[39m[90m 25 |[39m     
console[33m.[39merror([33mJSON[39m[33m.[39mstringify(entry))[33m;[39m [90m// stderr for stdio servers[39m
     [90m    |[39m             [31m[1m^[22m[39m
     [90m 26 |[39m   }
     [90m 27 |[39m
     [90m 28 |[39m   debug(message[33m:[39m string[33m,[39m context[33m?[39m[33m:[39m 
[33mRecord[39m[33m<[39m[33mstring[39m[33m,[39m any[33m>[39m) {[0m

      at Logger.log (src/utils/logger.ts:25:13)
      at Logger.info (src/utils/logger.ts:33:10)
      at MusicOrganizerService.organize (src/services/music-organizer.service.ts:121:14)
      at Object.<anonymous> (tests/integration/metadata-collection.test.ts:162:20)

    console.error
      {"timestamp":"2026-02-11T12:50:09.267Z","level":"info","message":"Starting music organization","sourceDir":"C:\\U
sers\\NewAdmin\\Desktop\\File-Organizer-MCP\\tests\\temp\\music-collection-DsUXrY\\source","targetDir":"C:\\Users\\NewA
dmin\\Desktop\\File-Organizer-MCP\\tests\\temp\\music-collection-DsUXrY\\target","structure":"flat"}

    [0m [90m 23 |[39m     }[33m;[39m
     [90m 24 |[39m
    [31m[1m>[22m[39m[90m 25 |[39m     
console[33m.[39merror([33mJSON[39m[33m.[39mstringify(entry))[33m;[39m [90m// stderr for stdio servers[39m
     [90m    |[39m             [31m[1m^[22m[39m
     [90m 26 |[39m   }
     [90m 27 |[39m
     [90m 28 |[39m   debug(message[33m:[39m string[33m,[39m context[33m?[39m[33m:[39m 
[33mRecord[39m[33m<[39m[33mstring[39m[33m,[39m any[33m>[39m) {[0m

      at Logger.log (src/utils/logger.ts:25:13)
      at Logger.info (src/utils/logger.ts:33:10)
      at MusicOrganizerService.organize (src/services/music-organizer.service.ts:101:12)
      at Object.<anonymous> (tests/integration/metadata-collection.test.ts:177:41)

    console.error
      {"timestamp":"2026-02-11T12:50:09.271Z","level":"info","message":"Found 1 audio files to organize"}

    [0m [90m 23 |[39m     }[33m;[39m
     [90m 24 |[39m
    [31m[1m>[22m[39m[90m 25 |[39m     
console[33m.[39merror([33mJSON[39m[33m.[39mstringify(entry))[33m;[39m [90m// stderr for stdio servers[39m
     [90m    |[39m             [31m[1m^[22m[39m
     [90m 26 |[39m   }
     [90m 27 |[39m
     [90m 28 |[39m   debug(message[33m:[39m string[33m,[39m context[33m?[39m[33m:[39m 
[33mRecord[39m[33m<[39m[33mstring[39m[33m,[39m any[33m>[39m) {[0m

      at Logger.log (src/utils/logger.ts:25:13)
      at Logger.info (src/utils/logger.ts:33:10)
      at MusicOrganizerService.organize (src/services/music-organizer.service.ts:113:14)
      at Object.<anonymous> (tests/integration/metadata-collection.test.ts:177:20)

    console.error
      {"timestamp":"2026-02-11T12:50:09.272Z","level":"info","message":"Extracting metadata from: 
C:\\Users\\NewAdmin\\Desktop\\File-Organizer-MCP\\tests\\temp\\music-collection-DsUXrY\\source\\no-metadata.mp3"}

    [0m [90m 23 |[39m     }[33m;[39m
     [90m 24 |[39m
    [31m[1m>[22m[39m[90m 25 |[39m     
console[33m.[39merror([33mJSON[39m[33m.[39mstringify(entry))[33m;[39m [90m// stderr for stdio servers[39m
     [90m    |[39m             [31m[1m^[22m[39m
     [90m 26 |[39m   }
     [90m 27 |[39m
     [90m 28 |[39m   debug(message[33m:[39m string[33m,[39m context[33m?[39m[33m:[39m 
[33mRecord[39m[33m<[39m[33mstring[39m[33m,[39m any[33m>[39m) {[0m

      at Logger.log (src/utils/logger.ts:25:13)
      at Logger.info (src/utils/logger.ts:33:10)
      at AudioMetadataService.extract (src/services/audio-metadata.service.ts:73:12)
      at MusicOrganizerService.planOrganization (src/services/music-organizer.service.ts:366:58)
      at MusicOrganizerService.organize (src/services/music-organizer.service.ts:116:37)
      at Object.<anonymous> (tests/integration/metadata-collection.test.ts:177:20)

    console.error
      {"timestamp":"2026-02-11T12:50:09.273Z","level":"info","message":"Metadata extracted in 1ms: 
C:\\Users\\NewAdmin\\Desktop\\File-Organizer-MCP\\tests\\temp\\music-collection-DsUXrY\\source\\no-metadata.mp3"}

    [0m [90m 23 |[39m     }[33m;[39m
     [90m 24 |[39m
    [31m[1m>[22m[39m[90m 25 |[39m     
console[33m.[39merror([33mJSON[39m[33m.[39mstringify(entry))[33m;[39m [90m// stderr for stdio servers[39m
     [90m    |[39m             [31m[1m^[22m[39m
     [90m 26 |[39m   }
     [90m 27 |[39m
     [90m 28 |[39m   debug(message[33m:[39m string[33m,[39m context[33m?[39m[33m:[39m 
[33mRecord[39m[33m<[39m[33mstring[39m[33m,[39m any[33m>[39m) {[0m

      at Logger.log (src/utils/logger.ts:25:13)
      at Logger.info (src/utils/logger.ts:33:10)
      at AudioMetadataService.extract (src/services/audio-metadata.service.ts:120:14)
      at MusicOrganizerService.planOrganization (src/services/music-organizer.service.ts:366:26)
      at MusicOrganizerService.organize (src/services/music-organizer.service.ts:116:26)
      at Object.<anonymous> (tests/integration/metadata-collection.test.ts:177:20)

    console.error
      {"timestamp":"2026-02-11T12:50:09.276Z","level":"info","message":"Music organization 
completed","organized":1,"skipped":0,"errors":0}

    [0m [90m 23 |[39m     }[33m;[39m
     [90m 24 |[39m
    [31m[1m>[22m[39m[90m 25 |[39m     
console[33m.[39merror([33mJSON[39m[33m.[39mstringify(entry))[33m;[39m [90m// stderr for stdio servers[39m
     [90m    |[39m             [31m[1m^[22m[39m
     [90m 26 |[39m   }
     [90m 27 |[39m
     [90m 28 |[39m   debug(message[33m:[39m string[33m,[39m context[33m?[39m[33m:[39m 
[33mRecord[39m[33m<[39m[33mstring[39m[33m,[39m any[33m>[39m) {[0m

      at Logger.log (src/utils/logger.ts:25:13)
      at Logger.info (src/utils/logger.ts:33:10)
      at MusicOrganizerService.organize (src/services/music-organizer.service.ts:121:14)
      at Object.<anonymous> (tests/integration/metadata-collection.test.ts:177:20)

    console.error
      {"timestamp":"2026-02-11T12:50:09.289Z","level":"info","message":"Starting music organization","sourceDir":"C:\\U
sers\\NewAdmin\\Desktop\\File-Organizer-MCP\\tests\\temp\\music-collection-WGCLoW\\source","targetDir":"C:\\Users\\NewA
dmin\\Desktop\\File-Organizer-MCP\\tests\\temp\\music-collection-WGCLoW\\target","structure":"flat"}

    [0m [90m 23 |[39m     }[33m;[39m
     [90m 24 |[39m
    [31m[1m>[22m[39m[90m 25 |[39m     
console[33m.[39merror([33mJSON[39m[33m.[39mstringify(entry))[33m;[39m [90m// stderr for stdio servers[39m
     [90m    |[39m             [31m[1m^[22m[39m
     [90m 26 |[39m   }
     [90m 27 |[39m
     [90m 28 |[39m   debug(message[33m:[39m string[33m,[39m context[33m?[39m[33m:[39m 
[33mRecord[39m[33m<[39m[33mstring[39m[33m,[39m any[33m>[39m) {[0m

      at Logger.log (src/utils/logger.ts:25:13)
      at Logger.info (src/utils/logger.ts:33:10)
      at MusicOrganizerService.organize (src/services/music-organizer.service.ts:101:12)
      at Object.<anonymous> (tests/integration/metadata-collection.test.ts:220:41)

    console.error
      {"timestamp":"2026-02-11T12:50:09.292Z","level":"info","message":"Found 3 audio files to organize"}

    [0m [90m 23 |[39m     }[33m;[39m
     [90m 24 |[39m
    [31m[1m>[22m[39m[90m 25 |[39m     
console[33m.[39merror([33mJSON[39m[33m.[39mstringify(entry))[33m;[39m [90m// stderr for stdio servers[39m
     [90m    |[39m             [31m[1m^[22m[39m
     [90m 26 |[39m   }
     [90m 27 |[39m
     [90m 28 |[39m   debug(message[33m:[39m string[33m,[39m context[33m?[39m[33m:[39m 
[33mRecord[39m[33m<[39m[33mstring[39m[33m,[39m any[33m>[39m) {[0m

      at Logger.log (src/utils/logger.ts:25:13)
      at Logger.info (src/utils/logger.ts:33:10)
      at MusicOrganizerService.organize (src/services/music-organizer.service.ts:113:14)
      at Object.<anonymous> (tests/integration/metadata-collection.test.ts:220:20)

    console.error
      {"timestamp":"2026-02-11T12:50:09.293Z","level":"info","message":"Extracting metadata from: 
C:\\Users\\NewAdmin\\Desktop\\File-Organizer-MCP\\tests\\temp\\music-collection-WGCLoW\\source\\test.flac"}

    [0m [90m 23 |[39m     }[33m;[39m
     [90m 24 |[39m
    [31m[1m>[22m[39m[90m 25 |[39m     
console[33m.[39merror([33mJSON[39m[33m.[39mstringify(entry))[33m;[39m [90m// stderr for stdio servers[39m
     [90m    |[39m             [31m[1m^[22m[39m
     [90m 26 |[39m   }
     [90m 27 |[39m
     [90m 28 |[39m   debug(message[33m:[39m string[33m,[39m context[33m?[39m[33m:[39m 
[33mRecord[39m[33m<[39m[33mstring[39m[33m,[39m any[33m>[39m) {[0m

      at Logger.log (src/utils/logger.ts:25:13)
      at Logger.info (src/utils/logger.ts:33:10)
      at AudioMetadataService.extract (src/services/audio-metadata.service.ts:73:12)
      at MusicOrganizerService.planOrganization (src/services/music-organizer.service.ts:366:58)
      at MusicOrganizerService.organize (src/services/music-organizer.service.ts:116:37)
      at Object.<anonymous> (tests/integration/metadata-collection.test.ts:220:20)

    console.error
      {"timestamp":"2026-02-11T12:50:09.293Z","level":"info","message":"Metadata extracted in 0ms: 
C:\\Users\\NewAdmin\\Desktop\\File-Organizer-MCP\\tests\\temp\\music-collection-WGCLoW\\source\\test.flac"}

    [0m [90m 23 |[39m     }[33m;[39m
     [90m 24 |[39m
    [31m[1m>[22m[39m[90m 25 |[39m     
console[33m.[39merror([33mJSON[39m[33m.[39mstringify(entry))[33m;[39m [90m// stderr for stdio servers[39m
     [90m    |[39m             [31m[1m^[22m[39m
     [90m 26 |[39m   }
     [90m 27 |[39m
     [90m 28 |[39m   debug(message[33m:[39m string[33m,[39m context[33m?[39m[33m:[39m 
[33mRecord[39m[33m<[39m[33mstring[39m[33m,[39m any[33m>[39m) {[0m

      at Logger.log (src/utils/logger.ts:25:13)
      at Logger.info (src/utils/logger.ts:33:10)
      at AudioMetadataService.extract (src/services/audio-metadata.service.ts:120:14)
      at MusicOrganizerService.planOrganization (src/services/music-organizer.service.ts:366:26)
      at MusicOrganizerService.organize (src/services/music-organizer.service.ts:116:26)
      at Object.<anonymous> (tests/integration/metadata-collection.test.ts:220:20)

    console.error
      {"timestamp":"2026-02-11T12:50:09.294Z","level":"info","message":"Extracting metadata from: 
C:\\Users\\NewAdmin\\Desktop\\File-Organizer-MCP\\tests\\temp\\music-collection-WGCLoW\\source\\test.m4a"}

    [0m [90m 23 |[39m     }[33m;[39m
     [90m 24 |[39m
    [31m[1m>[22m[39m[90m 25 |[39m     
console[33m.[39merror([33mJSON[39m[33m.[39mstringify(entry))[33m;[39m [90m// stderr for stdio servers[39m
     [90m    |[39m             [31m[1m^[22m[39m
     [90m 26 |[39m   }
     [90m 27 |[39m
     [90m 28 |[39m   debug(message[33m:[39m string[33m,[39m context[33m?[39m[33m:[39m 
[33mRecord[39m[33m<[39m[33mstring[39m[33m,[39m any[33m>[39m) {[0m

      at Logger.log (src/utils/logger.ts:25:13)
      at Logger.info (src/utils/logger.ts:33:10)
      at AudioMetadataService.extract (src/services/audio-metadata.service.ts:73:12)
      at MusicOrganizerService.planOrganization (src/services/music-organizer.service.ts:366:58)
      at MusicOrganizerService.organize (src/services/music-organizer.service.ts:116:26)
      at Object.<anonymous> (tests/integration/metadata-collection.test.ts:220:20)

    console.error
      {"timestamp":"2026-02-11T12:50:09.294Z","level":"info","message":"Metadata extracted in 0ms: 
C:\\Users\\NewAdmin\\Desktop\\File-Organizer-MCP\\tests\\temp\\music-collection-WGCLoW\\source\\test.m4a"}

    [0m [90m 23 |[39m     }[33m;[39m
     [90m 24 |[39m
    [31m[1m>[22m[39m[90m 25 |[39m     
console[33m.[39merror([33mJSON[39m[33m.[39mstringify(entry))[33m;[39m [90m// stderr for stdio servers[39m
     [90m    |[39m             [31m[1m^[22m[39m
     [90m 26 |[39m   }
     [90m 27 |[39m
     [90m 28 |[39m   debug(message[33m:[39m string[33m,[39m context[33m?[39m[33m:[39m 
[33mRecord[39m[33m<[39m[33mstring[39m[33m,[39m any[33m>[39m) {[0m

      at Logger.log (src/utils/logger.ts:25:13)
      at Logger.info (src/utils/logger.ts:33:10)
      at AudioMetadataService.extract (src/services/audio-metadata.service.ts:120:14)
      at MusicOrganizerService.planOrganization (src/services/music-organizer.service.ts:366:26)
      at MusicOrganizerService.organize (src/services/music-organizer.service.ts:116:26)
      at Object.<anonymous> (tests/integration/metadata-collection.test.ts:220:20)

    console.error
      {"timestamp":"2026-02-11T12:50:09.295Z","level":"info","message":"Extracting metadata from: 
C:\\Users\\NewAdmin\\Desktop\\File-Organizer-MCP\\tests\\temp\\music-collection-WGCLoW\\source\\test.mp3"}

    [0m [90m 23 |[39m     }[33m;[39m
     [90m 24 |[39m
    [31m[1m>[22m[39m[90m 25 |[39m     
console[33m.[39merror([33mJSON[39m[33m.[39mstringify(entry))[33m;[39m [90m// stderr for stdio servers[39m
     [90m    |[39m             [31m[1m^[22m[39m
     [90m 26 |[39m   }
     [90m 27 |[39m
     [90m 28 |[39m   debug(message[33m:[39m string[33m,[39m context[33m?[39m[33m:[39m 
[33mRecord[39m[33m<[39m[33mstring[39m[33m,[39m any[33m>[39m) {[0m

      at Logger.log (src/utils/logger.ts:25:13)
      at Logger.info (src/utils/logger.ts:33:10)
      at AudioMetadataService.extract (src/services/audio-metadata.service.ts:73:12)
      at MusicOrganizerService.planOrganization (src/services/music-organizer.service.ts:366:58)
      at MusicOrganizerService.organize (src/services/music-organizer.service.ts:116:26)
      at Object.<anonymous> (tests/integration/metadata-collection.test.ts:220:20)

    console.error
      {"timestamp":"2026-02-11T12:50:09.295Z","level":"info","message":"Metadata extracted in 0ms: 
C:\\Users\\NewAdmin\\Desktop\\File-Organizer-MCP\\tests\\temp\\music-collection-WGCLoW\\source\\test.mp3"}

    [0m [90m 23 |[39m     }[33m;[39m
     [90m 24 |[39m
    [31m[1m>[22m[39m[90m 25 |[39m     
console[33m.[39merror([33mJSON[39m[33m.[39mstringify(entry))[33m;[39m [90m// stderr for stdio servers[39m
     [90m    |[39m             [31m[1m^[22m[39m
     [90m 26 |[39m   }
     [90m 27 |[39m
     [90m 28 |[39m   debug(message[33m:[39m string[33m,[39m context[33m?[39m[33m:[39m 
[33mRecord[39m[33m<[39m[33mstring[39m[33m,[39m any[33m>[39m) {[0m

      at Logger.log (src/utils/logger.ts:25:13)
      at Logger.info (src/utils/logger.ts:33:10)
      at AudioMetadataService.extract (src/services/audio-metadata.service.ts:120:14)
      at MusicOrganizerService.planOrganization (src/services/music-organizer.service.ts:366:26)
      at MusicOrganizerService.organize (src/services/music-organizer.service.ts:116:26)
      at Object.<anonymous> (tests/integration/metadata-collection.test.ts:220:20)

    console.error
      {"timestamp":"2026-02-11T12:50:09.305Z","level":"info","message":"Music organization 
completed","organized":3,"skipped":0,"errors":0}

    [0m [90m 23 |[39m     }[33m;[39m
     [90m 24 |[39m
    [31m[1m>[22m[39m[90m 25 |[39m     
console[33m.[39merror([33mJSON[39m[33m.[39mstringify(entry))[33m;[39m [90m// stderr for stdio servers[39m
     [90m    |[39m             [31m[1m^[22m[39m
     [90m 26 |[39m   }
     [90m 27 |[39m
     [90m 28 |[39m   debug(message[33m:[39m string[33m,[39m context[33m?[39m[33m:[39m 
[33mRecord[39m[33m<[39m[33mstring[39m[33m,[39m any[33m>[39m) {[0m

      at Logger.log (src/utils/logger.ts:25:13)
      at Logger.info (src/utils/logger.ts:33:10)
      at MusicOrganizerService.organize (src/services/music-organizer.service.ts:121:14)
      at Object.<anonymous> (tests/integration/metadata-collection.test.ts:220:20)

    console.error
      {"timestamp":"2026-02-11T12:50:09.317Z","level":"info","message":"Found 1 photo files to organize","sourceDir":"C
:\\Users\\NewAdmin\\Desktop\\File-Organizer-MCP\\tests\\temp\\photo-collection-DMHbul\\source","targetDir":"C:\\Users\\
NewAdmin\\Desktop\\File-Organizer-MCP\\tests\\temp\\photo-collection-DMHbul\\target","dryRun":false}

    [0m [90m 23 |[39m     }[33m;[39m
     [90m 24 |[39m
    [31m[1m>[22m[39m[90m 25 |[39m     
console[33m.[39merror([33mJSON[39m[33m.[39mstringify(entry))[33m;[39m [90m// stderr for stdio servers[39m
     [90m    |[39m             [31m[1m^[22m[39m
     [90m 26 |[39m   }
     [90m 27 |[39m
     [90m 28 |[39m   debug(message[33m:[39m string[33m,[39m context[33m?[39m[33m:[39m 
[33mRecord[39m[33m<[39m[33mstring[39m[33m,[39m any[33m>[39m) {[0m

      at Logger.log (src/utils/logger.ts:25:13)
      at Logger.info (src/utils/logger.ts:33:10)
      at PhotoOrganizerService.performOrganization (src/services/photo-organizer.service.ts:124:14)
      at Object.<anonymous> (tests/integration/metadata-collection.test.ts:268:20)

    console.error
      {"timestamp":"2026-02-11T12:50:09.328Z","level":"info","message":"Moved photo","source":"C:\\Users\\NewAdmin\\Des
ktop\\File-Organizer-MCP\\tests\\temp\\photo-collection-DMHbul\\source\\test.jpg","target":"C:\\Users\\NewAdmin\\Deskto
p\\File-Organizer-MCP\\tests\\temp\\photo-collection-DMHbul\\target\\Unknown Date\\test.jpg"}

    [0m [90m 23 |[39m     }[33m;[39m
     [90m 24 |[39m
    [31m[1m>[22m[39m[90m 25 |[39m     
console[33m.[39merror([33mJSON[39m[33m.[39mstringify(entry))[33m;[39m [90m// stderr for stdio servers[39m
     [90m    |[39m             [31m[1m^[22m[39m
     [90m 26 |[39m   }
     [90m 27 |[39m
     [90m 28 |[39m   debug(message[33m:[39m string[33m,[39m context[33m?[39m[33m:[39m 
[33mRecord[39m[33m<[39m[33mstring[39m[33m,[39m any[33m>[39m) {[0m

      at Logger.log (src/utils/logger.ts:25:13)
      at Logger.info (src/utils/logger.ts:33:10)
      at PhotoOrganizerService.performOrganization (src/services/photo-organizer.service.ts:200:18)
      at Object.<anonymous> (tests/integration/metadata-collection.test.ts:268:20)

    console.error
      {"timestamp":"2026-02-11T12:50:09.328Z","level":"info","message":"Photo organization 
completed","totalFiles":1,"organized":1,"errors":0,"strippedGPS":0}

    [0m [90m 23 |[39m     }[33m;[39m
     [90m 24 |[39m
    [31m[1m>[22m[39m[90m 25 |[39m     
console[33m.[39merror([33mJSON[39m[33m.[39mstringify(entry))[33m;[39m [90m// stderr for stdio servers[39m
     [90m    |[39m             [31m[1m^[22m[39m
     [90m 26 |[39m   }
     [90m 27 |[39m
     [90m 28 |[39m   debug(message[33m:[39m string[33m,[39m context[33m?[39m[33m:[39m 
[33mRecord[39m[33m<[39m[33mstring[39m[33m,[39m any[33m>[39m) {[0m

      at Logger.log (src/utils/logger.ts:25:13)
      at Logger.info (src/utils/logger.ts:33:10)
      at PhotoOrganizerService.performOrganization (src/services/photo-organizer.service.ts:216:14)
      at Object.<anonymous> (tests/integration/metadata-collection.test.ts:268:20)

    console.error
      {"timestamp":"2026-02-11T12:50:09.338Z","level":"info","message":"Found 1 photo files to organize","sourceDir":"C
:\\Users\\NewAdmin\\Desktop\\File-Organizer-MCP\\tests\\temp\\photo-collection-CSIPFP\\source","targetDir":"C:\\Users\\
NewAdmin\\Desktop\\File-Organizer-MCP\\tests\\temp\\photo-collection-CSIPFP\\target","dryRun":false}

    [0m [90m 23 |[39m     }[33m;[39m
     [90m 24 |[39m
    [31m[1m>[22m[39m[90m 25 |[39m     
console[33m.[39merror([33mJSON[39m[33m.[39mstringify(entry))[33m;[39m [90m// stderr for stdio servers[39m
     [90m    |[39m             [31m[1m^[22m[39m
     [90m 26 |[39m   }
     [90m 27 |[39m
     [90m 28 |[39m   debug(message[33m:[39m string[33m,[39m context[33m?[39m[33m:[39m 
[33mRecord[39m[33m<[39m[33mstring[39m[33m,[39m any[33m>[39m) {[0m

      at Logger.log (src/utils/logger.ts:25:13)
      at Logger.info (src/utils/logger.ts:33:10)
      at PhotoOrganizerService.performOrganization (src/services/photo-organizer.service.ts:124:14)
      at Object.<anonymous> (tests/integration/metadata-collection.test.ts:287:20)

    console.error
      {"timestamp":"2026-02-11T12:50:09.343Z","level":"info","message":"Moved photo","source":"C:\\Users\\NewAdmin\\Des
ktop\\File-Organizer-MCP\\tests\\temp\\photo-collection-CSIPFP\\source\\camera-test.jpg","target":"C:\\Users\\NewAdmin\
\Desktop\\File-Organizer-MCP\\tests\\temp\\photo-collection-CSIPFP\\target\\Unknown Date\\camera-test.jpg"}

    [0m [90m 23 |[39m     }[33m;[39m
     [90m 24 |[39m
    [31m[1m>[22m[39m[90m 25 |[39m     
console[33m.[39merror([33mJSON[39m[33m.[39mstringify(entry))[33m;[39m [90m// stderr for stdio servers[39m
     [90m    |[39m             [31m[1m^[22m[39m
     [90m 26 |[39m   }
     [90m 27 |[39m
     [90m 28 |[39m   debug(message[33m:[39m string[33m,[39m context[33m?[39m[33m:[39m 
[33mRecord[39m[33m<[39m[33mstring[39m[33m,[39m any[33m>[39m) {[0m

      at Logger.log (src/utils/logger.ts:25:13)
      at Logger.info (src/utils/logger.ts:33:10)
      at PhotoOrganizerService.performOrganization (src/services/photo-organizer.service.ts:200:18)
      at Object.<anonymous> (tests/integration/metadata-collection.test.ts:287:20)

    console.error
      {"timestamp":"2026-02-11T12:50:09.343Z","level":"info","message":"Photo organization 
completed","totalFiles":1,"organized":1,"errors":0,"strippedGPS":0}

    [0m [90m 23 |[39m     }[33m;[39m
     [90m 24 |[39m
    [31m[1m>[22m[39m[90m 25 |[39m     
console[33m.[39merror([33mJSON[39m[33m.[39mstringify(entry))[33m;[39m [90m// stderr for stdio servers[39m
     [90m    |[39m             [31m[1m^[22m[39m
     [90m 26 |[39m   }
     [90m 27 |[39m
     [90m 28 |[39m   debug(message[33m:[39m string[33m,[39m context[33m?[39m[33m:[39m 
[33mRecord[39m[33m<[39m[33mstring[39m[33m,[39m any[33m>[39m) {[0m

      at Logger.log (src/utils/logger.ts:25:13)
      at Logger.info (src/utils/logger.ts:33:10)
      at PhotoOrganizerService.performOrganization (src/services/photo-organizer.service.ts:216:14)
      at Object.<anonymous> (tests/integration/metadata-collection.test.ts:287:20)

    console.error
      {"timestamp":"2026-02-11T12:50:09.357Z","level":"info","message":"Found 1 photo files to organize","sourceDir":"C
:\\Users\\NewAdmin\\Desktop\\File-Organizer-MCP\\tests\\temp\\photo-collection-p9A9cQ\\source","targetDir":"C:\\Users\\
NewAdmin\\Desktop\\File-Organizer-MCP\\tests\\temp\\photo-collection-p9A9cQ\\target","dryRun":false}

    [0m [90m 23 |[39m     }[33m;[39m
     [90m 24 |[39m
    [31m[1m>[22m[39m[90m 25 |[39m     
console[33m.[39merror([33mJSON[39m[33m.[39mstringify(entry))[33m;[39m [90m// stderr for stdio servers[39m
     [90m    |[39m             [31m[1m^[22m[39m
     [90m 26 |[39m   }
     [90m 27 |[39m
     [90m 28 |[39m   debug(message[33m:[39m string[33m,[39m context[33m?[39m[33m:[39m 
[33mRecord[39m[33m<[39m[33mstring[39m[33m,[39m any[33m>[39m) {[0m

      at Logger.log (src/utils/logger.ts:25:13)
      at Logger.info (src/utils/logger.ts:33:10)
      at PhotoOrganizerService.performOrganization (src/services/photo-organizer.service.ts:124:14)
      at Object.<anonymous> (tests/integration/metadata-collection.test.ts:302:20)

    console.error
      {"timestamp":"2026-02-11T12:50:09.360Z","level":"info","message":"Moved photo","source":"C:\\Users\\NewAdmin\\Des
ktop\\File-Organizer-MCP\\tests\\temp\\photo-collection-p9A9cQ\\source\\no-exif.jpg","target":"C:\\Users\\NewAdmin\\Des
ktop\\File-Organizer-MCP\\tests\\temp\\photo-collection-p9A9cQ\\target\\Unknown Date\\no-exif.jpg"}

    [0m [90m 23 |[39m     }[33m;[39m
     [90m 24 |[39m
    [31m[1m>[22m[39m[90m 25 |[39m     
console[33m.[39merror([33mJSON[39m[33m.[39mstringify(entry))[33m;[39m [90m// stderr for stdio servers[39m
     [90m    |[39m             [31m[1m^[22m[39m
     [90m 26 |[39m   }
     [90m 27 |[39m
     [90m 28 |[39m   debug(message[33m:[39m string[33m,[39m context[33m?[39m[33m:[39m 
[33mRecord[39m[33m<[39m[33mstring[39m[33m,[39m any[33m>[39m) {[0m

      at Logger.log (src/utils/logger.ts:25:13)
      at Logger.info (src/utils/logger.ts:33:10)
      at PhotoOrganizerService.performOrganization (src/services/photo-organizer.service.ts:200:18)
      at Object.<anonymous> (tests/integration/metadata-collection.test.ts:302:20)

    console.error
      {"timestamp":"2026-02-11T12:50:09.361Z","level":"info","message":"Photo organization 
completed","totalFiles":1,"organized":1,"errors":0,"strippedGPS":0}

    [0m [90m 23 |[39m     }[33m;[39m
     [90m 24 |[39m
    [31m[1m>[22m[39m[90m 25 |[39m     
console[33m.[39merror([33mJSON[39m[33m.[39mstringify(entry))[33m;[39m [90m// stderr for stdio servers[39m
     [90m    |[39m             [31m[1m^[22m[39m
     [90m 26 |[39m   }
     [90m 27 |[39m
     [90m 28 |[39m   debug(message[33m:[39m string[33m,[39m context[33m?[39m[33m:[39m 
[33mRecord[39m[33m<[39m[33mstring[39m[33m,[39m any[33m>[39m) {[0m

      at Logger.log (src/utils/logger.ts:25:13)
      at Logger.info (src/utils/logger.ts:33:10)
      at PhotoOrganizerService.performOrganization (src/services/photo-organizer.service.ts:216:14)
      at Object.<anonymous> (tests/integration/metadata-collection.test.ts:302:20)

    console.error
      {"timestamp":"2026-02-11T12:50:09.382Z","level":"info","message":"Found 1 photo files to organize","sourceDir":"C
:\\Users\\NewAdmin\\Desktop\\File-Organizer-MCP\\tests\\temp\\photo-collection-34gF6S\\source","targetDir":"C:\\Users\\
NewAdmin\\Desktop\\File-Organizer-MCP\\tests\\temp\\photo-collection-34gF6S\\target","dryRun":false}

    [0m [90m 23 |[39m     }[33m;[39m
     [90m 24 |[39m
    [31m[1m>[22m[39m[90m 25 |[39m     
console[33m.[39merror([33mJSON[39m[33m.[39mstringify(entry))[33m;[39m [90m// stderr for stdio servers[39m
     [90m    |[39m             [31m[1m^[22m[39m
     [90m 26 |[39m   }
     [90m 27 |[39m
     [90m 28 |[39m   debug(message[33m:[39m string[33m,[39m context[33m?[39m[33m:[39m 
[33mRecord[39m[33m<[39m[33mstring[39m[33m,[39m any[33m>[39m) {[0m

      at Logger.log (src/utils/logger.ts:25:13)
      at Logger.info (src/utils/logger.ts:33:10)
      at PhotoOrganizerService.performOrganization (src/services/photo-organizer.service.ts:124:14)
      at Object.<anonymous> (tests/integration/metadata-collection.test.ts:325:20)

    console.error
      {"timestamp":"2026-02-11T12:50:09.386Z","level":"warn","message":"GPS stripping requires additional EXIF 
manipulation library. File copied with metadata intact."}

    [0m [90m 23 |[39m     }[33m;[39m
     [90m 24 |[39m
    [31m[1m>[22m[39m[90m 25 |[39m     
console[33m.[39merror([33mJSON[39m[33m.[39mstringify(entry))[33m;[39m [90m// stderr for stdio servers[39m
     [90m    |[39m             [31m[1m^[22m[39m
     [90m 26 |[39m   }
     [90m 27 |[39m
     [90m 28 |[39m   debug(message[33m:[39m string[33m,[39m context[33m?[39m[33m:[39m 
[33mRecord[39m[33m<[39m[33mstring[39m[33m,[39m any[33m>[39m) {[0m

      at Logger.log (src/utils/logger.ts:25:13)
      at Logger.warn (src/utils/logger.ts:37:10)
      at PhotoOrganizerService.stripGPSFromBuffer (src/services/photo-organizer.service.ts:589:12)
      at PhotoOrganizerService.copyWithoutGPS (src/services/photo-organizer.service.ts:557:33)
      at PhotoOrganizerService.performOrganization (src/services/photo-organizer.service.ts:184:15)
      at Object.<anonymous> (tests/integration/metadata-collection.test.ts:325:20)

    console.error
      {"timestamp":"2026-02-11T12:50:09.391Z","level":"info","message":"Moved file with GPS data stripped","source":"C:
\\Users\\NewAdmin\\Desktop\\File-Organizer-MCP\\tests\\temp\\photo-collection-34gF6S\\source\\gps-photo.jpg","target":"
C:\\Users\\NewAdmin\\Desktop\\File-Organizer-MCP\\tests\\temp\\photo-collection-34gF6S\\target\\Unknown 
Date\\gps-photo.jpg"}

    [0m [90m 23 |[39m     }[33m;[39m
     [90m 24 |[39m
    [31m[1m>[22m[39m[90m 25 |[39m     
console[33m.[39merror([33mJSON[39m[33m.[39mstringify(entry))[33m;[39m [90m// stderr for stdio servers[39m
     [90m    |[39m             [31m[1m^[22m[39m
     [90m 26 |[39m   }
     [90m 27 |[39m
     [90m 28 |[39m   debug(message[33m:[39m string[33m,[39m context[33m?[39m[33m:[39m 
[33mRecord[39m[33m<[39m[33mstring[39m[33m,[39m any[33m>[39m) {[0m

      at Logger.log (src/utils/logger.ts:25:13)
      at Logger.info (src/utils/logger.ts:33:10)
      at PhotoOrganizerService.performOrganization (src/services/photo-organizer.service.ts:187:22)
      at Object.<anonymous> (tests/integration/metadata-collection.test.ts:325:20)

    console.error
      {"timestamp":"2026-02-11T12:50:09.391Z","level":"info","message":"Moved photo","source":"C:\\Users\\NewAdmin\\Des
ktop\\File-Organizer-MCP\\tests\\temp\\photo-collection-34gF6S\\source\\gps-photo.jpg","target":"C:\\Users\\NewAdmin\\D
esktop\\File-Organizer-MCP\\tests\\temp\\photo-collection-34gF6S\\target\\Unknown Date\\gps-photo.jpg"}

    [0m [90m 23 |[39m     }[33m;[39m
     [90m 24 |[39m
    [31m[1m>[22m[39m[90m 25 |[39m     
console[33m.[39merror([33mJSON[39m[33m.[39mstringify(entry))[33m;[39m [90m// stderr for stdio servers[39m
     [90m    |[39m             [31m[1m^[22m[39m
     [90m 26 |[39m   }
     [90m 27 |[39m
     [90m 28 |[39m   debug(message[33m:[39m string[33m,[39m context[33m?[39m[33m:[39m 
[33mRecord[39m[33m<[39m[33mstring[39m[33m,[39m any[33m>[39m) {[0m

      at Logger.log (src/utils/logger.ts:25:13)
      at Logger.info (src/utils/logger.ts:33:10)
      at PhotoOrganizerService.performOrganization (src/services/photo-organizer.service.ts:200:18)
      at Object.<anonymous> (tests/integration/metadata-collection.test.ts:325:20)

    console.error
      {"timestamp":"2026-02-11T12:50:09.392Z","level":"info","message":"Photo organization 
completed","totalFiles":1,"organized":1,"errors":0,"strippedGPS":1}

    [0m [90m 23 |[39m     }[33m;[39m
     [90m 24 |[39m
    [31m[1m>[22m[39m[90m 25 |[39m     
console[33m.[39merror([33mJSON[39m[33m.[39mstringify(entry))[33m;[39m [90m// stderr for stdio servers[39m
     [90m    |[39m             [31m[1m^[22m[39m
     [90m 26 |[39m   }
     [90m 27 |[39m
     [90m 28 |[39m   debug(message[33m:[39m string[33m,[39m context[33m?[39m[33m:[39m 
[33mRecord[39m[33m<[39m[33mstring[39m[33m,[39m any[33m>[39m) {[0m

      at Logger.log (src/utils/logger.ts:25:13)
      at Logger.info (src/utils/logger.ts:33:10)
      at PhotoOrganizerService.performOrganization (src/services/photo-organizer.service.ts:216:14)
      at Object.<anonymous> (tests/integration/metadata-collection.test.ts:325:20)

    console.error
      {"timestamp":"2026-02-11T12:50:09.396Z","level":"info","message":"MetadataCacheService initialized","cacheDir":"C
:\\Users\\NewAdmin\\Desktop\\File-Organizer-MCP\\tests\\temp\\metadata-cache","maxAge":3600000,"maxEntries":100}

    [0m [90m 23 |[39m     }[33m;[39m
     [90m 24 |[39m
    [31m[1m>[22m[39m[90m 25 |[39m     
console[33m.[39merror([33mJSON[39m[33m.[39mstringify(entry))[33m;[39m [90m// stderr for stdio servers[39m
     [90m    |[39m             [31m[1m^[22m[39m
     [90m 26 |[39m   }
     [90m 27 |[39m
     [90m 28 |[39m   debug(message[33m:[39m string[33m,[39m context[33m?[39m[33m:[39m 
[33mRecord[39m[33m<[39m[33mstring[39m[33m,[39m any[33m>[39m) {[0m

      at Logger.log (src/utils/logger.ts:25:13)
      at Logger.info (src/utils/logger.ts:33:10)
      at new MetadataCacheService (src/services/metadata-cache.service.ts:42:12)
      at Object.<anonymous> (tests/integration/metadata-collection.test.ts:345:20)

    console.error
      {"timestamp":"2026-02-11T12:50:09.398Z","level":"info","message":"Extracting metadata from: 
C:\\Users\\NewAdmin\\Desktop\\File-Organizer-MCP\\tests\\temp\\cache-tests-Oqeypm\\cache-test.mp3"}

    [0m [90m 23 |[39m     }[33m;[39m
     [90m 24 |[39m
    [31m[1m>[22m[39m[90m 25 |[39m     
console[33m.[39merror([33mJSON[39m[33m.[39mstringify(entry))[33m;[39m [90m// stderr for stdio servers[39m
     [90m    |[39m             [31m[1m^[22m[39m
     [90m 26 |[39m   }
     [90m 27 |[39m
     [90m 28 |[39m   debug(message[33m:[39m string[33m,[39m context[33m?[39m[33m:[39m 
[33mRecord[39m[33m<[39m[33mstring[39m[33m,[39m any[33m>[39m) {[0m

      at Logger.log (src/utils/logger.ts:25:13)
      at Logger.info (src/utils/logger.ts:33:10)
      at AudioMetadataService.extract (src/services/audio-metadata.service.ts:73:12)
      at Object.<anonymous> (tests/integration/metadata-collection.test.ts:383:49)

    console.error
      {"timestamp":"2026-02-11T12:50:09.399Z","level":"info","message":"Metadata extracted in 1ms: 
C:\\Users\\NewAdmin\\Desktop\\File-Organizer-MCP\\tests\\temp\\cache-tests-Oqeypm\\cache-test.mp3"}

    [0m [90m 23 |[39m     }[33m;[39m
     [90m 24 |[39m
    [31m[1m>[22m[39m[90m 25 |[39m     
console[33m.[39merror([33mJSON[39m[33m.[39mstringify(entry))[33m;[39m [90m// stderr for stdio servers[39m
     [90m    |[39m             [31m[1m^[22m[39m
     [90m 26 |[39m   }
     [90m 27 |[39m
     [90m 28 |[39m   debug(message[33m:[39m string[33m,[39m context[33m?[39m[33m:[39m 
[33mRecord[39m[33m<[39m[33mstring[39m[33m,[39m any[33m>[39m) {[0m

      at Logger.log (src/utils/logger.ts:25:13)
      at Logger.info (src/utils/logger.ts:33:10)
      at AudioMetadataService.extract (src/services/audio-metadata.service.ts:120:14)
      at Object.<anonymous> (tests/integration/metadata-collection.test.ts:383:22)

    console.error
      {"timestamp":"2026-02-11T12:50:09.406Z","level":"info","message":"Cached audio metadata for security scan: C:\\Us
ers\\NewAdmin\\Desktop\\File-Organizer-MCP\\tests\\temp\\cache-tests-Oqeypm\\cache-test.mp3","filePath":"C:\\Users\\New
Admin\\Desktop\\File-Organizer-MCP\\tests\\temp\\cache-tests-Oqeypm\\cache-test.mp3","format":"MP3","hasEmbeddedArtwork
":false,"cachedAt":"2026-02-11T12:50:09.401Z"}

    [0m [90m 23 |[39m     }[33m;[39m
     [90m 24 |[39m
    [31m[1m>[22m[39m[90m 25 |[39m     
console[33m.[39merror([33mJSON[39m[33m.[39mstringify(entry))[33m;[39m [90m// stderr for stdio servers[39m
     [90m    |[39m             [31m[1m^[22m[39m
     [90m 26 |[39m   }
     [90m 27 |[39m
     [90m 28 |[39m   debug(message[33m:[39m string[33m,[39m context[33m?[39m[33m:[39m 
[33mRecord[39m[33m<[39m[33mstring[39m[33m,[39m any[33m>[39m) {[0m

      at Logger.log (src/utils/logger.ts:25:13)
      at Logger.info (src/utils/logger.ts:33:10)
      at src/services/metadata-cache.service.ts:384:18
      at MetadataCacheService.acquireLock (src/services/metadata-cache.service.ts:157:22)
      at MetadataCacheService.set (src/services/metadata-cache.service.ts:326:5)
      at Object.<anonymous> (tests/integration/metadata-collection.test.ts:384:5)

    console.error
      {"timestamp":"2026-02-11T12:50:09.411Z","level":"info","message":"MetadataCacheService initialized","cacheDir":"C
:\\Users\\NewAdmin\\Desktop\\File-Organizer-MCP\\tests\\temp\\metadata-cache","maxAge":3600000,"maxEntries":100}

    [0m [90m 23 |[39m     }[33m;[39m
     [90m 24 |[39m
    [31m[1m>[22m[39m[90m 25 |[39m     
console[33m.[39merror([33mJSON[39m[33m.[39mstringify(entry))[33m;[39m [90m// stderr for stdio servers[39m
     [90m    |[39m             [31m[1m^[22m[39m
     [90m 26 |[39m   }
     [90m 27 |[39m
     [90m 28 |[39m   debug(message[33m:[39m string[33m,[39m context[33m?[39m[33m:[39m 
[33mRecord[39m[33m<[39m[33mstring[39m[33m,[39m any[33m>[39m) {[0m

      at Logger.log (src/utils/logger.ts:25:13)
      at Logger.info (src/utils/logger.ts:33:10)
      at new MetadataCacheService (src/services/metadata-cache.service.ts:42:12)
      at Object.<anonymous> (tests/integration/metadata-collection.test.ts:345:20)

    console.error
      {"timestamp":"2026-02-11T12:50:09.414Z","level":"info","message":"Extracting metadata from: 
C:\\Users\\NewAdmin\\Desktop\\File-Organizer-MCP\\tests\\temp\\cache-tests-JAAW4d\\change-test.mp3"}

    [0m [90m 23 |[39m     }[33m;[39m
     [90m 24 |[39m
    [31m[1m>[22m[39m[90m 25 |[39m     
console[33m.[39merror([33mJSON[39m[33m.[39mstringify(entry))[33m;[39m [90m// stderr for stdio servers[39m
     [90m    |[39m             [31m[1m^[22m[39m
     [90m 26 |[39m   }
     [90m 27 |[39m
     [90m 28 |[39m   debug(message[33m:[39m string[33m,[39m context[33m?[39m[33m:[39m 
[33mRecord[39m[33m<[39m[33mstring[39m[33m,[39m any[33m>[39m) {[0m

      at Logger.log (src/utils/logger.ts:25:13)
      at Logger.info (src/utils/logger.ts:33:10)
      at AudioMetadataService.extract (src/services/audio-metadata.service.ts:73:12)
      at Object.<anonymous> (tests/integration/metadata-collection.test.ts:407:50)

    console.error
      {"timestamp":"2026-02-11T12:50:09.415Z","level":"info","message":"Metadata extracted in 1ms: 
C:\\Users\\NewAdmin\\Desktop\\File-Organizer-MCP\\tests\\temp\\cache-tests-JAAW4d\\change-test.mp3"}

    [0m [90m 23 |[39m     }[33m;[39m
     [90m 24 |[39m
    [31m[1m>[22m[39m[90m 25 |[39m     
console[33m.[39merror([33mJSON[39m[33m.[39mstringify(entry))[33m;[39m [90m// stderr for stdio servers[39m
     [90m    |[39m             [31m[1m^[22m[39m
     [90m 26 |[39m   }
     [90m 27 |[39m
     [90m 28 |[39m   debug(message[33m:[39m string[33m,[39m context[33m?[39m[33m:[39m 
[33mRecord[39m[33m<[39m[33mstring[39m[33m,[39m any[33m>[39m) {[0m

      at Logger.log (src/utils/logger.ts:25:13)
      at Logger.info (src/utils/logger.ts:33:10)
      at AudioMetadataService.extract (src/services/audio-metadata.service.ts:120:14)
      at Object.<anonymous> (tests/integration/metadata-collection.test.ts:407:23)

    console.error
      {"timestamp":"2026-02-11T12:50:09.419Z","level":"info","message":"Cached audio metadata for security scan: C:\\Us
ers\\NewAdmin\\Desktop\\File-Organizer-MCP\\tests\\temp\\cache-tests-JAAW4d\\change-test.mp3","filePath":"C:\\Users\\Ne
wAdmin\\Desktop\\File-Organizer-MCP\\tests\\temp\\cache-tests-JAAW4d\\change-test.mp3","format":"MP3","hasEmbeddedArtwo
rk":false,"cachedAt":"2026-02-11T12:50:09.416Z"}

    [0m [90m 23 |[39m     }[33m;[39m
     [90m 24 |[39m
    [31m[1m>[22m[39m[90m 25 |[39m     
console[33m.[39merror([33mJSON[39m[33m.[39mstringify(entry))[33m;[39m [90m// stderr for stdio servers[39m
     [90m    |[39m             [31m[1m^[22m[39m
     [90m 26 |[39m   }
     [90m 27 |[39m
     [90m 28 |[39m   debug(message[33m:[39m string[33m,[39m context[33m?[39m[33m:[39m 
[33mRecord[39m[33m<[39m[33mstring[39m[33m,[39m any[33m>[39m) {[0m

      at Logger.log (src/utils/logger.ts:25:13)
      at Logger.info (src/utils/logger.ts:33:10)
      at src/services/metadata-cache.service.ts:384:18
      at MetadataCacheService.acquireLock (src/services/metadata-cache.service.ts:157:22)
      at MetadataCacheService.set (src/services/metadata-cache.service.ts:326:5)
      at Object.<anonymous> (tests/integration/metadata-collection.test.ts:408:5)

    console.error
      {"timestamp":"2026-02-11T12:50:09.426Z","level":"info","message":"MetadataCacheService initialized","cacheDir":"C
:\\Users\\NewAdmin\\Desktop\\File-Organizer-MCP\\tests\\temp\\metadata-cache","maxAge":3600000,"maxEntries":100}

    [0m [90m 23 |[39m     }[33m;[39m
     [90m 24 |[39m
    [31m[1m>[22m[39m[90m 25 |[39m     
console[33m.[39merror([33mJSON[39m[33m.[39mstringify(entry))[33m;[39m [90m// stderr for stdio servers[39m
     [90m    |[39m             [31m[1m^[22m[39m
     [90m 26 |[39m   }
     [90m 27 |[39m
     [90m 28 |[39m   debug(message[33m:[39m string[33m,[39m context[33m?[39m[33m:[39m 
[33mRecord[39m[33m<[39m[33mstring[39m[33m,[39m any[33m>[39m) {[0m

      at Logger.log (src/utils/logger.ts:25:13)
      at Logger.info (src/utils/logger.ts:33:10)
      at new MetadataCacheService (src/services/metadata-cache.service.ts:42:12)
      at Object.<anonymous> (tests/integration/metadata-collection.test.ts:345:20)

    console.error
      {"timestamp":"2026-02-11T12:50:09.429Z","level":"info","message":"MetadataCacheService initialized","cacheDir":"C
:\\Users\\NewAdmin\\Desktop\\File-Organizer-MCP\\tests\\temp\\metadata-cache","maxAge":3600000,"maxEntries":100}

    [0m [90m 23 |[39m     }[33m;[39m
     [90m 24 |[39m
    [31m[1m>[22m[39m[90m 25 |[39m     
console[33m.[39merror([33mJSON[39m[33m.[39mstringify(entry))[33m;[39m [90m// stderr for stdio servers[39m
     [90m    |[39m             [31m[1m^[22m[39m
     [90m 26 |[39m   }
     [90m 27 |[39m
     [90m 28 |[39m   debug(message[33m:[39m string[33m,[39m context[33m?[39m[33m:[39m 
[33mRecord[39m[33m<[39m[33mstring[39m[33m,[39m any[33m>[39m) {[0m

      at Logger.log (src/utils/logger.ts:25:13)
      at Logger.info (src/utils/logger.ts:33:10)
      at new MetadataCacheService (src/services/metadata-cache.service.ts:42:12)
      at Object.<anonymous> (tests/integration/metadata-collection.test.ts:345:20)

    console.error
      {"timestamp":"2026-02-11T12:50:09.432Z","level":"info","message":"Extracting metadata from: 
C:\\Users\\NewAdmin\\Desktop\\File-Organizer-MCP\\tests\\temp\\cache-tests-GwWyUw\\expire-test.mp3"}

    [0m [90m 23 |[39m     }[33m;[39m
     [90m 24 |[39m
    [31m[1m>[22m[39m[90m 25 |[39m     
console[33m.[39merror([33mJSON[39m[33m.[39mstringify(entry))[33m;[39m [90m// stderr for stdio servers[39m
     [90m    |[39m             [31m[1m^[22m[39m
     [90m 26 |[39m   }
     [90m 27 |[39m
     [90m 28 |[39m   debug(message[33m:[39m string[33m,[39m context[33m?[39m[33m:[39m 
[33mRecord[39m[33m<[39m[33mstring[39m[33m,[39m any[33m>[39m) {[0m

      at Logger.log (src/utils/logger.ts:25:13)
      at Logger.info (src/utils/logger.ts:33:10)
      at AudioMetadataService.extract (src/services/audio-metadata.service.ts:73:12)
      at Object.<anonymous> (tests/integration/metadata-collection.test.ts:444:49)

    console.error
      {"timestamp":"2026-02-11T12:50:09.433Z","level":"info","message":"Metadata extracted in 1ms: 
C:\\Users\\NewAdmin\\Desktop\\File-Organizer-MCP\\tests\\temp\\cache-tests-GwWyUw\\expire-test.mp3"}

    [0m [90m 23 |[39m     }[33m;[39m
     [90m 24 |[39m
    [31m[1m>[22m[39m[90m 25 |[39m     
console[33m.[39merror([33mJSON[39m[33m.[39mstringify(entry))[33m;[39m [90m// stderr for stdio servers[39m
     [90m    |[39m             [31m[1m^[22m[39m
     [90m 26 |[39m   }
     [90m 27 |[39m
     [90m 28 |[39m   debug(message[33m:[39m string[33m,[39m context[33m?[39m[33m:[39m 
[33mRecord[39m[33m<[39m[33mstring[39m[33m,[39m any[33m>[39m) {[0m

      at Logger.log (src/utils/logger.ts:25:13)
      at Logger.info (src/utils/logger.ts:33:10)
      at AudioMetadataService.extract (src/services/audio-metadata.service.ts:120:14)
      at Object.<anonymous> (tests/integration/metadata-collection.test.ts:444:22)

    console.error
      {"timestamp":"2026-02-11T12:50:09.436Z","level":"info","message":"Cached audio metadata for security scan: C:\\Us
ers\\NewAdmin\\Desktop\\File-Organizer-MCP\\tests\\temp\\cache-tests-GwWyUw\\expire-test.mp3","filePath":"C:\\Users\\Ne
wAdmin\\Desktop\\File-Organizer-MCP\\tests\\temp\\cache-tests-GwWyUw\\expire-test.mp3","format":"MP3","hasEmbeddedArtwo
rk":false,"cachedAt":"2026-02-11T12:50:09.434Z"}

    [0m [90m 23 |[39m     }[33m;[39m
     [90m 24 |[39m
    [31m[1m>[22m[39m[90m 25 |[39m     
console[33m.[39merror([33mJSON[39m[33m.[39mstringify(entry))[33m;[39m [90m// stderr for stdio servers[39m
     [90m    |[39m             [31m[1m^[22m[39m
     [90m 26 |[39m   }
     [90m 27 |[39m
     [90m 28 |[39m   debug(message[33m:[39m string[33m,[39m context[33m?[39m[33m:[39m 
[33mRecord[39m[33m<[39m[33mstring[39m[33m,[39m any[33m>[39m) {[0m

      at Logger.log (src/utils/logger.ts:25:13)
      at Logger.info (src/utils/logger.ts:33:10)
      at src/services/metadata-cache.service.ts:384:18
      at MetadataCacheService.acquireLock (src/services/metadata-cache.service.ts:157:22)
      at MetadataCacheService.set (src/services/metadata-cache.service.ts:326:5)
      at Object.<anonymous> (tests/integration/metadata-collection.test.ts:445:5)

PASS src/readers/__tests__/secure-file-reader.test.ts
PASS tests/unit/tools/file_organization.test.ts
  ÔùÅ Console

    console.error
      {"timestamp":"2026-02-11T12:50:10.798Z","level":"info","message":"Created rollback manifest: 
7afdb0e2-6b50-40f9-8d34-7ac276ea2a27 (1 actions)"}

    [0m [90m 23 |[39m     }[33m;[39m
     [90m 24 |[39m
    [31m[1m>[22m[39m[90m 25 |[39m     
console[33m.[39merror([33mJSON[39m[33m.[39mstringify(entry))[33m;[39m [90m// stderr for stdio servers[39m
     [90m    |[39m             [31m[1m^[22m[39m
     [90m 26 |[39m   }
     [90m 27 |[39m
     [90m 28 |[39m   debug(message[33m:[39m string[33m,[39m context[33m?[39m[33m:[39m 
[33mRecord[39m[33m<[39m[33mstring[39m[33m,[39m any[33m>[39m) {[0m

      at Logger.log (src/utils/logger.ts:25:13)
      at Logger.info (src/utils/logger.ts:33:10)
      at RollbackService.createManifest (src/services/rollback.service.ts:59:12)
      at OrganizerService.organize (src/services/organizer.service.ts:420:9)
      at handleOrganizeFiles (src/tools/file-organization.ts:93:45)
      at Object.<anonymous> (tests/unit/tools/file_organization.test.ts:101:13)

    console.error
      {"timestamp":"2026-02-11T12:50:11.053Z","level":"info","message":"Created rollback manifest: 
713ad9be-d839-4ad6-a19a-74bd9d6bd9b1 (1 actions)"}

    [0m [90m 23 |[39m     }[33m;[39m
     [90m 24 |[39m
    [31m[1m>[22m[39m[90m 25 |[39m     
console[33m.[39merror([33mJSON[39m[33m.[39mstringify(entry))[33m;[39m [90m// stderr for stdio servers[39m
     [90m    |[39m             [31m[1m^[22m[39m
     [90m 26 |[39m   }
     [90m 27 |[39m
     [90m 28 |[39m   debug(message[33m:[39m string[33m,[39m context[33m?[39m[33m:[39m 
[33mRecord[39m[33m<[39m[33mstring[39m[33m,[39m any[33m>[39m) {[0m

      at Logger.log (src/utils/logger.ts:25:13)
      at Logger.info (src/utils/logger.ts:33:10)
      at RollbackService.createManifest (src/services/rollback.service.ts:59:12)
      at OrganizerService.organize (src/services/organizer.service.ts:420:9)
      at handleOrganizeFiles (src/tools/file-organization.ts:93:45)
      at Object.<anonymous> (tests/unit/tools/file_organization.test.ts:245:28)

PASS src/readers/__tests__/e2e.test.ts
  ÔùÅ Console

    console.error
      {"timestamp":"2026-02-11T12:50:11.584Z","level":"info","message":"File operation started: read","operation":"read
","path":"C:\\Users\\NewAdmin\\Desktop\\File-Organizer-MCP\\test-fixtures-e2e\\workflow-test.txt","operationId":"177081
4211579-e2xxu0zhs","maxBytes":10485760,"encoding":"utf-8"}

    [0m [90m 23 |[39m     }[33m;[39m
     [90m 24 |[39m
    [31m[1m>[22m[39m[90m 25 |[39m     
console[33m.[39merror([33mJSON[39m[33m.[39mstringify(entry))[33m;[39m [90m// stderr for stdio servers[39m
     [90m    |[39m             [31m[1m^[22m[39m
     [90m 26 |[39m   }
     [90m 27 |[39m
     [90m 28 |[39m   debug(message[33m:[39m string[33m,[39m context[33m?[39m[33m:[39m 
[33mRecord[39m[33m<[39m[33mstring[39m[33m,[39m any[33m>[39m) {[0m

      at Logger.log (src/utils/logger.ts:25:13)
      at Logger.info (src/utils/logger.ts:33:10)
      at ConsoleAuditLogger.logOperationStart (src/readers/factory.ts:48:12)
      at SecureFileReader.read (src/readers/secure-file-reader.ts:164:22)
      at Object.<anonymous> (src/readers/__tests__/e2e.test.ts:49:22)

    console.error
      {"timestamp":"2026-02-11T12:50:11.587Z","level":"info","message":"File operation completed: read","operation":"re
ad","path":"C:\\Users\\NewAdmin\\Desktop\\File-Organizer-MCP\\test-fixtures-e2e\\workflow-test.txt","status":"success",
"operationId":"1770814211579-e2xxu0zhs","bytesRead":17,"checksum":"2dda73434f33937790ed4cba80703ec9a9558d99ceac691850d3
a8f335e7bdbd","streaming":false}

    [0m [90m 23 |[39m     }[33m;[39m
     [90m 24 |[39m
    [31m[1m>[22m[39m[90m 25 |[39m     
console[33m.[39merror([33mJSON[39m[33m.[39mstringify(entry))[33m;[39m [90m// stderr for stdio servers[39m
     [90m    |[39m             [31m[1m^[22m[39m
     [90m 26 |[39m   }
     [90m 27 |[39m
     [90m 28 |[39m   debug(message[33m:[39m string[33m,[39m context[33m?[39m[33m:[39m 
[33mRecord[39m[33m<[39m[33mstring[39m[33m,[39m any[33m>[39m) {[0m

      at Logger.log (src/utils/logger.ts:25:13)
      at Logger.info (src/utils/logger.ts:33:10)
      at ConsoleAuditLogger.logOperationSuccess (src/readers/factory.ts:60:12)
      at SecureFileReader.read (src/readers/secure-file-reader.ts:224:26)
      at Object.<anonymous> (src/readers/__tests__/e2e.test.ts:49:22)

    console.error
      {"timestamp":"2026-02-11T12:50:11.608Z","level":"info","message":"File operation started: read","operation":"read
","path":"C:\\Users\\NewAdmin\\Desktop\\File-Organizer-MCP\\test-fixtures-e2e\\large-file.txt","operationId":"177081421
1603-1bxwfkk0r","maxBytes":10485760,"encoding":"utf-8"}

    [0m [90m 23 |[39m     }[33m;[39m
     [90m 24 |[39m
    [31m[1m>[22m[39m[90m 25 |[39m     
console[33m.[39merror([33mJSON[39m[33m.[39mstringify(entry))[33m;[39m [90m// stderr for stdio servers[39m
     [90m    |[39m             [31m[1m^[22m[39m
     [90m 26 |[39m   }
     [90m 27 |[39m
     [90m 28 |[39m   debug(message[33m:[39m string[33m,[39m context[33m?[39m[33m:[39m 
[33mRecord[39m[33m<[39m[33mstring[39m[33m,[39m any[33m>[39m) {[0m

      at Logger.log (src/utils/logger.ts:25:13)
      at Logger.info (src/utils/logger.ts:33:10)
      at ConsoleAuditLogger.logOperationStart (src/readers/factory.ts:48:12)
      at SecureFileReader.read (src/readers/secure-file-reader.ts:164:22)
      at Object.<anonymous> (src/readers/__tests__/e2e.test.ts:65:22)

    console.error
      {"timestamp":"2026-02-11T12:50:11.709Z","level":"info","message":"File operation completed: read","operation":"re
ad","path":"C:\\Users\\NewAdmin\\Desktop\\File-Organizer-MCP\\test-fixtures-e2e\\large-file.txt","status":"success","op
erationId":"1770814211603-1bxwfkk0r","bytesRead":42999,"checksum":"5e8ca03476f3a6e96a936028bc47cdd72c56f23b1117c3d1d3a3
db25dcdeccd1","streaming":false}

    [0m [90m 23 |[39m     }[33m;[39m
     [90m 24 |[39m
    [31m[1m>[22m[39m[90m 25 |[39m     
console[33m.[39merror([33mJSON[39m[33m.[39mstringify(entry))[33m;[39m [90m// stderr for stdio servers[39m
     [90m    |[39m             [31m[1m^[22m[39m
     [90m 26 |[39m   }
     [90m 27 |[39m
     [90m 28 |[39m   debug(message[33m:[39m string[33m,[39m context[33m?[39m[33m:[39m 
[33mRecord[39m[33m<[39m[33mstring[39m[33m,[39m any[33m>[39m) {[0m

      at Logger.log (src/utils/logger.ts:25:13)
      at Logger.info (src/utils/logger.ts:33:10)
      at ConsoleAuditLogger.logOperationSuccess (src/readers/factory.ts:60:12)
      at SecureFileReader.read (src/readers/secure-file-reader.ts:224:26)
      at Object.<anonymous> (src/readers/__tests__/e2e.test.ts:65:22)

    console.error
      {"timestamp":"2026-02-11T12:50:11.880Z","level":"info","message":"File operation started: read","operation":"read
","path":"C:\\Users\\NewAdmin\\Desktop\\File-Organizer-MCP\\test-fixtures-e2e\\perf-0.txt","operationId":"1770814211879
-7q6cw1s8e","maxBytes":10485760,"encoding":"utf-8"}

    [0m [90m 23 |[39m     }[33m;[39m
     [90m 24 |[39m
    [31m[1m>[22m[39m[90m 25 |[39m     
console[33m.[39merror([33mJSON[39m[33m.[39mstringify(entry))[33m;[39m [90m// stderr for stdio servers[39m
     [90m    |[39m             [31m[1m^[22m[39m
     [90m 26 |[39m   }
     [90m 27 |[39m
     [90m 28 |[39m   debug(message[33m:[39m string[33m,[39m context[33m?[39m[33m:[39m 
[33mRecord[39m[33m<[39m[33mstring[39m[33m,[39m any[33m>[39m) {[0m

      at Logger.log (src/utils/logger.ts:25:13)
      at Logger.info (src/utils/logger.ts:33:10)
      at ConsoleAuditLogger.logOperationStart (src/readers/factory.ts:48:12)
      at SecureFileReader.read (src/readers/secure-file-reader.ts:164:22)
      at Object.<anonymous> (src/readers/__tests__/e2e.test.ts:88:24)

    console.error
      {"timestamp":"2026-02-11T12:50:11.882Z","level":"info","message":"File operation completed: read","operation":"re
ad","path":"C:\\Users\\NewAdmin\\Desktop\\File-Organizer-MCP\\test-fixtures-e2e\\perf-0.txt","status":"success","operat
ionId":"1770814211879-7q6cw1s8e","bytesRead":26,"checksum":"3a15e586172b633b71e696543582d677a285e0214e37fb933e048994018
6eb5b","streaming":false}

    [0m [90m 23 |[39m     }[33m;[39m
     [90m 24 |[39m
    [31m[1m>[22m[39m[90m 25 |[39m     
console[33m.[39merror([33mJSON[39m[33m.[39mstringify(entry))[33m;[39m [90m// stderr for stdio servers[39m
     [90m    |[39m             [31m[1m^[22m[39m
     [90m 26 |[39m   }
     [90m 27 |[39m
     [90m 28 |[39m   debug(message[33m:[39m string[33m,[39m context[33m?[39m[33m:[39m 
[33mRecord[39m[33m<[39m[33mstring[39m[33m,[39m any[33m>[39m) {[0m

      at Logger.log (src/utils/logger.ts:25:13)
      at Logger.info (src/utils/logger.ts:33:10)
      at ConsoleAuditLogger.logOperationSuccess (src/readers/factory.ts:60:12)
      at SecureFileReader.read (src/readers/secure-file-reader.ts:224:26)
      at Object.<anonymous> (src/readers/__tests__/e2e.test.ts:88:24)

    console.error
      {"timestamp":"2026-02-11T12:50:11.884Z","level":"info","message":"File operation started: read","operation":"read
","path":"C:\\Users\\NewAdmin\\Desktop\\File-Organizer-MCP\\test-fixtures-e2e\\perf-1.txt","operationId":"1770814211883
-m65j0dgkj","maxBytes":10485760,"encoding":"utf-8"}

    [0m [90m 23 |[39m     }[33m;[39m
     [90m 24 |[39m
    [31m[1m>[22m[39m[90m 25 |[39m     
console[33m.[39merror([33mJSON[39m[33m.[39mstringify(entry))[33m;[39m [90m// stderr for stdio servers[39m
     [90m    |[39m             [31m[1m^[22m[39m
     [90m 26 |[39m   }
     [90m 27 |[39m
     [90m 28 |[39m   debug(message[33m:[39m string[33m,[39m context[33m?[39m[33m:[39m 
[33mRecord[39m[33m<[39m[33mstring[39m[33m,[39m any[33m>[39m) {[0m

      at Logger.log (src/utils/logger.ts:25:13)
      at Logger.info (src/utils/logger.ts:33:10)
      at ConsoleAuditLogger.logOperationStart (src/readers/factory.ts:48:12)
      at SecureFileReader.read (src/readers/secure-file-reader.ts:164:22)
      at Object.<anonymous> (src/readers/__tests__/e2e.test.ts:88:24)

    console.error
      {"timestamp":"2026-02-11T12:50:11.885Z","level":"info","message":"File operation completed: read","operation":"re
ad","path":"C:\\Users\\NewAdmin\\Desktop\\File-Organizer-MCP\\test-fixtures-e2e\\perf-1.txt","status":"success","operat
ionId":"1770814211883-m65j0dgkj","bytesRead":26,"checksum":"d53b2a2eff15c110fc149d94dd47461c63c554ea54ed0616b3295d0ff3c
578aa","streaming":false}

    [0m [90m 23 |[39m     }[33m;[39m
     [90m 24 |[39m
    [31m[1m>[22m[39m[90m 25 |[39m     
console[33m.[39merror([33mJSON[39m[33m.[39mstringify(entry))[33m;[39m [90m// stderr for stdio servers[39m
     [90m    |[39m             [31m[1m^[22m[39m
     [90m 26 |[39m   }
     [90m 27 |[39m
     [90m 28 |[39m   debug(message[33m:[39m string[33m,[39m context[33m?[39m[33m:[39m 
[33mRecord[39m[33m<[39m[33mstring[39m[33m,[39m any[33m>[39m) {[0m

      at Logger.log (src/utils/logger.ts:25:13)
      at Logger.info (src/utils/logger.ts:33:10)
      at ConsoleAuditLogger.logOperationSuccess (src/readers/factory.ts:60:12)
      at SecureFileReader.read (src/readers/secure-file-reader.ts:224:26)
      at Object.<anonymous> (src/readers/__tests__/e2e.test.ts:88:24)

    console.error
      {"timestamp":"2026-02-11T12:50:11.887Z","level":"info","message":"File operation started: read","operation":"read
","path":"C:\\Users\\NewAdmin\\Desktop\\File-Organizer-MCP\\test-fixtures-e2e\\perf-2.txt","operationId":"1770814211886
-i1mw83kcs","maxBytes":10485760,"encoding":"utf-8"}

    [0m [90m 23 |[39m     }[33m;[39m
     [90m 24 |[39m
    [31m[1m>[22m[39m[90m 25 |[39m     
console[33m.[39merror([33mJSON[39m[33m.[39mstringify(entry))[33m;[39m [90m// stderr for stdio servers[39m
     [90m    |[39m             [31m[1m^[22m[39m
     [90m 26 |[39m   }
     [90m 27 |[39m
     [90m 28 |[39m   debug(message[33m:[39m string[33m,[39m context[33m?[39m[33m:[39m 
[33mRecord[39m[33m<[39m[33mstring[39m[33m,[39m any[33m>[39m) {[0m

      at Logger.log (src/utils/logger.ts:25:13)
      at Logger.info (src/utils/logger.ts:33:10)
      at ConsoleAuditLogger.logOperationStart (src/readers/factory.ts:48:12)
      at SecureFileReader.read (src/readers/secure-file-reader.ts:164:22)
      at Object.<anonymous> (src/readers/__tests__/e2e.test.ts:88:24)

    console.error
      {"timestamp":"2026-02-11T12:50:11.888Z","level":"info","message":"File operation completed: read","operation":"re
ad","path":"C:\\Users\\NewAdmin\\Desktop\\File-Organizer-MCP\\test-fixtures-e2e\\perf-2.txt","status":"success","operat
ionId":"1770814211886-i1mw83kcs","bytesRead":26,"checksum":"5077402b5d86bd69802140b1338f5756ad4681507fb615682c00c7373b2
1e93f","streaming":false}

    [0m [90m 23 |[39m     }[33m;[39m
     [90m 24 |[39m
    [31m[1m>[22m[39m[90m 25 |[39m     
console[33m.[39merror([33mJSON[39m[33m.[39mstringify(entry))[33m;[39m [90m// stderr for stdio servers[39m
     [90m    |[39m             [31m[1m^[22m[39m
     [90m 26 |[39m   }
     [90m 27 |[39m
     [90m 28 |[39m   debug(message[33m:[39m string[33m,[39m context[33m?[39m[33m:[39m 
[33mRecord[39m[33m<[39m[33mstring[39m[33m,[39m any[33m>[39m) {[0m

      at Logger.log (src/utils/logger.ts:25:13)
      at Logger.info (src/utils/logger.ts:33:10)
      at ConsoleAuditLogger.logOperationSuccess (src/readers/factory.ts:60:12)
      at SecureFileReader.read (src/readers/secure-file-reader.ts:224:26)
      at Object.<anonymous> (src/readers/__tests__/e2e.test.ts:88:24)

    console.error
      {"timestamp":"2026-02-11T12:50:11.889Z","level":"info","message":"File operation started: read","operation":"read
","path":"C:\\Users\\NewAdmin\\Desktop\\File-Organizer-MCP\\test-fixtures-e2e\\perf-3.txt","operationId":"1770814211889
-hvagskiyo","maxBytes":10485760,"encoding":"utf-8"}

    [0m [90m 23 |[39m     }[33m;[39m
     [90m 24 |[39m
    [31m[1m>[22m[39m[90m 25 |[39m     
console[33m.[39merror([33mJSON[39m[33m.[39mstringify(entry))[33m;[39m [90m// stderr for stdio servers[39m
     [90m    |[39m             [31m[1m^[22m[39m
     [90m 26 |[39m   }
     [90m 27 |[39m
     [90m 28 |[39m   debug(message[33m:[39m string[33m,[39m context[33m?[39m[33m:[39m 
[33mRecord[39m[33m<[39m[33mstring[39m[33m,[39m any[33m>[39m) {[0m

      at Logger.log (src/utils/logger.ts:25:13)
      at Logger.info (src/utils/logger.ts:33:10)
      at ConsoleAuditLogger.logOperationStart (src/readers/factory.ts:48:12)
      at SecureFileReader.read (src/readers/secure-file-reader.ts:164:22)
      at Object.<anonymous> (src/readers/__tests__/e2e.test.ts:88:24)

    console.error
      {"timestamp":"2026-02-11T12:50:11.891Z","level":"info","message":"File operation completed: read","operation":"re
ad","path":"C:\\Users\\NewAdmin\\Desktop\\File-Organizer-MCP\\test-fixtures-e2e\\perf-3.txt","status":"success","operat
ionId":"1770814211889-hvagskiyo","bytesRead":26,"checksum":"3b8ec298b42891a564f885019e1c6cfe2fc18ed564842bd85b9a0314675
beb1b","streaming":false}

    [0m [90m 23 |[39m     }[33m;[39m
     [90m 24 |[39m
    [31m[1m>[22m[39m[90m 25 |[39m     
console[33m.[39merror([33mJSON[39m[33m.[39mstringify(entry))[33m;[39m [90m// stderr for stdio servers[39m
     [90m    |[39m             [31m[1m^[22m[39m
     [90m 26 |[39m   }
     [90m 27 |[39m
     [90m 28 |[39m   debug(message[33m:[39m string[33m,[39m context[33m?[39m[33m:[39m 
[33mRecord[39m[33m<[39m[33mstring[39m[33m,[39m any[33m>[39m) {[0m

      at Logger.log (src/utils/logger.ts:25:13)
      at Logger.info (src/utils/logger.ts:33:10)
      at ConsoleAuditLogger.logOperationSuccess (src/readers/factory.ts:60:12)
      at SecureFileReader.read (src/readers/secure-file-reader.ts:224:26)
      at Object.<anonymous> (src/readers/__tests__/e2e.test.ts:88:24)

    console.error
      {"timestamp":"2026-02-11T12:50:11.892Z","level":"info","message":"File operation started: read","operation":"read
","path":"C:\\Users\\NewAdmin\\Desktop\\File-Organizer-MCP\\test-fixtures-e2e\\perf-4.txt","operationId":"1770814211892
-iyu4m7rs5","maxBytes":10485760,"encoding":"utf-8"}

    [0m [90m 23 |[39m     }[33m;[39m
     [90m 24 |[39m
    [31m[1m>[22m[39m[90m 25 |[39m     
console[33m.[39merror([33mJSON[39m[33m.[39mstringify(entry))[33m;[39m [90m// stderr for stdio servers[39m
     [90m    |[39m             [31m[1m^[22m[39m
     [90m 26 |[39m   }
     [90m 27 |[39m
     [90m 28 |[39m   debug(message[33m:[39m string[33m,[39m context[33m?[39m[33m:[39m 
[33mRecord[39m[33m<[39m[33mstring[39m[33m,[39m any[33m>[39m) {[0m

      at Logger.log (src/utils/logger.ts:25:13)
      at Logger.info (src/utils/logger.ts:33:10)
      at ConsoleAuditLogger.logOperationStart (src/readers/factory.ts:48:12)
      at SecureFileReader.read (src/readers/secure-file-reader.ts:164:22)
      at Object.<anonymous> (src/readers/__tests__/e2e.test.ts:88:24)

    console.error
      {"timestamp":"2026-02-11T12:50:11.894Z","level":"info","message":"File operation completed: read","operation":"re
ad","path":"C:\\Users\\NewAdmin\\Desktop\\File-Organizer-MCP\\test-fixtures-e2e\\perf-4.txt","status":"success","operat
ionId":"1770814211892-iyu4m7rs5","bytesRead":26,"checksum":"10b85daf174869e0053718ad736f9b1f3dbeb22d55716ac7c2625265d53
ab776","streaming":false}

    [0m [90m 23 |[39m     }[33m;[39m
     [90m 24 |[39m
    [31m[1m>[22m[39m[90m 25 |[39m     
console[33m.[39merror([33mJSON[39m[33m.[39mstringify(entry))[33m;[39m [90m// stderr for stdio servers[39m
     [90m    |[39m             [31m[1m^[22m[39m
     [90m 26 |[39m   }
     [90m 27 |[39m
     [90m 28 |[39m   debug(message[33m:[39m string[33m,[39m context[33m?[39m[33m:[39m 
[33mRecord[39m[33m<[39m[33mstring[39m[33m,[39m any[33m>[39m) {[0m

      at Logger.log (src/utils/logger.ts:25:13)
      at Logger.info (src/utils/logger.ts:33:10)
      at ConsoleAuditLogger.logOperationSuccess (src/readers/factory.ts:60:12)
      at SecureFileReader.read (src/readers/secure-file-reader.ts:224:26)
      at Object.<anonymous> (src/readers/__tests__/e2e.test.ts:88:24)

    console.error
      {"timestamp":"2026-02-11T12:50:11.895Z","level":"info","message":"File operation started: read","operation":"read
","path":"C:\\Users\\NewAdmin\\Desktop\\File-Organizer-MCP\\test-fixtures-e2e\\perf-5.txt","operationId":"1770814211894
-1zlyv9d5g","maxBytes":10485760,"encoding":"utf-8"}

    [0m [90m 23 |[39m     }[33m;[39m
     [90m 24 |[39m
    [31m[1m>[22m[39m[90m 25 |[39m     
console[33m.[39merror([33mJSON[39m[33m.[39mstringify(entry))[33m;[39m [90m// stderr for stdio servers[39m
     [90m    |[39m             [31m[1m^[22m[39m
     [90m 26 |[39m   }
     [90m 27 |[39m
     [90m 28 |[39m   debug(message[33m:[39m string[33m,[39m context[33m?[39m[33m:[39m 
[33mRecord[39m[33m<[39m[33mstring[39m[33m,[39m any[33m>[39m) {[0m

      at Logger.log (src/utils/logger.ts:25:13)
      at Logger.info (src/utils/logger.ts:33:10)
      at ConsoleAuditLogger.logOperationStart (src/readers/factory.ts:48:12)
      at SecureFileReader.read (src/readers/secure-file-reader.ts:164:22)
      at Object.<anonymous> (src/readers/__tests__/e2e.test.ts:88:24)

    console.error
      {"timestamp":"2026-02-11T12:50:11.896Z","level":"info","message":"File operation completed: read","operation":"re
ad","path":"C:\\Users\\NewAdmin\\Desktop\\File-Organizer-MCP\\test-fixtures-e2e\\perf-5.txt","status":"success","operat
ionId":"1770814211894-1zlyv9d5g","bytesRead":26,"checksum":"a1d2733858c4917308a0b647f4698c5d97a8446f4b01ed124ff1ff21702
902d5","streaming":false}

    [0m [90m 23 |[39m     }[33m;[39m
     [90m 24 |[39m
    [31m[1m>[22m[39m[90m 25 |[39m     
console[33m.[39merror([33mJSON[39m[33m.[39mstringify(entry))[33m;[39m [90m// stderr for stdio servers[39m
     [90m    |[39m             [31m[1m^[22m[39m
     [90m 26 |[39m   }
     [90m 27 |[39m
     [90m 28 |[39m   debug(message[33m:[39m string[33m,[39m context[33m?[39m[33m:[39m 
[33mRecord[39m[33m<[39m[33mstring[39m[33m,[39m any[33m>[39m) {[0m

      at Logger.log (src/utils/logger.ts:25:13)
      at Logger.info (src/utils/logger.ts:33:10)
      at ConsoleAuditLogger.logOperationSuccess (src/readers/factory.ts:60:12)
      at SecureFileReader.read (src/readers/secure-file-reader.ts:224:26)
      at Object.<anonymous> (src/readers/__tests__/e2e.test.ts:88:24)

    console.error
      {"timestamp":"2026-02-11T12:50:11.897Z","level":"info","message":"File operation started: read","operation":"read
","path":"C:\\Users\\NewAdmin\\Desktop\\File-Organizer-MCP\\test-fixtures-e2e\\perf-6.txt","operationId":"1770814211896
-5l99biu1d","maxBytes":10485760,"encoding":"utf-8"}

    [0m [90m 23 |[39m     }[33m;[39m
     [90m 24 |[39m
    [31m[1m>[22m[39m[90m 25 |[39m     
console[33m.[39merror([33mJSON[39m[33m.[39mstringify(entry))[33m;[39m [90m// stderr for stdio servers[39m
     [90m    |[39m             [31m[1m^[22m[39m
     [90m 26 |[39m   }
     [90m 27 |[39m
     [90m 28 |[39m   debug(message[33m:[39m string[33m,[39m context[33m?[39m[33m:[39m 
[33mRecord[39m[33m<[39m[33mstring[39m[33m,[39m any[33m>[39m) {[0m

      at Logger.log (src/utils/logger.ts:25:13)
      at Logger.info (src/utils/logger.ts:33:10)
      at ConsoleAuditLogger.logOperationStart (src/readers/factory.ts:48:12)
      at SecureFileReader.read (src/readers/secure-file-reader.ts:164:22)
      at Object.<anonymous> (src/readers/__tests__/e2e.test.ts:88:24)

    console.error
      {"timestamp":"2026-02-11T12:50:11.904Z","level":"info","message":"File operation completed: read","operation":"re
ad","path":"C:\\Users\\NewAdmin\\Desktop\\File-Organizer-MCP\\test-fixtures-e2e\\perf-6.txt","status":"success","operat
ionId":"1770814211896-5l99biu1d","bytesRead":26,"checksum":"d9e762110cf050a1725f6a7daf8d3b2160b4545d878db47f516a298d868
f4a1a","streaming":false}

    [0m [90m 23 |[39m     }[33m;[39m
     [90m 24 |[39m
    [31m[1m>[22m[39m[90m 25 |[39m     
console[33m.[39merror([33mJSON[39m[33m.[39mstringify(entry))[33m;[39m [90m// stderr for stdio servers[39m
     [90m    |[39m             [31m[1m^[22m[39m
     [90m 26 |[39m   }
     [90m 27 |[39m
     [90m 28 |[39m   debug(message[33m:[39m string[33m,[39m context[33m?[39m[33m:[39m 
[33mRecord[39m[33m<[39m[33mstring[39m[33m,[39m any[33m>[39m) {[0m

      at Logger.log (src/utils/logger.ts:25:13)
      at Logger.info (src/utils/logger.ts:33:10)
      at ConsoleAuditLogger.logOperationSuccess (src/readers/factory.ts:60:12)
      at SecureFileReader.read (src/readers/secure-file-reader.ts:224:26)
      at Object.<anonymous> (src/readers/__tests__/e2e.test.ts:88:24)

    console.error
      {"timestamp":"2026-02-11T12:50:11.905Z","level":"info","message":"File operation started: read","operation":"read
","path":"C:\\Users\\NewAdmin\\Desktop\\File-Organizer-MCP\\test-fixtures-e2e\\perf-7.txt","operationId":"1770814211905
-my6grb79y","maxBytes":10485760,"encoding":"utf-8"}

    [0m [90m 23 |[39m     }[33m;[39m
     [90m 24 |[39m
    [31m[1m>[22m[39m[90m 25 |[39m     
console[33m.[39merror([33mJSON[39m[33m.[39mstringify(entry))[33m;[39m [90m// stderr for stdio servers[39m
     [90m    |[39m             [31m[1m^[22m[39m
     [90m 26 |[39m   }
     [90m 27 |[39m
     [90m 28 |[39m   debug(message[33m:[39m string[33m,[39m context[33m?[39m[33m:[39m 
[33mRecord[39m[33m<[39m[33mstring[39m[33m,[39m any[33m>[39m) {[0m

      at Logger.log (src/utils/logger.ts:25:13)
      at Logger.info (src/utils/logger.ts:33:10)
      at ConsoleAuditLogger.logOperationStart (src/readers/factory.ts:48:12)
      at SecureFileReader.read (src/readers/secure-file-reader.ts:164:22)
      at Object.<anonymous> (src/readers/__tests__/e2e.test.ts:88:24)

    console.error
      {"timestamp":"2026-02-11T12:50:11.908Z","level":"info","message":"File operation completed: read","operation":"re
ad","path":"C:\\Users\\NewAdmin\\Desktop\\File-Organizer-MCP\\test-fixtures-e2e\\perf-7.txt","status":"success","operat
ionId":"1770814211905-my6grb79y","bytesRead":26,"checksum":"cecadcca7bad4ac70ff5d946923e52e98999c449fa5a5b6baf6ac039bd4
2932c","streaming":false}

    [0m [90m 23 |[39m     }[33m;[39m
     [90m 24 |[39m
    [31m[1m>[22m[39m[90m 25 |[39m     
console[33m.[39merror([33mJSON[39m[33m.[39mstringify(entry))[33m;[39m [90m// stderr for stdio servers[39m
     [90m    |[39m             [31m[1m^[22m[39m
     [90m 26 |[39m   }
     [90m 27 |[39m
     [90m 28 |[39m   debug(message[33m:[39m string[33m,[39m context[33m?[39m[33m:[39m 
[33mRecord[39m[33m<[39m[33mstring[39m[33m,[39m any[33m>[39m) {[0m

      at Logger.log (src/utils/logger.ts:25:13)
      at Logger.info (src/utils/logger.ts:33:10)
      at ConsoleAuditLogger.logOperationSuccess (src/readers/factory.ts:60:12)
      at SecureFileReader.read (src/readers/secure-file-reader.ts:224:26)
      at Object.<anonymous> (src/readers/__tests__/e2e.test.ts:88:24)

    console.error
      {"timestamp":"2026-02-11T12:50:11.909Z","level":"info","message":"File operation started: read","operation":"read
","path":"C:\\Users\\NewAdmin\\Desktop\\File-Organizer-MCP\\test-fixtures-e2e\\perf-8.txt","operationId":"1770814211908
-vdz0dugqj","maxBytes":10485760,"encoding":"utf-8"}

    [0m [90m 23 |[39m     }[33m;[39m
     [90m 24 |[39m
    [31m[1m>[22m[39m[90m 25 |[39m     
console[33m.[39merror([33mJSON[39m[33m.[39mstringify(entry))[33m;[39m [90m// stderr for stdio servers[39m
     [90m    |[39m             [31m[1m^[22m[39m
     [90m 26 |[39m   }
     [90m 27 |[39m
     [90m 28 |[39m   debug(message[33m:[39m string[33m,[39m context[33m?[39m[33m:[39m 
[33mRecord[39m[33m<[39m[33mstring[39m[33m,[39m any[33m>[39m) {[0m

      at Logger.log (src/utils/logger.ts:25:13)
      at Logger.info (src/utils/logger.ts:33:10)
      at ConsoleAuditLogger.logOperationStart (src/readers/factory.ts:48:12)
      at SecureFileReader.read (src/readers/secure-file-reader.ts:164:22)
      at Object.<anonymous> (src/readers/__tests__/e2e.test.ts:88:24)

    console.error
      {"timestamp":"2026-02-11T12:50:11.911Z","level":"info","message":"File operation completed: read","operation":"re
ad","path":"C:\\Users\\NewAdmin\\Desktop\\File-Organizer-MCP\\test-fixtures-e2e\\perf-8.txt","status":"success","operat
ionId":"1770814211908-vdz0dugqj","bytesRead":26,"checksum":"340a2ffb836931a9f49159688501923ac19a2e4c43736a3de084be3e308
9e26f","streaming":false}

    [0m [90m 23 |[39m     }[33m;[39m
     [90m 24 |[39m
    [31m[1m>[22m[39m[90m 25 |[39m     
console[33m.[39merror([33mJSON[39m[33m.[39mstringify(entry))[33m;[39m [90m// stderr for stdio servers[39m
     [90m    |[39m             [31m[1m^[22m[39m
     [90m 26 |[39m   }
     [90m 27 |[39m
     [90m 28 |[39m   debug(message[33m:[39m string[33m,[39m context[33m?[39m[33m:[39m 
[33mRecord[39m[33m<[39m[33mstring[39m[33m,[39m any[33m>[39m) {[0m

      at Logger.log (src/utils/logger.ts:25:13)
      at Logger.info (src/utils/logger.ts:33:10)
      at ConsoleAuditLogger.logOperationSuccess (src/readers/factory.ts:60:12)
      at SecureFileReader.read (src/readers/secure-file-reader.ts:224:26)
      at Object.<anonymous> (src/readers/__tests__/e2e.test.ts:88:24)

    console.error
      {"timestamp":"2026-02-11T12:50:11.912Z","level":"info","message":"File operation started: read","operation":"read
","path":"C:\\Users\\NewAdmin\\Desktop\\File-Organizer-MCP\\test-fixtures-e2e\\perf-9.txt","operationId":"1770814211911
-zim8aieog","maxBytes":10485760,"encoding":"utf-8"}

    [0m [90m 23 |[39m     }[33m;[39m
     [90m 24 |[39m
    [31m[1m>[22m[39m[90m 25 |[39m     
console[33m.[39merror([33mJSON[39m[33m.[39mstringify(entry))[33m;[39m [90m// stderr for stdio servers[39m
     [90m    |[39m             [31m[1m^[22m[39m
     [90m 26 |[39m   }
     [90m 27 |[39m
     [90m 28 |[39m   debug(message[33m:[39m string[33m,[39m context[33m?[39m[33m:[39m 
[33mRecord[39m[33m<[39m[33mstring[39m[33m,[39m any[33m>[39m) {[0m

      at Logger.log (src/utils/logger.ts:25:13)
      at Logger.info (src/utils/logger.ts:33:10)
      at ConsoleAuditLogger.logOperationStart (src/readers/factory.ts:48:12)
      at SecureFileReader.read (src/readers/secure-file-reader.ts:164:22)
      at Object.<anonymous> (src/readers/__tests__/e2e.test.ts:88:24)

    console.error
      {"timestamp":"2026-02-11T12:50:11.914Z","level":"info","message":"File operation completed: read","operation":"re
ad","path":"C:\\Users\\NewAdmin\\Desktop\\File-Organizer-MCP\\test-fixtures-e2e\\perf-9.txt","status":"success","operat
ionId":"1770814211911-zim8aieog","bytesRead":26,"checksum":"2d08873fbde87cf68cb28dd5a08748499af98ae1041f70941f67d191105
a6db5","streaming":false}

    [0m [90m 23 |[39m     }[33m;[39m
     [90m 24 |[39m
    [31m[1m>[22m[39m[90m 25 |[39m     
console[33m.[39merror([33mJSON[39m[33m.[39mstringify(entry))[33m;[39m [90m// stderr for stdio servers[39m
     [90m    |[39m             [31m[1m^[22m[39m
     [90m 26 |[39m   }
     [90m 27 |[39m
     [90m 28 |[39m   debug(message[33m:[39m string[33m,[39m context[33m?[39m[33m:[39m 
[33mRecord[39m[33m<[39m[33mstring[39m[33m,[39m any[33m>[39m) {[0m

      at Logger.log (src/utils/logger.ts:25:13)
      at Logger.info (src/utils/logger.ts:33:10)
      at ConsoleAuditLogger.logOperationSuccess (src/readers/factory.ts:60:12)
      at SecureFileReader.read (src/readers/secure-file-reader.ts:224:26)
      at Object.<anonymous> (src/readers/__tests__/e2e.test.ts:88:24)

    console.error
      {"timestamp":"2026-02-11T12:50:11.917Z","level":"info","message":"File operation started: read","operation":"read
","path":"C:\\Users\\NewAdmin\\Desktop\\File-Organizer-MCP\\test-fixtures-e2e\\perf-10.txt","operationId":"177081421191
4-ek94yx32t","maxBytes":10485760,"encoding":"utf-8"}

    [0m [90m 23 |[39m     }[33m;[39m
     [90m 24 |[39m
    [31m[1m>[22m[39m[90m 25 |[39m     
console[33m.[39merror([33mJSON[39m[33m.[39mstringify(entry))[33m;[39m [90m// stderr for stdio servers[39m
     [90m    |[39m             [31m[1m^[22m[39m
     [90m 26 |[39m   }
     [90m 27 |[39m
     [90m 28 |[39m   debug(message[33m:[39m string[33m,[39m context[33m?[39m[33m:[39m 
[33mRecord[39m[33m<[39m[33mstring[39m[33m,[39m any[33m>[39m) {[0m

      at Logger.log (src/utils/logger.ts:25:13)
      at Logger.info (src/utils/logger.ts:33:10)
      at ConsoleAuditLogger.logOperationStart (src/readers/factory.ts:48:12)
      at SecureFileReader.read (src/readers/secure-file-reader.ts:164:22)
      at Object.<anonymous> (src/readers/__tests__/e2e.test.ts:88:24)

    console.error
      {"timestamp":"2026-02-11T12:50:11.920Z","level":"info","message":"File operation completed: read","operation":"re
ad","path":"C:\\Users\\NewAdmin\\Desktop\\File-Organizer-MCP\\test-fixtures-e2e\\perf-10.txt","status":"success","opera
tionId":"1770814211914-ek94yx32t","bytesRead":27,"checksum":"f68d9e64a0882510ae17be47b565fddd368c04b275588ebd8f58273e66
770fd2","streaming":false}

    [0m [90m 23 |[39m     }[33m;[39m
     [90m 24 |[39m
    [31m[1m>[22m[39m[90m 25 |[39m     
console[33m.[39merror([33mJSON[39m[33m.[39mstringify(entry))[33m;[39m [90m// stderr for stdio servers[39m
     [90m    |[39m             [31m[1m^[22m[39m
     [90m 26 |[39m   }
     [90m 27 |[39m
     [90m 28 |[39m   debug(message[33m:[39m string[33m,[39m context[33m?[39m[33m:[39m 
[33mRecord[39m[33m<[39m[33mstring[39m[33m,[39m any[33m>[39m) {[0m

      at Logger.log (src/utils/logger.ts:25:13)
      at Logger.info (src/utils/logger.ts:33:10)
      at ConsoleAuditLogger.logOperationSuccess (src/readers/factory.ts:60:12)
      at SecureFileReader.read (src/readers/secure-file-reader.ts:224:26)
      at Object.<anonymous> (src/readers/__tests__/e2e.test.ts:88:24)

    console.error
      {"timestamp":"2026-02-11T12:50:11.923Z","level":"info","message":"File operation started: read","operation":"read
","path":"C:\\Users\\NewAdmin\\Desktop\\File-Organizer-MCP\\test-fixtures-e2e\\perf-11.txt","operationId":"177081421192
2-zwtqu7kxw","maxBytes":10485760,"encoding":"utf-8"}

    [0m [90m 23 |[39m     }[33m;[39m
     [90m 24 |[39m
    [31m[1m>[22m[39m[90m 25 |[39m     
console[33m.[39merror([33mJSON[39m[33m.[39mstringify(entry))[33m;[39m [90m// stderr for stdio servers[39m
     [90m    |[39m             [31m[1m^[22m[39m
     [90m 26 |[39m   }
     [90m 27 |[39m
     [90m 28 |[39m   debug(message[33m:[39m string[33m,[39m context[33m?[39m[33m:[39m 
[33mRecord[39m[33m<[39m[33mstring[39m[33m,[39m any[33m>[39m) {[0m

      at Logger.log (src/utils/logger.ts:25:13)
      at Logger.info (src/utils/logger.ts:33:10)
      at ConsoleAuditLogger.logOperationStart (src/readers/factory.ts:48:12)
      at SecureFileReader.read (src/readers/secure-file-reader.ts:164:22)
      at Object.<anonymous> (src/readers/__tests__/e2e.test.ts:88:24)

    console.error
      {"timestamp":"2026-02-11T12:50:11.924Z","level":"info","message":"File operation completed: read","operation":"re
ad","path":"C:\\Users\\NewAdmin\\Desktop\\File-Organizer-MCP\\test-fixtures-e2e\\perf-11.txt","status":"success","opera
tionId":"1770814211922-zwtqu7kxw","bytesRead":27,"checksum":"4c9b3575f27f61bf0f0c5655df3a536e30c1538993e0c5ee951657cddb
847e58","streaming":false}

    [0m [90m 23 |[39m     }[33m;[39m
     [90m 24 |[39m
    [31m[1m>[22m[39m[90m 25 |[39m     
console[33m.[39merror([33mJSON[39m[33m.[39mstringify(entry))[33m;[39m [90m// stderr for stdio servers[39m
     [90m    |[39m             [31m[1m^[22m[39m
     [90m 26 |[39m   }
     [90m 27 |[39m
     [90m 28 |[39m   debug(message[33m:[39m string[33m,[39m context[33m?[39m[33m:[39m 
[33mRecord[39m[33m<[39m[33mstring[39m[33m,[39m any[33m>[39m) {[0m

      at Logger.log (src/utils/logger.ts:25:13)
      at Logger.info (src/utils/logger.ts:33:10)
      at ConsoleAuditLogger.logOperationSuccess (src/readers/factory.ts:60:12)
      at SecureFileReader.read (src/readers/secure-file-reader.ts:224:26)
      at Object.<anonymous> (src/readers/__tests__/e2e.test.ts:88:24)

    console.error
      {"timestamp":"2026-02-11T12:50:11.925Z","level":"info","message":"File operation started: read","operation":"read
","path":"C:\\Users\\NewAdmin\\Desktop\\File-Organizer-MCP\\test-fixtures-e2e\\perf-12.txt","operationId":"177081421192
4-a2d08xpa2","maxBytes":10485760,"encoding":"utf-8"}

    [0m [90m 23 |[39m     }[33m;[39m
     [90m 24 |[39m
    [31m[1m>[22m[39m[90m 25 |[39m     
console[33m.[39merror([33mJSON[39m[33m.[39mstringify(entry))[33m;[39m [90m// stderr for stdio servers[39m
     [90m    |[39m             [31m[1m^[22m[39m
     [90m 26 |[39m   }
     [90m 27 |[39m
     [90m 28 |[39m   debug(message[33m:[39m string[33m,[39m context[33m?[39m[33m:[39m 
[33mRecord[39m[33m<[39m[33mstring[39m[33m,[39m any[33m>[39m) {[0m

      at Logger.log (src/utils/logger.ts:25:13)
      at Logger.info (src/utils/logger.ts:33:10)
      at ConsoleAuditLogger.logOperationStart (src/readers/factory.ts:48:12)
      at SecureFileReader.read (src/readers/secure-file-reader.ts:164:22)
      at Object.<anonymous> (src/readers/__tests__/e2e.test.ts:88:24)

    console.error
      {"timestamp":"2026-02-11T12:50:11.926Z","level":"info","message":"File operation completed: read","operation":"re
ad","path":"C:\\Users\\NewAdmin\\Desktop\\File-Organizer-MCP\\test-fixtures-e2e\\perf-12.txt","status":"success","opera
tionId":"1770814211924-a2d08xpa2","bytesRead":27,"checksum":"2ed30b58dfe30398f74fbb4c73f6bf426bd9e1de6a91bc8dab3b2f241f
14cd7c","streaming":false}

    [0m [90m 23 |[39m     }[33m;[39m
     [90m 24 |[39m
    [31m[1m>[22m[39m[90m 25 |[39m     
console[33m.[39merror([33mJSON[39m[33m.[39mstringify(entry))[33m;[39m [90m// stderr for stdio servers[39m
     [90m    |[39m             [31m[1m^[22m[39m
     [90m 26 |[39m   }
     [90m 27 |[39m
     [90m 28 |[39m   debug(message[33m:[39m string[33m,[39m context[33m?[39m[33m:[39m 
[33mRecord[39m[33m<[39m[33mstring[39m[33m,[39m any[33m>[39m) {[0m

      at Logger.log (src/utils/logger.ts:25:13)
      at Logger.info (src/utils/logger.ts:33:10)
      at ConsoleAuditLogger.logOperationSuccess (src/readers/factory.ts:60:12)
      at SecureFileReader.read (src/readers/secure-file-reader.ts:224:26)
      at Object.<anonymous> (src/readers/__tests__/e2e.test.ts:88:24)

    console.error
      {"timestamp":"2026-02-11T12:50:11.927Z","level":"info","message":"File operation started: read","operation":"read
","path":"C:\\Users\\NewAdmin\\Desktop\\File-Organizer-MCP\\test-fixtures-e2e\\perf-13.txt","operationId":"177081421192
7-4mgzut8zh","maxBytes":10485760,"encoding":"utf-8"}

    [0m [90m 23 |[39m     }[33m;[39m
     [90m 24 |[39m
    [31m[1m>[22m[39m[90m 25 |[39m     
console[33m.[39merror([33mJSON[39m[33m.[39mstringify(entry))[33m;[39m [90m// stderr for stdio servers[39m
     [90m    |[39m             [31m[1m^[22m[39m
     [90m 26 |[39m   }
     [90m 27 |[39m
     [90m 28 |[39m   debug(message[33m:[39m string[33m,[39m context[33m?[39m[33m:[39m 
[33mRecord[39m[33m<[39m[33mstring[39m[33m,[39m any[33m>[39m) {[0m

      at Logger.log (src/utils/logger.ts:25:13)
      at Logger.info (src/utils/logger.ts:33:10)
      at ConsoleAuditLogger.logOperationStart (src/readers/factory.ts:48:12)
      at SecureFileReader.read (src/readers/secure-file-reader.ts:164:22)
      at Object.<anonymous> (src/readers/__tests__/e2e.test.ts:88:24)

    console.error
      {"timestamp":"2026-02-11T12:50:11.928Z","level":"info","message":"File operation completed: read","operation":"re
ad","path":"C:\\Users\\NewAdmin\\Desktop\\File-Organizer-MCP\\test-fixtures-e2e\\perf-13.txt","status":"success","opera
tionId":"1770814211927-4mgzut8zh","bytesRead":27,"checksum":"0f5e14f158d58b5c5436faf967a7141de2d80aea269a764056bd9e6edd
1c5c89","streaming":false}

    [0m [90m 23 |[39m     }[33m;[39m
     [90m 24 |[39m
    [31m[1m>[22m[39m[90m 25 |[39m     
console[33m.[39merror([33mJSON[39m[33m.[39mstringify(entry))[33m;[39m [90m// stderr for stdio servers[39m
     [90m    |[39m             [31m[1m^[22m[39m
     [90m 26 |[39m   }
     [90m 27 |[39m
     [90m 28 |[39m   debug(message[33m:[39m string[33m,[39m context[33m?[39m[33m:[39m 
[33mRecord[39m[33m<[39m[33mstring[39m[33m,[39m any[33m>[39m) {[0m

      at Logger.log (src/utils/logger.ts:25:13)
      at Logger.info (src/utils/logger.ts:33:10)
      at ConsoleAuditLogger.logOperationSuccess (src/readers/factory.ts:60:12)
      at SecureFileReader.read (src/readers/secure-file-reader.ts:224:26)
      at Object.<anonymous> (src/readers/__tests__/e2e.test.ts:88:24)

    console.error
      {"timestamp":"2026-02-11T12:50:11.929Z","level":"info","message":"File operation started: read","operation":"read
","path":"C:\\Users\\NewAdmin\\Desktop\\File-Organizer-MCP\\test-fixtures-e2e\\perf-14.txt","operationId":"177081421192
9-nmbba1gsf","maxBytes":10485760,"encoding":"utf-8"}

    [0m [90m 23 |[39m     }[33m;[39m
     [90m 24 |[39m
    [31m[1m>[22m[39m[90m 25 |[39m     
console[33m.[39merror([33mJSON[39m[33m.[39mstringify(entry))[33m;[39m [90m// stderr for stdio servers[39m
     [90m    |[39m             [31m[1m^[22m[39m
     [90m 26 |[39m   }
     [90m 27 |[39m
     [90m 28 |[39m   debug(message[33m:[39m string[33m,[39m context[33m?[39m[33m:[39m 
[33mRecord[39m[33m<[39m[33mstring[39m[33m,[39m any[33m>[39m) {[0m

      at Logger.log (src/utils/logger.ts:25:13)
      at Logger.info (src/utils/logger.ts:33:10)
      at ConsoleAuditLogger.logOperationStart (src/readers/factory.ts:48:12)
      at SecureFileReader.read (src/readers/secure-file-reader.ts:164:22)
      at Object.<anonymous> (src/readers/__tests__/e2e.test.ts:88:24)

    console.error
      {"timestamp":"2026-02-11T12:50:11.931Z","level":"info","message":"File operation completed: read","operation":"re
ad","path":"C:\\Users\\NewAdmin\\Desktop\\File-Organizer-MCP\\test-fixtures-e2e\\perf-14.txt","status":"success","opera
tionId":"1770814211929-nmbba1gsf","bytesRead":27,"checksum":"af5febf7d0674f8c1d67dee1aad97b217d197e6d4d78b20695c966294e
90a6c5","streaming":false}

    [0m [90m 23 |[39m     }[33m;[39m
     [90m 24 |[39m
    [31m[1m>[22m[39m[90m 25 |[39m     
console[33m.[39merror([33mJSON[39m[33m.[39mstringify(entry))[33m;[39m [90m// stderr for stdio servers[39m
     [90m    |[39m             [31m[1m^[22m[39m
     [90m 26 |[39m   }
     [90m 27 |[39m
     [90m 28 |[39m   debug(message[33m:[39m string[33m,[39m context[33m?[39m[33m:[39m 
[33mRecord[39m[33m<[39m[33mstring[39m[33m,[39m any[33m>[39m) {[0m

      at Logger.log (src/utils/logger.ts:25:13)
      at Logger.info (src/utils/logger.ts:33:10)
      at ConsoleAuditLogger.logOperationSuccess (src/readers/factory.ts:60:12)
      at SecureFileReader.read (src/readers/secure-file-reader.ts:224:26)
      at Object.<anonymous> (src/readers/__tests__/e2e.test.ts:88:24)

    console.error
      {"timestamp":"2026-02-11T12:50:11.934Z","level":"info","message":"File operation started: read","operation":"read
","path":"C:\\Users\\NewAdmin\\Desktop\\File-Organizer-MCP\\test-fixtures-e2e\\perf-15.txt","operationId":"177081421193
3-o1zoofb64","maxBytes":10485760,"encoding":"utf-8"}

    [0m [90m 23 |[39m     }[33m;[39m
     [90m 24 |[39m
    [31m[1m>[22m[39m[90m 25 |[39m     
console[33m.[39merror([33mJSON[39m[33m.[39mstringify(entry))[33m;[39m [90m// stderr for stdio servers[39m
     [90m    |[39m             [31m[1m^[22m[39m
     [90m 26 |[39m   }
     [90m 27 |[39m
     [90m 28 |[39m   debug(message[33m:[39m string[33m,[39m context[33m?[39m[33m:[39m 
[33mRecord[39m[33m<[39m[33mstring[39m[33m,[39m any[33m>[39m) {[0m

      at Logger.log (src/utils/logger.ts:25:13)
      at Logger.info (src/utils/logger.ts:33:10)
      at ConsoleAuditLogger.logOperationStart (src/readers/factory.ts:48:12)
      at SecureFileReader.read (src/readers/secure-file-reader.ts:164:22)
      at Object.<anonymous> (src/readers/__tests__/e2e.test.ts:88:24)

    console.error
      {"timestamp":"2026-02-11T12:50:11.935Z","level":"info","message":"File operation completed: read","operation":"re
ad","path":"C:\\Users\\NewAdmin\\Desktop\\File-Organizer-MCP\\test-fixtures-e2e\\perf-15.txt","status":"success","opera
tionId":"1770814211933-o1zoofb64","bytesRead":27,"checksum":"83a51ff5889fc7a3d35f4a46e21b240b3873e949e94e6bdc83fb3689a4
de79fd","streaming":false}

    [0m [90m 23 |[39m     }[33m;[39m
     [90m 24 |[39m
    [31m[1m>[22m[39m[90m 25 |[39m     
console[33m.[39merror([33mJSON[39m[33m.[39mstringify(entry))[33m;[39m [90m// stderr for stdio servers[39m
     [90m    |[39m             [31m[1m^[22m[39m
     [90m 26 |[39m   }
     [90m 27 |[39m
     [90m 28 |[39m   debug(message[33m:[39m string[33m,[39m context[33m?[39m[33m:[39m 
[33mRecord[39m[33m<[39m[33mstring[39m[33m,[39m any[33m>[39m) {[0m

      at Logger.log (src/utils/logger.ts:25:13)
      at Logger.info (src/utils/logger.ts:33:10)
      at ConsoleAuditLogger.logOperationSuccess (src/readers/factory.ts:60:12)
      at SecureFileReader.read (src/readers/secure-file-reader.ts:224:26)
      at Object.<anonymous> (src/readers/__tests__/e2e.test.ts:88:24)

    console.error
      {"timestamp":"2026-02-11T12:50:11.936Z","level":"info","message":"File operation started: read","operation":"read
","path":"C:\\Users\\NewAdmin\\Desktop\\File-Organizer-MCP\\test-fixtures-e2e\\perf-16.txt","operationId":"177081421193
5-3abq6jifj","maxBytes":10485760,"encoding":"utf-8"}

    [0m [90m 23 |[39m     }[33m;[39m
     [90m 24 |[39m
    [31m[1m>[22m[39m[90m 25 |[39m     
console[33m.[39merror([33mJSON[39m[33m.[39mstringify(entry))[33m;[39m [90m// stderr for stdio servers[39m
     [90m    |[39m             [31m[1m^[22m[39m
     [90m 26 |[39m   }
     [90m 27 |[39m
     [90m 28 |[39m   debug(message[33m:[39m string[33m,[39m context[33m?[39m[33m:[39m 
[33mRecord[39m[33m<[39m[33mstring[39m[33m,[39m any[33m>[39m) {[0m

      at Logger.log (src/utils/logger.ts:25:13)
      at Logger.info (src/utils/logger.ts:33:10)
      at ConsoleAuditLogger.logOperationStart (src/readers/factory.ts:48:12)
      at SecureFileReader.read (src/readers/secure-file-reader.ts:164:22)
      at Object.<anonymous> (src/readers/__tests__/e2e.test.ts:88:24)

    console.error
      {"timestamp":"2026-02-11T12:50:11.937Z","level":"info","message":"File operation completed: read","operation":"re
ad","path":"C:\\Users\\NewAdmin\\Desktop\\File-Organizer-MCP\\test-fixtures-e2e\\perf-16.txt","status":"success","opera
tionId":"1770814211935-3abq6jifj","bytesRead":27,"checksum":"1302661132cb5915f3c1eebeec209e957594a373406ed88430afaf2b7b
5951cb","streaming":false}

    [0m [90m 23 |[39m     }[33m;[39m
     [90m 24 |[39m
    [31m[1m>[22m[39m[90m 25 |[39m     
console[33m.[39merror([33mJSON[39m[33m.[39mstringify(entry))[33m;[39m [90m// stderr for stdio servers[39m
     [90m    |[39m             [31m[1m^[22m[39m
     [90m 26 |[39m   }
     [90m 27 |[39m
     [90m 28 |[39m   debug(message[33m:[39m string[33m,[39m context[33m?[39m[33m:[39m 
[33mRecord[39m[33m<[39m[33mstring[39m[33m,[39m any[33m>[39m) {[0m

      at Logger.log (src/utils/logger.ts:25:13)
      at Logger.info (src/utils/logger.ts:33:10)
      at ConsoleAuditLogger.logOperationSuccess (src/readers/factory.ts:60:12)
      at SecureFileReader.read (src/readers/secure-file-reader.ts:224:26)
      at Object.<anonymous> (src/readers/__tests__/e2e.test.ts:88:24)

    console.error
      {"timestamp":"2026-02-11T12:50:11.938Z","level":"info","message":"File operation started: read","operation":"read
","path":"C:\\Users\\NewAdmin\\Desktop\\File-Organizer-MCP\\test-fixtures-e2e\\perf-17.txt","operationId":"177081421193
7-gihabq887","maxBytes":10485760,"encoding":"utf-8"}

    [0m [90m 23 |[39m     }[33m;[39m
     [90m 24 |[39m
    [31m[1m>[22m[39m[90m 25 |[39m     
console[33m.[39merror([33mJSON[39m[33m.[39mstringify(entry))[33m;[39m [90m// stderr for stdio servers[39m
     [90m    |[39m             [31m[1m^[22m[39m
     [90m 26 |[39m   }
     [90m 27 |[39m
     [90m 28 |[39m   debug(message[33m:[39m string[33m,[39m context[33m?[39m[33m:[39m 
[33mRecord[39m[33m<[39m[33mstring[39m[33m,[39m any[33m>[39m) {[0m

      at Logger.log (src/utils/logger.ts:25:13)
      at Logger.info (src/utils/logger.ts:33:10)
      at ConsoleAuditLogger.logOperationStart (src/readers/factory.ts:48:12)
      at SecureFileReader.read (src/readers/secure-file-reader.ts:164:22)
      at Object.<anonymous> (src/readers/__tests__/e2e.test.ts:88:24)

    console.error
      {"timestamp":"2026-02-11T12:50:11.939Z","level":"info","message":"File operation completed: read","operation":"re
ad","path":"C:\\Users\\NewAdmin\\Desktop\\File-Organizer-MCP\\test-fixtures-e2e\\perf-17.txt","status":"success","opera
tionId":"1770814211937-gihabq887","bytesRead":27,"checksum":"026bbe91eadf7e3e56ddbd8112f67e1fb5368fc7c2ebc296dbde164c97
66ddd2","streaming":false}

    [0m [90m 23 |[39m     }[33m;[39m
     [90m 24 |[39m
    [31m[1m>[22m[39m[90m 25 |[39m     
console[33m.[39merror([33mJSON[39m[33m.[39mstringify(entry))[33m;[39m [90m// stderr for stdio servers[39m
     [90m    |[39m             [31m[1m^[22m[39m
     [90m 26 |[39m   }
     [90m 27 |[39m
     [90m 28 |[39m   debug(message[33m:[39m string[33m,[39m context[33m?[39m[33m:[39m 
[33mRecord[39m[33m<[39m[33mstring[39m[33m,[39m any[33m>[39m) {[0m

      at Logger.log (src/utils/logger.ts:25:13)
      at Logger.info (src/utils/logger.ts:33:10)
      at ConsoleAuditLogger.logOperationSuccess (src/readers/factory.ts:60:12)
      at SecureFileReader.read (src/readers/secure-file-reader.ts:224:26)
      at Object.<anonymous> (src/readers/__tests__/e2e.test.ts:88:24)

    console.error
      {"timestamp":"2026-02-11T12:50:11.940Z","level":"info","message":"File operation started: read","operation":"read
","path":"C:\\Users\\NewAdmin\\Desktop\\File-Organizer-MCP\\test-fixtures-e2e\\perf-18.txt","operationId":"177081421193
9-zxcb1cgkv","maxBytes":10485760,"encoding":"utf-8"}

    [0m [90m 23 |[39m     }[33m;[39m
     [90m 24 |[39m
    [31m[1m>[22m[39m[90m 25 |[39m     
console[33m.[39merror([33mJSON[39m[33m.[39mstringify(entry))[33m;[39m [90m// stderr for stdio servers[39m
     [90m    |[39m             [31m[1m^[22m[39m
     [90m 26 |[39m   }
     [90m 27 |[39m
     [90m 28 |[39m   debug(message[33m:[39m string[33m,[39m context[33m?[39m[33m:[39m 
[33mRecord[39m[33m<[39m[33mstring[39m[33m,[39m any[33m>[39m) {[0m

      at Logger.log (src/utils/logger.ts:25:13)
      at Logger.info (src/utils/logger.ts:33:10)
      at ConsoleAuditLogger.logOperationStart (src/readers/factory.ts:48:12)
      at SecureFileReader.read (src/readers/secure-file-reader.ts:164:22)
      at Object.<anonymous> (src/readers/__tests__/e2e.test.ts:88:24)

    console.error
      {"timestamp":"2026-02-11T12:50:11.941Z","level":"info","message":"File operation completed: read","operation":"re
ad","path":"C:\\Users\\NewAdmin\\Desktop\\File-Organizer-MCP\\test-fixtures-e2e\\perf-18.txt","status":"success","opera
tionId":"1770814211939-zxcb1cgkv","bytesRead":27,"checksum":"f972fb3470a128ba99dbd0a2c68f79e5dc5b6d1493e05707c0b03598d2
7cbd4f","streaming":false}

    [0m [90m 23 |[39m     }[33m;[39m
     [90m 24 |[39m
    [31m[1m>[22m[39m[90m 25 |[39m     
console[33m.[39merror([33mJSON[39m[33m.[39mstringify(entry))[33m;[39m [90m// stderr for stdio servers[39m
     [90m    |[39m             [31m[1m^[22m[39m
     [90m 26 |[39m   }
     [90m 27 |[39m
     [90m 28 |[39m   debug(message[33m:[39m string[33m,[39m context[33m?[39m[33m:[39m 
[33mRecord[39m[33m<[39m[33mstring[39m[33m,[39m any[33m>[39m) {[0m

      at Logger.log (src/utils/logger.ts:25:13)
      at Logger.info (src/utils/logger.ts:33:10)
      at ConsoleAuditLogger.logOperationSuccess (src/readers/factory.ts:60:12)
      at SecureFileReader.read (src/readers/secure-file-reader.ts:224:26)
      at Object.<anonymous> (src/readers/__tests__/e2e.test.ts:88:24)

    console.error
      {"timestamp":"2026-02-11T12:50:11.942Z","level":"info","message":"File operation started: read","operation":"read
","path":"C:\\Users\\NewAdmin\\Desktop\\File-Organizer-MCP\\test-fixtures-e2e\\perf-19.txt","operationId":"177081421194
2-ka2m6s509","maxBytes":10485760,"encoding":"utf-8"}

    [0m [90m 23 |[39m     }[33m;[39m
     [90m 24 |[39m
    [31m[1m>[22m[39m[90m 25 |[39m     
console[33m.[39merror([33mJSON[39m[33m.[39mstringify(entry))[33m;[39m [90m// stderr for stdio servers[39m
     [90m    |[39m             [31m[1m^[22m[39m
     [90m 26 |[39m   }
     [90m 27 |[39m
     [90m 28 |[39m   debug(message[33m:[39m string[33m,[39m context[33m?[39m[33m:[39m 
[33mRecord[39m[33m<[39m[33mstring[39m[33m,[39m any[33m>[39m) {[0m

      at Logger.log (src/utils/logger.ts:25:13)
      at Logger.info (src/utils/logger.ts:33:10)
      at ConsoleAuditLogger.logOperationStart (src/readers/factory.ts:48:12)
      at SecureFileReader.read (src/readers/secure-file-reader.ts:164:22)
      at Object.<anonymous> (src/readers/__tests__/e2e.test.ts:88:24)

    console.error
      {"timestamp":"2026-02-11T12:50:11.943Z","level":"info","message":"File operation completed: read","operation":"re
ad","path":"C:\\Users\\NewAdmin\\Desktop\\File-Organizer-MCP\\test-fixtures-e2e\\perf-19.txt","status":"success","opera
tionId":"1770814211942-ka2m6s509","bytesRead":27,"checksum":"8ab48631afbf89a1838a1ef3d27d8642370f031410febec6dc36247228
b63288","streaming":false}

    [0m [90m 23 |[39m     }[33m;[39m
     [90m 24 |[39m
    [31m[1m>[22m[39m[90m 25 |[39m     
console[33m.[39merror([33mJSON[39m[33m.[39mstringify(entry))[33m;[39m [90m// stderr for stdio servers[39m
     [90m    |[39m             [31m[1m^[22m[39m
     [90m 26 |[39m   }
     [90m 27 |[39m
     [90m 28 |[39m   debug(message[33m:[39m string[33m,[39m context[33m?[39m[33m:[39m 
[33mRecord[39m[33m<[39m[33mstring[39m[33m,[39m any[33m>[39m) {[0m

      at Logger.log (src/utils/logger.ts:25:13)
      at Logger.info (src/utils/logger.ts:33:10)
      at ConsoleAuditLogger.logOperationSuccess (src/readers/factory.ts:60:12)
      at SecureFileReader.read (src/readers/secure-file-reader.ts:224:26)
      at Object.<anonymous> (src/readers/__tests__/e2e.test.ts:88:24)

    console.error
      {"timestamp":"2026-02-11T12:50:11.944Z","level":"info","message":"File operation started: read","operation":"read
","path":"C:\\Users\\NewAdmin\\Desktop\\File-Organizer-MCP\\test-fixtures-e2e\\perf-20.txt","operationId":"177081421194
4-g0aztqdc0","maxBytes":10485760,"encoding":"utf-8"}

    [0m [90m 23 |[39m     }[33m;[39m
     [90m 24 |[39m
    [31m[1m>[22m[39m[90m 25 |[39m     
console[33m.[39merror([33mJSON[39m[33m.[39mstringify(entry))[33m;[39m [90m// stderr for stdio servers[39m
     [90m    |[39m             [31m[1m^[22m[39m
     [90m 26 |[39m   }
     [90m 27 |[39m
     [90m 28 |[39m   debug(message[33m:[39m string[33m,[39m context[33m?[39m[33m:[39m 
[33mRecord[39m[33m<[39m[33mstring[39m[33m,[39m any[33m>[39m) {[0m

      at Logger.log (src/utils/logger.ts:25:13)
      at Logger.info (src/utils/logger.ts:33:10)
      at ConsoleAuditLogger.logOperationStart (src/readers/factory.ts:48:12)
      at SecureFileReader.read (src/readers/secure-file-reader.ts:164:22)
      at Object.<anonymous> (src/readers/__tests__/e2e.test.ts:88:24)

    console.error
      {"timestamp":"2026-02-11T12:50:11.945Z","level":"info","message":"File operation completed: read","operation":"re
ad","path":"C:\\Users\\NewAdmin\\Desktop\\File-Organizer-MCP\\test-fixtures-e2e\\perf-20.txt","status":"success","opera
tionId":"1770814211944-g0aztqdc0","bytesRead":27,"checksum":"96b73cdaa39b7ee1aff8c6c5b0550c5d1cafc25cceae386dd3a3db8ae4
9322d7","streaming":false}

    [0m [90m 23 |[39m     }[33m;[39m
     [90m 24 |[39m
    [31m[1m>[22m[39m[90m 25 |[39m     
console[33m.[39merror([33mJSON[39m[33m.[39mstringify(entry))[33m;[39m [90m// stderr for stdio servers[39m
     [90m    |[39m             [31m[1m^[22m[39m
     [90m 26 |[39m   }
     [90m 27 |[39m
     [90m 28 |[39m   debug(message[33m:[39m string[33m,[39m context[33m?[39m[33m:[39m 
[33mRecord[39m[33m<[39m[33mstring[39m[33m,[39m any[33m>[39m) {[0m

      at Logger.log (src/utils/logger.ts:25:13)
      at Logger.info (src/utils/logger.ts:33:10)
      at ConsoleAuditLogger.logOperationSuccess (src/readers/factory.ts:60:12)
      at SecureFileReader.read (src/readers/secure-file-reader.ts:224:26)
      at Object.<anonymous> (src/readers/__tests__/e2e.test.ts:88:24)

    console.error
      {"timestamp":"2026-02-11T12:50:11.946Z","level":"info","message":"File operation started: read","operation":"read
","path":"C:\\Users\\NewAdmin\\Desktop\\File-Organizer-MCP\\test-fixtures-e2e\\perf-21.txt","operationId":"177081421194
6-barkbig51","maxBytes":10485760,"encoding":"utf-8"}

    [0m [90m 23 |[39m     }[33m;[39m
     [90m 24 |[39m
    [31m[1m>[22m[39m[90m 25 |[39m     
console[33m.[39merror([33mJSON[39m[33m.[39mstringify(entry))[33m;[39m [90m// stderr for stdio servers[39m
     [90m    |[39m             [31m[1m^[22m[39m
     [90m 26 |[39m   }
     [90m 27 |[39m
     [90m 28 |[39m   debug(message[33m:[39m string[33m,[39m context[33m?[39m[33m:[39m 
[33mRecord[39m[33m<[39m[33mstring[39m[33m,[39m any[33m>[39m) {[0m

      at Logger.log (src/utils/logger.ts:25:13)
      at Logger.info (src/utils/logger.ts:33:10)
      at ConsoleAuditLogger.logOperationStart (src/readers/factory.ts:48:12)
      at SecureFileReader.read (src/readers/secure-file-reader.ts:164:22)
      at Object.<anonymous> (src/readers/__tests__/e2e.test.ts:88:24)

    console.error
      {"timestamp":"2026-02-11T12:50:11.950Z","level":"info","message":"File operation completed: read","operation":"re
ad","path":"C:\\Users\\NewAdmin\\Desktop\\File-Organizer-MCP\\test-fixtures-e2e\\perf-21.txt","status":"success","opera
tionId":"1770814211946-barkbig51","bytesRead":27,"checksum":"f8bdff96250242ef882cef392dfaf3e5d8d0c5b71cae2b8cd4cb59a9c2
7e77b8","streaming":false}

    [0m [90m 23 |[39m     }[33m;[39m
     [90m 24 |[39m
    [31m[1m>[22m[39m[90m 25 |[39m     
console[33m.[39merror([33mJSON[39m[33m.[39mstringify(entry))[33m;[39m [90m// stderr for stdio servers[39m
     [90m    |[39m             [31m[1m^[22m[39m
     [90m 26 |[39m   }
     [90m 27 |[39m
     [90m 28 |[39m   debug(message[33m:[39m string[33m,[39m context[33m?[39m[33m:[39m 
[33mRecord[39m[33m<[39m[33mstring[39m[33m,[39m any[33m>[39m) {[0m

      at Logger.log (src/utils/logger.ts:25:13)
      at Logger.info (src/utils/logger.ts:33:10)
      at ConsoleAuditLogger.logOperationSuccess (src/readers/factory.ts:60:12)
      at SecureFileReader.read (src/readers/secure-file-reader.ts:224:26)
      at Object.<anonymous> (src/readers/__tests__/e2e.test.ts:88:24)

    console.error
      {"timestamp":"2026-02-11T12:50:11.951Z","level":"info","message":"File operation started: read","operation":"read
","path":"C:\\Users\\NewAdmin\\Desktop\\File-Organizer-MCP\\test-fixtures-e2e\\perf-22.txt","operationId":"177081421195
1-d7gkho98e","maxBytes":10485760,"encoding":"utf-8"}

    [0m [90m 23 |[39m     }[33m;[39m
     [90m 24 |[39m
    [31m[1m>[22m[39m[90m 25 |[39m     
console[33m.[39merror([33mJSON[39m[33m.[39mstringify(entry))[33m;[39m [90m// stderr for stdio servers[39m
     [90m    |[39m             [31m[1m^[22m[39m
     [90m 26 |[39m   }
     [90m 27 |[39m
     [90m 28 |[39m   debug(message[33m:[39m string[33m,[39m context[33m?[39m[33m:[39m 
[33mRecord[39m[33m<[39m[33mstring[39m[33m,[39m any[33m>[39m) {[0m

      at Logger.log (src/utils/logger.ts:25:13)
      at Logger.info (src/utils/logger.ts:33:10)
      at ConsoleAuditLogger.logOperationStart (src/readers/factory.ts:48:12)
      at SecureFileReader.read (src/readers/secure-file-reader.ts:164:22)
      at Object.<anonymous> (src/readers/__tests__/e2e.test.ts:88:24)

    console.error
      {"timestamp":"2026-02-11T12:50:11.953Z","level":"info","message":"File operation completed: read","operation":"re
ad","path":"C:\\Users\\NewAdmin\\Desktop\\File-Organizer-MCP\\test-fixtures-e2e\\perf-22.txt","status":"success","opera
tionId":"1770814211951-d7gkho98e","bytesRead":27,"checksum":"ce928a49fef752882114db695a52e7b9644b4fab59d87faefce6eacef0
0f795d","streaming":false}

    [0m [90m 23 |[39m     }[33m;[39m
     [90m 24 |[39m
    [31m[1m>[22m[39m[90m 25 |[39m     
console[33m.[39merror([33mJSON[39m[33m.[39mstringify(entry))[33m;[39m [90m// stderr for stdio servers[39m
     [90m    |[39m             [31m[1m^[22m[39m
     [90m 26 |[39m   }
     [90m 27 |[39m
     [90m 28 |[39m   debug(message[33m:[39m string[33m,[39m context[33m?[39m[33m:[39m 
[33mRecord[39m[33m<[39m[33mstring[39m[33m,[39m any[33m>[39m) {[0m

      at Logger.log (src/utils/logger.ts:25:13)
      at Logger.info (src/utils/logger.ts:33:10)
      at ConsoleAuditLogger.logOperationSuccess (src/readers/factory.ts:60:12)
      at SecureFileReader.read (src/readers/secure-file-reader.ts:224:26)
      at Object.<anonymous> (src/readers/__tests__/e2e.test.ts:88:24)

    console.error
      {"timestamp":"2026-02-11T12:50:11.954Z","level":"info","message":"File operation started: read","operation":"read
","path":"C:\\Users\\NewAdmin\\Desktop\\File-Organizer-MCP\\test-fixtures-e2e\\perf-23.txt","operationId":"177081421195
3-1yck14ahq","maxBytes":10485760,"encoding":"utf-8"}

    [0m [90m 23 |[39m     }[33m;[39m
     [90m 24 |[39m
    [31m[1m>[22m[39m[90m 25 |[39m     
console[33m.[39merror([33mJSON[39m[33m.[39mstringify(entry))[33m;[39m [90m// stderr for stdio servers[39m
     [90m    |[39m             [31m[1m^[22m[39m
     [90m 26 |[39m   }
     [90m 27 |[39m
     [90m 28 |[39m   debug(message[33m:[39m string[33m,[39m context[33m?[39m[33m:[39m 
[33mRecord[39m[33m<[39m[33mstring[39m[33m,[39m any[33m>[39m) {[0m

      at Logger.log (src/utils/logger.ts:25:13)
      at Logger.info (src/utils/logger.ts:33:10)
      at ConsoleAuditLogger.logOperationStart (src/readers/factory.ts:48:12)
      at SecureFileReader.read (src/readers/secure-file-reader.ts:164:22)
      at Object.<anonymous> (src/readers/__tests__/e2e.test.ts:88:24)

    console.error
      {"timestamp":"2026-02-11T12:50:11.955Z","level":"info","message":"File operation completed: read","operation":"re
ad","path":"C:\\Users\\NewAdmin\\Desktop\\File-Organizer-MCP\\test-fixtures-e2e\\perf-23.txt","status":"success","opera
tionId":"1770814211953-1yck14ahq","bytesRead":27,"checksum":"da160a9d0b76cdf031f0b39fb927b0c8fdbf66ec806c46a8a500140a91
b812ff","streaming":false}

    [0m [90m 23 |[39m     }[33m;[39m
     [90m 24 |[39m
    [31m[1m>[22m[39m[90m 25 |[39m     
console[33m.[39merror([33mJSON[39m[33m.[39mstringify(entry))[33m;[39m [90m// stderr for stdio servers[39m
     [90m    |[39m             [31m[1m^[22m[39m
     [90m 26 |[39m   }
     [90m 27 |[39m
     [90m 28 |[39m   debug(message[33m:[39m string[33m,[39m context[33m?[39m[33m:[39m 
[33mRecord[39m[33m<[39m[33mstring[39m[33m,[39m any[33m>[39m) {[0m

      at Logger.log (src/utils/logger.ts:25:13)
      at Logger.info (src/utils/logger.ts:33:10)
      at ConsoleAuditLogger.logOperationSuccess (src/readers/factory.ts:60:12)
      at SecureFileReader.read (src/readers/secure-file-reader.ts:224:26)
      at Object.<anonymous> (src/readers/__tests__/e2e.test.ts:88:24)

    console.error
      {"timestamp":"2026-02-11T12:50:11.956Z","level":"info","message":"File operation started: read","operation":"read
","path":"C:\\Users\\NewAdmin\\Desktop\\File-Organizer-MCP\\test-fixtures-e2e\\perf-24.txt","operationId":"177081421195
5-z31ir97ho","maxBytes":10485760,"encoding":"utf-8"}

    [0m [90m 23 |[39m     }[33m;[39m
     [90m 24 |[39m
    [31m[1m>[22m[39m[90m 25 |[39m     
console[33m.[39merror([33mJSON[39m[33m.[39mstringify(entry))[33m;[39m [90m// stderr for stdio servers[39m
     [90m    |[39m             [31m[1m^[22m[39m
     [90m 26 |[39m   }
     [90m 27 |[39m
     [90m 28 |[39m   debug(message[33m:[39m string[33m,[39m context[33m?[39m[33m:[39m 
[33mRecord[39m[33m<[39m[33mstring[39m[33m,[39m any[33m>[39m) {[0m

      at Logger.log (src/utils/logger.ts:25:13)
      at Logger.info (src/utils/logger.ts:33:10)
      at ConsoleAuditLogger.logOperationStart (src/readers/factory.ts:48:12)
      at SecureFileReader.read (src/readers/secure-file-reader.ts:164:22)
      at Object.<anonymous> (src/readers/__tests__/e2e.test.ts:88:24)

    console.error
      {"timestamp":"2026-02-11T12:50:11.957Z","level":"info","message":"File operation completed: read","operation":"re
ad","path":"C:\\Users\\NewAdmin\\Desktop\\File-Organizer-MCP\\test-fixtures-e2e\\perf-24.txt","status":"success","opera
tionId":"1770814211955-z31ir97ho","bytesRead":27,"checksum":"be1eafb1fc81a0bcd46391bc11be19853418dcea0d8cd55067fd467d34
b53e57","streaming":false}

    [0m [90m 23 |[39m     }[33m;[39m
     [90m 24 |[39m
    [31m[1m>[22m[39m[90m 25 |[39m     
console[33m.[39merror([33mJSON[39m[33m.[39mstringify(entry))[33m;[39m [90m// stderr for stdio servers[39m
     [90m    |[39m             [31m[1m^[22m[39m
     [90m 26 |[39m   }
     [90m 27 |[39m
     [90m 28 |[39m   debug(message[33m:[39m string[33m,[39m context[33m?[39m[33m:[39m 
[33mRecord[39m[33m<[39m[33mstring[39m[33m,[39m any[33m>[39m) {[0m

      at Logger.log (src/utils/logger.ts:25:13)
      at Logger.info (src/utils/logger.ts:33:10)
      at ConsoleAuditLogger.logOperationSuccess (src/readers/factory.ts:60:12)
      at SecureFileReader.read (src/readers/secure-file-reader.ts:224:26)
      at Object.<anonymous> (src/readers/__tests__/e2e.test.ts:88:24)

    console.error
      {"timestamp":"2026-02-11T12:50:11.958Z","level":"info","message":"File operation started: read","operation":"read
","path":"C:\\Users\\NewAdmin\\Desktop\\File-Organizer-MCP\\test-fixtures-e2e\\perf-25.txt","operationId":"177081421195
8-aaje6az27","maxBytes":10485760,"encoding":"utf-8"}

    [0m [90m 23 |[39m     }[33m;[39m
     [90m 24 |[39m
    [31m[1m>[22m[39m[90m 25 |[39m     
console[33m.[39merror([33mJSON[39m[33m.[39mstringify(entry))[33m;[39m [90m// stderr for stdio servers[39m
     [90m    |[39m             [31m[1m^[22m[39m
     [90m 26 |[39m   }
     [90m 27 |[39m
     [90m 28 |[39m   debug(message[33m:[39m string[33m,[39m context[33m?[39m[33m:[39m 
[33mRecord[39m[33m<[39m[33mstring[39m[33m,[39m any[33m>[39m) {[0m

      at Logger.log (src/utils/logger.ts:25:13)
      at Logger.info (src/utils/logger.ts:33:10)
      at ConsoleAuditLogger.logOperationStart (src/readers/factory.ts:48:12)
      at SecureFileReader.read (src/readers/secure-file-reader.ts:164:22)
      at Object.<anonymous> (src/readers/__tests__/e2e.test.ts:88:24)

    console.error
      {"timestamp":"2026-02-11T12:50:11.959Z","level":"info","message":"File operation completed: read","operation":"re
ad","path":"C:\\Users\\NewAdmin\\Desktop\\File-Organizer-MCP\\test-fixtures-e2e\\perf-25.txt","status":"success","opera
tionId":"1770814211958-aaje6az27","bytesRead":27,"checksum":"819d616a05843643883076e72bd385448ea603d678ed22586b6d63d9fe
18dc6d","streaming":false}

    [0m [90m 23 |[39m     }[33m;[39m
     [90m 24 |[39m
    [31m[1m>[22m[39m[90m 25 |[39m     
console[33m.[39merror([33mJSON[39m[33m.[39mstringify(entry))[33m;[39m [90m// stderr for stdio servers[39m
     [90m    |[39m             [31m[1m^[22m[39m
     [90m 26 |[39m   }
     [90m 27 |[39m
     [90m 28 |[39m   debug(message[33m:[39m string[33m,[39m context[33m?[39m[33m:[39m 
[33mRecord[39m[33m<[39m[33mstring[39m[33m,[39m any[33m>[39m) {[0m

      at Logger.log (src/utils/logger.ts:25:13)
      at Logger.info (src/utils/logger.ts:33:10)
      at ConsoleAuditLogger.logOperationSuccess (src/readers/factory.ts:60:12)
      at SecureFileReader.read (src/readers/secure-file-reader.ts:224:26)
      at Object.<anonymous> (src/readers/__tests__/e2e.test.ts:88:24)

    console.error
      {"timestamp":"2026-02-11T12:50:11.960Z","level":"info","message":"File operation started: read","operation":"read
","path":"C:\\Users\\NewAdmin\\Desktop\\File-Organizer-MCP\\test-fixtures-e2e\\perf-26.txt","operationId":"177081421196
0-60jtuxjj8","maxBytes":10485760,"encoding":"utf-8"}

    [0m [90m 23 |[39m     }[33m;[39m
     [90m 24 |[39m
    [31m[1m>[22m[39m[90m 25 |[39m     
console[33m.[39merror([33mJSON[39m[33m.[39mstringify(entry))[33m;[39m [90m// stderr for stdio servers[39m
     [90m    |[39m             [31m[1m^[22m[39m
     [90m 26 |[39m   }
     [90m 27 |[39m
     [90m 28 |[39m   debug(message[33m:[39m string[33m,[39m context[33m?[39m[33m:[39m 
[33mRecord[39m[33m<[39m[33mstring[39m[33m,[39m any[33m>[39m) {[0m

      at Logger.log (src/utils/logger.ts:25:13)
      at Logger.info (src/utils/logger.ts:33:10)
      at ConsoleAuditLogger.logOperationStart (src/readers/factory.ts:48:12)
      at SecureFileReader.read (src/readers/secure-file-reader.ts:164:22)
      at Object.<anonymous> (src/readers/__tests__/e2e.test.ts:88:24)

    console.error
      {"timestamp":"2026-02-11T12:50:11.961Z","level":"info","message":"File operation completed: read","operation":"re
ad","path":"C:\\Users\\NewAdmin\\Desktop\\File-Organizer-MCP\\test-fixtures-e2e\\perf-26.txt","status":"success","opera
tionId":"1770814211960-60jtuxjj8","bytesRead":27,"checksum":"a96e9fa57d836f06ec05c7ff1db1cfe3534c7ae127db66fb728b1e0bda
e8ee1e","streaming":false}

    [0m [90m 23 |[39m     }[33m;[39m
     [90m 24 |[39m
    [31m[1m>[22m[39m[90m 25 |[39m     
console[33m.[39merror([33mJSON[39m[33m.[39mstringify(entry))[33m;[39m [90m// stderr for stdio servers[39m
     [90m    |[39m             [31m[1m^[22m[39m
     [90m 26 |[39m   }
     [90m 27 |[39m
     [90m 28 |[39m   debug(message[33m:[39m string[33m,[39m context[33m?[39m[33m:[39m 
[33mRecord[39m[33m<[39m[33mstring[39m[33m,[39m any[33m>[39m) {[0m

      at Logger.log (src/utils/logger.ts:25:13)
      at Logger.info (src/utils/logger.ts:33:10)
      at ConsoleAuditLogger.logOperationSuccess (src/readers/factory.ts:60:12)
      at SecureFileReader.read (src/readers/secure-file-reader.ts:224:26)
      at Object.<anonymous> (src/readers/__tests__/e2e.test.ts:88:24)

    console.error
      {"timestamp":"2026-02-11T12:50:11.962Z","level":"info","message":"File operation started: read","operation":"read
","path":"C:\\Users\\NewAdmin\\Desktop\\File-Organizer-MCP\\test-fixtures-e2e\\perf-27.txt","operationId":"177081421196
2-poqrhnlej","maxBytes":10485760,"encoding":"utf-8"}

    [0m [90m 23 |[39m     }[33m;[39m
     [90m 24 |[39m
    [31m[1m>[22m[39m[90m 25 |[39m     
console[33m.[39merror([33mJSON[39m[33m.[39mstringify(entry))[33m;[39m [90m// stderr for stdio servers[39m
     [90m    |[39m             [31m[1m^[22m[39m
     [90m 26 |[39m   }
     [90m 27 |[39m
     [90m 28 |[39m   debug(message[33m:[39m string[33m,[39m context[33m?[39m[33m:[39m 
[33mRecord[39m[33m<[39m[33mstring[39m[33m,[39m any[33m>[39m) {[0m

      at Logger.log (src/utils/logger.ts:25:13)
      at Logger.info (src/utils/logger.ts:33:10)
      at ConsoleAuditLogger.logOperationStart (src/readers/factory.ts:48:12)
      at SecureFileReader.read (src/readers/secure-file-reader.ts:164:22)
      at Object.<anonymous> (src/readers/__tests__/e2e.test.ts:88:24)

    console.error
      {"timestamp":"2026-02-11T12:50:11.964Z","level":"info","message":"File operation completed: read","operation":"re
ad","path":"C:\\Users\\NewAdmin\\Desktop\\File-Organizer-MCP\\test-fixtures-e2e\\perf-27.txt","status":"success","opera
tionId":"1770814211962-poqrhnlej","bytesRead":27,"checksum":"6d03fbb69be51e10780aa9dfb88920ebb742555c5c3502a8a2c9d89318
9435f8","streaming":false}

    [0m [90m 23 |[39m     }[33m;[39m
     [90m 24 |[39m
    [31m[1m>[22m[39m[90m 25 |[39m     
console[33m.[39merror([33mJSON[39m[33m.[39mstringify(entry))[33m;[39m [90m// stderr for stdio servers[39m
     [90m    |[39m             [31m[1m^[22m[39m
     [90m 26 |[39m   }
     [90m 27 |[39m
     [90m 28 |[39m   debug(message[33m:[39m string[33m,[39m context[33m?[39m[33m:[39m 
[33mRecord[39m[33m<[39m[33mstring[39m[33m,[39m any[33m>[39m) {[0m

      at Logger.log (src/utils/logger.ts:25:13)
      at Logger.info (src/utils/logger.ts:33:10)
      at ConsoleAuditLogger.logOperationSuccess (src/readers/factory.ts:60:12)
      at SecureFileReader.read (src/readers/secure-file-reader.ts:224:26)
      at Object.<anonymous> (src/readers/__tests__/e2e.test.ts:88:24)

    console.error
      {"timestamp":"2026-02-11T12:50:11.967Z","level":"info","message":"File operation started: read","operation":"read
","path":"C:\\Users\\NewAdmin\\Desktop\\File-Organizer-MCP\\test-fixtures-e2e\\perf-28.txt","operationId":"177081421196
6-kpdl5g42i","maxBytes":10485760,"encoding":"utf-8"}

    [0m [90m 23 |[39m     }[33m;[39m
     [90m 24 |[39m
    [31m[1m>[22m[39m[90m 25 |[39m     
console[33m.[39merror([33mJSON[39m[33m.[39mstringify(entry))[33m;[39m [90m// stderr for stdio servers[39m
     [90m    |[39m             [31m[1m^[22m[39m
     [90m 26 |[39m   }
     [90m 27 |[39m
     [90m 28 |[39m   debug(message[33m:[39m string[33m,[39m context[33m?[39m[33m:[39m 
[33mRecord[39m[33m<[39m[33mstring[39m[33m,[39m any[33m>[39m) {[0m

      at Logger.log (src/utils/logger.ts:25:13)
      at Logger.info (src/utils/logger.ts:33:10)
      at ConsoleAuditLogger.logOperationStart (src/readers/factory.ts:48:12)
      at SecureFileReader.read (src/readers/secure-file-reader.ts:164:22)
      at Object.<anonymous> (src/readers/__tests__/e2e.test.ts:88:24)

    console.error
      {"timestamp":"2026-02-11T12:50:11.968Z","level":"info","message":"File operation completed: read","operation":"re
ad","path":"C:\\Users\\NewAdmin\\Desktop\\File-Organizer-MCP\\test-fixtures-e2e\\perf-28.txt","status":"success","opera
tionId":"1770814211966-kpdl5g42i","bytesRead":27,"checksum":"e45e3ee63c4f8eb4223158a7ff6a9aaa489c0a10cf1dce1928c3bd207c
22d52e","streaming":false}

    [0m [90m 23 |[39m     }[33m;[39m
     [90m 24 |[39m
    [31m[1m>[22m[39m[90m 25 |[39m     
console[33m.[39merror([33mJSON[39m[33m.[39mstringify(entry))[33m;[39m [90m// stderr for stdio servers[39m
     [90m    |[39m             [31m[1m^[22m[39m
     [90m 26 |[39m   }
     [90m 27 |[39m
     [90m 28 |[39m   debug(message[33m:[39m string[33m,[39m context[33m?[39m[33m:[39m 
[33mRecord[39m[33m<[39m[33mstring[39m[33m,[39m any[33m>[39m) {[0m

      at Logger.log (src/utils/logger.ts:25:13)
      at Logger.info (src/utils/logger.ts:33:10)
      at ConsoleAuditLogger.logOperationSuccess (src/readers/factory.ts:60:12)
      at SecureFileReader.read (src/readers/secure-file-reader.ts:224:26)
      at Object.<anonymous> (src/readers/__tests__/e2e.test.ts:88:24)

    console.error
      {"timestamp":"2026-02-11T12:50:11.969Z","level":"info","message":"File operation started: read","operation":"read
","path":"C:\\Users\\NewAdmin\\Desktop\\File-Organizer-MCP\\test-fixtures-e2e\\perf-29.txt","operationId":"177081421196
8-g24lqfsqj","maxBytes":10485760,"encoding":"utf-8"}

    [0m [90m 23 |[39m     }[33m;[39m
     [90m 24 |[39m
    [31m[1m>[22m[39m[90m 25 |[39m     
console[33m.[39merror([33mJSON[39m[33m.[39mstringify(entry))[33m;[39m [90m// stderr for stdio servers[39m
     [90m    |[39m             [31m[1m^[22m[39m
     [90m 26 |[39m   }
     [90m 27 |[39m
     [90m 28 |[39m   debug(message[33m:[39m string[33m,[39m context[33m?[39m[33m:[39m 
[33mRecord[39m[33m<[39m[33mstring[39m[33m,[39m any[33m>[39m) {[0m

      at Logger.log (src/utils/logger.ts:25:13)
      at Logger.info (src/utils/logger.ts:33:10)
      at ConsoleAuditLogger.logOperationStart (src/readers/factory.ts:48:12)
      at SecureFileReader.read (src/readers/secure-file-reader.ts:164:22)
      at Object.<anonymous> (src/readers/__tests__/e2e.test.ts:88:24)

    console.error
      {"timestamp":"2026-02-11T12:50:11.970Z","level":"info","message":"File operation completed: read","operation":"re
ad","path":"C:\\Users\\NewAdmin\\Desktop\\File-Organizer-MCP\\test-fixtures-e2e\\perf-29.txt","status":"success","opera
tionId":"1770814211968-g24lqfsqj","bytesRead":27,"checksum":"6f8f47e80a848b0143e7f06790d05054ecb1845e269011e4e9e211dd6c
36ea4b","streaming":false}

    [0m [90m 23 |[39m     }[33m;[39m
     [90m 24 |[39m
    [31m[1m>[22m[39m[90m 25 |[39m     
console[33m.[39merror([33mJSON[39m[33m.[39mstringify(entry))[33m;[39m [90m// stderr for stdio servers[39m
     [90m    |[39m             [31m[1m^[22m[39m
     [90m 26 |[39m   }
     [90m 27 |[39m
     [90m 28 |[39m   debug(message[33m:[39m string[33m,[39m context[33m?[39m[33m:[39m 
[33mRecord[39m[33m<[39m[33mstring[39m[33m,[39m any[33m>[39m) {[0m

      at Logger.log (src/utils/logger.ts:25:13)
      at Logger.info (src/utils/logger.ts:33:10)
      at ConsoleAuditLogger.logOperationSuccess (src/readers/factory.ts:60:12)
      at SecureFileReader.read (src/readers/secure-file-reader.ts:224:26)
      at Object.<anonymous> (src/readers/__tests__/e2e.test.ts:88:24)

    console.error
      {"timestamp":"2026-02-11T12:50:11.971Z","level":"info","message":"File operation started: read","operation":"read
","path":"C:\\Users\\NewAdmin\\Desktop\\File-Organizer-MCP\\test-fixtures-e2e\\perf-30.txt","operationId":"177081421197
0-f6qpp37wo","maxBytes":10485760,"encoding":"utf-8"}

    [0m [90m 23 |[39m     }[33m;[39m
     [90m 24 |[39m
    [31m[1m>[22m[39m[90m 25 |[39m     
console[33m.[39merror([33mJSON[39m[33m.[39mstringify(entry))[33m;[39m [90m// stderr for stdio servers[39m
     [90m    |[39m             [31m[1m^[22m[39m
     [90m 26 |[39m   }
     [90m 27 |[39m
     [90m 28 |[39m   debug(message[33m:[39m string[33m,[39m context[33m?[39m[33m:[39m 
[33mRecord[39m[33m<[39m[33mstring[39m[33m,[39m any[33m>[39m) {[0m

      at Logger.log (src/utils/logger.ts:25:13)
      at Logger.info (src/utils/logger.ts:33:10)
      at ConsoleAuditLogger.logOperationStart (src/readers/factory.ts:48:12)
      at SecureFileReader.read (src/readers/secure-file-reader.ts:164:22)
      at Object.<anonymous> (src/readers/__tests__/e2e.test.ts:88:24)

    console.error
      {"timestamp":"2026-02-11T12:50:11.972Z","level":"info","message":"File operation completed: read","operation":"re
ad","path":"C:\\Users\\NewAdmin\\Desktop\\File-Organizer-MCP\\test-fixtures-e2e\\perf-30.txt","status":"success","opera
tionId":"1770814211970-f6qpp37wo","bytesRead":27,"checksum":"880400f5003b6eb4f50a958077ae2bd62bce7be0e7dbb915cbd4ea0691
179e32","streaming":false}

    [0m [90m 23 |[39m     }[33m;[39m
     [90m 24 |[39m
    [31m[1m>[22m[39m[90m 25 |[39m     
console[33m.[39merror([33mJSON[39m[33m.[39mstringify(entry))[33m;[39m [90m// stderr for stdio servers[39m
     [90m    |[39m             [31m[1m^[22m[39m
     [90m 26 |[39m   }
     [90m 27 |[39m
     [90m 28 |[39m   debug(message[33m:[39m string[33m,[39m context[33m?[39m[33m:[39m 
[33mRecord[39m[33m<[39m[33mstring[39m[33m,[39m any[33m>[39m) {[0m

      at Logger.log (src/utils/logger.ts:25:13)
      at Logger.info (src/utils/logger.ts:33:10)
      at ConsoleAuditLogger.logOperationSuccess (src/readers/factory.ts:60:12)
      at SecureFileReader.read (src/readers/secure-file-reader.ts:224:26)
      at Object.<anonymous> (src/readers/__tests__/e2e.test.ts:88:24)

    console.error
      {"timestamp":"2026-02-11T12:50:11.973Z","level":"info","message":"File operation started: read","operation":"read
","path":"C:\\Users\\NewAdmin\\Desktop\\File-Organizer-MCP\\test-fixtures-e2e\\perf-31.txt","operationId":"177081421197
2-l8fpb5pul","maxBytes":10485760,"encoding":"utf-8"}

    [0m [90m 23 |[39m     }[33m;[39m
     [90m 24 |[39m
    [31m[1m>[22m[39m[90m 25 |[39m     
console[33m.[39merror([33mJSON[39m[33m.[39mstringify(entry))[33m;[39m [90m// stderr for stdio servers[39m
     [90m    |[39m             [31m[1m^[22m[39m
     [90m 26 |[39m   }
     [90m 27 |[39m
     [90m 28 |[39m   debug(message[33m:[39m string[33m,[39m context[33m?[39m[33m:[39m 
[33mRecord[39m[33m<[39m[33mstring[39m[33m,[39m any[33m>[39m) {[0m

      at Logger.log (src/utils/logger.ts:25:13)
      at Logger.info (src/utils/logger.ts:33:10)
      at ConsoleAuditLogger.logOperationStart (src/readers/factory.ts:48:12)
      at SecureFileReader.read (src/readers/secure-file-reader.ts:164:22)
      at Object.<anonymous> (src/readers/__tests__/e2e.test.ts:88:24)

    console.error
      {"timestamp":"2026-02-11T12:50:11.973Z","level":"info","message":"File operation completed: read","operation":"re
ad","path":"C:\\Users\\NewAdmin\\Desktop\\File-Organizer-MCP\\test-fixtures-e2e\\perf-31.txt","status":"success","opera
tionId":"1770814211972-l8fpb5pul","bytesRead":27,"checksum":"042a34e23231a14c9760f12bbe26571bf2c1e79617ed91c01eacbaa7e9
ee1562","streaming":false}

    [0m [90m 23 |[39m     }[33m;[39m
     [90m 24 |[39m
    [31m[1m>[22m[39m[90m 25 |[39m     
console[33m.[39merror([33mJSON[39m[33m.[39mstringify(entry))[33m;[39m [90m// stderr for stdio servers[39m
     [90m    |[39m             [31m[1m^[22m[39m
     [90m 26 |[39m   }
     [90m 27 |[39m
     [90m 28 |[39m   debug(message[33m:[39m string[33m,[39m context[33m?[39m[33m:[39m 
[33mRecord[39m[33m<[39m[33mstring[39m[33m,[39m any[33m>[39m) {[0m

      at Logger.log (src/utils/logger.ts:25:13)
      at Logger.info (src/utils/logger.ts:33:10)
      at ConsoleAuditLogger.logOperationSuccess (src/readers/factory.ts:60:12)
      at SecureFileReader.read (src/readers/secure-file-reader.ts:224:26)
      at Object.<anonymous> (src/readers/__tests__/e2e.test.ts:88:24)

    console.error
      {"timestamp":"2026-02-11T12:50:11.974Z","level":"info","message":"File operation started: read","operation":"read
","path":"C:\\Users\\NewAdmin\\Desktop\\File-Organizer-MCP\\test-fixtures-e2e\\perf-32.txt","operationId":"177081421197
4-6pyw9ajfe","maxBytes":10485760,"encoding":"utf-8"}

    [0m [90m 23 |[39m     }[33m;[39m
     [90m 24 |[39m
    [31m[1m>[22m[39m[90m 25 |[39m     
console[33m.[39merror([33mJSON[39m[33m.[39mstringify(entry))[33m;[39m [90m// stderr for stdio servers[39m
     [90m    |[39m             [31m[1m^[22m[39m
     [90m 26 |[39m   }
     [90m 27 |[39m
     [90m 28 |[39m   debug(message[33m:[39m string[33m,[39m context[33m?[39m[33m:[39m 
[33mRecord[39m[33m<[39m[33mstring[39m[33m,[39m any[33m>[39m) {[0m

      at Logger.log (src/utils/logger.ts:25:13)
      at Logger.info (src/utils/logger.ts:33:10)
      at ConsoleAuditLogger.logOperationStart (src/readers/factory.ts:48:12)
      at SecureFileReader.read (src/readers/secure-file-reader.ts:164:22)
      at Object.<anonymous> (src/readers/__tests__/e2e.test.ts:88:24)

    console.error
      {"timestamp":"2026-02-11T12:50:11.975Z","level":"info","message":"File operation completed: read","operation":"re
ad","path":"C:\\Users\\NewAdmin\\Desktop\\File-Organizer-MCP\\test-fixtures-e2e\\perf-32.txt","status":"success","opera
tionId":"1770814211974-6pyw9ajfe","bytesRead":27,"checksum":"34e56c9846dc0b5eace19cb1bfa155f77c3450715d613536c21fe54856
cf55c5","streaming":false}

    [0m [90m 23 |[39m     }[33m;[39m
     [90m 24 |[39m
    [31m[1m>[22m[39m[90m 25 |[39m     
console[33m.[39merror([33mJSON[39m[33m.[39mstringify(entry))[33m;[39m [90m// stderr for stdio servers[39m
     [90m    |[39m             [31m[1m^[22m[39m
     [90m 26 |[39m   }
     [90m 27 |[39m
     [90m 28 |[39m   debug(message[33m:[39m string[33m,[39m context[33m?[39m[33m:[39m 
[33mRecord[39m[33m<[39m[33mstring[39m[33m,[39m any[33m>[39m) {[0m

      at Logger.log (src/utils/logger.ts:25:13)
      at Logger.info (src/utils/logger.ts:33:10)
      at ConsoleAuditLogger.logOperationSuccess (src/readers/factory.ts:60:12)
      at SecureFileReader.read (src/readers/secure-file-reader.ts:224:26)
      at Object.<anonymous> (src/readers/__tests__/e2e.test.ts:88:24)

    console.error
      {"timestamp":"2026-02-11T12:50:11.976Z","level":"info","message":"File operation started: read","operation":"read
","path":"C:\\Users\\NewAdmin\\Desktop\\File-Organizer-MCP\\test-fixtures-e2e\\perf-33.txt","operationId":"177081421197
6-crlf6iw6l","maxBytes":10485760,"encoding":"utf-8"}

    [0m [90m 23 |[39m     }[33m;[39m
     [90m 24 |[39m
    [31m[1m>[22m[39m[90m 25 |[39m     
console[33m.[39merror([33mJSON[39m[33m.[39mstringify(entry))[33m;[39m [90m// stderr for stdio servers[39m
     [90m    |[39m             [31m[1m^[22m[39m
     [90m 26 |[39m   }
     [90m 27 |[39m
     [90m 28 |[39m   debug(message[33m:[39m string[33m,[39m context[33m?[39m[33m:[39m 
[33mRecord[39m[33m<[39m[33mstring[39m[33m,[39m any[33m>[39m) {[0m

      at Logger.log (src/utils/logger.ts:25:13)
      at Logger.info (src/utils/logger.ts:33:10)
      at ConsoleAuditLogger.logOperationStart (src/readers/factory.ts:48:12)
      at SecureFileReader.read (src/readers/secure-file-reader.ts:164:22)
      at Object.<anonymous> (src/readers/__tests__/e2e.test.ts:88:24)

    console.error
      {"timestamp":"2026-02-11T12:50:11.977Z","level":"info","message":"File operation completed: read","operation":"re
ad","path":"C:\\Users\\NewAdmin\\Desktop\\File-Organizer-MCP\\test-fixtures-e2e\\perf-33.txt","status":"success","opera
tionId":"1770814211976-crlf6iw6l","bytesRead":27,"checksum":"f5ab3126a4d4f65a3f56e541815cf3c4d12726337e53a112ad9109de90
4c107f","streaming":false}

    [0m [90m 23 |[39m     }[33m;[39m
     [90m 24 |[39m
    [31m[1m>[22m[39m[90m 25 |[39m     
console[33m.[39merror([33mJSON[39m[33m.[39mstringify(entry))[33m;[39m [90m// stderr for stdio servers[39m
     [90m    |[39m             [31m[1m^[22m[39m
     [90m 26 |[39m   }
     [90m 27 |[39m
     [90m 28 |[39m   debug(message[33m:[39m string[33m,[39m context[33m?[39m[33m:[39m 
[33mRecord[39m[33m<[39m[33mstring[39m[33m,[39m any[33m>[39m) {[0m

      at Logger.log (src/utils/logger.ts:25:13)
      at Logger.info (src/utils/logger.ts:33:10)
      at ConsoleAuditLogger.logOperationSuccess (src/readers/factory.ts:60:12)
      at SecureFileReader.read (src/readers/secure-file-reader.ts:224:26)
      at Object.<anonymous> (src/readers/__tests__/e2e.test.ts:88:24)

    console.error
      {"timestamp":"2026-02-11T12:50:11.978Z","level":"info","message":"File operation started: read","operation":"read
","path":"C:\\Users\\NewAdmin\\Desktop\\File-Organizer-MCP\\test-fixtures-e2e\\perf-34.txt","operationId":"177081421197
7-sj0qkp3wg","maxBytes":10485760,"encoding":"utf-8"}

    [0m [90m 23 |[39m     }[33m;[39m
     [90m 24 |[39m
    [31m[1m>[22m[39m[90m 25 |[39m     
console[33m.[39merror([33mJSON[39m[33m.[39mstringify(entry))[33m;[39m [90m// stderr for stdio servers[39m
     [90m    |[39m             [31m[1m^[22m[39m
     [90m 26 |[39m   }
     [90m 27 |[39m
     [90m 28 |[39m   debug(message[33m:[39m string[33m,[39m context[33m?[39m[33m:[39m 
[33mRecord[39m[33m<[39m[33mstring[39m[33m,[39m any[33m>[39m) {[0m

      at Logger.log (src/utils/logger.ts:25:13)
      at Logger.info (src/utils/logger.ts:33:10)
      at ConsoleAuditLogger.logOperationStart (src/readers/factory.ts:48:12)
      at SecureFileReader.read (src/readers/secure-file-reader.ts:164:22)
      at Object.<anonymous> (src/readers/__tests__/e2e.test.ts:88:24)

    console.error
      {"timestamp":"2026-02-11T12:50:11.979Z","level":"info","message":"File operation completed: read","operation":"re
ad","path":"C:\\Users\\NewAdmin\\Desktop\\File-Organizer-MCP\\test-fixtures-e2e\\perf-34.txt","status":"success","opera
tionId":"1770814211977-sj0qkp3wg","bytesRead":27,"checksum":"9e9e14eaf5fbe87e5ce0a068ff3aaaa66946b5c07600dd63075881a8d6
823e4e","streaming":false}

    [0m [90m 23 |[39m     }[33m;[39m
     [90m 24 |[39m
    [31m[1m>[22m[39m[90m 25 |[39m     
console[33m.[39merror([33mJSON[39m[33m.[39mstringify(entry))[33m;[39m [90m// stderr for stdio servers[39m
     [90m    |[39m             [31m[1m^[22m[39m
     [90m 26 |[39m   }
     [90m 27 |[39m
     [90m 28 |[39m   debug(message[33m:[39m string[33m,[39m context[33m?[39m[33m:[39m 
[33mRecord[39m[33m<[39m[33mstring[39m[33m,[39m any[33m>[39m) {[0m

      at Logger.log (src/utils/logger.ts:25:13)
      at Logger.info (src/utils/logger.ts:33:10)
      at ConsoleAuditLogger.logOperationSuccess (src/readers/factory.ts:60:12)
      at SecureFileReader.read (src/readers/secure-file-reader.ts:224:26)
      at Object.<anonymous> (src/readers/__tests__/e2e.test.ts:88:24)

    console.error
      {"timestamp":"2026-02-11T12:50:11.980Z","level":"info","message":"File operation started: read","operation":"read
","path":"C:\\Users\\NewAdmin\\Desktop\\File-Organizer-MCP\\test-fixtures-e2e\\perf-35.txt","operationId":"177081421197
9-iz4trvlhx","maxBytes":10485760,"encoding":"utf-8"}

    [0m [90m 23 |[39m     }[33m;[39m
     [90m 24 |[39m
    [31m[1m>[22m[39m[90m 25 |[39m     
console[33m.[39merror([33mJSON[39m[33m.[39mstringify(entry))[33m;[39m [90m// stderr for stdio servers[39m
     [90m    |[39m             [31m[1m^[22m[39m
     [90m 26 |[39m   }
     [90m 27 |[39m
     [90m 28 |[39m   debug(message[33m:[39m string[33m,[39m context[33m?[39m[33m:[39m 
[33mRecord[39m[33m<[39m[33mstring[39m[33m,[39m any[33m>[39m) {[0m

      at Logger.log (src/utils/logger.ts:25:13)
      at Logger.info (src/utils/logger.ts:33:10)
      at ConsoleAuditLogger.logOperationStart (src/readers/factory.ts:48:12)
      at SecureFileReader.read (src/readers/secure-file-reader.ts:164:22)
      at Object.<anonymous> (src/readers/__tests__/e2e.test.ts:88:24)

    console.error
      {"timestamp":"2026-02-11T12:50:11.985Z","level":"info","message":"File operation completed: read","operation":"re
ad","path":"C:\\Users\\NewAdmin\\Desktop\\File-Organizer-MCP\\test-fixtures-e2e\\perf-35.txt","status":"success","opera
tionId":"1770814211979-iz4trvlhx","bytesRead":27,"checksum":"b081cbbc661859d3865c8f07f70e2b26a9392cab141b5417d43c8f156c
567b6d","streaming":false}

    [0m [90m 23 |[39m     }[33m;[39m
     [90m 24 |[39m
    [31m[1m>[22m[39m[90m 25 |[39m     
console[33m.[39merror([33mJSON[39m[33m.[39mstringify(entry))[33m;[39m [90m// stderr for stdio servers[39m
     [90m    |[39m             [31m[1m^[22m[39m
     [90m 26 |[39m   }
     [90m 27 |[39m
     [90m 28 |[39m   debug(message[33m:[39m string[33m,[39m context[33m?[39m[33m:[39m 
[33mRecord[39m[33m<[39m[33mstring[39m[33m,[39m any[33m>[39m) {[0m

      at Logger.log (src/utils/logger.ts:25:13)
      at Logger.info (src/utils/logger.ts:33:10)
      at ConsoleAuditLogger.logOperationSuccess (src/readers/factory.ts:60:12)
      at SecureFileReader.read (src/readers/secure-file-reader.ts:224:26)
      at Object.<anonymous> (src/readers/__tests__/e2e.test.ts:88:24)

    console.error
      {"timestamp":"2026-02-11T12:50:11.986Z","level":"info","message":"File operation started: read","operation":"read
","path":"C:\\Users\\NewAdmin\\Desktop\\File-Organizer-MCP\\test-fixtures-e2e\\perf-36.txt","operationId":"177081421198
5-h5omj143o","maxBytes":10485760,"encoding":"utf-8"}

    [0m [90m 23 |[39m     }[33m;[39m
     [90m 24 |[39m
    [31m[1m>[22m[39m[90m 25 |[39m     
console[33m.[39merror([33mJSON[39m[33m.[39mstringify(entry))[33m;[39m [90m// stderr for stdio servers[39m
     [90m    |[39m             [31m[1m^[22m[39m
     [90m 26 |[39m   }
     [90m 27 |[39m
     [90m 28 |[39m   debug(message[33m:[39m string[33m,[39m context[33m?[39m[33m:[39m 
[33mRecord[39m[33m<[39m[33mstring[39m[33m,[39m any[33m>[39m) {[0m

      at Logger.log (src/utils/logger.ts:25:13)
      at Logger.info (src/utils/logger.ts:33:10)
      at ConsoleAuditLogger.logOperationStart (src/readers/factory.ts:48:12)
      at SecureFileReader.read (src/readers/secure-file-reader.ts:164:22)
      at Object.<anonymous> (src/readers/__tests__/e2e.test.ts:88:24)

    console.error
      {"timestamp":"2026-02-11T12:50:11.987Z","level":"info","message":"File operation completed: read","operation":"re
ad","path":"C:\\Users\\NewAdmin\\Desktop\\File-Organizer-MCP\\test-fixtures-e2e\\perf-36.txt","status":"success","opera
tionId":"1770814211985-h5omj143o","bytesRead":27,"checksum":"52905d596de342100ce614909e28a3c69fec4249faedee24888e265b10
ff164c","streaming":false}

    [0m [90m 23 |[39m     }[33m;[39m
     [90m 24 |[39m
    [31m[1m>[22m[39m[90m 25 |[39m     
console[33m.[39merror([33mJSON[39m[33m.[39mstringify(entry))[33m;[39m [90m// stderr for stdio servers[39m
     [90m    |[39m             [31m[1m^[22m[39m
     [90m 26 |[39m   }
     [90m 27 |[39m
     [90m 28 |[39m   debug(message[33m:[39m string[33m,[39m context[33m?[39m[33m:[39m 
[33mRecord[39m[33m<[39m[33mstring[39m[33m,[39m any[33m>[39m) {[0m

      at Logger.log (src/utils/logger.ts:25:13)
      at Logger.info (src/utils/logger.ts:33:10)
      at ConsoleAuditLogger.logOperationSuccess (src/readers/factory.ts:60:12)
      at SecureFileReader.read (src/readers/secure-file-reader.ts:224:26)
      at Object.<anonymous> (src/readers/__tests__/e2e.test.ts:88:24)

    console.error
      {"timestamp":"2026-02-11T12:50:11.988Z","level":"info","message":"File operation started: read","operation":"read
","path":"C:\\Users\\NewAdmin\\Desktop\\File-Organizer-MCP\\test-fixtures-e2e\\perf-37.txt","operationId":"177081421198
7-8c0eho627","maxBytes":10485760,"encoding":"utf-8"}

    [0m [90m 23 |[39m     }[33m;[39m
     [90m 24 |[39m
    [31m[1m>[22m[39m[90m 25 |[39m     
console[33m.[39merror([33mJSON[39m[33m.[39mstringify(entry))[33m;[39m [90m// stderr for stdio servers[39m
     [90m    |[39m             [31m[1m^[22m[39m
     [90m 26 |[39m   }
     [90m 27 |[39m
     [90m 28 |[39m   debug(message[33m:[39m string[33m,[39m context[33m?[39m[33m:[39m 
[33mRecord[39m[33m<[39m[33mstring[39m[33m,[39m any[33m>[39m) {[0m

      at Logger.log (src/utils/logger.ts:25:13)
      at Logger.info (src/utils/logger.ts:33:10)
      at ConsoleAuditLogger.logOperationStart (src/readers/factory.ts:48:12)
      at SecureFileReader.read (src/readers/secure-file-reader.ts:164:22)
      at Object.<anonymous> (src/readers/__tests__/e2e.test.ts:88:24)

    console.error
      {"timestamp":"2026-02-11T12:50:11.990Z","level":"info","message":"File operation completed: read","operation":"re
ad","path":"C:\\Users\\NewAdmin\\Desktop\\File-Organizer-MCP\\test-fixtures-e2e\\perf-37.txt","status":"success","opera
tionId":"1770814211987-8c0eho627","bytesRead":27,"checksum":"586a88e3bcf2b554bd53f23c9677b8380803e8b34ca42821833d89b7c3
4a91ba","streaming":false}

    [0m [90m 23 |[39m     }[33m;[39m
     [90m 24 |[39m
    [31m[1m>[22m[39m[90m 25 |[39m     
console[33m.[39merror([33mJSON[39m[33m.[39mstringify(entry))[33m;[39m [90m// stderr for stdio servers[39m
     [90m    |[39m             [31m[1m^[22m[39m
     [90m 26 |[39m   }
     [90m 27 |[39m
     [90m 28 |[39m   debug(message[33m:[39m string[33m,[39m context[33m?[39m[33m:[39m 
[33mRecord[39m[33m<[39m[33mstring[39m[33m,[39m any[33m>[39m) {[0m

      at Logger.log (src/utils/logger.ts:25:13)
      at Logger.info (src/utils/logger.ts:33:10)
      at ConsoleAuditLogger.logOperationSuccess (src/readers/factory.ts:60:12)
      at SecureFileReader.read (src/readers/secure-file-reader.ts:224:26)
      at Object.<anonymous> (src/readers/__tests__/e2e.test.ts:88:24)

    console.error
      {"timestamp":"2026-02-11T12:50:11.992Z","level":"info","message":"File operation started: read","operation":"read
","path":"C:\\Users\\NewAdmin\\Desktop\\File-Organizer-MCP\\test-fixtures-e2e\\perf-38.txt","operationId":"177081421199
0-xz4gm2n00","maxBytes":10485760,"encoding":"utf-8"}

    [0m [90m 23 |[39m     }[33m;[39m
     [90m 24 |[39m
    [31m[1m>[22m[39m[90m 25 |[39m     
console[33m.[39merror([33mJSON[39m[33m.[39mstringify(entry))[33m;[39m [90m// stderr for stdio servers[39m
     [90m    |[39m             [31m[1m^[22m[39m
     [90m 26 |[39m   }
     [90m 27 |[39m
     [90m 28 |[39m   debug(message[33m:[39m string[33m,[39m context[33m?[39m[33m:[39m 
[33mRecord[39m[33m<[39m[33mstring[39m[33m,[39m any[33m>[39m) {[0m

      at Logger.log (src/utils/logger.ts:25:13)
      at Logger.info (src/utils/logger.ts:33:10)
      at ConsoleAuditLogger.logOperationStart (src/readers/factory.ts:48:12)
      at SecureFileReader.read (src/readers/secure-file-reader.ts:164:22)
      at Object.<anonymous> (src/readers/__tests__/e2e.test.ts:88:24)

    console.error
      {"timestamp":"2026-02-11T12:50:11.993Z","level":"info","message":"File operation completed: read","operation":"re
ad","path":"C:\\Users\\NewAdmin\\Desktop\\File-Organizer-MCP\\test-fixtures-e2e\\perf-38.txt","status":"success","opera
tionId":"1770814211990-xz4gm2n00","bytesRead":27,"checksum":"99ac2ea4f1e42f39f81eec6e6116163449c2b1e130e3ae788231156586
be9ac8","streaming":false}

    [0m [90m 23 |[39m     }[33m;[39m
     [90m 24 |[39m
    [31m[1m>[22m[39m[90m 25 |[39m     
console[33m.[39merror([33mJSON[39m[33m.[39mstringify(entry))[33m;[39m [90m// stderr for stdio servers[39m
     [90m    |[39m             [31m[1m^[22m[39m
     [90m 26 |[39m   }
     [90m 27 |[39m
     [90m 28 |[39m   debug(message[33m:[39m string[33m,[39m context[33m?[39m[33m:[39m 
[33mRecord[39m[33m<[39m[33mstring[39m[33m,[39m any[33m>[39m) {[0m

      at Logger.log (src/utils/logger.ts:25:13)
      at Logger.info (src/utils/logger.ts:33:10)
      at ConsoleAuditLogger.logOperationSuccess (src/readers/factory.ts:60:12)
      at SecureFileReader.read (src/readers/secure-file-reader.ts:224:26)
      at Object.<anonymous> (src/readers/__tests__/e2e.test.ts:88:24)

    console.error
      {"timestamp":"2026-02-11T12:50:11.996Z","level":"info","message":"File operation started: read","operation":"read
","path":"C:\\Users\\NewAdmin\\Desktop\\File-Organizer-MCP\\test-fixtures-e2e\\perf-39.txt","operationId":"177081421199
4-y6paebmvi","maxBytes":10485760,"encoding":"utf-8"}

    [0m [90m 23 |[39m     }[33m;[39m
     [90m 24 |[39m
    [31m[1m>[22m[39m[90m 25 |[39m     
console[33m.[39merror([33mJSON[39m[33m.[39mstringify(entry))[33m;[39m [90m// stderr for stdio servers[39m
     [90m    |[39m             [31m[1m^[22m[39m
     [90m 26 |[39m   }
     [90m 27 |[39m
     [90m 28 |[39m   debug(message[33m:[39m string[33m,[39m context[33m?[39m[33m:[39m 
[33mRecord[39m[33m<[39m[33mstring[39m[33m,[39m any[33m>[39m) {[0m

      at Logger.log (src/utils/logger.ts:25:13)
      at Logger.info (src/utils/logger.ts:33:10)
      at ConsoleAuditLogger.logOperationStart (src/readers/factory.ts:48:12)
      at SecureFileReader.read (src/readers/secure-file-reader.ts:164:22)
      at Object.<anonymous> (src/readers/__tests__/e2e.test.ts:88:24)

    console.error
      {"timestamp":"2026-02-11T12:50:11.998Z","level":"info","message":"File operation completed: read","operation":"re
ad","path":"C:\\Users\\NewAdmin\\Desktop\\File-Organizer-MCP\\test-fixtures-e2e\\perf-39.txt","status":"success","opera
tionId":"1770814211994-y6paebmvi","bytesRead":27,"checksum":"7aa6f165c719acb841e8ccb5d7b6c74c5e3c26d430944f4b40a7c2cb26
ffdd6d","streaming":false}

    [0m [90m 23 |[39m     }[33m;[39m
     [90m 24 |[39m
    [31m[1m>[22m[39m[90m 25 |[39m     
console[33m.[39merror([33mJSON[39m[33m.[39mstringify(entry))[33m;[39m [90m// stderr for stdio servers[39m
     [90m    |[39m             [31m[1m^[22m[39m
     [90m 26 |[39m   }
     [90m 27 |[39m
     [90m 28 |[39m   debug(message[33m:[39m string[33m,[39m context[33m?[39m[33m:[39m 
[33mRecord[39m[33m<[39m[33mstring[39m[33m,[39m any[33m>[39m) {[0m

      at Logger.log (src/utils/logger.ts:25:13)
      at Logger.info (src/utils/logger.ts:33:10)
      at ConsoleAuditLogger.logOperationSuccess (src/readers/factory.ts:60:12)
      at SecureFileReader.read (src/readers/secure-file-reader.ts:224:26)
      at Object.<anonymous> (src/readers/__tests__/e2e.test.ts:88:24)

    console.error
      {"timestamp":"2026-02-11T12:50:12.002Z","level":"info","message":"File operation started: read","operation":"read
","path":"C:\\Users\\NewAdmin\\Desktop\\File-Organizer-MCP\\test-fixtures-e2e\\perf-40.txt","operationId":"177081421200
0-ovg4n2y0p","maxBytes":10485760,"encoding":"utf-8"}

    [0m [90m 23 |[39m     }[33m;[39m
     [90m 24 |[39m
    [31m[1m>[22m[39m[90m 25 |[39m     
console[33m.[39merror([33mJSON[39m[33m.[39mstringify(entry))[33m;[39m [90m// stderr for stdio servers[39m
     [90m    |[39m             [31m[1m^[22m[39m
     [90m 26 |[39m   }
     [90m 27 |[39m
     [90m 28 |[39m   debug(message[33m:[39m string[33m,[39m context[33m?[39m[33m:[39m 
[33mRecord[39m[33m<[39m[33mstring[39m[33m,[39m any[33m>[39m) {[0m

      at Logger.log (src/utils/logger.ts:25:13)
      at Logger.info (src/utils/logger.ts:33:10)
      at ConsoleAuditLogger.logOperationStart (src/readers/factory.ts:48:12)
      at SecureFileReader.read (src/readers/secure-file-reader.ts:164:22)
      at Object.<anonymous> (src/readers/__tests__/e2e.test.ts:88:24)

    console.error
      {"timestamp":"2026-02-11T12:50:12.003Z","level":"info","message":"File operation completed: read","operation":"re
ad","path":"C:\\Users\\NewAdmin\\Desktop\\File-Organizer-MCP\\test-fixtures-e2e\\perf-40.txt","status":"success","opera
tionId":"1770814212000-ovg4n2y0p","bytesRead":27,"checksum":"4904951bfbd981323e06bd5d2c53e271cf85de306e9e9b7b3103cf5d9b
081ae2","streaming":false}

    [0m [90m 23 |[39m     }[33m;[39m
     [90m 24 |[39m
    [31m[1m>[22m[39m[90m 25 |[39m     
console[33m.[39merror([33mJSON[39m[33m.[39mstringify(entry))[33m;[39m [90m// stderr for stdio servers[39m
     [90m    |[39m             [31m[1m^[22m[39m
     [90m 26 |[39m   }
     [90m 27 |[39m
     [90m 28 |[39m   debug(message[33m:[39m string[33m,[39m context[33m?[39m[33m:[39m 
[33mRecord[39m[33m<[39m[33mstring[39m[33m,[39m any[33m>[39m) {[0m

      at Logger.log (src/utils/logger.ts:25:13)
      at Logger.info (src/utils/logger.ts:33:10)
      at ConsoleAuditLogger.logOperationSuccess (src/readers/factory.ts:60:12)
      at SecureFileReader.read (src/readers/secure-file-reader.ts:224:26)
      at Object.<anonymous> (src/readers/__tests__/e2e.test.ts:88:24)

    console.error
      {"timestamp":"2026-02-11T12:50:12.005Z","level":"info","message":"File operation started: read","operation":"read
","path":"C:\\Users\\NewAdmin\\Desktop\\File-Organizer-MCP\\test-fixtures-e2e\\perf-41.txt","operationId":"177081421200
4-c80u0e00n","maxBytes":10485760,"encoding":"utf-8"}

    [0m [90m 23 |[39m     }[33m;[39m
     [90m 24 |[39m
    [31m[1m>[22m[39m[90m 25 |[39m     
console[33m.[39merror([33mJSON[39m[33m.[39mstringify(entry))[33m;[39m [90m// stderr for stdio servers[39m
     [90m    |[39m             [31m[1m^[22m[39m
     [90m 26 |[39m   }
     [90m 27 |[39m
     [90m 28 |[39m   debug(message[33m:[39m string[33m,[39m context[33m?[39m[33m:[39m 
[33mRecord[39m[33m<[39m[33mstring[39m[33m,[39m any[33m>[39m) {[0m

      at Logger.log (src/utils/logger.ts:25:13)
      at Logger.info (src/utils/logger.ts:33:10)
      at ConsoleAuditLogger.logOperationStart (src/readers/factory.ts:48:12)
      at SecureFileReader.read (src/readers/secure-file-reader.ts:164:22)
      at Object.<anonymous> (src/readers/__tests__/e2e.test.ts:88:24)

    console.error
      {"timestamp":"2026-02-11T12:50:12.009Z","level":"info","message":"File operation completed: read","operation":"re
ad","path":"C:\\Users\\NewAdmin\\Desktop\\File-Organizer-MCP\\test-fixtures-e2e\\perf-41.txt","status":"success","opera
tionId":"1770814212004-c80u0e00n","bytesRead":27,"checksum":"9e1bf8efad51b530e83524efde9a616c792077d7bb684af38352f85c07
47d6da","streaming":false}

    [0m [90m 23 |[39m     }[33m;[39m
     [90m 24 |[39m
    [31m[1m>[22m[39m[90m 25 |[39m     
console[33m.[39merror([33mJSON[39m[33m.[39mstringify(entry))[33m;[39m [90m// stderr for stdio servers[39m
     [90m    |[39m             [31m[1m^[22m[39m
     [90m 26 |[39m   }
     [90m 27 |[39m
     [90m 28 |[39m   debug(message[33m:[39m string[33m,[39m context[33m?[39m[33m:[39m 
[33mRecord[39m[33m<[39m[33mstring[39m[33m,[39m any[33m>[39m) {[0m

      at Logger.log (src/utils/logger.ts:25:13)
      at Logger.info (src/utils/logger.ts:33:10)
      at ConsoleAuditLogger.logOperationSuccess (src/readers/factory.ts:60:12)
      at SecureFileReader.read (src/readers/secure-file-reader.ts:224:26)
      at Object.<anonymous> (src/readers/__tests__/e2e.test.ts:88:24)

    console.error
      {"timestamp":"2026-02-11T12:50:12.010Z","level":"info","message":"File operation started: read","operation":"read
","path":"C:\\Users\\NewAdmin\\Desktop\\File-Organizer-MCP\\test-fixtures-e2e\\perf-42.txt","operationId":"177081421200
9-60qlkn4pe","maxBytes":10485760,"encoding":"utf-8"}

    [0m [90m 23 |[39m     }[33m;[39m
     [90m 24 |[39m
    [31m[1m>[22m[39m[90m 25 |[39m     
console[33m.[39merror([33mJSON[39m[33m.[39mstringify(entry))[33m;[39m [90m// stderr for stdio servers[39m
     [90m    |[39m             [31m[1m^[22m[39m
     [90m 26 |[39m   }
     [90m 27 |[39m
     [90m 28 |[39m   debug(message[33m:[39m string[33m,[39m context[33m?[39m[33m:[39m 
[33mRecord[39m[33m<[39m[33mstring[39m[33m,[39m any[33m>[39m) {[0m

      at Logger.log (src/utils/logger.ts:25:13)
      at Logger.info (src/utils/logger.ts:33:10)
      at ConsoleAuditLogger.logOperationStart (src/readers/factory.ts:48:12)
      at SecureFileReader.read (src/readers/secure-file-reader.ts:164:22)
      at Object.<anonymous> (src/readers/__tests__/e2e.test.ts:88:24)

    console.error
      {"timestamp":"2026-02-11T12:50:12.011Z","level":"info","message":"File operation completed: read","operation":"re
ad","path":"C:\\Users\\NewAdmin\\Desktop\\File-Organizer-MCP\\test-fixtures-e2e\\perf-42.txt","status":"success","opera
tionId":"1770814212009-60qlkn4pe","bytesRead":27,"checksum":"7124168a135a10ac62c4ea1e09e7fe4a192eea71e658564568157dedf1
75e843","streaming":false}

    [0m [90m 23 |[39m     }[33m;[39m
     [90m 24 |[39m
    [31m[1m>[22m[39m[90m 25 |[39m     
console[33m.[39merror([33mJSON[39m[33m.[39mstringify(entry))[33m;[39m [90m// stderr for stdio servers[39m
     [90m    |[39m             [31m[1m^[22m[39m
     [90m 26 |[39m   }
     [90m 27 |[39m
     [90m 28 |[39m   debug(message[33m:[39m string[33m,[39m context[33m?[39m[33m:[39m 
[33mRecord[39m[33m<[39m[33mstring[39m[33m,[39m any[33m>[39m) {[0m

      at Logger.log (src/utils/logger.ts:25:13)
      at Logger.info (src/utils/logger.ts:33:10)
      at ConsoleAuditLogger.logOperationSuccess (src/readers/factory.ts:60:12)
      at SecureFileReader.read (src/readers/secure-file-reader.ts:224:26)
      at Object.<anonymous> (src/readers/__tests__/e2e.test.ts:88:24)

    console.error
      {"timestamp":"2026-02-11T12:50:12.012Z","level":"info","message":"File operation started: read","operation":"read
","path":"C:\\Users\\NewAdmin\\Desktop\\File-Organizer-MCP\\test-fixtures-e2e\\perf-43.txt","operationId":"177081421201
1-tziv3peh4","maxBytes":10485760,"encoding":"utf-8"}

    [0m [90m 23 |[39m     }[33m;[39m
     [90m 24 |[39m
    [31m[1m>[22m[39m[90m 25 |[39m     
console[33m.[39merror([33mJSON[39m[33m.[39mstringify(entry))[33m;[39m [90m// stderr for stdio servers[39m
     [90m    |[39m             [31m[1m^[22m[39m
     [90m 26 |[39m   }
     [90m 27 |[39m
     [90m 28 |[39m   debug(message[33m:[39m string[33m,[39m context[33m?[39m[33m:[39m 
[33mRecord[39m[33m<[39m[33mstring[39m[33m,[39m any[33m>[39m) {[0m

      at Logger.log (src/utils/logger.ts:25:13)
      at Logger.info (src/utils/logger.ts:33:10)
      at ConsoleAuditLogger.logOperationStart (src/readers/factory.ts:48:12)
      at SecureFileReader.read (src/readers/secure-file-reader.ts:164:22)
      at Object.<anonymous> (src/readers/__tests__/e2e.test.ts:88:24)

    console.error
      {"timestamp":"2026-02-11T12:50:12.013Z","level":"info","message":"File operation completed: read","operation":"re
ad","path":"C:\\Users\\NewAdmin\\Desktop\\File-Organizer-MCP\\test-fixtures-e2e\\perf-43.txt","status":"success","opera
tionId":"1770814212011-tziv3peh4","bytesRead":27,"checksum":"425fad89aa838e5dfbfa241aad734dd76407c61eba183f7ceed38452fb
9fabf6","streaming":false}

    [0m [90m 23 |[39m     }[33m;[39m
     [90m 24 |[39m
    [31m[1m>[22m[39m[90m 25 |[39m     
console[33m.[39merror([33mJSON[39m[33m.[39mstringify(entry))[33m;[39m [90m// stderr for stdio servers[39m
     [90m    |[39m             [31m[1m^[22m[39m
     [90m 26 |[39m   }
     [90m 27 |[39m
     [90m 28 |[39m   debug(message[33m:[39m string[33m,[39m context[33m?[39m[33m:[39m 
[33mRecord[39m[33m<[39m[33mstring[39m[33m,[39m any[33m>[39m) {[0m

      at Logger.log (src/utils/logger.ts:25:13)
      at Logger.info (src/utils/logger.ts:33:10)
      at ConsoleAuditLogger.logOperationSuccess (src/readers/factory.ts:60:12)
      at SecureFileReader.read (src/readers/secure-file-reader.ts:224:26)
      at Object.<anonymous> (src/readers/__tests__/e2e.test.ts:88:24)

    console.error
      {"timestamp":"2026-02-11T12:50:12.014Z","level":"info","message":"File operation started: read","operation":"read
","path":"C:\\Users\\NewAdmin\\Desktop\\File-Organizer-MCP\\test-fixtures-e2e\\perf-44.txt","operationId":"177081421201
3-ut2y7eauf","maxBytes":10485760,"encoding":"utf-8"}

    [0m [90m 23 |[39m     }[33m;[39m
     [90m 24 |[39m
    [31m[1m>[22m[39m[90m 25 |[39m     
console[33m.[39merror([33mJSON[39m[33m.[39mstringify(entry))[33m;[39m [90m// stderr for stdio servers[39m
     [90m    |[39m             [31m[1m^[22m[39m
     [90m 26 |[39m   }
     [90m 27 |[39m
     [90m 28 |[39m   debug(message[33m:[39m string[33m,[39m context[33m?[39m[33m:[39m 
[33mRecord[39m[33m<[39m[33mstring[39m[33m,[39m any[33m>[39m) {[0m

      at Logger.log (src/utils/logger.ts:25:13)
      at Logger.info (src/utils/logger.ts:33:10)
      at ConsoleAuditLogger.logOperationStart (src/readers/factory.ts:48:12)
      at SecureFileReader.read (src/readers/secure-file-reader.ts:164:22)
      at Object.<anonymous> (src/readers/__tests__/e2e.test.ts:88:24)

    console.error
      {"timestamp":"2026-02-11T12:50:12.018Z","level":"info","message":"File operation completed: read","operation":"re
ad","path":"C:\\Users\\NewAdmin\\Desktop\\File-Organizer-MCP\\test-fixtures-e2e\\perf-44.txt","status":"success","opera
tionId":"1770814212013-ut2y7eauf","bytesRead":27,"checksum":"ebab32b62d3045918a09b86e1d896df50014495cd4074da4e2e8fa1dad
d3e5ff","streaming":false}

    [0m [90m 23 |[39m     }[33m;[39m
     [90m 24 |[39m
    [31m[1m>[22m[39m[90m 25 |[39m     
console[33m.[39merror([33mJSON[39m[33m.[39mstringify(entry))[33m;[39m [90m// stderr for stdio servers[39m
     [90m    |[39m             [31m[1m^[22m[39m
     [90m 26 |[39m   }
     [90m 27 |[39m
     [90m 28 |[39m   debug(message[33m:[39m string[33m,[39m context[33m?[39m[33m:[39m 
[33mRecord[39m[33m<[39m[33mstring[39m[33m,[39m any[33m>[39m) {[0m

      at Logger.log (src/utils/logger.ts:25:13)
      at Logger.info (src/utils/logger.ts:33:10)
      at ConsoleAuditLogger.logOperationSuccess (src/readers/factory.ts:60:12)
      at SecureFileReader.read (src/readers/secure-file-reader.ts:224:26)
      at Object.<anonymous> (src/readers/__tests__/e2e.test.ts:88:24)

    console.error
      {"timestamp":"2026-02-11T12:50:12.020Z","level":"info","message":"File operation started: read","operation":"read
","path":"C:\\Users\\NewAdmin\\Desktop\\File-Organizer-MCP\\test-fixtures-e2e\\perf-45.txt","operationId":"177081421201
8-mqyh8bnnn","maxBytes":10485760,"encoding":"utf-8"}

    [0m [90m 23 |[39m     }[33m;[39m
     [90m 24 |[39m
    [31m[1m>[22m[39m[90m 25 |[39m     
console[33m.[39merror([33mJSON[39m[33m.[39mstringify(entry))[33m;[39m [90m// stderr for stdio servers[39m
     [90m    |[39m             [31m[1m^[22m[39m
     [90m 26 |[39m   }
     [90m 27 |[39m
     [90m 28 |[39m   debug(message[33m:[39m string[33m,[39m context[33m?[39m[33m:[39m 
[33mRecord[39m[33m<[39m[33mstring[39m[33m,[39m any[33m>[39m) {[0m

      at Logger.log (src/utils/logger.ts:25:13)
      at Logger.info (src/utils/logger.ts:33:10)
      at ConsoleAuditLogger.logOperationStart (src/readers/factory.ts:48:12)
      at SecureFileReader.read (src/readers/secure-file-reader.ts:164:22)
      at Object.<anonymous> (src/readers/__tests__/e2e.test.ts:88:24)

    console.error
      {"timestamp":"2026-02-11T12:50:12.022Z","level":"info","message":"File operation completed: read","operation":"re
ad","path":"C:\\Users\\NewAdmin\\Desktop\\File-Organizer-MCP\\test-fixtures-e2e\\perf-45.txt","status":"success","opera
tionId":"1770814212018-mqyh8bnnn","bytesRead":27,"checksum":"33f4eed7bf9b7973f595fd352942a2038bb0744a3b6927355de3f58f75
9bbdee","streaming":false}

    [0m [90m 23 |[39m     }[33m;[39m
     [90m 24 |[39m
    [31m[1m>[22m[39m[90m 25 |[39m     
console[33m.[39merror([33mJSON[39m[33m.[39mstringify(entry))[33m;[39m [90m// stderr for stdio servers[39m
     [90m    |[39m             [31m[1m^[22m[39m
     [90m 26 |[39m   }
     [90m 27 |[39m
     [90m 28 |[39m   debug(message[33m:[39m string[33m,[39m context[33m?[39m[33m:[39m 
[33mRecord[39m[33m<[39m[33mstring[39m[33m,[39m any[33m>[39m) {[0m

      at Logger.log (src/utils/logger.ts:25:13)
      at Logger.info (src/utils/logger.ts:33:10)
      at ConsoleAuditLogger.logOperationSuccess (src/readers/factory.ts:60:12)
      at SecureFileReader.read (src/readers/secure-file-reader.ts:224:26)
      at Object.<anonymous> (src/readers/__tests__/e2e.test.ts:88:24)

    console.error
      {"timestamp":"2026-02-11T12:50:12.024Z","level":"info","message":"File operation started: read","operation":"read
","path":"C:\\Users\\NewAdmin\\Desktop\\File-Organizer-MCP\\test-fixtures-e2e\\perf-46.txt","operationId":"177081421202
3-fpq8rbgg1","maxBytes":10485760,"encoding":"utf-8"}

    [0m [90m 23 |[39m     }[33m;[39m
     [90m 24 |[39m
    [31m[1m>[22m[39m[90m 25 |[39m     
console[33m.[39merror([33mJSON[39m[33m.[39mstringify(entry))[33m;[39m [90m// stderr for stdio servers[39m
     [90m    |[39m             [31m[1m^[22m[39m
     [90m 26 |[39m   }
     [90m 27 |[39m
     [90m 28 |[39m   debug(message[33m:[39m string[33m,[39m context[33m?[39m[33m:[39m 
[33mRecord[39m[33m<[39m[33mstring[39m[33m,[39m any[33m>[39m) {[0m

      at Logger.log (src/utils/logger.ts:25:13)
      at Logger.info (src/utils/logger.ts:33:10)
      at ConsoleAuditLogger.logOperationStart (src/readers/factory.ts:48:12)
      at SecureFileReader.read (src/readers/secure-file-reader.ts:164:22)
      at Object.<anonymous> (src/readers/__tests__/e2e.test.ts:88:24)

    console.error
      {"timestamp":"2026-02-11T12:50:12.025Z","level":"info","message":"File operation completed: read","operation":"re
ad","path":"C:\\Users\\NewAdmin\\Desktop\\File-Organizer-MCP\\test-fixtures-e2e\\perf-46.txt","status":"success","opera
tionId":"1770814212023-fpq8rbgg1","bytesRead":27,"checksum":"778a9b18ce0adf734d9f29e0e74707bdfeaa84073e0a999d50e681b204
7c6968","streaming":false}

    [0m [90m 23 |[39m     }[33m;[39m
     [90m 24 |[39m
    [31m[1m>[22m[39m[90m 25 |[39m     
console[33m.[39merror([33mJSON[39m[33m.[39mstringify(entry))[33m;[39m [90m// stderr for stdio servers[39m
     [90m    |[39m             [31m[1m^[22m[39m
     [90m 26 |[39m   }
     [90m 27 |[39m
     [90m 28 |[39m   debug(message[33m:[39m string[33m,[39m context[33m?[39m[33m:[39m 
[33mRecord[39m[33m<[39m[33mstring[39m[33m,[39m any[33m>[39m) {[0m

      at Logger.log (src/utils/logger.ts:25:13)
      at Logger.info (src/utils/logger.ts:33:10)
      at ConsoleAuditLogger.logOperationSuccess (src/readers/factory.ts:60:12)
      at SecureFileReader.read (src/readers/secure-file-reader.ts:224:26)
      at Object.<anonymous> (src/readers/__tests__/e2e.test.ts:88:24)

    console.error
      {"timestamp":"2026-02-11T12:50:12.025Z","level":"info","message":"File operation started: read","operation":"read
","path":"C:\\Users\\NewAdmin\\Desktop\\File-Organizer-MCP\\test-fixtures-e2e\\perf-47.txt","operationId":"177081421202
5-nii7fz3jd","maxBytes":10485760,"encoding":"utf-8"}

    [0m [90m 23 |[39m     }[33m;[39m
     [90m 24 |[39m
    [31m[1m>[22m[39m[90m 25 |[39m     
console[33m.[39merror([33mJSON[39m[33m.[39mstringify(entry))[33m;[39m [90m// stderr for stdio servers[39m
     [90m    |[39m             [31m[1m^[22m[39m
     [90m 26 |[39m   }
     [90m 27 |[39m
     [90m 28 |[39m   debug(message[33m:[39m string[33m,[39m context[33m?[39m[33m:[39m 
[33mRecord[39m[33m<[39m[33mstring[39m[33m,[39m any[33m>[39m) {[0m

      at Logger.log (src/utils/logger.ts:25:13)
      at Logger.info (src/utils/logger.ts:33:10)
      at ConsoleAuditLogger.logOperationStart (src/readers/factory.ts:48:12)
      at SecureFileReader.read (src/readers/secure-file-reader.ts:164:22)
      at Object.<anonymous> (src/readers/__tests__/e2e.test.ts:88:24)

    console.error
      {"timestamp":"2026-02-11T12:50:12.027Z","level":"info","message":"File operation completed: read","operation":"re
ad","path":"C:\\Users\\NewAdmin\\Desktop\\File-Organizer-MCP\\test-fixtures-e2e\\perf-47.txt","status":"success","opera
tionId":"1770814212025-nii7fz3jd","bytesRead":27,"checksum":"6862b65850a0979dc8dbafd0c59b0b71c3ada2e6283bb54f18aa6165e9
9a9093","streaming":false}

    [0m [90m 23 |[39m     }[33m;[39m
     [90m 24 |[39m
    [31m[1m>[22m[39m[90m 25 |[39m     
console[33m.[39merror([33mJSON[39m[33m.[39mstringify(entry))[33m;[39m [90m// stderr for stdio servers[39m
     [90m    |[39m             [31m[1m^[22m[39m
     [90m 26 |[39m   }
     [90m 27 |[39m
     [90m 28 |[39m   debug(message[33m:[39m string[33m,[39m context[33m?[39m[33m:[39m 
[33mRecord[39m[33m<[39m[33mstring[39m[33m,[39m any[33m>[39m) {[0m

      at Logger.log (src/utils/logger.ts:25:13)
      at Logger.info (src/utils/logger.ts:33:10)
      at ConsoleAuditLogger.logOperationSuccess (src/readers/factory.ts:60:12)
      at SecureFileReader.read (src/readers/secure-file-reader.ts:224:26)
      at Object.<anonymous> (src/readers/__tests__/e2e.test.ts:88:24)

    console.error
      {"timestamp":"2026-02-11T12:50:12.028Z","level":"info","message":"File operation started: read","operation":"read
","path":"C:\\Users\\NewAdmin\\Desktop\\File-Organizer-MCP\\test-fixtures-e2e\\perf-48.txt","operationId":"177081421202
7-43fwoq62f","maxBytes":10485760,"encoding":"utf-8"}

    [0m [90m 23 |[39m     }[33m;[39m
     [90m 24 |[39m
    [31m[1m>[22m[39m[90m 25 |[39m     
console[33m.[39merror([33mJSON[39m[33m.[39mstringify(entry))[33m;[39m [90m// stderr for stdio servers[39m
     [90m    |[39m             [31m[1m^[22m[39m
     [90m 26 |[39m   }
     [90m 27 |[39m
     [90m 28 |[39m   debug(message[33m:[39m string[33m,[39m context[33m?[39m[33m:[39m 
[33mRecord[39m[33m<[39m[33mstring[39m[33m,[39m any[33m>[39m) {[0m

      at Logger.log (src/utils/logger.ts:25:13)
      at Logger.info (src/utils/logger.ts:33:10)
      at ConsoleAuditLogger.logOperationStart (src/readers/factory.ts:48:12)
      at SecureFileReader.read (src/readers/secure-file-reader.ts:164:22)
      at Object.<anonymous> (src/readers/__tests__/e2e.test.ts:88:24)

    console.error
      {"timestamp":"2026-02-11T12:50:12.029Z","level":"info","message":"File operation completed: read","operation":"re
ad","path":"C:\\Users\\NewAdmin\\Desktop\\File-Organizer-MCP\\test-fixtures-e2e\\perf-48.txt","status":"success","opera
tionId":"1770814212027-43fwoq62f","bytesRead":27,"checksum":"367a6a1843b3ebade17752003130269d55ba146e74ec843972fcc3fa35
cec23c","streaming":false}

    [0m [90m 23 |[39m     }[33m;[39m
     [90m 24 |[39m
    [31m[1m>[22m[39m[90m 25 |[39m     
console[33m.[39merror([33mJSON[39m[33m.[39mstringify(entry))[33m;[39m [90m// stderr for stdio servers[39m
     [90m    |[39m             [31m[1m^[22m[39m
     [90m 26 |[39m   }
     [90m 27 |[39m
     [90m 28 |[39m   debug(message[33m:[39m string[33m,[39m context[33m?[39m[33m:[39m 
[33mRecord[39m[33m<[39m[33mstring[39m[33m,[39m any[33m>[39m) {[0m

      at Logger.log (src/utils/logger.ts:25:13)
      at Logger.info (src/utils/logger.ts:33:10)
      at ConsoleAuditLogger.logOperationSuccess (src/readers/factory.ts:60:12)
      at SecureFileReader.read (src/readers/secure-file-reader.ts:224:26)
      at Object.<anonymous> (src/readers/__tests__/e2e.test.ts:88:24)

    console.error
      {"timestamp":"2026-02-11T12:50:12.030Z","level":"info","message":"File operation started: read","operation":"read
","path":"C:\\Users\\NewAdmin\\Desktop\\File-Organizer-MCP\\test-fixtures-e2e\\perf-49.txt","operationId":"177081421202
9-6akrif1uy","maxBytes":10485760,"encoding":"utf-8"}

    [0m [90m 23 |[39m     }[33m;[39m
     [90m 24 |[39m
    [31m[1m>[22m[39m[90m 25 |[39m     
console[33m.[39merror([33mJSON[39m[33m.[39mstringify(entry))[33m;[39m [90m// stderr for stdio servers[39m
     [90m    |[39m             [31m[1m^[22m[39m
     [90m 26 |[39m   }
     [90m 27 |[39m
     [90m 28 |[39m   debug(message[33m:[39m string[33m,[39m context[33m?[39m[33m:[39m 
[33mRecord[39m[33m<[39m[33mstring[39m[33m,[39m any[33m>[39m) {[0m

      at Logger.log (src/utils/logger.ts:25:13)
      at Logger.info (src/utils/logger.ts:33:10)
      at ConsoleAuditLogger.logOperationStart (src/readers/factory.ts:48:12)
      at SecureFileReader.read (src/readers/secure-file-reader.ts:164:22)
      at Object.<anonymous> (src/readers/__tests__/e2e.test.ts:88:24)

    console.error
      {"timestamp":"2026-02-11T12:50:12.034Z","level":"info","message":"File operation completed: read","operation":"re
ad","path":"C:\\Users\\NewAdmin\\Desktop\\File-Organizer-MCP\\test-fixtures-e2e\\perf-49.txt","status":"success","opera
tionId":"1770814212029-6akrif1uy","bytesRead":27,"checksum":"cae7d414702bb72149cede9cf77b74aa8ef4af3d923bbaa45478253272
314927","streaming":false}

    [0m [90m 23 |[39m     }[33m;[39m
     [90m 24 |[39m
    [31m[1m>[22m[39m[90m 25 |[39m     
console[33m.[39merror([33mJSON[39m[33m.[39mstringify(entry))[33m;[39m [90m// stderr for stdio servers[39m
     [90m    |[39m             [31m[1m^[22m[39m
     [90m 26 |[39m   }
     [90m 27 |[39m
     [90m 28 |[39m   debug(message[33m:[39m string[33m,[39m context[33m?[39m[33m:[39m 
[33mRecord[39m[33m<[39m[33mstring[39m[33m,[39m any[33m>[39m) {[0m

      at Logger.log (src/utils/logger.ts:25:13)
      at Logger.info (src/utils/logger.ts:33:10)
      at ConsoleAuditLogger.logOperationSuccess (src/readers/factory.ts:60:12)
      at SecureFileReader.read (src/readers/secure-file-reader.ts:224:26)
      at Object.<anonymous> (src/readers/__tests__/e2e.test.ts:88:24)

    console.error
      {"timestamp":"2026-02-11T12:50:12.067Z","level":"info","message":"File operation started: read","operation":"read
","path":"C:\\Users\\NewAdmin\\Desktop\\File-Organizer-MCP\\test-fixtures-e2e\\perf-50.txt","operationId":"177081421203
5-brlto9py2","maxBytes":10485760,"encoding":"utf-8"}

    [0m [90m 23 |[39m     }[33m;[39m
     [90m 24 |[39m
    [31m[1m>[22m[39m[90m 25 |[39m     
console[33m.[39merror([33mJSON[39m[33m.[39mstringify(entry))[33m;[39m [90m// stderr for stdio servers[39m
     [90m    |[39m             [31m[1m^[22m[39m
     [90m 26 |[39m   }
     [90m 27 |[39m
     [90m 28 |[39m   debug(message[33m:[39m string[33m,[39m context[33m?[39m[33m:[39m 
[33mRecord[39m[33m<[39m[33mstring[39m[33m,[39m any[33m>[39m) {[0m

      at Logger.log (src/utils/logger.ts:25:13)
      at Logger.info (src/utils/logger.ts:33:10)
      at ConsoleAuditLogger.logOperationStart (src/readers/factory.ts:48:12)
      at SecureFileReader.read (src/readers/secure-file-reader.ts:164:22)
      at Object.<anonymous> (src/readers/__tests__/e2e.test.ts:88:24)

    console.error
      {"timestamp":"2026-02-11T12:50:12.073Z","level":"info","message":"File operation completed: read","operation":"re
ad","path":"C:\\Users\\NewAdmin\\Desktop\\File-Organizer-MCP\\test-fixtures-e2e\\perf-50.txt","status":"success","opera
tionId":"1770814212035-brlto9py2","bytesRead":27,"checksum":"e0f6adb0a03073efb8ef9c316ebe8de415c656ec4b7da2d41cb346f132
ed1927","streaming":false}

    [0m [90m 23 |[39m     }[33m;[39m
     [90m 24 |[39m
    [31m[1m>[22m[39m[90m 25 |[39m     
console[33m.[39merror([33mJSON[39m[33m.[39mstringify(entry))[33m;[39m [90m// stderr for stdio servers[39m
     [90m    |[39m             [31m[1m^[22m[39m
     [90m 26 |[39m   }
     [90m 27 |[39m
     [90m 28 |[39m   debug(message[33m:[39m string[33m,[39m context[33m?[39m[33m:[39m 
[33mRecord[39m[33m<[39m[33mstring[39m[33m,[39m any[33m>[39m) {[0m

      at Logger.log (src/utils/logger.ts:25:13)
      at Logger.info (src/utils/logger.ts:33:10)
      at ConsoleAuditLogger.logOperationSuccess (src/readers/factory.ts:60:12)
      at SecureFileReader.read (src/readers/secure-file-reader.ts:224:26)
      at Object.<anonymous> (src/readers/__tests__/e2e.test.ts:88:24)

    console.error
      {"timestamp":"2026-02-11T12:50:12.112Z","level":"info","message":"File operation started: read","operation":"read
","path":"C:\\Users\\NewAdmin\\Desktop\\File-Organizer-MCP\\test-fixtures-e2e\\perf-51.txt","operationId":"177081421210
3-s6hc1f3mu","maxBytes":10485760,"encoding":"utf-8"}

    [0m [90m 23 |[39m     }[33m;[39m
     [90m 24 |[39m
    [31m[1m>[22m[39m[90m 25 |[39m     
console[33m.[39merror([33mJSON[39m[33m.[39mstringify(entry))[33m;[39m [90m// stderr for stdio servers[39m
     [90m    |[39m             [31m[1m^[22m[39m
     [90m 26 |[39m   }
     [90m 27 |[39m
     [90m 28 |[39m   debug(message[33m:[39m string[33m,[39m context[33m?[39m[33m:[39m 
[33mRecord[39m[33m<[39m[33mstring[39m[33m,[39m any[33m>[39m) {[0m

      at Logger.log (src/utils/logger.ts:25:13)
      at Logger.info (src/utils/logger.ts:33:10)
      at ConsoleAuditLogger.logOperationStart (src/readers/factory.ts:48:12)
      at SecureFileReader.read (src/readers/secure-file-reader.ts:164:22)
      at Object.<anonymous> (src/readers/__tests__/e2e.test.ts:88:24)

    console.error
      {"timestamp":"2026-02-11T12:50:12.118Z","level":"info","message":"File operation completed: read","operation":"re
ad","path":"C:\\Users\\NewAdmin\\Desktop\\File-Organizer-MCP\\test-fixtures-e2e\\perf-51.txt","status":"success","opera
tionId":"1770814212103-s6hc1f3mu","bytesRead":27,"checksum":"3c172d7d4d85fc838c099fb0a54238d058754282e3f689d8850b9d6510
b223e3","streaming":false}

    [0m [90m 23 |[39m     }[33m;[39m
     [90m 24 |[39m
    [31m[1m>[22m[39m[90m 25 |[39m     
console[33m.[39merror([33mJSON[39m[33m.[39mstringify(entry))[33m;[39m [90m// stderr for stdio servers[39m
     [90m    |[39m             [31m[1m^[22m[39m
     [90m 26 |[39m   }
     [90m 27 |[39m
     [90m 28 |[39m   debug(message[33m:[39m string[33m,[39m context[33m?[39m[33m:[39m 
[33mRecord[39m[33m<[39m[33mstring[39m[33m,[39m any[33m>[39m) {[0m

      at Logger.log (src/utils/logger.ts:25:13)
      at Logger.info (src/utils/logger.ts:33:10)
      at ConsoleAuditLogger.logOperationSuccess (src/readers/factory.ts:60:12)
      at SecureFileReader.read (src/readers/secure-file-reader.ts:224:26)
      at Object.<anonymous> (src/readers/__tests__/e2e.test.ts:88:24)

    console.error
      {"timestamp":"2026-02-11T12:50:12.119Z","level":"info","message":"File operation started: read","operation":"read
","path":"C:\\Users\\NewAdmin\\Desktop\\File-Organizer-MCP\\test-fixtures-e2e\\perf-52.txt","operationId":"177081421211
8-rzaro5100","maxBytes":10485760,"encoding":"utf-8"}

    [0m [90m 23 |[39m     }[33m;[39m
     [90m 24 |[39m
    [31m[1m>[22m[39m[90m 25 |[39m     
console[33m.[39merror([33mJSON[39m[33m.[39mstringify(entry))[33m;[39m [90m// stderr for stdio servers[39m
     [90m    |[39m             [31m[1m^[22m[39m
     [90m 26 |[39m   }
     [90m 27 |[39m
     [90m 28 |[39m   debug(message[33m:[39m string[33m,[39m context[33m?[39m[33m:[39m 
[33mRecord[39m[33m<[39m[33mstring[39m[33m,[39m any[33m>[39m) {[0m

      at Logger.log (src/utils/logger.ts:25:13)
      at Logger.info (src/utils/logger.ts:33:10)
      at ConsoleAuditLogger.logOperationStart (src/readers/factory.ts:48:12)
      at SecureFileReader.read (src/readers/secure-file-reader.ts:164:22)
      at Object.<anonymous> (src/readers/__tests__/e2e.test.ts:88:24)

    console.error
      {"timestamp":"2026-02-11T12:50:12.121Z","level":"info","message":"File operation completed: read","operation":"re
ad","path":"C:\\Users\\NewAdmin\\Desktop\\File-Organizer-MCP\\test-fixtures-e2e\\perf-52.txt","status":"success","opera
tionId":"1770814212118-rzaro5100","bytesRead":27,"checksum":"5cdaf9a17954235fca2a90107c2f0607cb8b3e6a9ae3c7967fc358eca9
5f5b0e","streaming":false}

    [0m [90m 23 |[39m     }[33m;[39m
     [90m 24 |[39m
    [31m[1m>[22m[39m[90m 25 |[39m     
console[33m.[39merror([33mJSON[39m[33m.[39mstringify(entry))[33m;[39m [90m// stderr for stdio servers[39m
     [90m    |[39m             [31m[1m^[22m[39m
     [90m 26 |[39m   }
     [90m 27 |[39m
     [90m 28 |[39m   debug(message[33m:[39m string[33m,[39m context[33m?[39m[33m:[39m 
[33mRecord[39m[33m<[39m[33mstring[39m[33m,[39m any[33m>[39m) {[0m

      at Logger.log (src/utils/logger.ts:25:13)
      at Logger.info (src/utils/logger.ts:33:10)
      at ConsoleAuditLogger.logOperationSuccess (src/readers/factory.ts:60:12)
      at SecureFileReader.read (src/readers/secure-file-reader.ts:224:26)
      at Object.<anonymous> (src/readers/__tests__/e2e.test.ts:88:24)

    console.error
      {"timestamp":"2026-02-11T12:50:12.123Z","level":"info","message":"File operation started: read","operation":"read
","path":"C:\\Users\\NewAdmin\\Desktop\\File-Organizer-MCP\\test-fixtures-e2e\\perf-53.txt","operationId":"177081421212
2-soqbxdgnx","maxBytes":10485760,"encoding":"utf-8"}

    [0m [90m 23 |[39m     }[33m;[39m
     [90m 24 |[39m
    [31m[1m>[22m[39m[90m 25 |[39m     
console[33m.[39merror([33mJSON[39m[33m.[39mstringify(entry))[33m;[39m [90m// stderr for stdio servers[39m
     [90m    |[39m             [31m[1m^[22m[39m
     [90m 26 |[39m   }
     [90m 27 |[39m
     [90m 28 |[39m   debug(message[33m:[39m string[33m,[39m context[33m?[39m[33m:[39m 
[33mRecord[39m[33m<[39m[33mstring[39m[33m,[39m any[33m>[39m) {[0m

      at Logger.log (src/utils/logger.ts:25:13)
      at Logger.info (src/utils/logger.ts:33:10)
      at ConsoleAuditLogger.logOperationStart (src/readers/factory.ts:48:12)
      at SecureFileReader.read (src/readers/secure-file-reader.ts:164:22)
      at Object.<anonymous> (src/readers/__tests__/e2e.test.ts:88:24)

    console.error
      {"timestamp":"2026-02-11T12:50:12.124Z","level":"info","message":"File operation completed: read","operation":"re
ad","path":"C:\\Users\\NewAdmin\\Desktop\\File-Organizer-MCP\\test-fixtures-e2e\\perf-53.txt","status":"success","opera
tionId":"1770814212122-soqbxdgnx","bytesRead":27,"checksum":"3eeb86c426344de6c9dad13e43242542e7485c4d05f1fccf806e940b03
0e0216","streaming":false}

    [0m [90m 23 |[39m     }[33m;[39m
     [90m 24 |[39m
    [31m[1m>[22m[39m[90m 25 |[39m     
console[33m.[39merror([33mJSON[39m[33m.[39mstringify(entry))[33m;[39m [90m// stderr for stdio servers[39m
     [90m    |[39m             [31m[1m^[22m[39m
     [90m 26 |[39m   }
     [90m 27 |[39m
     [90m 28 |[39m   debug(message[33m:[39m string[33m,[39m context[33m?[39m[33m:[39m 
[33mRecord[39m[33m<[39m[33mstring[39m[33m,[39m any[33m>[39m) {[0m

      at Logger.log (src/utils/logger.ts:25:13)
      at Logger.info (src/utils/logger.ts:33:10)
      at ConsoleAuditLogger.logOperationSuccess (src/readers/factory.ts:60:12)
      at SecureFileReader.read (src/readers/secure-file-reader.ts:224:26)
      at Object.<anonymous> (src/readers/__tests__/e2e.test.ts:88:24)

    console.error
      {"timestamp":"2026-02-11T12:50:12.140Z","level":"info","message":"File operation started: read","operation":"read
","path":"C:\\Users\\NewAdmin\\Desktop\\File-Organizer-MCP\\test-fixtures-e2e\\perf-54.txt","operationId":"177081421212
5-xcjjfxkvn","maxBytes":10485760,"encoding":"utf-8"}

    [0m [90m 23 |[39m     }[33m;[39m
     [90m 24 |[39m
    [31m[1m>[22m[39m[90m 25 |[39m     
console[33m.[39merror([33mJSON[39m[33m.[39mstringify(entry))[33m;[39m [90m// stderr for stdio servers[39m
     [90m    |[39m             [31m[1m^[22m[39m
     [90m 26 |[39m   }
     [90m 27 |[39m
     [90m 28 |[39m   debug(message[33m:[39m string[33m,[39m context[33m?[39m[33m:[39m 
[33mRecord[39m[33m<[39m[33mstring[39m[33m,[39m any[33m>[39m) {[0m

      at Logger.log (src/utils/logger.ts:25:13)
      at Logger.info (src/utils/logger.ts:33:10)
      at ConsoleAuditLogger.logOperationStart (src/readers/factory.ts:48:12)
      at SecureFileReader.read (src/readers/secure-file-reader.ts:164:22)
      at Object.<anonymous> (src/readers/__tests__/e2e.test.ts:88:24)

    console.error
      {"timestamp":"2026-02-11T12:50:12.141Z","level":"info","message":"File operation completed: read","operation":"re
ad","path":"C:\\Users\\NewAdmin\\Desktop\\File-Organizer-MCP\\test-fixtures-e2e\\perf-54.txt","status":"success","opera
tionId":"1770814212125-xcjjfxkvn","bytesRead":27,"checksum":"b8b6459781c3d7f5fcd0a05dd1318eb3cdcfc42e7a425fee448ecd1ad9
ee24cd","streaming":false}

    [0m [90m 23 |[39m     }[33m;[39m
     [90m 24 |[39m
    [31m[1m>[22m[39m[90m 25 |[39m     
console[33m.[39merror([33mJSON[39m[33m.[39mstringify(entry))[33m;[39m [90m// stderr for stdio servers[39m
     [90m    |[39m             [31m[1m^[22m[39m
     [90m 26 |[39m   }
     [90m 27 |[39m
     [90m 28 |[39m   debug(message[33m:[39m string[33m,[39m context[33m?[39m[33m:[39m 
[33mRecord[39m[33m<[39m[33mstring[39m[33m,[39m any[33m>[39m) {[0m

      at Logger.log (src/utils/logger.ts:25:13)
      at Logger.info (src/utils/logger.ts:33:10)
      at ConsoleAuditLogger.logOperationSuccess (src/readers/factory.ts:60:12)
      at SecureFileReader.read (src/readers/secure-file-reader.ts:224:26)
      at Object.<anonymous> (src/readers/__tests__/e2e.test.ts:88:24)

    console.error
      {"timestamp":"2026-02-11T12:50:12.142Z","level":"info","message":"File operation started: read","operation":"read
","path":"C:\\Users\\NewAdmin\\Desktop\\File-Organizer-MCP\\test-fixtures-e2e\\perf-55.txt","operationId":"177081421214
1-9cpq9hy4y","maxBytes":10485760,"encoding":"utf-8"}

    [0m [90m 23 |[39m     }[33m;[39m
     [90m 24 |[39m
    [31m[1m>[22m[39m[90m 25 |[39m     
console[33m.[39merror([33mJSON[39m[33m.[39mstringify(entry))[33m;[39m [90m// stderr for stdio servers[39m
     [90m    |[39m             [31m[1m^[22m[39m
     [90m 26 |[39m   }
     [90m 27 |[39m
     [90m 28 |[39m   debug(message[33m:[39m string[33m,[39m context[33m?[39m[33m:[39m 
[33mRecord[39m[33m<[39m[33mstring[39m[33m,[39m any[33m>[39m) {[0m

      at Logger.log (src/utils/logger.ts:25:13)
      at Logger.info (src/utils/logger.ts:33:10)
      at ConsoleAuditLogger.logOperationStart (src/readers/factory.ts:48:12)
      at SecureFileReader.read (src/readers/secure-file-reader.ts:164:22)
      at Object.<anonymous> (src/readers/__tests__/e2e.test.ts:88:24)

    console.error
      {"timestamp":"2026-02-11T12:50:12.143Z","level":"info","message":"File operation completed: read","operation":"re
ad","path":"C:\\Users\\NewAdmin\\Desktop\\File-Organizer-MCP\\test-fixtures-e2e\\perf-55.txt","status":"success","opera
tionId":"1770814212141-9cpq9hy4y","bytesRead":27,"checksum":"75a7a1bd8a752225e1abfad72bda98b7a8d53bd391a534607fda6ddee2
0e1a97","streaming":false}

    [0m [90m 23 |[39m     }[33m;[39m
     [90m 24 |[39m
    [31m[1m>[22m[39m[90m 25 |[39m     
console[33m.[39merror([33mJSON[39m[33m.[39mstringify(entry))[33m;[39m [90m// stderr for stdio servers[39m
     [90m    |[39m             [31m[1m^[22m[39m
     [90m 26 |[39m   }
     [90m 27 |[39m
     [90m 28 |[39m   debug(message[33m:[39m string[33m,[39m context[33m?[39m[33m:[39m 
[33mRecord[39m[33m<[39m[33mstring[39m[33m,[39m any[33m>[39m) {[0m

      at Logger.log (src/utils/logger.ts:25:13)
      at Logger.info (src/utils/logger.ts:33:10)
      at ConsoleAuditLogger.logOperationSuccess (src/readers/factory.ts:60:12)
      at SecureFileReader.read (src/readers/secure-file-reader.ts:224:26)
      at Object.<anonymous> (src/readers/__tests__/e2e.test.ts:88:24)

    console.error
      {"timestamp":"2026-02-11T12:50:12.144Z","level":"info","message":"File operation started: read","operation":"read
","path":"C:\\Users\\NewAdmin\\Desktop\\File-Organizer-MCP\\test-fixtures-e2e\\perf-56.txt","operationId":"177081421214
3-4txtrheki","maxBytes":10485760,"encoding":"utf-8"}

    [0m [90m 23 |[39m     }[33m;[39m
     [90m 24 |[39m
    [31m[1m>[22m[39m[90m 25 |[39m     
console[33m.[39merror([33mJSON[39m[33m.[39mstringify(entry))[33m;[39m [90m// stderr for stdio servers[39m
     [90m    |[39m             [31m[1m^[22m[39m
     [90m 26 |[39m   }
     [90m 27 |[39m
     [90m 28 |[39m   debug(message[33m:[39m string[33m,[39m context[33m?[39m[33m:[39m 
[33mRecord[39m[33m<[39m[33mstring[39m[33m,[39m any[33m>[39m) {[0m

      at Logger.log (src/utils/logger.ts:25:13)
      at Logger.info (src/utils/logger.ts:33:10)
      at ConsoleAuditLogger.logOperationStart (src/readers/factory.ts:48:12)
      at SecureFileReader.read (src/readers/secure-file-reader.ts:164:22)
      at Object.<anonymous> (src/readers/__tests__/e2e.test.ts:88:24)

    console.error
      {"timestamp":"2026-02-11T12:50:12.144Z","level":"info","message":"File operation completed: read","operation":"re
ad","path":"C:\\Users\\NewAdmin\\Desktop\\File-Organizer-MCP\\test-fixtures-e2e\\perf-56.txt","status":"success","opera
tionId":"1770814212143-4txtrheki","bytesRead":27,"checksum":"ea9e3caed985dfd493a181ac2db7f9102d00acdf9b94f8d3a73e40aabe
b1911a","streaming":false}

    [0m [90m 23 |[39m     }[33m;[39m
     [90m 24 |[39m
    [31m[1m>[22m[39m[90m 25 |[39m     
console[33m.[39merror([33mJSON[39m[33m.[39mstringify(entry))[33m;[39m [90m// stderr for stdio servers[39m
     [90m    |[39m             [31m[1m^[22m[39m
     [90m 26 |[39m   }
     [90m 27 |[39m
     [90m 28 |[39m   debug(message[33m:[39m string[33m,[39m context[33m?[39m[33m:[39m 
[33mRecord[39m[33m<[39m[33mstring[39m[33m,[39m any[33m>[39m) {[0m

      at Logger.log (src/utils/logger.ts:25:13)
      at Logger.info (src/utils/logger.ts:33:10)
      at ConsoleAuditLogger.logOperationSuccess (src/readers/factory.ts:60:12)
      at SecureFileReader.read (src/readers/secure-file-reader.ts:224:26)
      at Object.<anonymous> (src/readers/__tests__/e2e.test.ts:88:24)

    console.error
      {"timestamp":"2026-02-11T12:50:12.145Z","level":"info","message":"File operation started: read","operation":"read
","path":"C:\\Users\\NewAdmin\\Desktop\\File-Organizer-MCP\\test-fixtures-e2e\\perf-57.txt","operationId":"177081421214
5-dyoe6ih7z","maxBytes":10485760,"encoding":"utf-8"}

    [0m [90m 23 |[39m     }[33m;[39m
     [90m 24 |[39m
    [31m[1m>[22m[39m[90m 25 |[39m     
console[33m.[39merror([33mJSON[39m[33m.[39mstringify(entry))[33m;[39m [90m// stderr for stdio servers[39m
     [90m    |[39m             [31m[1m^[22m[39m
     [90m 26 |[39m   }
     [90m 27 |[39m
     [90m 28 |[39m   debug(message[33m:[39m string[33m,[39m context[33m?[39m[33m:[39m 
[33mRecord[39m[33m<[39m[33mstring[39m[33m,[39m any[33m>[39m) {[0m

      at Logger.log (src/utils/logger.ts:25:13)
      at Logger.info (src/utils/logger.ts:33:10)
      at ConsoleAuditLogger.logOperationStart (src/readers/factory.ts:48:12)
      at SecureFileReader.read (src/readers/secure-file-reader.ts:164:22)
      at Object.<anonymous> (src/readers/__tests__/e2e.test.ts:88:24)

    console.error
      {"timestamp":"2026-02-11T12:50:12.145Z","level":"info","message":"File operation completed: read","operation":"re
ad","path":"C:\\Users\\NewAdmin\\Desktop\\File-Organizer-MCP\\test-fixtures-e2e\\perf-57.txt","status":"success","opera
tionId":"1770814212145-dyoe6ih7z","bytesRead":27,"checksum":"c3679f15267ce6acf459f585b2a25200b664c2d0915567608fceea7a46
c7ce13","streaming":false}

    [0m [90m 23 |[39m     }[33m;[39m
     [90m 24 |[39m
    [31m[1m>[22m[39m[90m 25 |[39m     
console[33m.[39merror([33mJSON[39m[33m.[39mstringify(entry))[33m;[39m [90m// stderr for stdio servers[39m
     [90m    |[39m             [31m[1m^[22m[39m
     [90m 26 |[39m   }
     [90m 27 |[39m
     [90m 28 |[39m   debug(message[33m:[39m string[33m,[39m context[33m?[39m[33m:[39m 
[33mRecord[39m[33m<[39m[33mstring[39m[33m,[39m any[33m>[39m) {[0m

      at Logger.log (src/utils/logger.ts:25:13)
      at Logger.info (src/utils/logger.ts:33:10)
      at ConsoleAuditLogger.logOperationSuccess (src/readers/factory.ts:60:12)
      at SecureFileReader.read (src/readers/secure-file-reader.ts:224:26)
      at Object.<anonymous> (src/readers/__tests__/e2e.test.ts:88:24)

PASS tests/unit/tools/file_inspection.test.ts
  ÔùÅ Console

    console.error
      {"timestamp":"2026-02-11T12:50:12.831Z","level":"error","message":"Error ID 
c90061ea-cbf3-4db2-97c4-fd636926fff9: ValidationError: Directory does not exist: 
C:\\Users\\NewAdmin\\Desktop\\File-Organizer-MCP\\tests\\temp\\test-scan-ii7UVy\\nonexistent\n    at 
handleScanDirectory (C:\\Users\\NewAdmin\\Desktop\\File-Organizer-MCP\\src\\tools\\file-scanning.ts:95:15)\n    at 
Object.<anonymous> 
(C:\\Users\\NewAdmin\\Desktop\\File-Organizer-MCP\\tests\\unit\\tools\\file_inspection.test.ts:179:28)"}

    [0m [90m 23 |[39m     }[33m;[39m
     [90m 24 |[39m
    [31m[1m>[22m[39m[90m 25 |[39m     
console[33m.[39merror([33mJSON[39m[33m.[39mstringify(entry))[33m;[39m [90m// stderr for stdio servers[39m
     [90m    |[39m             [31m[1m^[22m[39m
     [90m 26 |[39m   }
     [90m 27 |[39m
     [90m 28 |[39m   debug(message[33m:[39m string[33m,[39m context[33m?[39m[33m:[39m 
[33mRecord[39m[33m<[39m[33mstring[39m[33m,[39m any[33m>[39m) {[0m

      at Logger.log (src/utils/logger.ts:25:13)
      at Logger.error (src/utils/logger.ts:45:10)
      at createErrorResponse (src/utils/error-handler.ts:36:10)
      at handleScanDirectory (src/tools/file-scanning.ts:147:12)
      at Object.<anonymous> (tests/unit/tools/file_inspection.test.ts:179:28)

PASS tests/integration/organize.test.ts
  ÔùÅ Console

    console.error
      {"timestamp":"2026-02-11T12:50:13.094Z","level":"info","message":"Created rollback manifest: 
0f1fb279-28f1-43ac-b37e-9877b4bcfad4 (1 actions)"}

    [0m [90m 23 |[39m     }[33m;[39m
     [90m 24 |[39m
    [31m[1m>[22m[39m[90m 25 |[39m     
console[33m.[39merror([33mJSON[39m[33m.[39mstringify(entry))[33m;[39m [90m// stderr for stdio servers[39m
     [90m    |[39m             [31m[1m^[22m[39m
     [90m 26 |[39m   }
     [90m 27 |[39m
     [90m 28 |[39m   debug(message[33m:[39m string[33m,[39m context[33m?[39m[33m:[39m 
[33mRecord[39m[33m<[39m[33mstring[39m[33m,[39m any[33m>[39m) {[0m

      at Logger.log (src/utils/logger.ts:25:13)
      at Logger.info (src/utils/logger.ts:33:10)
      at RollbackService.createManifest (src/services/rollback.service.ts:59:12)
      at OrganizerService.organize (src/services/organizer.service.ts:420:9)
      at Object.<anonymous> (tests/integration/organize.test.ts:29:20)

PASS tests/integration/watch-mode.test.ts
PASS tests/integration/duplicate_resolution_flow.test.ts
  ÔùÅ Console

    console.error
      {"timestamp":"2026-02-11T12:50:13.661Z","level":"info","message":"Created rollback manifest: 
a405a74f-f387-4d6c-9ab4-284b74ea4949 (1 actions)"}

    [0m [90m 23 |[39m     }[33m;[39m
     [90m 24 |[39m
    [31m[1m>[22m[39m[90m 25 |[39m     
console[33m.[39merror([33mJSON[39m[33m.[39mstringify(entry))[33m;[39m [90m// stderr for stdio servers[39m
     [90m    |[39m             [31m[1m^[22m[39m
     [90m 26 |[39m   }
     [90m 27 |[39m
     [90m 28 |[39m   debug(message[33m:[39m string[33m,[39m context[33m?[39m[33m:[39m 
[33mRecord[39m[33m<[39m[33mstring[39m[33m,[39m any[33m>[39m) {[0m

      at Logger.log (src/utils/logger.ts:25:13)
      at Logger.info (src/utils/logger.ts:33:10)
      at RollbackService.createManifest (src/services/rollback.service.ts:59:12)
      at DuplicateFinderService.deleteFiles (src/services/duplicate-finder.service.ts:250:26)
      at handleDeleteDuplicates (src/tools/duplicate-management.ts:165:20)
      at Object.<anonymous> (tests/integration/duplicate_resolution_flow.test.ts:49:30)

PASS tests/integration/tools/organize.test.ts
  ÔùÅ Console

    console.error
      {"timestamp":"2026-02-11T12:50:14.055Z","level":"info","message":"Created rollback manifest: 
f1cce5c4-1000-4dc6-954d-716ba8e5a326 (3 actions)"}

    [0m [90m 23 |[39m     }[33m;[39m
     [90m 24 |[39m
    [31m[1m>[22m[39m[90m 25 |[39m     
console[33m.[39merror([33mJSON[39m[33m.[39mstringify(entry))[33m;[39m [90m// stderr for stdio servers[39m
     [90m    |[39m             [31m[1m^[22m[39m
     [90m 26 |[39m   }
     [90m 27 |[39m
     [90m 28 |[39m   debug(message[33m:[39m string[33m,[39m context[33m?[39m[33m:[39m 
[33mRecord[39m[33m<[39m[33mstring[39m[33m,[39m any[33m>[39m) {[0m

      at Logger.log (src/utils/logger.ts:25:13)
      at Logger.info (src/utils/logger.ts:33:10)
      at RollbackService.createManifest (src/services/rollback.service.ts:59:12)
      at OrganizerService.organize (src/services/organizer.service.ts:420:9)
      at handleOrganizeFiles (src/tools/file-organization.ts:93:45)
      at Object.<anonymous> (tests/integration/tools/organize.test.ts:30:24)

    console.error
      {"timestamp":"2026-02-11T12:50:14.084Z","level":"info","message":"Created rollback manifest: 
44eaeb8a-7a2d-4b02-90a0-b861eef29ea0 (3 actions)"}

    [0m [90m 23 |[39m     }[33m;[39m
     [90m 24 |[39m
    [31m[1m>[22m[39m[90m 25 |[39m     
console[33m.[39merror([33mJSON[39m[33m.[39mstringify(entry))[33m;[39m [90m// stderr for stdio servers[39m
     [90m    |[39m             [31m[1m^[22m[39m
     [90m 26 |[39m   }
     [90m 27 |[39m
     [90m 28 |[39m   debug(message[33m:[39m string[33m,[39m context[33m?[39m[33m:[39m 
[33mRecord[39m[33m<[39m[33mstring[39m[33m,[39m any[33m>[39m) {[0m

      at Logger.log (src/utils/logger.ts:25:13)
      at Logger.info (src/utils/logger.ts:33:10)
      at RollbackService.createManifest (src/services/rollback.service.ts:59:12)
      at OrganizerService.organize (src/services/organizer.service.ts:420:9)
      at handleOrganizeFiles (src/tools/file-organization.ts:93:45)
      at Object.<anonymous> (tests/integration/tools/organize.test.ts:60:9)

    console.error
      {"timestamp":"2026-02-11T12:50:14.092Z","level":"info","message":"Created rollback manifest: 
97c8a7ea-ecc3-40fb-9b65-4c365fff8d7e (1 actions)"}

    [0m [90m 23 |[39m     }[33m;[39m
     [90m 24 |[39m
    [31m[1m>[22m[39m[90m 25 |[39m     
console[33m.[39merror([33mJSON[39m[33m.[39mstringify(entry))[33m;[39m [90m// stderr for stdio servers[39m
     [90m    |[39m             [31m[1m^[22m[39m
     [90m 26 |[39m   }
     [90m 27 |[39m
     [90m 28 |[39m   debug(message[33m:[39m string[33m,[39m context[33m?[39m[33m:[39m 
[33mRecord[39m[33m<[39m[33mstring[39m[33m,[39m any[33m>[39m) {[0m

      at Logger.log (src/utils/logger.ts:25:13)
      at Logger.info (src/utils/logger.ts:33:10)
      at RollbackService.createManifest (src/services/rollback.service.ts:59:12)
      at OrganizerService.organize (src/services/organizer.service.ts:420:9)
      at handleOrganizeFiles (src/tools/file-organization.ts:93:45)
      at Object.<anonymous> (tests/integration/tools/organize.test.ts:70:24)

PASS tests/unit/tools/watch.test.ts
PASS tests/integration/edge-cases.test.ts
  ÔùÅ Console

    console.error
      {"timestamp":"2026-02-11T12:50:14.610Z","level":"warn","message":"Skipped reserved Windows filename: 
C:\\Users\\NewAdmin\\Desktop\\File-Organizer-MCP\\test-edge-cases\\AUX"}

    [0m [90m 23 |[39m     }[33m;[39m
     [90m 24 |[39m
    [31m[1m>[22m[39m[90m 25 |[39m     
console[33m.[39merror([33mJSON[39m[33m.[39mstringify(entry))[33m;[39m [90m// stderr for stdio servers[39m
     [90m    |[39m             [31m[1m^[22m[39m
     [90m 26 |[39m   }
     [90m 27 |[39m
     [90m 28 |[39m   debug(message[33m:[39m string[33m,[39m context[33m?[39m[33m:[39m 
[33mRecord[39m[33m<[39m[33mstring[39m[33m,[39m any[33m>[39m) {[0m

      at Logger.log (src/utils/logger.ts:25:13)
      at Logger.warn (src/utils/logger.ts:37:10)
      at OrganizerService.organize (src/services/organizer.service.ts:233:16)
      at Object.<anonymous> (tests/integration/edge-cases.test.ts:39:20)

    console.error
      {"timestamp":"2026-02-11T12:50:14.611Z","level":"warn","message":"Skipped reserved Windows filename: 
C:\\Users\\NewAdmin\\Desktop\\File-Organizer-MCP\\test-edge-cases\\COM1"}

    [0m [90m 23 |[39m     }[33m;[39m
     [90m 24 |[39m
    [31m[1m>[22m[39m[90m 25 |[39m     
console[33m.[39merror([33mJSON[39m[33m.[39mstringify(entry))[33m;[39m [90m// stderr for stdio servers[39m
     [90m    |[39m             [31m[1m^[22m[39m
     [90m 26 |[39m   }
     [90m 27 |[39m
     [90m 28 |[39m   debug(message[33m:[39m string[33m,[39m context[33m?[39m[33m:[39m 
[33mRecord[39m[33m<[39m[33mstring[39m[33m,[39m any[33m>[39m) {[0m

      at Logger.log (src/utils/logger.ts:25:13)
      at Logger.warn (src/utils/logger.ts:37:10)
      at OrganizerService.organize (src/services/organizer.service.ts:233:16)
      at Object.<anonymous> (tests/integration/edge-cases.test.ts:39:20)

    console.error
      {"timestamp":"2026-02-11T12:50:14.611Z","level":"warn","message":"Skipped reserved Windows filename: 
C:\\Users\\NewAdmin\\Desktop\\File-Organizer-MCP\\test-edge-cases\\CON"}

    [0m [90m 23 |[39m     }[33m;[39m
     [90m 24 |[39m
    [31m[1m>[22m[39m[90m 25 |[39m     
console[33m.[39merror([33mJSON[39m[33m.[39mstringify(entry))[33m;[39m [90m// stderr for stdio servers[39m
     [90m    |[39m             [31m[1m^[22m[39m
     [90m 26 |[39m   }
     [90m 27 |[39m
     [90m 28 |[39m   debug(message[33m:[39m string[33m,[39m context[33m?[39m[33m:[39m 
[33mRecord[39m[33m<[39m[33mstring[39m[33m,[39m any[33m>[39m) {[0m

      at Logger.log (src/utils/logger.ts:25:13)
      at Logger.warn (src/utils/logger.ts:37:10)
      at OrganizerService.organize (src/services/organizer.service.ts:233:16)
      at Object.<anonymous> (tests/integration/edge-cases.test.ts:39:20)

    console.error
      {"timestamp":"2026-02-11T12:50:14.612Z","level":"warn","message":"Skipped reserved Windows filename: 
C:\\Users\\NewAdmin\\Desktop\\File-Organizer-MCP\\test-edge-cases\\LPT1"}

    [0m [90m 23 |[39m     }[33m;[39m
     [90m 24 |[39m
    [31m[1m>[22m[39m[90m 25 |[39m     
console[33m.[39merror([33mJSON[39m[33m.[39mstringify(entry))[33m;[39m [90m// stderr for stdio servers[39m
     [90m    |[39m             [31m[1m^[22m[39m
     [90m 26 |[39m   }
     [90m 27 |[39m
     [90m 28 |[39m   debug(message[33m:[39m string[33m,[39m context[33m?[39m[33m:[39m 
[33mRecord[39m[33m<[39m[33mstring[39m[33m,[39m any[33m>[39m) {[0m

      at Logger.log (src/utils/logger.ts:25:13)
      at Logger.warn (src/utils/logger.ts:37:10)
      at OrganizerService.organize (src/services/organizer.service.ts:233:16)
      at Object.<anonymous> (tests/integration/edge-cases.test.ts:39:20)

    console.error
      {"timestamp":"2026-02-11T12:50:14.612Z","level":"warn","message":"Skipped reserved Windows filename: 
C:\\Users\\NewAdmin\\Desktop\\File-Organizer-MCP\\test-edge-cases\\NUL"}

    [0m [90m 23 |[39m     }[33m;[39m
     [90m 24 |[39m
    [31m[1m>[22m[39m[90m 25 |[39m     
console[33m.[39merror([33mJSON[39m[33m.[39mstringify(entry))[33m;[39m [90m// stderr for stdio servers[39m
     [90m    |[39m             [31m[1m^[22m[39m
     [90m 26 |[39m   }
     [90m 27 |[39m
     [90m 28 |[39m   debug(message[33m:[39m string[33m,[39m context[33m?[39m[33m:[39m 
[33mRecord[39m[33m<[39m[33mstring[39m[33m,[39m any[33m>[39m) {[0m

      at Logger.log (src/utils/logger.ts:25:13)
      at Logger.warn (src/utils/logger.ts:37:10)
      at OrganizerService.organize (src/services/organizer.service.ts:233:16)
      at Object.<anonymous> (tests/integration/edge-cases.test.ts:39:20)

    console.error
      {"timestamp":"2026-02-11T12:50:14.612Z","level":"warn","message":"Skipped reserved Windows filename: 
C:\\Users\\NewAdmin\\Desktop\\File-Organizer-MCP\\test-edge-cases\\PRN"}

    [0m [90m 23 |[39m     }[33m;[39m
     [90m 24 |[39m
    [31m[1m>[22m[39m[90m 25 |[39m     
console[33m.[39merror([33mJSON[39m[33m.[39mstringify(entry))[33m;[39m [90m// stderr for stdio servers[39m
     [90m    |[39m             [31m[1m^[22m[39m
     [90m 26 |[39m   }
     [90m 27 |[39m
     [90m 28 |[39m   debug(message[33m:[39m string[33m,[39m context[33m?[39m[33m:[39m 
[33mRecord[39m[33m<[39m[33mstring[39m[33m,[39m any[33m>[39m) {[0m

      at Logger.log (src/utils/logger.ts:25:13)
      at Logger.warn (src/utils/logger.ts:37:10)
      at OrganizerService.organize (src/services/organizer.service.ts:233:16)
      at Object.<anonymous> (tests/integration/edge-cases.test.ts:39:20)

    console.error
      {"timestamp":"2026-02-11T12:50:14.623Z","level":"info","message":"Created rollback manifest: 
0e666048-24a8-4ba7-b9b8-ab14183c55c7 (1 actions)"}

    [0m [90m 23 |[39m     }[33m;[39m
     [90m 24 |[39m
    [31m[1m>[22m[39m[90m 25 |[39m     
console[33m.[39merror([33mJSON[39m[33m.[39mstringify(entry))[33m;[39m [90m// stderr for stdio servers[39m
     [90m    |[39m             [31m[1m^[22m[39m
     [90m 26 |[39m   }
     [90m 27 |[39m
     [90m 28 |[39m   debug(message[33m:[39m string[33m,[39m context[33m?[39m[33m:[39m 
[33mRecord[39m[33m<[39m[33mstring[39m[33m,[39m any[33m>[39m) {[0m

      at Logger.log (src/utils/logger.ts:25:13)
      at Logger.info (src/utils/logger.ts:33:10)
      at RollbackService.createManifest (src/services/rollback.service.ts:59:12)
      at OrganizerService.organize (src/services/organizer.service.ts:420:9)
      at Object.<anonymous> (tests/integration/edge-cases.test.ts:50:20)

    console.error
      {"timestamp":"2026-02-11T12:50:14.634Z","level":"info","message":"Created rollback manifest: 
4b126a16-1a1e-4696-99a3-4e0f591cb692 (1 actions)"}

    [0m [90m 23 |[39m     }[33m;[39m
     [90m 24 |[39m
    [31m[1m>[22m[39m[90m 25 |[39m     
console[33m.[39merror([33mJSON[39m[33m.[39mstringify(entry))[33m;[39m [90m// stderr for stdio servers[39m
     [90m    |[39m             [31m[1m^[22m[39m
     [90m 26 |[39m   }
     [90m 27 |[39m
     [90m 28 |[39m   debug(message[33m:[39m string[33m,[39m context[33m?[39m[33m:[39m 
[33mRecord[39m[33m<[39m[33mstring[39m[33m,[39m any[33m>[39m) {[0m

      at Logger.log (src/utils/logger.ts:25:13)
      at Logger.info (src/utils/logger.ts:33:10)
      at RollbackService.createManifest (src/services/rollback.service.ts:59:12)
      at OrganizerService.organize (src/services/organizer.service.ts:420:9)
      at Object.<anonymous> (tests/integration/edge-cases.test.ts:61:20)

    console.error
      {"timestamp":"2026-02-11T12:50:14.643Z","level":"info","message":"Created rollback manifest: 
62ffb708-047a-40bb-9109-d0d1da1d3d95 (1 actions)"}

    [0m [90m 23 |[39m     }[33m;[39m
     [90m 24 |[39m
    [31m[1m>[22m[39m[90m 25 |[39m     
console[33m.[39merror([33mJSON[39m[33m.[39mstringify(entry))[33m;[39m [90m// stderr for stdio servers[39m
     [90m    |[39m             [31m[1m^[22m[39m
     [90m 26 |[39m   }
     [90m 27 |[39m
     [90m 28 |[39m   debug(message[33m:[39m string[33m,[39m context[33m?[39m[33m:[39m 
[33mRecord[39m[33m<[39m[33mstring[39m[33m,[39m any[33m>[39m) {[0m

      at Logger.log (src/utils/logger.ts:25:13)
      at Logger.info (src/utils/logger.ts:33:10)
      at RollbackService.createManifest (src/services/rollback.service.ts:59:12)
      at OrganizerService.organize (src/services/organizer.service.ts:420:9)
      at Object.<anonymous> (tests/integration/edge-cases.test.ts:72:20)

    console.error
      {"timestamp":"2026-02-11T12:50:14.657Z","level":"info","message":"Created rollback manifest: 
971b9f88-d430-4b6e-9efc-f76cd457e64a (1 actions)"}

    [0m [90m 23 |[39m     }[33m;[39m
     [90m 24 |[39m
    [31m[1m>[22m[39m[90m 25 |[39m     
console[33m.[39merror([33mJSON[39m[33m.[39mstringify(entry))[33m;[39m [90m// stderr for stdio servers[39m
     [90m    |[39m             [31m[1m^[22m[39m
     [90m 26 |[39m   }
     [90m 27 |[39m
     [90m 28 |[39m   debug(message[33m:[39m string[33m,[39m context[33m?[39m[33m:[39m 
[33mRecord[39m[33m<[39m[33mstring[39m[33m,[39m any[33m>[39m) {[0m

      at Logger.log (src/utils/logger.ts:25:13)
      at Logger.info (src/utils/logger.ts:33:10)
      at RollbackService.createManifest (src/services/rollback.service.ts:59:12)
      at OrganizerService.organize (src/services/organizer.service.ts:420:9)
      at Object.<anonymous> (tests/integration/edge-cases.test.ts:94:20)

PASS tests/integration/tools/file-renaming.tool.test.ts
  ÔùÅ Console

    console.error
      {"timestamp":"2026-02-11T12:50:14.902Z","level":"info","message":"Created rollback manifest: 
d622c354-c4a4-4de3-95fe-1f61f49ee24a (1 actions)"}

    [0m [90m 23 |[39m     }[33m;[39m
     [90m 24 |[39m
    [31m[1m>[22m[39m[90m 25 |[39m     
console[33m.[39merror([33mJSON[39m[33m.[39mstringify(entry))[33m;[39m [90m// stderr for stdio servers[39m
     [90m    |[39m             [31m[1m^[22m[39m
     [90m 26 |[39m   }
     [90m 27 |[39m
     [90m 28 |[39m   debug(message[33m:[39m string[33m,[39m context[33m?[39m[33m:[39m 
[33mRecord[39m[33m<[39m[33mstring[39m[33m,[39m any[33m>[39m) {[0m

      at Logger.log (src/utils/logger.ts:25:13)
      at Logger.info (src/utils/logger.ts:33:10)
      at RollbackService.createManifest (src/services/rollback.service.ts:59:12)
      at RenamingService.executeRename (src/services/renaming.service.ts:311:7)
      at handleBatchRename (src/tools/file-renaming.ts:116:20)
      at Object.<anonymous> (tests/integration/tools/file-renaming.tool.test.ts:58:24)

    console.error
      {"timestamp":"2026-02-11T12:50:14.921Z","level":"info","message":"Created rollback manifest: 
203c72f6-7c6c-4453-a6cd-fe0eda3333d6 (2 actions)"}

    [0m [90m 23 |[39m     }[33m;[39m
     [90m 24 |[39m
    [31m[1m>[22m[39m[90m 25 |[39m     
console[33m.[39merror([33mJSON[39m[33m.[39mstringify(entry))[33m;[39m [90m// stderr for stdio servers[39m
     [90m    |[39m             [31m[1m^[22m[39m
     [90m 26 |[39m   }
     [90m 27 |[39m
     [90m 28 |[39m   debug(message[33m:[39m string[33m,[39m context[33m?[39m[33m:[39m 
[33mRecord[39m[33m<[39m[33mstring[39m[33m,[39m any[33m>[39m) {[0m

      at Logger.log (src/utils/logger.ts:25:13)
      at Logger.info (src/utils/logger.ts:33:10)
      at RollbackService.createManifest (src/services/rollback.service.ts:59:12)
      at RenamingService.executeRename (src/services/renaming.service.ts:311:7)
      at handleBatchRename (src/tools/file-renaming.ts:116:20)
      at Object.<anonymous> (tests/integration/tools/file-renaming.tool.test.ts:78:24)

(node:21340) ExperimentalWarning: VM Modules is an experimental feature and might change at any time
(Use `node --trace-warnings ...` to show where the warning was created)
PASS tests/unit/services/organizer.test.ts
PASS tests/unit/services/auto-organize.test.ts
  ÔùÅ Console

    console.error
      {"timestamp":"2026-02-11T12:50:16.818Z","level":"info","message":"Auto-organize scheduler stopped"}

    [0m [90m 23 |[39m     }[33m;[39m
     [90m 24 |[39m
    [31m[1m>[22m[39m[90m 25 |[39m     
console[33m.[39merror([33mJSON[39m[33m.[39mstringify(entry))[33m;[39m [90m// stderr for stdio servers[39m
     [90m    |[39m             [31m[1m^[22m[39m
     [90m 26 |[39m   }
     [90m 27 |[39m
     [90m 28 |[39m   debug(message[33m:[39m string[33m,[39m context[33m?[39m[33m:[39m 
[33mRecord[39m[33m<[39m[33mstring[39m[33m,[39m any[33m>[39m) {[0m

      at Logger.log (src/utils/logger.ts:25:13)
      at Logger.info (src/utils/logger.ts:33:10)
      at AutoOrganizeService.stop (src/services/auto-organize.service.ts:107:14)
      at Object.<anonymous> (tests/unit/services/auto-organize.test.ts:32:15)

    console.error
      {"timestamp":"2026-02-11T12:50:16.837Z","level":"info","message":"Auto-organize scheduler stopped"}

    [0m [90m 23 |[39m     }[33m;[39m
     [90m 24 |[39m
    [31m[1m>[22m[39m[90m 25 |[39m     
console[33m.[39merror([33mJSON[39m[33m.[39mstringify(entry))[33m;[39m [90m// stderr for stdio servers[39m
     [90m    |[39m             [31m[1m^[22m[39m
     [90m 26 |[39m   }
     [90m 27 |[39m
     [90m 28 |[39m   debug(message[33m:[39m string[33m,[39m context[33m?[39m[33m:[39m 
[33mRecord[39m[33m<[39m[33mstring[39m[33m,[39m any[33m>[39m) {[0m

      at Logger.log (src/utils/logger.ts:25:13)
      at Logger.info (src/utils/logger.ts:33:10)
      at AutoOrganizeService.stop (src/services/auto-organize.service.ts:107:14)
      at Object.<anonymous> (tests/unit/services/auto-organize.test.ts:48:15)

    console.error
      {"timestamp":"2026-02-11T12:50:16.839Z","level":"info","message":"Auto-organize scheduler stopped"}

    [0m [90m 23 |[39m     }[33m;[39m
     [90m 24 |[39m
    [31m[1m>[22m[39m[90m 25 |[39m     
console[33m.[39merror([33mJSON[39m[33m.[39mstringify(entry))[33m;[39m [90m// stderr for stdio servers[39m
     [90m    |[39m             [31m[1m^[22m[39m
     [90m 26 |[39m   }
     [90m 27 |[39m
     [90m 28 |[39m   debug(message[33m:[39m string[33m,[39m context[33m?[39m[33m:[39m 
[33mRecord[39m[33m<[39m[33mstring[39m[33m,[39m any[33m>[39m) {[0m

      at Logger.log (src/utils/logger.ts:25:13)
      at Logger.info (src/utils/logger.ts:33:10)
      at AutoOrganizeService.stop (src/services/auto-organize.service.ts:107:14)
      at Object.<anonymous> (tests/unit/services/auto-organize.test.ts:64:15)

    console.error
      {"timestamp":"2026-02-11T12:50:16.841Z","level":"info","message":"Auto-organize scheduler stopped"}

    [0m [90m 23 |[39m     }[33m;[39m
     [90m 24 |[39m
    [31m[1m>[22m[39m[90m 25 |[39m     
console[33m.[39merror([33mJSON[39m[33m.[39mstringify(entry))[33m;[39m [90m// stderr for stdio servers[39m
     [90m    |[39m             [31m[1m^[22m[39m
     [90m 26 |[39m   }
     [90m 27 |[39m
     [90m 28 |[39m   debug(message[33m:[39m string[33m,[39m context[33m?[39m[33m:[39m 
[33mRecord[39m[33m<[39m[33mstring[39m[33m,[39m any[33m>[39m) {[0m

      at Logger.log (src/utils/logger.ts:25:13)
      at Logger.info (src/utils/logger.ts:33:10)
      at AutoOrganizeService.stop (src/services/auto-organize.service.ts:107:14)
      at Object.<anonymous> (tests/unit/services/auto-organize.test.ts:83:15)

    console.error
      {"timestamp":"2026-02-11T12:50:16.842Z","level":"info","message":"Auto-organize scheduler stopped"}

    [0m [90m 23 |[39m     }[33m;[39m
     [90m 24 |[39m
    [31m[1m>[22m[39m[90m 25 |[39m     
console[33m.[39merror([33mJSON[39m[33m.[39mstringify(entry))[33m;[39m [90m// stderr for stdio servers[39m
     [90m    |[39m             [31m[1m^[22m[39m
     [90m 26 |[39m   }
     [90m 27 |[39m
     [90m 28 |[39m   debug(message[33m:[39m string[33m,[39m context[33m?[39m[33m:[39m 
[33mRecord[39m[33m<[39m[33mstring[39m[33m,[39m any[33m>[39m) {[0m

      at Logger.log (src/utils/logger.ts:25:13)
      at Logger.info (src/utils/logger.ts:33:10)
      at AutoOrganizeService.stop (src/services/auto-organize.service.ts:107:14)
      at Object.<anonymous> (tests/unit/services/auto-organize.test.ts:100:15)

    console.error
      {"timestamp":"2026-02-11T12:50:16.844Z","level":"info","message":"Auto-organize scheduler stopped"}

    [0m [90m 23 |[39m     }[33m;[39m
     [90m 24 |[39m
    [31m[1m>[22m[39m[90m 25 |[39m     
console[33m.[39merror([33mJSON[39m[33m.[39mstringify(entry))[33m;[39m [90m// stderr for stdio servers[39m
     [90m    |[39m             [31m[1m^[22m[39m
     [90m 26 |[39m   }
     [90m 27 |[39m
     [90m 28 |[39m   debug(message[33m:[39m string[33m,[39m context[33m?[39m[33m:[39m 
[33mRecord[39m[33m<[39m[33mstring[39m[33m,[39m any[33m>[39m) {[0m

      at Logger.log (src/utils/logger.ts:25:13)
      at Logger.info (src/utils/logger.ts:33:10)
      at AutoOrganizeService.stop (src/services/auto-organize.service.ts:107:14)
      at Object.<anonymous> (tests/unit/services/auto-organize.test.ts:117:15)

    console.error
      {"timestamp":"2026-02-11T12:50:16.845Z","level":"info","message":"Auto-organize scheduler stopped"}

    [0m [90m 23 |[39m     }[33m;[39m
     [90m 24 |[39m
    [31m[1m>[22m[39m[90m 25 |[39m     
console[33m.[39merror([33mJSON[39m[33m.[39mstringify(entry))[33m;[39m [90m// stderr for stdio servers[39m
     [90m    |[39m             [31m[1m^[22m[39m
     [90m 26 |[39m   }
     [90m 27 |[39m
     [90m 28 |[39m   debug(message[33m:[39m string[33m,[39m context[33m?[39m[33m:[39m 
[33mRecord[39m[33m<[39m[33mstring[39m[33m,[39m any[33m>[39m) {[0m

      at Logger.log (src/utils/logger.ts:25:13)
      at Logger.info (src/utils/logger.ts:33:10)
      at AutoOrganizeService.stop (src/services/auto-organize.service.ts:107:14)
      at Object.<anonymous> (tests/unit/services/auto-organize.test.ts:134:15)

    console.error
      {"timestamp":"2026-02-11T12:50:16.847Z","level":"info","message":"Auto-organize scheduler stopped"}

    [0m [90m 23 |[39m     }[33m;[39m
     [90m 24 |[39m
    [31m[1m>[22m[39m[90m 25 |[39m     
console[33m.[39merror([33mJSON[39m[33m.[39mstringify(entry))[33m;[39m [90m// stderr for stdio servers[39m
     [90m    |[39m             [31m[1m^[22m[39m
     [90m 26 |[39m   }
     [90m 27 |[39m
     [90m 28 |[39m   debug(message[33m:[39m string[33m,[39m context[33m?[39m[33m:[39m 
[33mRecord[39m[33m<[39m[33mstring[39m[33m,[39m any[33m>[39m) {[0m

      at Logger.log (src/utils/logger.ts:25:13)
      at Logger.info (src/utils/logger.ts:33:10)
      at AutoOrganizeService.stop (src/services/auto-organize.service.ts:107:14)
      at Object.<anonymous> (tests/unit/services/auto-organize.test.ts:156:15)

    console.error
      {"timestamp":"2026-02-11T12:50:16.848Z","level":"info","message":"Auto-organize scheduler stopped"}

    [0m [90m 23 |[39m     }[33m;[39m
     [90m 24 |[39m
    [31m[1m>[22m[39m[90m 25 |[39m     
console[33m.[39merror([33mJSON[39m[33m.[39mstringify(entry))[33m;[39m [90m// stderr for stdio servers[39m
     [90m    |[39m             [31m[1m^[22m[39m
     [90m 26 |[39m   }
     [90m 27 |[39m
     [90m 28 |[39m   debug(message[33m:[39m string[33m,[39m context[33m?[39m[33m:[39m 
[33mRecord[39m[33m<[39m[33mstring[39m[33m,[39m any[33m>[39m) {[0m

      at Logger.log (src/utils/logger.ts:25:13)
      at Logger.info (src/utils/logger.ts:33:10)
      at AutoOrganizeService.stop (src/services/auto-organize.service.ts:107:14)
      at Object.<anonymous> (tests/unit/services/auto-organize.test.ts:179:15)

    console.error
      {"timestamp":"2026-02-11T12:50:16.849Z","level":"info","message":"Auto-organize scheduler stopped"}

    [0m [90m 23 |[39m     }[33m;[39m
     [90m 24 |[39m
    [31m[1m>[22m[39m[90m 25 |[39m     
console[33m.[39merror([33mJSON[39m[33m.[39mstringify(entry))[33m;[39m [90m// stderr for stdio servers[39m
     [90m    |[39m             [31m[1m^[22m[39m
     [90m 26 |[39m   }
     [90m 27 |[39m
     [90m 28 |[39m   debug(message[33m:[39m string[33m,[39m context[33m?[39m[33m:[39m 
[33mRecord[39m[33m<[39m[33mstring[39m[33m,[39m any[33m>[39m) {[0m

      at Logger.log (src/utils/logger.ts:25:13)
      at Logger.info (src/utils/logger.ts:33:10)
      at AutoOrganizeService.stop (src/services/auto-organize.service.ts:107:14)
      at Object.<anonymous> (tests/unit/services/auto-organize.test.ts:200:15)

    console.error
      {"timestamp":"2026-02-11T12:50:16.853Z","level":"info","message":"Auto-organize scheduler stopped"}

    [0m [90m 23 |[39m     }[33m;[39m
     [90m 24 |[39m
    [31m[1m>[22m[39m[90m 25 |[39m     
console[33m.[39merror([33mJSON[39m[33m.[39mstringify(entry))[33m;[39m [90m// stderr for stdio servers[39m
     [90m    |[39m             [31m[1m^[22m[39m
     [90m 26 |[39m   }
     [90m 27 |[39m
     [90m 28 |[39m   debug(message[33m:[39m string[33m,[39m context[33m?[39m[33m:[39m 
[33mRecord[39m[33m<[39m[33mstring[39m[33m,[39m any[33m>[39m) {[0m

      at Logger.log (src/utils/logger.ts:25:13)
      at Logger.info (src/utils/logger.ts:33:10)
      at AutoOrganizeService.stop (src/services/auto-organize.service.ts:107:14)
      at Object.<anonymous> (tests/unit/services/auto-organize.test.ts:232:15)

    console.error
      {"timestamp":"2026-02-11T12:50:16.856Z","level":"info","message":"Checking missed schedules for 1 
directory(ies)..."}

    [0m [90m 23 |[39m     }[33m;[39m
     [90m 24 |[39m
    [31m[1m>[22m[39m[90m 25 |[39m     
console[33m.[39merror([33mJSON[39m[33m.[39mstringify(entry))[33m;[39m [90m// stderr for stdio servers[39m
     [90m    |[39m             [31m[1m^[22m[39m
     [90m 26 |[39m   }
     [90m 27 |[39m
     [90m 28 |[39m   debug(message[33m:[39m string[33m,[39m context[33m?[39m[33m:[39m 
[33mRecord[39m[33m<[39m[33mstring[39m[33m,[39m any[33m>[39m) {[0m

      at Logger.log (src/utils/logger.ts:25:13)
      at Logger.info (src/utils/logger.ts:33:10)
      at AutoOrganizeService._runMissedSchedulesInternal (src/services/auto-organize.service.ts:469:12)
      at AutoOrganizeService.runMissedSchedules (src/services/auto-organize.service.ts:440:7)
      at Object.<anonymous> (tests/unit/services/auto-organize.test.ts:259:7)

    console.error
      {"timestamp":"2026-02-11T12:50:16.857Z","level":"info","message":"Running catchup for 1 directory(ies)..."}

    [0m [90m 23 |[39m     }[33m;[39m
     [90m 24 |[39m
    [31m[1m>[22m[39m[90m 25 |[39m     
console[33m.[39merror([33mJSON[39m[33m.[39mstringify(entry))[33m;[39m [90m// stderr for stdio servers[39m
     [90m    |[39m             [31m[1m^[22m[39m
     [90m 26 |[39m   }
     [90m 27 |[39m
     [90m 28 |[39m   debug(message[33m:[39m string[33m,[39m context[33m?[39m[33m:[39m 
[33mRecord[39m[33m<[39m[33mstring[39m[33m,[39m any[33m>[39m) {[0m

      at Logger.log (src/utils/logger.ts:25:13)
      at Logger.info (src/utils/logger.ts:33:10)
      at AutoOrganizeService._runMissedSchedulesInternal (src/services/auto-organize.service.ts:507:12)
      at AutoOrganizeService.runMissedSchedules (src/services/auto-organize.service.ts:440:7)
      at Object.<anonymous> (tests/unit/services/auto-organize.test.ts:259:7)

    console.error
      {"timestamp":"2026-02-11T12:50:16.858Z","level":"info","message":"Auto-organize scheduler stopped"}

    [0m [90m 23 |[39m     }[33m;[39m
     [90m 24 |[39m
    [31m[1m>[22m[39m[90m 25 |[39m     
console[33m.[39merror([33mJSON[39m[33m.[39mstringify(entry))[33m;[39m [90m// stderr for stdio servers[39m
     [90m    |[39m             [31m[1m^[22m[39m
     [90m 26 |[39m   }
     [90m 27 |[39m
     [90m 28 |[39m   debug(message[33m:[39m string[33m,[39m context[33m?[39m[33m:[39m 
[33mRecord[39m[33m<[39m[33mstring[39m[33m,[39m any[33m>[39m) {[0m

      at Logger.log (src/utils/logger.ts:25:13)
      at Logger.info (src/utils/logger.ts:33:10)
      at AutoOrganizeService.stop (src/services/auto-organize.service.ts:107:14)
      at Object.<anonymous> (tests/unit/services/auto-organize.test.ts:265:15)

    console.error
      {"timestamp":"2026-02-11T12:50:16.861Z","level":"info","message":"Checking missed schedules for 2 
directory(ies)..."}

    [0m [90m 23 |[39m     }[33m;[39m
     [90m 24 |[39m
    [31m[1m>[22m[39m[90m 25 |[39m     
console[33m.[39merror([33mJSON[39m[33m.[39mstringify(entry))[33m;[39m [90m// stderr for stdio servers[39m
     [90m    |[39m             [31m[1m^[22m[39m
     [90m 26 |[39m   }
     [90m 27 |[39m
     [90m 28 |[39m   debug(message[33m:[39m string[33m,[39m context[33m?[39m[33m:[39m 
[33mRecord[39m[33m<[39m[33mstring[39m[33m,[39m any[33m>[39m) {[0m

      at Logger.log (src/utils/logger.ts:25:13)
      at Logger.info (src/utils/logger.ts:33:10)
      at AutoOrganizeService._runMissedSchedulesInternal (src/services/auto-organize.service.ts:469:12)
      at AutoOrganizeService.runMissedSchedules (src/services/auto-organize.service.ts:440:18)
      at Object.<anonymous> (tests/unit/services/auto-organize.test.ts:311:23)

    console.error
      {"timestamp":"2026-02-11T12:50:16.863Z","level":"info","message":"Running catchup for 2 directory(ies)..."}

    [0m [90m 23 |[39m     }[33m;[39m
     [90m 24 |[39m
    [31m[1m>[22m[39m[90m 25 |[39m     
console[33m.[39merror([33mJSON[39m[33m.[39mstringify(entry))[33m;[39m [90m// stderr for stdio servers[39m
     [90m    |[39m             [31m[1m^[22m[39m
     [90m 26 |[39m   }
     [90m 27 |[39m
     [90m 28 |[39m   debug(message[33m:[39m string[33m,[39m context[33m?[39m[33m:[39m 
[33mRecord[39m[33m<[39m[33mstring[39m[33m,[39m any[33m>[39m) {[0m

      at Logger.log (src/utils/logger.ts:25:13)
      at Logger.info (src/utils/logger.ts:33:10)
      at AutoOrganizeService._runMissedSchedulesInternal (src/services/auto-organize.service.ts:507:12)
      at AutoOrganizeService.runMissedSchedules (src/services/auto-organize.service.ts:440:7)
      at Object.<anonymous> (tests/unit/services/auto-organize.test.ts:311:9)

    console.error
      {"timestamp":"2026-02-11T12:50:16.863Z","level":"info","message":"[C:\\Users\\NewAdmin\\AppData\\Local\\Temp\\aut
o-organize-test-2-4G46MX] Running missed schedule catch-up"}

    [0m [90m 23 |[39m     }[33m;[39m
     [90m 24 |[39m
    [31m[1m>[22m[39m[90m 25 |[39m     
console[33m.[39merror([33mJSON[39m[33m.[39mstringify(entry))[33m;[39m [90m// stderr for stdio servers[39m
     [90m    |[39m             [31m[1m^[22m[39m
     [90m 26 |[39m   }
     [90m 27 |[39m
     [90m 28 |[39m   debug(message[33m:[39m string[33m,[39m context[33m?[39m[33m:[39m 
[33mRecord[39m[33m<[39m[33mstring[39m[33m,[39m any[33m>[39m) {[0m

      at Logger.log (src/utils/logger.ts:25:13)
      at Logger.info (src/utils/logger.ts:33:10)
      at AutoOrganizeService._runMissedSchedulesInternal (src/services/auto-organize.service.ts:519:16)
      at AutoOrganizeService.runMissedSchedules (src/services/auto-organize.service.ts:440:7)
      at Object.<anonymous> (tests/unit/services/auto-organize.test.ts:311:9)

    console.error
      {"timestamp":"2026-02-11T12:50:16.864Z","level":"info","message":"Auto-organize scheduler stopped"}

    [0m [90m 23 |[39m     }[33m;[39m
     [90m 24 |[39m
    [31m[1m>[22m[39m[90m 25 |[39m     
console[33m.[39merror([33mJSON[39m[33m.[39mstringify(entry))[33m;[39m [90m// stderr for stdio servers[39m
     [90m    |[39m             [31m[1m^[22m[39m
     [90m 26 |[39m   }
     [90m 27 |[39m
     [90m 28 |[39m   debug(message[33m:[39m string[33m,[39m context[33m?[39m[33m:[39m 
[33mRecord[39m[33m<[39m[33mstring[39m[33m,[39m any[33m>[39m) {[0m

      at Logger.log (src/utils/logger.ts:25:13)
      at Logger.info (src/utils/logger.ts:33:10)
      at AutoOrganizeService.stop (src/services/auto-organize.service.ts:107:14)
      at Object.<anonymous> (tests/unit/services/auto-organize.test.ts:318:17)

    console.error
      {"timestamp":"2026-02-11T12:50:16.867Z","level":"info","message":"Checking missed schedules for 2 
directory(ies)..."}

    [0m [90m 23 |[39m     }[33m;[39m
     [90m 24 |[39m
    [31m[1m>[22m[39m[90m 25 |[39m     
console[33m.[39merror([33mJSON[39m[33m.[39mstringify(entry))[33m;[39m [90m// stderr for stdio servers[39m
     [90m    |[39m             [31m[1m^[22m[39m
     [90m 26 |[39m   }
     [90m 27 |[39m
     [90m 28 |[39m   debug(message[33m:[39m string[33m,[39m context[33m?[39m[33m:[39m 
[33mRecord[39m[33m<[39m[33mstring[39m[33m,[39m any[33m>[39m) {[0m

      at Logger.log (src/utils/logger.ts:25:13)
      at Logger.info (src/utils/logger.ts:33:10)
      at AutoOrganizeService._runMissedSchedulesInternal (src/services/auto-organize.service.ts:469:12)
      at AutoOrganizeService.runMissedSchedules (src/services/auto-organize.service.ts:440:18)
      at Object.<anonymous> (tests/unit/services/auto-organize.test.ts:371:30)

    console.error
      {"timestamp":"2026-02-11T12:50:16.868Z","level":"info","message":"Running catchup for 2 directory(ies)..."}

    [0m [90m 23 |[39m     }[33m;[39m
     [90m 24 |[39m
    [31m[1m>[22m[39m[90m 25 |[39m     
console[33m.[39merror([33mJSON[39m[33m.[39mstringify(entry))[33m;[39m [90m// stderr for stdio servers[39m
     [90m    |[39m             [31m[1m^[22m[39m
     [90m 26 |[39m   }
     [90m 27 |[39m
     [90m 28 |[39m   debug(message[33m:[39m string[33m,[39m context[33m?[39m[33m:[39m 
[33mRecord[39m[33m<[39m[33mstring[39m[33m,[39m any[33m>[39m) {[0m

      at Logger.log (src/utils/logger.ts:25:13)
      at Logger.info (src/utils/logger.ts:33:10)
      at AutoOrganizeService._runMissedSchedulesInternal (src/services/auto-organize.service.ts:507:12)
      at AutoOrganizeService.runMissedSchedules (src/services/auto-organize.service.ts:440:7)
      at Object.<anonymous> (tests/unit/services/auto-organize.test.ts:371:9)

    console.error
      {"timestamp":"2026-02-11T12:50:16.868Z","level":"info","message":"[C:\\Users\\NewAdmin\\AppData\\Local\\Temp\\aut
o-organize-test-svHrTc] Running missed schedule catch-up"}

    [0m [90m 23 |[39m     }[33m;[39m
     [90m 24 |[39m
    [31m[1m>[22m[39m[90m 25 |[39m     
console[33m.[39merror([33mJSON[39m[33m.[39mstringify(entry))[33m;[39m [90m// stderr for stdio servers[39m
     [90m    |[39m             [31m[1m^[22m[39m
     [90m 26 |[39m   }
     [90m 27 |[39m
     [90m 28 |[39m   debug(message[33m:[39m string[33m,[39m context[33m?[39m[33m:[39m 
[33mRecord[39m[33m<[39m[33mstring[39m[33m,[39m any[33m>[39m) {[0m

      at Logger.log (src/utils/logger.ts:25:13)
      at Logger.info (src/utils/logger.ts:33:10)
      at AutoOrganizeService._runMissedSchedulesInternal (src/services/auto-organize.service.ts:519:16)
      at AutoOrganizeService.runMissedSchedules (src/services/auto-organize.service.ts:440:7)
      at Object.<anonymous> (tests/unit/services/auto-organize.test.ts:371:9)

    console.error
      {"timestamp":"2026-02-11T12:50:16.885Z","level":"error","message":"[C:\\Users\\NewAdmin\\AppData\\Local\\Temp\\au
to-organize-test-svHrTc] Missed schedule catch-up failed:","error":{"message":"Simulated error","stack":"Error: 
Simulated error\n    at AutoOrganizeService.<anonymous> 
(C:\\Users\\NewAdmin\\Desktop\\File-Organizer-MCP\\tests\\unit\\services\\auto-organize.test.ts:367:21)\n    at 
C:\\Users\\NewAdmin\\Desktop\\File-Organizer-MCP\\node_modules\\jest-mock\\build\\index.js:397:39\n    at 
AutoOrganizeService.<anonymous> 
(C:\\Users\\NewAdmin\\Desktop\\File-Organizer-MCP\\node_modules\\jest-mock\\build\\index.js:404:13)\n    at 
AutoOrganizeService.mockConstructor 
(C:\\Users\\NewAdmin\\Desktop\\File-Organizer-MCP\\node_modules\\jest-mock\\build\\index.js:148:19)\n    at 
AutoOrganizeService._runMissedSchedulesInternal 
(C:\\Users\\NewAdmin\\Desktop\\File-Organizer-MCP\\src\\services\\auto-organize.service.ts:520:20)\n    at 
AutoOrganizeService.runMissedSchedules 
(C:\\Users\\NewAdmin\\Desktop\\File-Organizer-MCP\\src\\services\\auto-organize.service.ts:440:7)\n    at 
Object.<anonymous> 
(C:\\Users\\NewAdmin\\Desktop\\File-Organizer-MCP\\tests\\unit\\services\\auto-organize.test.ts:371:9)"}}

    [0m [90m 23 |[39m     }[33m;[39m
     [90m 24 |[39m
    [31m[1m>[22m[39m[90m 25 |[39m     
console[33m.[39merror([33mJSON[39m[33m.[39mstringify(entry))[33m;[39m [90m// stderr for stdio servers[39m
     [90m    |[39m             [31m[1m^[22m[39m
     [90m 26 |[39m   }
     [90m 27 |[39m
     [90m 28 |[39m   debug(message[33m:[39m string[33m,[39m context[33m?[39m[33m:[39m 
[33mRecord[39m[33m<[39m[33mstring[39m[33m,[39m any[33m>[39m) {[0m

      at Logger.log (src/utils/logger.ts:25:13)
      at Logger.error (src/utils/logger.ts:45:10)
      at AutoOrganizeService._runMissedSchedulesInternal (src/services/auto-organize.service.ts:522:16)
      at AutoOrganizeService.runMissedSchedules (src/services/auto-organize.service.ts:440:7)
      at Object.<anonymous> (tests/unit/services/auto-organize.test.ts:371:9)

    console.error
      {"timestamp":"2026-02-11T12:50:16.885Z","level":"info","message":"[C:\\Users\\NewAdmin\\AppData\\Local\\Temp\\aut
o-organize-test-2-GUkEsm] Running missed schedule catch-up"}

    [0m [90m 23 |[39m     }[33m;[39m
     [90m 24 |[39m
    [31m[1m>[22m[39m[90m 25 |[39m     
console[33m.[39merror([33mJSON[39m[33m.[39mstringify(entry))[33m;[39m [90m// stderr for stdio servers[39m
     [90m    |[39m             [31m[1m^[22m[39m
     [90m 26 |[39m   }
     [90m 27 |[39m
     [90m 28 |[39m   debug(message[33m:[39m string[33m,[39m context[33m?[39m[33m:[39m 
[33mRecord[39m[33m<[39m[33mstring[39m[33m,[39m any[33m>[39m) {[0m

      at Logger.log (src/utils/logger.ts:25:13)
      at Logger.info (src/utils/logger.ts:33:10)
      at AutoOrganizeService._runMissedSchedulesInternal (src/services/auto-organize.service.ts:519:16)
      at AutoOrganizeService.runMissedSchedules (src/services/auto-organize.service.ts:440:7)
      at Object.<anonymous> (tests/unit/services/auto-organize.test.ts:371:9)

    console.error
      {"timestamp":"2026-02-11T12:50:16.886Z","level":"info","message":"Auto-organize scheduler stopped"}

    [0m [90m 23 |[39m     }[33m;[39m
     [90m 24 |[39m
    [31m[1m>[22m[39m[90m 25 |[39m     
console[33m.[39merror([33mJSON[39m[33m.[39mstringify(entry))[33m;[39m [90m// stderr for stdio servers[39m
     [90m    |[39m             [31m[1m^[22m[39m
     [90m 26 |[39m   }
     [90m 27 |[39m
     [90m 28 |[39m   debug(message[33m:[39m string[33m,[39m context[33m?[39m[33m:[39m 
[33mRecord[39m[33m<[39m[33mstring[39m[33m,[39m any[33m>[39m) {[0m

      at Logger.log (src/utils/logger.ts:25:13)
      at Logger.info (src/utils/logger.ts:33:10)
      at AutoOrganizeService.stop (src/services/auto-organize.service.ts:107:14)
      at Object.<anonymous> (tests/unit/services/auto-organize.test.ts:376:17)

    console.error
      {"timestamp":"2026-02-11T12:50:16.889Z","level":"error","message":"Directory not in watch list: /nonexistent"}

    [0m [90m 23 |[39m     }[33m;[39m
     [90m 24 |[39m
    [31m[1m>[22m[39m[90m 25 |[39m     
console[33m.[39merror([33mJSON[39m[33m.[39mstringify(entry))[33m;[39m [90m// stderr for stdio servers[39m
     [90m    |[39m             [31m[1m^[22m[39m
     [90m 26 |[39m   }
     [90m 27 |[39m
     [90m 28 |[39m   debug(message[33m:[39m string[33m,[39m context[33m?[39m[33m:[39m 
[33mRecord[39m[33m<[39m[33mstring[39m[33m,[39m any[33m>[39m) {[0m

      at Logger.log (src/utils/logger.ts:25:13)
      at Logger.error (src/utils/logger.ts:45:10)
      at AutoOrganizeService.triggerNow (src/services/auto-organize.service.ts:375:14)
      at Object.<anonymous> (tests/unit/services/auto-organize.test.ts:411:36)

    console.error
      {"timestamp":"2026-02-11T12:50:16.889Z","level":"info","message":"Auto-organize scheduler stopped"}

    [0m [90m 23 |[39m     }[33m;[39m
     [90m 24 |[39m
    [31m[1m>[22m[39m[90m 25 |[39m     
console[33m.[39merror([33mJSON[39m[33m.[39mstringify(entry))[33m;[39m [90m// stderr for stdio servers[39m
     [90m    |[39m             [31m[1m^[22m[39m
     [90m 26 |[39m   }
     [90m 27 |[39m
     [90m 28 |[39m   debug(message[33m:[39m string[33m,[39m context[33m?[39m[33m:[39m 
[33mRecord[39m[33m<[39m[33mstring[39m[33m,[39m any[33m>[39m) {[0m

      at Logger.log (src/utils/logger.ts:25:13)
      at Logger.info (src/utils/logger.ts:33:10)
      at AutoOrganizeService.stop (src/services/auto-organize.service.ts:107:14)
      at Object.<anonymous> (tests/unit/services/auto-organize.test.ts:413:15)

    console.error
      {"timestamp":"2026-02-11T12:50:16.892Z","level":"info","message":"Auto-organize scheduler stopped"}

    [0m [90m 23 |[39m     }[33m;[39m
     [90m 24 |[39m
    [31m[1m>[22m[39m[90m 25 |[39m     
console[33m.[39merror([33mJSON[39m[33m.[39mstringify(entry))[33m;[39m [90m// stderr for stdio servers[39m
     [90m    |[39m             [31m[1m^[22m[39m
     [90m 26 |[39m   }
     [90m 27 |[39m
     [90m 28 |[39m   debug(message[33m:[39m string[33m,[39m context[33m?[39m[33m:[39m 
[33mRecord[39m[33m<[39m[33mstring[39m[33m,[39m any[33m>[39m) {[0m

      at Logger.log (src/utils/logger.ts:25:13)
      at Logger.info (src/utils/logger.ts:33:10)
      at AutoOrganizeService.stop (src/services/auto-organize.service.ts:107:14)
      at Object.<anonymous> (tests/unit/services/auto-organize.test.ts:444:15)

    console.error
      {"timestamp":"2026-02-11T12:50:16.895Z","level":"warn","message":"Previous run still active for 
C:\\Users\\NewAdmin\\AppData\\Local\\Temp\\trigger-test-8wrNq7, skipping triggerNow"}

    [0m [90m 23 |[39m     }[33m;[39m
     [90m 24 |[39m
    [31m[1m>[22m[39m[90m 25 |[39m     
console[33m.[39merror([33mJSON[39m[33m.[39mstringify(entry))[33m;[39m [90m// stderr for stdio servers[39m
     [90m    |[39m             [31m[1m^[22m[39m
     [90m 26 |[39m   }
     [90m 27 |[39m
     [90m 28 |[39m   debug(message[33m:[39m string[33m,[39m context[33m?[39m[33m:[39m 
[33mRecord[39m[33m<[39m[33mstring[39m[33m,[39m any[33m>[39m) {[0m

      at Logger.log (src/utils/logger.ts:25:13)
      at Logger.warn (src/utils/logger.ts:37:10)
      at AutoOrganizeService.triggerNow (src/services/auto-organize.service.ts:381:14)
      at Object.<anonymous> (tests/unit/services/auto-organize.test.ts:471:36)

    console.error
      {"timestamp":"2026-02-11T12:50:16.895Z","level":"info","message":"Auto-organize scheduler stopped"}

    [0m [90m 23 |[39m     }[33m;[39m
     [90m 24 |[39m
    [31m[1m>[22m[39m[90m 25 |[39m     
console[33m.[39merror([33mJSON[39m[33m.[39mstringify(entry))[33m;[39m [90m// stderr for stdio servers[39m
     [90m    |[39m             [31m[1m^[22m[39m
     [90m 26 |[39m   }
     [90m 27 |[39m
     [90m 28 |[39m   debug(message[33m:[39m string[33m,[39m context[33m?[39m[33m:[39m 
[33mRecord[39m[33m<[39m[33mstring[39m[33m,[39m any[33m>[39m) {[0m

      at Logger.log (src/utils/logger.ts:25:13)
      at Logger.info (src/utils/logger.ts:33:10)
      at AutoOrganizeService.stop (src/services/auto-organize.service.ts:107:14)
      at Object.<anonymous> (tests/unit/services/auto-organize.test.ts:478:15)

PASS tests/unit/pagination.test.ts
PASS tests/unit/services/conflict_resolution.test.ts
  ÔùÅ Console

    console.error
      {"timestamp":"2026-02-11T12:50:17.602Z","level":"info","message":"Created rollback manifest: 
943dbd5e-181a-4e74-aca0-e2e321e00021 (1 actions)"}

    [0m [90m 23 |[39m     }[33m;[39m
     [90m 24 |[39m
    [31m[1m>[22m[39m[90m 25 |[39m     
console[33m.[39merror([33mJSON[39m[33m.[39mstringify(entry))[33m;[39m [90m// stderr for stdio servers[39m
     [90m    |[39m             [31m[1m^[22m[39m
     [90m 26 |[39m   }
     [90m 27 |[39m
     [90m 28 |[39m   debug(message[33m:[39m string[33m,[39m context[33m?[39m[33m:[39m 
[33mRecord[39m[33m<[39m[33mstring[39m[33m,[39m any[33m>[39m) {[0m

      at Logger.log (src/utils/logger.ts:25:13)
      at Logger.info (src/utils/logger.ts:33:10)
      at RollbackService.createManifest (src/services/rollback.service.ts:59:12)
      at OrganizerService.organize (src/services/organizer.service.ts:420:9)
      at Object.<anonymous> (tests/unit/services/conflict_resolution.test.ts:45:24)

    console.error
      {"timestamp":"2026-02-11T12:50:17.627Z","level":"info","message":"Created rollback manifest: 
db1f9add-414d-44d7-b156-6efd69b5b5ab (1 actions)"}

    [0m [90m 23 |[39m     }[33m;[39m
     [90m 24 |[39m
    [31m[1m>[22m[39m[90m 25 |[39m     
console[33m.[39merror([33mJSON[39m[33m.[39mstringify(entry))[33m;[39m [90m// stderr for stdio servers[39m
     [90m    |[39m             [31m[1m^[22m[39m
     [90m 26 |[39m   }
     [90m 27 |[39m
     [90m 28 |[39m   debug(message[33m:[39m string[33m,[39m context[33m?[39m[33m:[39m 
[33mRecord[39m[33m<[39m[33mstring[39m[33m,[39m any[33m>[39m) {[0m

      at Logger.log (src/utils/logger.ts:25:13)
      at Logger.info (src/utils/logger.ts:33:10)
      at RollbackService.createManifest (src/services/rollback.service.ts:59:12)
      at OrganizerService.organize (src/services/organizer.service.ts:420:9)
      at Object.<anonymous> (tests/unit/services/conflict_resolution.test.ts:87:24)

PASS tests/unit/tools/file-management.test.ts
  ÔùÅ Console

    console.error
      {"timestamp":"2026-02-11T12:50:17.882Z","level":"info","message":"MetadataCacheService initialized","cacheDir":"C
:\\Users\\NewAdmin\\Desktop\\File-Organizer-MCP\\.cache","maxAge":604800000,"maxEntries":10000}

    [0m [90m 23 |[39m     }[33m;[39m
     [90m 24 |[39m
    [31m[1m>[22m[39m[90m 25 |[39m     
console[33m.[39merror([33mJSON[39m[33m.[39mstringify(entry))[33m;[39m [90m// stderr for stdio servers[39m
     [90m    |[39m             [31m[1m^[22m[39m
     [90m 26 |[39m   }
     [90m 27 |[39m
     [90m 28 |[39m   debug(message[33m:[39m string[33m,[39m context[33m?[39m[33m:[39m 
[33mRecord[39m[33m<[39m[33mstring[39m[33m,[39m any[33m>[39m) {[0m

      at Logger.log (src/utils/logger.ts:25:13)
      at Logger.info (src/utils/logger.ts:33:10)
      at new MetadataCacheService (src/services/metadata-cache.service.ts:42:12)
      at src/services/metadata-cache.service.ts:556:36

PASS tests/unit/security_suite.test.ts
  ÔùÅ Console

    console.log
      Skipping symlink test due to lack of permissions

      at Object.<anonymous> (tests/unit/security_suite.test.ts:124:29)

PASS src/debate/__tests__/tie-breaking.test.ts
PASS tests/unit/tools/file_management.test.ts
  ÔùÅ Console

    console.error
      {"timestamp":"2026-02-11T12:50:18.593Z","level":"info","message":"MetadataCacheService initialized","cacheDir":"C
:\\Users\\NewAdmin\\Desktop\\File-Organizer-MCP\\.cache","maxAge":604800000,"maxEntries":10000}

    [0m [90m 23 |[39m     }[33m;[39m
     [90m 24 |[39m
    [31m[1m>[22m[39m[90m 25 |[39m     
console[33m.[39merror([33mJSON[39m[33m.[39mstringify(entry))[33m;[39m [90m// stderr for stdio servers[39m
     [90m    |[39m             [31m[1m^[22m[39m
     [90m 26 |[39m   }
     [90m 27 |[39m
     [90m 28 |[39m   debug(message[33m:[39m string[33m,[39m context[33m?[39m[33m:[39m 
[33mRecord[39m[33m<[39m[33mstring[39m[33m,[39m any[33m>[39m) {[0m

      at Logger.log (src/utils/logger.ts:25:13)
      at Logger.info (src/utils/logger.ts:33:10)
      at new MetadataCacheService (src/services/metadata-cache.service.ts:42:12)
      at src/services/metadata-cache.service.ts:556:36

PASS tests/unit/tools/duplicate_management.test.ts
  ÔùÅ Console

    console.error
      {"timestamp":"2026-02-11T12:50:18.867Z","level":"info","message":"Created rollback manifest: 
3f9faec8-ebae-462f-94f0-2ec01adb6f29 (1 actions)"}

    [0m [90m 23 |[39m     }[33m;[39m
     [90m 24 |[39m
    [31m[1m>[22m[39m[90m 25 |[39m     
console[33m.[39merror([33mJSON[39m[33m.[39mstringify(entry))[33m;[39m [90m// stderr for stdio servers[39m
     [90m    |[39m             [31m[1m^[22m[39m
     [90m 26 |[39m   }
     [90m 27 |[39m
     [90m 28 |[39m   debug(message[33m:[39m string[33m,[39m context[33m?[39m[33m:[39m 
[33mRecord[39m[33m<[39m[33mstring[39m[33m,[39m any[33m>[39m) {[0m

      at Logger.log (src/utils/logger.ts:25:13)
      at Logger.info (src/utils/logger.ts:33:10)
      at RollbackService.createManifest (src/services/rollback.service.ts:59:12)
      at DuplicateFinderService.deleteFiles (src/services/duplicate-finder.service.ts:250:26)
      at handleDeleteDuplicates (src/tools/duplicate-management.ts:165:20)
      at Object.<anonymous> (tests/unit/tools/duplicate_management.test.ts:58:24)

    console.log
      DEBUG_DUPE_FAIL: ### Deletion Report
      Ô£à **Deleted:** 1 files
      ÔØî **Failed:** 0 files

      at Object.<anonymous> (tests/unit/tools/duplicate_management.test.ts:64:21)

PASS tests/unit/services/config.test.ts
PASS src/debate/__tests__/dashboard.test.ts
PASS tests/unit/tools/custom_rules.test.ts
PASS tests/unit/security_repro.test.ts
  ÔùÅ Console

    console.log
      DEBUG_MAX_DEPTH: "Error: Too big: expected number to be <=100"

      at Object.<anonymous> (tests/unit/security_repro.test.ts:38:21)

PASS tests/unit/services/renaming.test.ts
PASS tests/unit/category_security.test.ts
PASS src/debate/__tests__/documentation-generator.test.ts
PASS src/debate/__tests__/issue-integration.test.ts
PASS tests/unit/services/hash-calculator.test.ts
PASS tests/unit/constants/file-signatures.test.ts
PASS src/readers/__tests__/factory.test.ts
PASS tests/unit/debate/enhanced-voting.test.ts
PASS tests/unit/services/path-validator.test.ts
PASS src/readers/__tests__/errors.test.ts
PASS tests/unit/services/categorizer.test.ts
PASS tests/unit/services/rollback.test.ts
  ÔùÅ Console

    console.error
      {"timestamp":"2026-02-11T12:50:22.193Z","level":"info","message":"Created rollback manifest: 
8a7ee6d8-1f15-47e6-a680-4c17b8a840c4 (1 actions)"}

    [0m [90m 23 |[39m     }[33m;[39m
     [90m 24 |[39m
    [31m[1m>[22m[39m[90m 25 |[39m     
console[33m.[39merror([33mJSON[39m[33m.[39mstringify(entry))[33m;[39m [90m// stderr for stdio servers[39m
     [90m    |[39m             [31m[1m^[22m[39m
     [90m 26 |[39m   }
     [90m 27 |[39m
     [90m 28 |[39m   debug(message[33m:[39m string[33m,[39m context[33m?[39m[33m:[39m 
[33mRecord[39m[33m<[39m[33mstring[39m[33m,[39m any[33m>[39m) {[0m

      at Logger.log (src/utils/logger.ts:25:13)
      at Logger.info (src/utils/logger.ts:33:10)
      at RollbackService.createManifest (src/services/rollback.service.ts:59:12)
      at Object.<anonymous> (tests/unit/services/rollback.test.ts:37:28)

PASS src/readers/__tests__/sensitive-file-patterns.test.ts
PASS src/readers/__tests__/result.test.ts
PASS tests/unit/utils/cron-utils.test.ts

Summary of all failing tests
FAIL tests/unit/services/metadata-cache.test.ts
  ÔùÅ MetadataCacheService ÔÇ║ get ÔÇ║ should return cached value

    ENOENT: no such file or directory, stat 'C:\Users\NewAdmin\Desktop\File-Organizer-MCP\test-key'

    [0m [90m 327 |[39m       [36mtry[39m {
     [90m 328 |[39m         [90m// Get current file stats[39m
    [31m[1m>[22m[39m[90m 329 |[39m         [36mconst[39m stats [33m=[39m [36mawait[39m 
fs[33m.[39mstat(filePath)[33m;[39m
     [90m     |[39m                       [31m[1m^[22m[39m
     [90m 330 |[39m         [36mconst[39m fileHash [33m=[39m 
[36mthis[39m[33m.[39mgenerateFileHash(filePath[33m,[39m stats[33m.[39mmtimeMs)[33m;[39m
     [90m 331 |[39m
     [90m 332 |[39m         [90m// Read current cache[39m[0m

      at src/services/metadata-cache.service.ts:329:23
      at MetadataCacheService.acquireLock (src/services/metadata-cache.service.ts:157:22)
      at MetadataCacheService.set (src/services/metadata-cache.service.ts:326:5)
      at Object.<anonymous> (tests/unit/services/metadata-cache.test.ts:39:7)

  ÔùÅ MetadataCacheService ÔÇ║ get ÔÇ║ should return null for expired cache entry

    ENOENT: no such file or directory, stat 'C:\Users\NewAdmin\Desktop\File-Organizer-MCP\expired-key'

    [0m [90m 327 |[39m       [36mtry[39m {
     [90m 328 |[39m         [90m// Get current file stats[39m
    [31m[1m>[22m[39m[90m 329 |[39m         [36mconst[39m stats [33m=[39m [36mawait[39m 
fs[33m.[39mstat(filePath)[33m;[39m
     [90m     |[39m                       [31m[1m^[22m[39m
     [90m 330 |[39m         [36mconst[39m fileHash [33m=[39m 
[36mthis[39m[33m.[39mgenerateFileHash(filePath[33m,[39m stats[33m.[39mmtimeMs)[33m;[39m
     [90m 331 |[39m
     [90m 332 |[39m         [90m// Read current cache[39m[0m

      at src/services/metadata-cache.service.ts:329:23
      at MetadataCacheService.acquireLock (src/services/metadata-cache.service.ts:157:22)
      at MetadataCacheService.set (src/services/metadata-cache.service.ts:326:5)
      at Object.<anonymous> (tests/unit/services/metadata-cache.test.ts:50:7)

  ÔùÅ MetadataCacheService ÔÇ║ get ÔÇ║ should handle nested keys

    ENOENT: no such file or directory, stat 'C:\Users\NewAdmin\Desktop\File-Organizer-MCP\audio\metadata\song1'

    [0m [90m 327 |[39m       [36mtry[39m {
     [90m 328 |[39m         [90m// Get current file stats[39m
    [31m[1m>[22m[39m[90m 329 |[39m         [36mconst[39m stats [33m=[39m [36mawait[39m 
fs[33m.[39mstat(filePath)[33m;[39m
     [90m     |[39m                       [31m[1m^[22m[39m
     [90m 330 |[39m         [36mconst[39m fileHash [33m=[39m 
[36mthis[39m[33m.[39mgenerateFileHash(filePath[33m,[39m stats[33m.[39mmtimeMs)[33m;[39m
     [90m 331 |[39m
     [90m 332 |[39m         [90m// Read current cache[39m[0m

      at src/services/metadata-cache.service.ts:329:23
      at MetadataCacheService.acquireLock (src/services/metadata-cache.service.ts:157:22)
      at MetadataCacheService.set (src/services/metadata-cache.service.ts:326:5)
      at Object.<anonymous> (tests/unit/services/metadata-cache.test.ts:63:7)

  ÔùÅ MetadataCacheService ÔÇ║ get ÔÇ║ should handle keys with special characters

    ENOENT: no such file or directory, stat 'C:\Users\NewAdmin\Desktop\File-Organizer-MCP\file:\path\to\song.mp3'

    [0m [90m 327 |[39m       [36mtry[39m {
     [90m 328 |[39m         [90m// Get current file stats[39m
    [31m[1m>[22m[39m[90m 329 |[39m         [36mconst[39m stats [33m=[39m [36mawait[39m 
fs[33m.[39mstat(filePath)[33m;[39m
     [90m     |[39m                       [31m[1m^[22m[39m
     [90m 330 |[39m         [36mconst[39m fileHash [33m=[39m 
[36mthis[39m[33m.[39mgenerateFileHash(filePath[33m,[39m stats[33m.[39mmtimeMs)[33m;[39m
     [90m 331 |[39m
     [90m 332 |[39m         [90m// Read current cache[39m[0m

      at src/services/metadata-cache.service.ts:329:23
      at MetadataCacheService.acquireLock (src/services/metadata-cache.service.ts:157:22)
      at MetadataCacheService.set (src/services/metadata-cache.service.ts:326:5)
      at Object.<anonymous> (tests/unit/services/metadata-cache.test.ts:73:7)

  ÔùÅ MetadataCacheService ÔÇ║ set ÔÇ║ should store value in cache

    ENOENT: no such file or directory, stat 'C:\Users\NewAdmin\Desktop\File-Organizer-MCP\store-test'

    [0m [90m 327 |[39m       [36mtry[39m {
     [90m 328 |[39m         [90m// Get current file stats[39m
    [31m[1m>[22m[39m[90m 329 |[39m         [36mconst[39m stats [33m=[39m [36mawait[39m 
fs[33m.[39mstat(filePath)[33m;[39m
     [90m     |[39m                       [31m[1m^[22m[39m
     [90m 330 |[39m         [36mconst[39m fileHash [33m=[39m 
[36mthis[39m[33m.[39mgenerateFileHash(filePath[33m,[39m stats[33m.[39mmtimeMs)[33m;[39m
     [90m 331 |[39m
     [90m 332 |[39m         [90m// Read current cache[39m[0m

      at src/services/metadata-cache.service.ts:329:23
      at MetadataCacheService.acquireLock (src/services/metadata-cache.service.ts:157:22)
      at MetadataCacheService.set (src/services/metadata-cache.service.ts:326:5)
      at Object.<anonymous> (tests/unit/services/metadata-cache.test.ts:85:7)

  ÔùÅ MetadataCacheService ÔÇ║ set ÔÇ║ should overwrite existing value

    ENOENT: no such file or directory, stat 'C:\Users\NewAdmin\Desktop\File-Organizer-MCP\overwrite-test'

    [0m [90m 327 |[39m       [36mtry[39m {
     [90m 328 |[39m         [90m// Get current file stats[39m
    [31m[1m>[22m[39m[90m 329 |[39m         [36mconst[39m stats [33m=[39m [36mawait[39m 
fs[33m.[39mstat(filePath)[33m;[39m
     [90m     |[39m                       [31m[1m^[22m[39m
     [90m 330 |[39m         [36mconst[39m fileHash [33m=[39m 
[36mthis[39m[33m.[39mgenerateFileHash(filePath[33m,[39m stats[33m.[39mmtimeMs)[33m;[39m
     [90m 331 |[39m
     [90m 332 |[39m         [90m// Read current cache[39m[0m

      at src/services/metadata-cache.service.ts:329:23
      at MetadataCacheService.acquireLock (src/services/metadata-cache.service.ts:157:22)
      at MetadataCacheService.set (src/services/metadata-cache.service.ts:326:5)
      at Object.<anonymous> (tests/unit/services/metadata-cache.test.ts:94:7)

  ÔùÅ MetadataCacheService ÔÇ║ set ÔÇ║ should store complex objects

    ENOENT: no such file or directory, stat 'C:\Users\NewAdmin\Desktop\File-Organizer-MCP\complex-test'

    [0m [90m 327 |[39m       [36mtry[39m {
     [90m 328 |[39m         [90m// Get current file stats[39m
    [31m[1m>[22m[39m[90m 329 |[39m         [36mconst[39m stats [33m=[39m [36mawait[39m 
fs[33m.[39mstat(filePath)[33m;[39m
     [90m     |[39m                       [31m[1m^[22m[39m
     [90m 330 |[39m         [36mconst[39m fileHash [33m=[39m 
[36mthis[39m[33m.[39mgenerateFileHash(filePath[33m,[39m stats[33m.[39mmtimeMs)[33m;[39m
     [90m 331 |[39m
     [90m 332 |[39m         [90m// Read current cache[39m[0m

      at src/services/metadata-cache.service.ts:329:23
      at MetadataCacheService.acquireLock (src/services/metadata-cache.service.ts:157:22)
      at MetadataCacheService.set (src/services/metadata-cache.service.ts:326:5)
      at Object.<anonymous> (tests/unit/services/metadata-cache.test.ts:118:7)

  ÔùÅ MetadataCacheService ÔÇ║ set ÔÇ║ should handle Date objects

    ENOENT: no such file or directory, stat 'C:\Users\NewAdmin\Desktop\File-Organizer-MCP\date-test'

    [0m [90m 327 |[39m       [36mtry[39m {
     [90m 328 |[39m         [90m// Get current file stats[39m
    [31m[1m>[22m[39m[90m 329 |[39m         [36mconst[39m stats [33m=[39m [36mawait[39m 
fs[33m.[39mstat(filePath)[33m;[39m
     [90m     |[39m                       [31m[1m^[22m[39m
     [90m 330 |[39m         [36mconst[39m fileHash [33m=[39m 
[36mthis[39m[33m.[39mgenerateFileHash(filePath[33m,[39m stats[33m.[39mmtimeMs)[33m;[39m
     [90m 331 |[39m
     [90m 332 |[39m         [90m// Read current cache[39m[0m

      at src/services/metadata-cache.service.ts:329:23
      at MetadataCacheService.acquireLock (src/services/metadata-cache.service.ts:157:22)
      at MetadataCacheService.set (src/services/metadata-cache.service.ts:326:5)
      at Object.<anonymous> (tests/unit/services/metadata-cache.test.ts:129:7)

  ÔùÅ MetadataCacheService ÔÇ║ delete ÔÇ║ should remove cached value

    ENOENT: no such file or directory, stat 'C:\Users\NewAdmin\Desktop\File-Organizer-MCP\delete-test'

    [0m [90m 327 |[39m       [36mtry[39m {
     [90m 328 |[39m         [90m// Get current file stats[39m
    [31m[1m>[22m[39m[90m 329 |[39m         [36mconst[39m stats [33m=[39m [36mawait[39m 
fs[33m.[39mstat(filePath)[33m;[39m
     [90m     |[39m                       [31m[1m^[22m[39m
     [90m 330 |[39m         [36mconst[39m fileHash [33m=[39m 
[36mthis[39m[33m.[39mgenerateFileHash(filePath[33m,[39m stats[33m.[39mmtimeMs)[33m;[39m
     [90m 331 |[39m
     [90m 332 |[39m         [90m// Read current cache[39m[0m

      at src/services/metadata-cache.service.ts:329:23
      at MetadataCacheService.acquireLock (src/services/metadata-cache.service.ts:157:22)
      at MetadataCacheService.set (src/services/metadata-cache.service.ts:326:5)
      at Object.<anonymous> (tests/unit/services/metadata-cache.test.ts:139:7)

  ÔùÅ MetadataCacheService ÔÇ║ delete ÔÇ║ should handle deleting non-existent key

    TypeError: service.delete is not a function

    [0m [90m 146 |[39m
     [90m 147 |[39m     it([32m"should handle deleting non-existent key"[39m[33m,[39m [36masync[39m () 
[33m=>[39m {
    [31m[1m>[22m[39m[90m 148 |[39m       [36mawait[39m expect(service[33m.[39m[36mdelete[39m([32m"nonexist
ent"[39m))[33m.[39mresolves[33m.[39mnot[33m.[39mtoThrow()[33m;[39m
     [90m     |[39m                                  [31m[1m^[22m[39m
     [90m 149 |[39m     })[33m;[39m
     [90m 150 |[39m   })[33m;[39m
     [90m 151 |[39m[0m

      at Object.<anonymous> (tests/unit/services/metadata-cache.test.ts:148:34)

  ÔùÅ MetadataCacheService ÔÇ║ clear ÔÇ║ should remove all cached values

    ENOENT: no such file or directory, stat 'C:\Users\NewAdmin\Desktop\File-Organizer-MCP\key1'

    [0m [90m 327 |[39m       [36mtry[39m {
     [90m 328 |[39m         [90m// Get current file stats[39m
    [31m[1m>[22m[39m[90m 329 |[39m         [36mconst[39m stats [33m=[39m [36mawait[39m 
fs[33m.[39mstat(filePath)[33m;[39m
     [90m     |[39m                       [31m[1m^[22m[39m
     [90m 330 |[39m         [36mconst[39m fileHash [33m=[39m 
[36mthis[39m[33m.[39mgenerateFileHash(filePath[33m,[39m stats[33m.[39mmtimeMs)[33m;[39m
     [90m 331 |[39m
     [90m 332 |[39m         [90m// Read current cache[39m[0m

      at src/services/metadata-cache.service.ts:329:23
      at MetadataCacheService.acquireLock (src/services/metadata-cache.service.ts:157:22)
      at MetadataCacheService.set (src/services/metadata-cache.service.ts:326:5)
      at Object.<anonymous> (tests/unit/services/metadata-cache.test.ts:154:7)

  ÔùÅ MetadataCacheService ÔÇ║ clear ÔÇ║ should handle empty cache

    TypeError: service.clear is not a function

    [0m [90m 164 |[39m
     [90m 165 |[39m     it([32m"should handle empty cache"[39m[33m,[39m [36masync[39m () [33m=>[39m {
    [31m[1m>[22m[39m[90m 166 |[39m       [36mawait[39m 
expect(service[33m.[39mclear())[33m.[39mresolves[33m.[39mnot[33m.[39mtoThrow()[33m;[39m
     [90m     |[39m                            [31m[1m^[22m[39m
     [90m 167 |[39m     })[33m;[39m
     [90m 168 |[39m   })[33m;[39m
     [90m 169 |[39m[0m

      at Object.<anonymous> (tests/unit/services/metadata-cache.test.ts:166:28)

  ÔùÅ MetadataCacheService ÔÇ║ has ÔÇ║ should return true for existing key

    ENOENT: no such file or directory, stat 'C:\Users\NewAdmin\Desktop\File-Organizer-MCP\has-test'

    [0m [90m 327 |[39m       [36mtry[39m {
     [90m 328 |[39m         [90m// Get current file stats[39m
    [31m[1m>[22m[39m[90m 329 |[39m         [36mconst[39m stats [33m=[39m [36mawait[39m 
fs[33m.[39mstat(filePath)[33m;[39m
     [90m     |[39m                       [31m[1m^[22m[39m
     [90m 330 |[39m         [36mconst[39m fileHash [33m=[39m 
[36mthis[39m[33m.[39mgenerateFileHash(filePath[33m,[39m stats[33m.[39mmtimeMs)[33m;[39m
     [90m 331 |[39m
     [90m 332 |[39m         [90m// Read current cache[39m[0m

      at src/services/metadata-cache.service.ts:329:23
      at MetadataCacheService.acquireLock (src/services/metadata-cache.service.ts:157:22)
      at MetadataCacheService.set (src/services/metadata-cache.service.ts:326:5)
      at Object.<anonymous> (tests/unit/services/metadata-cache.test.ts:173:7)

  ÔùÅ MetadataCacheService ÔÇ║ has ÔÇ║ should return false for expired key

    ENOENT: no such file or directory, stat 'C:\Users\NewAdmin\Desktop\File-Organizer-MCP\expired-has-test'

    [0m [90m 327 |[39m       [36mtry[39m {
     [90m 328 |[39m         [90m// Get current file stats[39m
    [31m[1m>[22m[39m[90m 329 |[39m         [36mconst[39m stats [33m=[39m [36mawait[39m 
fs[33m.[39mstat(filePath)[33m;[39m
     [90m     |[39m                       [31m[1m^[22m[39m
     [90m 330 |[39m         [36mconst[39m fileHash [33m=[39m 
[36mthis[39m[33m.[39mgenerateFileHash(filePath[33m,[39m stats[33m.[39mmtimeMs)[33m;[39m
     [90m 331 |[39m
     [90m 332 |[39m         [90m// Read current cache[39m[0m

      at src/services/metadata-cache.service.ts:329:23
      at MetadataCacheService.acquireLock (src/services/metadata-cache.service.ts:157:22)
      at MetadataCacheService.set (src/services/metadata-cache.service.ts:326:5)
      at Object.<anonymous> (tests/unit/services/metadata-cache.test.ts:186:7)

  ÔùÅ MetadataCacheService ÔÇ║ Persistence ÔÇ║ should persist cache to disk

    ENOENT: no such file or directory, stat 'C:\Users\NewAdmin\Desktop\File-Organizer-MCP\persist-test'

    [0m [90m 327 |[39m       [36mtry[39m {
     [90m 328 |[39m         [90m// Get current file stats[39m
    [31m[1m>[22m[39m[90m 329 |[39m         [36mconst[39m stats [33m=[39m [36mawait[39m 
fs[33m.[39mstat(filePath)[33m;[39m
     [90m     |[39m                       [31m[1m^[22m[39m
     [90m 330 |[39m         [36mconst[39m fileHash [33m=[39m 
[36mthis[39m[33m.[39mgenerateFileHash(filePath[33m,[39m stats[33m.[39mmtimeMs)[33m;[39m
     [90m 331 |[39m
     [90m 332 |[39m         [90m// Read current cache[39m[0m

      at src/services/metadata-cache.service.ts:329:23
      at MetadataCacheService.acquireLock (src/services/metadata-cache.service.ts:157:22)
      at MetadataCacheService.set (src/services/metadata-cache.service.ts:326:5)
      at Object.<anonymous> (tests/unit/services/metadata-cache.test.ts:202:7)

  ÔùÅ MetadataCacheService ÔÇ║ Persistence ÔÇ║ should load existing cache on initialization

    expect(received).toEqual(expected) // deep equality

    Expected: {"title": "Preloaded"}
    Received: null

    [0m [90m 230 |[39m       [36mconst[39m result [33m=[39m [36mawait[39m 
newService[33m.[39m[36mget[39m([32m"preloaded"[39m)[33m;[39m
     [90m 231 |[39m
    [31m[1m>[22m[39m[90m 232 |[39m       expect(result)[33m.[39mtoEqual({ title[33m:[39m 
[32m"Preloaded"[39m })[33m;[39m
     [90m     |[39m                      [31m[1m^[22m[39m
     [90m 233 |[39m     })[33m;[39m
     [90m 234 |[39m
     [90m 235 |[39m     it([32m"should handle corrupted cache file"[39m[33m,[39m [36masync[39m () [33m=>[39m 
{[0m

      at Object.<anonymous> (tests/unit/services/metadata-cache.test.ts:232:22)

  ÔùÅ MetadataCacheService ÔÇ║ Persistence ÔÇ║ should handle missing cache directory

    ENOENT: no such file or directory, stat 'C:\Users\NewAdmin\Desktop\File-Organizer-MCP\key'

    [0m [90m 327 |[39m       [36mtry[39m {
     [90m 328 |[39m         [90m// Get current file stats[39m
    [31m[1m>[22m[39m[90m 329 |[39m         [36mconst[39m stats [33m=[39m [36mawait[39m 
fs[33m.[39mstat(filePath)[33m;[39m
     [90m     |[39m                       [31m[1m^[22m[39m
     [90m 330 |[39m         [36mconst[39m fileHash [33m=[39m 
[36mthis[39m[33m.[39mgenerateFileHash(filePath[33m,[39m stats[33m.[39mmtimeMs)[33m;[39m
     [90m 331 |[39m
     [90m 332 |[39m         [90m// Read current cache[39m[0m

      at src/services/metadata-cache.service.ts:329:23
      at MetadataCacheService.acquireLock (src/services/metadata-cache.service.ts:157:22)
      at MetadataCacheService.set (src/services/metadata-cache.service.ts:326:5)
      at Object.<anonymous> (tests/unit/services/metadata-cache.test.ts:252:7)

  ÔùÅ MetadataCacheService ÔÇ║ TTL (Time To Live) ÔÇ║ should expire entries after TTL

    ENOENT: no such file or directory, stat 'C:\Users\NewAdmin\Desktop\File-Organizer-MCP\ttl-test'

    [0m [90m 327 |[39m       [36mtry[39m {
     [90m 328 |[39m         [90m// Get current file stats[39m
    [31m[1m>[22m[39m[90m 329 |[39m         [36mconst[39m stats [33m=[39m [36mawait[39m 
fs[33m.[39mstat(filePath)[33m;[39m
     [90m     |[39m                       [31m[1m^[22m[39m
     [90m 330 |[39m         [36mconst[39m fileHash [33m=[39m 
[36mthis[39m[33m.[39mgenerateFileHash(filePath[33m,[39m stats[33m.[39mmtimeMs)[33m;[39m
     [90m 331 |[39m
     [90m 332 |[39m         [90m// Read current cache[39m[0m

      at src/services/metadata-cache.service.ts:329:23
      at MetadataCacheService.acquireLock (src/services/metadata-cache.service.ts:157:22)
      at MetadataCacheService.set (src/services/metadata-cache.service.ts:326:5)
      at Object.<anonymous> (tests/unit/services/metadata-cache.test.ts:266:7)

  ÔùÅ MetadataCacheService ÔÇ║ TTL (Time To Live) ÔÇ║ should not expire entries without TTL

    ENOENT: no such file or directory, stat 'C:\Users\NewAdmin\Desktop\File-Organizer-MCP\no-ttl-test'

    [0m [90m 327 |[39m       [36mtry[39m {
     [90m 328 |[39m         [90m// Get current file stats[39m
    [31m[1m>[22m[39m[90m 329 |[39m         [36mconst[39m stats [33m=[39m [36mawait[39m 
fs[33m.[39mstat(filePath)[33m;[39m
     [90m     |[39m                       [31m[1m^[22m[39m
     [90m 330 |[39m         [36mconst[39m fileHash [33m=[39m 
[36mthis[39m[33m.[39mgenerateFileHash(filePath[33m,[39m stats[33m.[39mmtimeMs)[33m;[39m
     [90m 331 |[39m
     [90m 332 |[39m         [90m// Read current cache[39m[0m

      at src/services/metadata-cache.service.ts:329:23
      at MetadataCacheService.acquireLock (src/services/metadata-cache.service.ts:157:22)
      at MetadataCacheService.set (src/services/metadata-cache.service.ts:326:5)
      at Object.<anonymous> (tests/unit/services/metadata-cache.test.ts:282:7)

  ÔùÅ MetadataCacheService ÔÇ║ TTL (Time To Live) ÔÇ║ should update TTL on set

    ENOENT: no such file or directory, stat 'C:\Users\NewAdmin\Desktop\File-Organizer-MCP\update-ttl'

    [0m [90m 327 |[39m       [36mtry[39m {
     [90m 328 |[39m         [90m// Get current file stats[39m
    [31m[1m>[22m[39m[90m 329 |[39m         [36mconst[39m stats [33m=[39m [36mawait[39m 
fs[33m.[39mstat(filePath)[33m;[39m
     [90m     |[39m                       [31m[1m^[22m[39m
     [90m 330 |[39m         [36mconst[39m fileHash [33m=[39m 
[36mthis[39m[33m.[39mgenerateFileHash(filePath[33m,[39m stats[33m.[39mmtimeMs)[33m;[39m
     [90m 331 |[39m
     [90m 332 |[39m         [90m// Read current cache[39m[0m

      at src/services/metadata-cache.service.ts:329:23
      at MetadataCacheService.acquireLock (src/services/metadata-cache.service.ts:157:22)
      at MetadataCacheService.set (src/services/metadata-cache.service.ts:326:5)
      at Object.<anonymous> (tests/unit/services/metadata-cache.test.ts:295:7)

  ÔùÅ MetadataCacheService ÔÇ║ getStats ÔÇ║ should return cache statistics

    ENOENT: no such file or directory, stat 'C:\Users\NewAdmin\Desktop\File-Organizer-MCP\key1'

    [0m [90m 327 |[39m       [36mtry[39m {
     [90m 328 |[39m         [90m// Get current file stats[39m
    [31m[1m>[22m[39m[90m 329 |[39m         [36mconst[39m stats [33m=[39m [36mawait[39m 
fs[33m.[39mstat(filePath)[33m;[39m
     [90m     |[39m                       [31m[1m^[22m[39m
     [90m 330 |[39m         [36mconst[39m fileHash [33m=[39m 
[36mthis[39m[33m.[39mgenerateFileHash(filePath[33m,[39m stats[33m.[39mmtimeMs)[33m;[39m
     [90m 331 |[39m
     [90m 332 |[39m         [90m// Read current cache[39m[0m

      at src/services/metadata-cache.service.ts:329:23
      at MetadataCacheService.acquireLock (src/services/metadata-cache.service.ts:157:22)
      at MetadataCacheService.set (src/services/metadata-cache.service.ts:326:5)
      at Object.<anonymous> (tests/unit/services/metadata-cache.test.ts:313:7)

  ÔùÅ MetadataCacheService ÔÇ║ getStats ÔÇ║ should track hits and misses

    ENOENT: no such file or directory, stat 'C:\Users\NewAdmin\Desktop\File-Organizer-MCP\exists'

    [0m [90m 327 |[39m       [36mtry[39m {
     [90m 328 |[39m         [90m// Get current file stats[39m
    [31m[1m>[22m[39m[90m 329 |[39m         [36mconst[39m stats [33m=[39m [36mawait[39m 
fs[33m.[39mstat(filePath)[33m;[39m
     [90m     |[39m                       [31m[1m^[22m[39m
     [90m 330 |[39m         [36mconst[39m fileHash [33m=[39m 
[36mthis[39m[33m.[39mgenerateFileHash(filePath[33m,[39m stats[33m.[39mmtimeMs)[33m;[39m
     [90m 331 |[39m
     [90m 332 |[39m         [90m// Read current cache[39m[0m

      at src/services/metadata-cache.service.ts:329:23
      at MetadataCacheService.acquireLock (src/services/metadata-cache.service.ts:157:22)
      at MetadataCacheService.set (src/services/metadata-cache.service.ts:326:5)
      at Object.<anonymous> (tests/unit/services/metadata-cache.test.ts:325:7)

  ÔùÅ MetadataCacheService ÔÇ║ getStats ÔÇ║ should return zero stats for empty cache

    expect(received).toBe(expected) // Object.is equality

    Expected: 0
    Received: undefined

    [0m [90m 339 |[39m       [36mconst[39m stats [33m=[39m [36mawait[39m 
service[33m.[39mgetStats()[33m;[39m
     [90m 340 |[39m
    [31m[1m>[22m[39m[90m 341 |[39m       expect(stats[33m.[39mentries)[33m.[39mtoBe([35m0[39m)[33m;[39m
     [90m     |[39m                             [31m[1m^[22m[39m
     [90m 342 |[39m       expect(stats[33m.[39msize)[33m.[39mtoBe([35m0[39m)[33m;[39m
     [90m 343 |[39m     })[33m;[39m
     [90m 344 |[39m   })[33m;[39m[0m

      at Object.<anonymous> (tests/unit/services/metadata-cache.test.ts:341:29)

  ÔùÅ MetadataCacheService ÔÇ║ File Validation ÔÇ║ should invalidate stale cache entries based on file mtime

    ENOENT: no such file or directory, stat 'C:\Users\NewAdmin\Desktop\File-Organizer-MCP\file:C:\Users\NewAdmin\Deskto
p\File-Organizer-MCP\tests\temp\cache-s4iI1J\test.txt'

    [0m [90m 327 |[39m       [36mtry[39m {
     [90m 328 |[39m         [90m// Get current file stats[39m
    [31m[1m>[22m[39m[90m 329 |[39m         [36mconst[39m stats [33m=[39m [36mawait[39m 
fs[33m.[39mstat(filePath)[33m;[39m
     [90m     |[39m                       [31m[1m^[22m[39m
     [90m 330 |[39m         [36mconst[39m fileHash [33m=[39m 
[36mthis[39m[33m.[39mgenerateFileHash(filePath[33m,[39m stats[33m.[39mmtimeMs)[33m;[39m
     [90m 331 |[39m
     [90m 332 |[39m         [90m// Read current cache[39m[0m

      at src/services/metadata-cache.service.ts:329:23
      at MetadataCacheService.acquireLock (src/services/metadata-cache.service.ts:157:22)
      at MetadataCacheService.set (src/services/metadata-cache.service.ts:326:5)
      at Object.<anonymous> (tests/unit/services/metadata-cache.test.ts:354:7)

  ÔùÅ MetadataCacheService ÔÇ║ File Validation ÔÇ║ should return fresh for unchanged files

    ENOENT: no such file or directory, stat 'C:\Users\NewAdmin\Desktop\File-Organizer-MCP\file:C:\Users\NewAdmin\Deskto
p\File-Organizer-MCP\tests\temp\cache-G3Ka15\unchanged.txt'

    [0m [90m 327 |[39m       [36mtry[39m {
     [90m 328 |[39m         [90m// Get current file stats[39m
    [31m[1m>[22m[39m[90m 329 |[39m         [36mconst[39m stats [33m=[39m [36mawait[39m 
fs[33m.[39mstat(filePath)[33m;[39m
     [90m     |[39m                       [31m[1m^[22m[39m
     [90m 330 |[39m         [36mconst[39m fileHash [33m=[39m 
[36mthis[39m[33m.[39mgenerateFileHash(filePath[33m,[39m stats[33m.[39mmtimeMs)[33m;[39m
     [90m 331 |[39m
     [90m 332 |[39m         [90m// Read current cache[39m[0m

      at src/services/metadata-cache.service.ts:329:23
      at MetadataCacheService.acquireLock (src/services/metadata-cache.service.ts:157:22)
      at MetadataCacheService.set (src/services/metadata-cache.service.ts:326:5)
      at Object.<anonymous> (tests/unit/services/metadata-cache.test.ts:370:7)

  ÔùÅ MetadataCacheService ÔÇ║ File Validation ÔÇ║ should handle missing files

    ENOENT: no such file or directory, stat 'C:\Users\NewAdmin\Desktop\File-Organizer-MCP\file:C:\Users\NewAdmin\Deskto
p\File-Organizer-MCP\tests\temp\cache-WfCTO1\deleted.txt'

    [0m [90m 327 |[39m       [36mtry[39m {
     [90m 328 |[39m         [90m// Get current file stats[39m
    [31m[1m>[22m[39m[90m 329 |[39m         [36mconst[39m stats [33m=[39m [36mawait[39m 
fs[33m.[39mstat(filePath)[33m;[39m
     [90m     |[39m                       [31m[1m^[22m[39m
     [90m 330 |[39m         [36mconst[39m fileHash [33m=[39m 
[36mthis[39m[33m.[39mgenerateFileHash(filePath[33m,[39m stats[33m.[39mmtimeMs)[33m;[39m
     [90m 331 |[39m
     [90m 332 |[39m         [90m// Read current cache[39m[0m

      at src/services/metadata-cache.service.ts:329:23
      at MetadataCacheService.acquireLock (src/services/metadata-cache.service.ts:157:22)
      at MetadataCacheService.set (src/services/metadata-cache.service.ts:326:5)
      at Object.<anonymous> (tests/unit/services/metadata-cache.test.ts:381:7)

  ÔùÅ MetadataCacheService ÔÇ║ Atomic Writes ÔÇ║ should write cache atomically

    ENOENT: no such file or directory, stat 'C:\Users\NewAdmin\Desktop\File-Organizer-MCP\concurrent-0'

    [0m [90m 327 |[39m       [36mtry[39m {
     [90m 328 |[39m         [90m// Get current file stats[39m
    [31m[1m>[22m[39m[90m 329 |[39m         [36mconst[39m stats [33m=[39m [36mawait[39m 
fs[33m.[39mstat(filePath)[33m;[39m
     [90m     |[39m                       [31m[1m^[22m[39m
     [90m 330 |[39m         [36mconst[39m fileHash [33m=[39m 
[36mthis[39m[33m.[39mgenerateFileHash(filePath[33m,[39m stats[33m.[39mmtimeMs)[33m;[39m
     [90m 331 |[39m
     [90m 332 |[39m         [90m// Read current cache[39m[0m

      at src/services/metadata-cache.service.ts:329:23
      at MetadataCacheService.acquireLock (src/services/metadata-cache.service.ts:157:22)
      at MetadataCacheService.set (src/services/metadata-cache.service.ts:326:5)
          at async Promise.all (index 0)
      at Object.<anonymous> (tests/unit/services/metadata-cache.test.ts:401:7)

  ÔùÅ MetadataCacheService ÔÇ║ prune ÔÇ║ should remove expired entries

    ENOENT: no such file or directory, stat 'C:\Users\NewAdmin\Desktop\File-Organizer-MCP\fresh'

    [0m [90m 327 |[39m       [36mtry[39m {
     [90m 328 |[39m         [90m// Get current file stats[39m
    [31m[1m>[22m[39m[90m 329 |[39m         [36mconst[39m stats [33m=[39m [36mawait[39m 
fs[33m.[39mstat(filePath)[33m;[39m
     [90m     |[39m                       [31m[1m^[22m[39m
     [90m 330 |[39m         [36mconst[39m fileHash [33m=[39m 
[36mthis[39m[33m.[39mgenerateFileHash(filePath[33m,[39m stats[33m.[39mmtimeMs)[33m;[39m
     [90m 331 |[39m
     [90m 332 |[39m         [90m// Read current cache[39m[0m

      at src/services/metadata-cache.service.ts:329:23
      at MetadataCacheService.acquireLock (src/services/metadata-cache.service.ts:157:22)
      at MetadataCacheService.set (src/services/metadata-cache.service.ts:326:5)
      at Object.<anonymous> (tests/unit/services/metadata-cache.test.ts:415:7)

  ÔùÅ MetadataCacheService ÔÇ║ prune ÔÇ║ should handle empty cache during prune

    TypeError: service.prune is not a function

    [0m [90m 425 |[39m
     [90m 426 |[39m     it([32m"should handle empty cache during prune"[39m[33m,[39m [36masync[39m () 
[33m=>[39m {
    [31m[1m>[22m[39m[90m 427 |[39m       [36mawait[39m 
expect(service[33m.[39mprune())[33m.[39mresolves[33m.[39mnot[33m.[39mtoThrow()[33m;[39m
     [90m     |[39m                            [31m[1m^[22m[39m
     [90m 428 |[39m     })[33m;[39m
     [90m 429 |[39m   })[33m;[39m
     [90m 430 |[39m[0m

      at Object.<anonymous> (tests/unit/services/metadata-cache.test.ts:427:28)

  ÔùÅ MetadataCacheService ÔÇ║ Edge Cases ÔÇ║ should handle empty string keys

    ENOENT: no such file or directory, stat ''

    [0m [90m 327 |[39m       [36mtry[39m {
     [90m 328 |[39m         [90m// Get current file stats[39m
    [31m[1m>[22m[39m[90m 329 |[39m         [36mconst[39m stats [33m=[39m [36mawait[39m 
fs[33m.[39mstat(filePath)[33m;[39m
     [90m     |[39m                       [31m[1m^[22m[39m
     [90m 330 |[39m         [36mconst[39m fileHash [33m=[39m 
[36mthis[39m[33m.[39mgenerateFileHash(filePath[33m,[39m stats[33m.[39mmtimeMs)[33m;[39m
     [90m 331 |[39m
     [90m 332 |[39m         [90m// Read current cache[39m[0m

      at src/services/metadata-cache.service.ts:329:23
      at MetadataCacheService.acquireLock (src/services/metadata-cache.service.ts:157:22)
      at MetadataCacheService.set (src/services/metadata-cache.service.ts:326:5)
      at Object.<anonymous> (tests/unit/services/metadata-cache.test.ts:435:7)

  ÔùÅ MetadataCacheService ÔÇ║ Edge Cases ÔÇ║ should handle null values

    ENOENT: no such file or directory, stat 'C:\Users\NewAdmin\Desktop\File-Organizer-MCP\null-key'

    [0m [90m 327 |[39m       [36mtry[39m {
     [90m 328 |[39m         [90m// Get current file stats[39m
    [31m[1m>[22m[39m[90m 329 |[39m         [36mconst[39m stats [33m=[39m [36mawait[39m 
fs[33m.[39mstat(filePath)[33m;[39m
     [90m     |[39m                       [31m[1m^[22m[39m
     [90m 330 |[39m         [36mconst[39m fileHash [33m=[39m 
[36mthis[39m[33m.[39mgenerateFileHash(filePath[33m,[39m stats[33m.[39mmtimeMs)[33m;[39m
     [90m 331 |[39m
     [90m 332 |[39m         [90m// Read current cache[39m[0m

      at src/services/metadata-cache.service.ts:329:23
      at MetadataCacheService.acquireLock (src/services/metadata-cache.service.ts:157:22)
      at MetadataCacheService.set (src/services/metadata-cache.service.ts:326:5)
      at Object.<anonymous> (tests/unit/services/metadata-cache.test.ts:441:7)

  ÔùÅ MetadataCacheService ÔÇ║ Edge Cases ÔÇ║ should handle undefined values

    ENOENT: no such file or directory, stat 'C:\Users\NewAdmin\Desktop\File-Organizer-MCP\undefined-key'

    [0m [90m 327 |[39m       [36mtry[39m {
     [90m 328 |[39m         [90m// Get current file stats[39m
    [31m[1m>[22m[39m[90m 329 |[39m         [36mconst[39m stats [33m=[39m [36mawait[39m 
fs[33m.[39mstat(filePath)[33m;[39m
     [90m     |[39m                       [31m[1m^[22m[39m
     [90m 330 |[39m         [36mconst[39m fileHash [33m=[39m 
[36mthis[39m[33m.[39mgenerateFileHash(filePath[33m,[39m stats[33m.[39mmtimeMs)[33m;[39m
     [90m 331 |[39m
     [90m 332 |[39m         [90m// Read current cache[39m[0m

      at src/services/metadata-cache.service.ts:329:23
      at MetadataCacheService.acquireLock (src/services/metadata-cache.service.ts:157:22)
      at MetadataCacheService.set (src/services/metadata-cache.service.ts:326:5)
      at Object.<anonymous> (tests/unit/services/metadata-cache.test.ts:447:7)

  ÔùÅ MetadataCacheService ÔÇ║ Edge Cases ÔÇ║ should handle very long keys

    ENOENT: no such file or directory, stat 'C:\Users\NewAdmin\Desktop\File-Organizer-MCP\aaaaaaaaaaaaaaaaaaaaaaaaaaaaa
aaaaaaaaaaaaaaaaaaaaaaaaaaaaaaaaaaaaaaaaaaaaaaaaaaaaaaaaaaaaaaaaaaaaaaaaaaaaaaaaaaaaaaaaaaaaaaaaaaaaaaaaaaaaaaaaaaaaaaa
aaaaaaaaaaaaaaaaaaaaaaaaaaaaaaaaaaaaaaaaaaaaaaaaaaaaaaaaaaaaaaaaaaaaaaaaaaaaaaaaaaaaaaaaaaaaaaaaaaaaaaaaaaaaaaaaaaaaaaa
aaaaaaaaaaaaaaaaaaaaaaaaaaaaaaaaaaaaaaaaaaaaaaaaaaaaaaaaaaaaaaaaaaaaaaaaaaaaaaaaaaaaaaaaaaaaaaaaaaaaaaaaaaaaaaaaaaaaaaa
aaaaaaaaaaaaaaaaaaaaaaaaaaaaaaaaaaaaaaaaaaaaaaaaaaaaaaaaaaaaaaaaaaaaaaaaaaaaaaaaaaaaaaaaaaaaaaaaaaaaaaaaaaaaaaaaaa'

    [0m [90m 327 |[39m       [36mtry[39m {
     [90m 328 |[39m         [90m// Get current file stats[39m
    [31m[1m>[22m[39m[90m 329 |[39m         [36mconst[39m stats [33m=[39m [36mawait[39m 
fs[33m.[39mstat(filePath)[33m;[39m
     [90m     |[39m                       [31m[1m^[22m[39m
     [90m 330 |[39m         [36mconst[39m fileHash [33m=[39m 
[36mthis[39m[33m.[39mgenerateFileHash(filePath[33m,[39m stats[33m.[39mmtimeMs)[33m;[39m
     [90m 331 |[39m
     [90m 332 |[39m         [90m// Read current cache[39m[0m

      at src/services/metadata-cache.service.ts:329:23
      at MetadataCacheService.acquireLock (src/services/metadata-cache.service.ts:157:22)
      at MetadataCacheService.set (src/services/metadata-cache.service.ts:326:5)
      at Object.<anonymous> (tests/unit/services/metadata-cache.test.ts:456:7)

  ÔùÅ MetadataCacheService ÔÇ║ Edge Cases ÔÇ║ should handle special characters in keys

    ENOENT: no such file or directory, stat 'C:\Users\NewAdmin\Desktop\File-Organizer-MCP\key:with:colons'

    [0m [90m 327 |[39m       [36mtry[39m {
     [90m 328 |[39m         [90m// Get current file stats[39m
    [31m[1m>[22m[39m[90m 329 |[39m         [36mconst[39m stats [33m=[39m [36mawait[39m 
fs[33m.[39mstat(filePath)[33m;[39m
     [90m     |[39m                       [31m[1m^[22m[39m
     [90m 330 |[39m         [36mconst[39m fileHash [33m=[39m 
[36mthis[39m[33m.[39mgenerateFileHash(filePath[33m,[39m stats[33m.[39mmtimeMs)[33m;[39m
     [90m 331 |[39m
     [90m 332 |[39m         [90m// Read current cache[39m[0m

      at src/services/metadata-cache.service.ts:329:23
      at MetadataCacheService.acquireLock (src/services/metadata-cache.service.ts:157:22)
      at MetadataCacheService.set (src/services/metadata-cache.service.ts:326:5)
      at Object.<anonymous> (tests/unit/services/metadata-cache.test.ts:473:9)

  ÔùÅ MetadataCacheService ÔÇ║ Edge Cases ÔÇ║ should handle large values

    ENOENT: no such file or directory, stat 'C:\Users\NewAdmin\Desktop\File-Organizer-MCP\large-value'

    [0m [90m 327 |[39m       [36mtry[39m {
     [90m 328 |[39m         [90m// Get current file stats[39m
    [31m[1m>[22m[39m[90m 329 |[39m         [36mconst[39m stats [33m=[39m [36mawait[39m 
fs[33m.[39mstat(filePath)[33m;[39m
     [90m     |[39m                       [31m[1m^[22m[39m
     [90m 330 |[39m         [36mconst[39m fileHash [33m=[39m 
[36mthis[39m[33m.[39mgenerateFileHash(filePath[33m,[39m stats[33m.[39mmtimeMs)[33m;[39m
     [90m 331 |[39m
     [90m 332 |[39m         [90m// Read current cache[39m[0m

      at src/services/metadata-cache.service.ts:329:23
      at MetadataCacheService.acquireLock (src/services/metadata-cache.service.ts:157:22)
      at MetadataCacheService.set (src/services/metadata-cache.service.ts:326:5)
      at Object.<anonymous> (tests/unit/services/metadata-cache.test.ts:486:7)

  ÔùÅ MetadataCacheService ÔÇ║ Edge Cases ÔÇ║ should handle many entries

    ENOENT: no such file or directory, stat 'C:\Users\NewAdmin\Desktop\File-Organizer-MCP\entry-0'

    [0m [90m 327 |[39m       [36mtry[39m {
     [90m 328 |[39m         [90m// Get current file stats[39m
    [31m[1m>[22m[39m[90m 329 |[39m         [36mconst[39m stats [33m=[39m [36mawait[39m 
fs[33m.[39mstat(filePath)[33m;[39m
     [90m     |[39m                       [31m[1m^[22m[39m
     [90m 330 |[39m         [36mconst[39m fileHash [33m=[39m 
[36mthis[39m[33m.[39mgenerateFileHash(filePath[33m,[39m stats[33m.[39mmtimeMs)[33m;[39m
     [90m 331 |[39m
     [90m 332 |[39m         [90m// Read current cache[39m[0m

      at src/services/metadata-cache.service.ts:329:23
      at MetadataCacheService.acquireLock (src/services/metadata-cache.service.ts:157:22)
      at MetadataCacheService.set (src/services/metadata-cache.service.ts:326:5)
      at Object.<anonymous> (tests/unit/services/metadata-cache.test.ts:496:9)

  ÔùÅ MetadataCacheService ÔÇ║ Edge Cases ÔÇ║ should handle concurrent reads and writes

    ENOENT: no such file or directory, stat 'C:\Users\NewAdmin\Desktop\File-Organizer-MCP\concurrent-0'

    [0m [90m 327 |[39m       [36mtry[39m {
     [90m 328 |[39m         [90m// Get current file stats[39m
    [31m[1m>[22m[39m[90m 329 |[39m         [36mconst[39m stats [33m=[39m [36mawait[39m 
fs[33m.[39mstat(filePath)[33m;[39m
     [90m     |[39m                       [31m[1m^[22m[39m
     [90m 330 |[39m         [36mconst[39m fileHash [33m=[39m 
[36mthis[39m[33m.[39mgenerateFileHash(filePath[33m,[39m stats[33m.[39mmtimeMs)[33m;[39m
     [90m 331 |[39m
     [90m 332 |[39m         [90m// Read current cache[39m[0m

      at src/services/metadata-cache.service.ts:329:23
      at MetadataCacheService.acquireLock (src/services/metadata-cache.service.ts:157:22)
      at MetadataCacheService.set (src/services/metadata-cache.service.ts:326:5)
          at async Promise.all (index 0)
      at Object.<anonymous> (tests/unit/services/metadata-cache.test.ts:512:7)

  ÔùÅ MetadataCacheService ÔÇ║ Edge Cases ÔÇ║ should handle cache file corruption gracefully

    ENOENT: no such file or directory, stat 'C:\Users\NewAdmin\Desktop\File-Organizer-MCP\key1'

    [0m [90m 327 |[39m       [36mtry[39m {
     [90m 328 |[39m         [90m// Get current file stats[39m
    [31m[1m>[22m[39m[90m 329 |[39m         [36mconst[39m stats [33m=[39m [36mawait[39m 
fs[33m.[39mstat(filePath)[33m;[39m
     [90m     |[39m                       [31m[1m^[22m[39m
     [90m 330 |[39m         [36mconst[39m fileHash [33m=[39m 
[36mthis[39m[33m.[39mgenerateFileHash(filePath[33m,[39m stats[33m.[39mmtimeMs)[33m;[39m
     [90m 331 |[39m
     [90m 332 |[39m         [90m// Read current cache[39m[0m

      at src/services/metadata-cache.service.ts:329:23
      at MetadataCacheService.acquireLock (src/services/metadata-cache.service.ts:157:22)
      at MetadataCacheService.set (src/services/metadata-cache.service.ts:326:5)
      at Object.<anonymous> (tests/unit/services/metadata-cache.test.ts:522:7)

  ÔùÅ MetadataCacheService ÔÇ║ Integration ÔÇ║ should work with audio metadata workflow

    ENOENT: no such file or directory, stat 'C:\Users\NewAdmin\Desktop\File-Organizer-MCP\audio:\music\song1.mp3'

    [0m [90m 327 |[39m       [36mtry[39m {
     [90m 328 |[39m         [90m// Get current file stats[39m
    [31m[1m>[22m[39m[90m 329 |[39m         [36mconst[39m stats [33m=[39m [36mawait[39m 
fs[33m.[39mstat(filePath)[33m;[39m
     [90m     |[39m                       [31m[1m^[22m[39m
     [90m 330 |[39m         [36mconst[39m fileHash [33m=[39m 
[36mthis[39m[33m.[39mgenerateFileHash(filePath[33m,[39m stats[33m.[39mmtimeMs)[33m;[39m
     [90m 331 |[39m
     [90m 332 |[39m         [90m// Read current cache[39m[0m

      at src/services/metadata-cache.service.ts:329:23
      at MetadataCacheService.acquireLock (src/services/metadata-cache.service.ts:157:22)
      at MetadataCacheService.set (src/services/metadata-cache.service.ts:326:5)
      at Object.<anonymous> (tests/unit/services/metadata-cache.test.ts:570:9)

  ÔùÅ MetadataCacheService ÔÇ║ Integration ÔÇ║ should work with image metadata workflow

    ENOENT: no such file or directory, stat 'C:\Users\NewAdmin\Desktop\File-Organizer-MCP\image:\photos\img1.jpg'

    [0m [90m 327 |[39m       [36mtry[39m {
     [90m 328 |[39m         [90m// Get current file stats[39m
    [31m[1m>[22m[39m[90m 329 |[39m         [36mconst[39m stats [33m=[39m [36mawait[39m 
fs[33m.[39mstat(filePath)[33m;[39m
     [90m     |[39m                       [31m[1m^[22m[39m
     [90m 330 |[39m         [36mconst[39m fileHash [33m=[39m 
[36mthis[39m[33m.[39mgenerateFileHash(filePath[33m,[39m stats[33m.[39mmtimeMs)[33m;[39m
     [90m 331 |[39m
     [90m 332 |[39m         [90m// Read current cache[39m[0m

      at src/services/metadata-cache.service.ts:329:23
      at MetadataCacheService.acquireLock (src/services/metadata-cache.service.ts:157:22)
      at MetadataCacheService.set (src/services/metadata-cache.service.ts:326:5)
      at Object.<anonymous> (tests/unit/services/metadata-cache.test.ts:601:9)

  ÔùÅ MetadataCacheService ÔÇ║ Integration ÔÇ║ should maintain cache across service restarts

    ENOENT: no such file or directory, stat 'C:\Users\NewAdmin\Desktop\File-Organizer-MCP\persistent'

    [0m [90m 327 |[39m       [36mtry[39m {
     [90m 328 |[39m         [90m// Get current file stats[39m
    [31m[1m>[22m[39m[90m 329 |[39m         [36mconst[39m stats [33m=[39m [36mawait[39m 
fs[33m.[39mstat(filePath)[33m;[39m
     [90m     |[39m                       [31m[1m^[22m[39m
     [90m 330 |[39m         [36mconst[39m fileHash [33m=[39m 
[36mthis[39m[33m.[39mgenerateFileHash(filePath[33m,[39m stats[33m.[39mmtimeMs)[33m;[39m
     [90m 331 |[39m
     [90m 332 |[39m         [90m// Read current cache[39m[0m

      at src/services/metadata-cache.service.ts:329:23
      at MetadataCacheService.acquireLock (src/services/metadata-cache.service.ts:157:22)
      at MetadataCacheService.set (src/services/metadata-cache.service.ts:326:5)
      at Object.<anonymous> (tests/unit/services/metadata-cache.test.ts:619:7)

FAIL tests/unit/services/audio-metadata.test.ts
  ÔùÅ AudioMetadataService ÔÇ║ MP3 Metadata Extraction ÔÇ║ should parse track and disc numbers

    expect(received).toBe(expected) // Object.is equality

    Expected: 2
    Received: undefined

    [0m [90m 177 |[39m       expect(metadata[33m.[39mtrackNumber)[33m.[39mtoBe([35m5[39m)[33m;[39m
     [90m 178 |[39m       expect(metadata[33m.[39mtotalTracks)[33m.[39mtoBe([35m12[39m)[33m;[39m
    [31m[1m>[22m[39m[90m 179 |[39m       
expect(metadata[33m.[39mdiscNumber)[33m.[39mtoBe([35m2[39m)[33m;[39m
     [90m     |[39m                                   [31m[1m^[22m[39m
     [90m 180 |[39m       expect(metadata[33m.[39mtotalDiscs)[33m.[39mtoBe([35m3[39m)[33m;[39m
     [90m 181 |[39m     })[33m;[39m
     [90m 182 |[39m[0m

      at Object.<anonymous> (tests/unit/services/audio-metadata.test.ts:179:35)

  ÔùÅ AudioMetadataService ÔÇ║ MP3 Metadata Extraction ÔÇ║ should detect embedded artwork in MP3

    expect(received).toBe(expected) // Object.is equality

    Expected: true
    Received: false

    [0m [90m 207 |[39m       [36mconst[39m metadata [33m=[39m [36mawait[39m 
service[33m.[39mextract(filePath)[33m;[39m
     [90m 208 |[39m
    [31m[1m>[22m[39m[90m 209 |[39m       
expect(metadata[33m.[39mhasEmbeddedArtwork)[33m.[39mtoBe([36mtrue[39m)[33m;[39m
     [90m     |[39m                                           [31m[1m^[22m[39m
     [90m 210 |[39m     })[33m;[39m
     [90m 211 |[39m   })[33m;[39m
     [90m 212 |[39m[0m

      at Object.<anonymous> (tests/unit/services/audio-metadata.test.ts:209:43)

  ÔùÅ AudioMetadataService ÔÇ║ FLAC Metadata Extraction ÔÇ║ should extract Vorbis comments from FLAC

    expect(received).toBe(expected) // Object.is equality

    Expected: "FLAC Test Song"
    Received: undefined

    [0m [90m 261 |[39m
     [90m 262 |[39m       expect(metadata[33m.[39mformat)[33m.[39mtoBe([32m"FLAC"[39m)[33m;[39m
    [31m[1m>[22m[39m[90m 263 |[39m       expect(metadata[33m.[39mtitle)[33m.[39mtoBe([32m"FLAC Test 
Song"[39m)[33m;[39m
     [90m     |[39m                              [31m[1m^[22m[39m
     [90m 264 |[39m       expect(metadata[33m.[39martist)[33m.[39mtoBe([32m"FLAC Test Artist"[39m)[33m;[39m
     [90m 265 |[39m       expect(metadata[33m.[39malbum)[33m.[39mtoBe([32m"FLAC Test Album"[39m)[33m;[39m
     [90m 266 |[39m     })[33m;[39m[0m

      at Object.<anonymous> (tests/unit/services/audio-metadata.test.ts:263:30)

FAIL tests/unit/services/image-metadata.test.ts
  ÔùÅ ImageMetadataService ÔÇ║ isFormatSupported ÔÇ║ should return true for supported formats

    expect(received).toBe(expected) // Object.is equality

    Expected: true
    Received: false

    [0m [90m 143 |[39m   describe([32m"isFormatSupported"[39m[33m,[39m () [33m=>[39m {
     [90m 144 |[39m     it([32m"should return true for supported formats"[39m[33m,[39m () [33m=>[39m {
    [31m[1m>[22m[39m[90m 145 |[39m       
expect(service[33m.[39misFormatSupported([32m"image.jpg"[39m))[33m.[39mtoBe([36mtrue[39m)[33m;[39m
     [90m     |[39m                                                      [31m[1m^[22m[39m
     [90m 146 |[39m       
expect(service[33m.[39misFormatSupported([32m"image.jpeg"[39m))[33m.[39mtoBe([36mtrue[39m)[33m;[39m
     [90m 147 |[39m       
expect(service[33m.[39misFormatSupported([32m"image.png"[39m))[33m.[39mtoBe([36mtrue[39m)[33m;[39m
     [90m 148 |[39m     })[33m;[39m[0m

      at Object.<anonymous> (tests/unit/services/image-metadata.test.ts:145:54)

  ÔùÅ ImageMetadataService ÔÇ║ isFormatSupported ÔÇ║ should be case insensitive

    expect(received).toBe(expected) // Object.is equality

    Expected: true
    Received: false

    [0m [90m 154 |[39m
     [90m 155 |[39m     it([32m"should be case insensitive"[39m[33m,[39m () [33m=>[39m {
    [31m[1m>[22m[39m[90m 156 |[39m       
expect(service[33m.[39misFormatSupported([32m"image.JPG"[39m))[33m.[39mtoBe([36mtrue[39m)[33m;[39m
     [90m     |[39m                                                      [31m[1m^[22m[39m
     [90m 157 |[39m       
expect(service[33m.[39misFormatSupported([32m"image.JPEG"[39m))[33m.[39mtoBe([36mtrue[39m)[33m;[39m
     [90m 158 |[39m     })[33m;[39m
     [90m 159 |[39m   })[33m;[39m[0m

      at Object.<anonymous> (tests/unit/services/image-metadata.test.ts:156:54)

  ÔùÅ ImageMetadataService ÔÇ║ extract ÔÇ║ should extract basic JPEG metadata

    expect(received).toBe(expected) // Object.is equality

    Expected: "JPEG"
    Received: "jpeg"

    [0m [90m 172 |[39m
     [90m 173 |[39m       expect(metadata[33m.[39mfilePath)[33m.[39mtoBe(filePath)[33m;[39m
    [31m[1m>[22m[39m[90m 174 |[39m       
expect(metadata[33m.[39mformat)[33m.[39mtoBe([32m"JPEG"[39m)[33m;[39m
     [90m     |[39m                               [31m[1m^[22m[39m
     [90m 175 |[39m       expect(metadata[33m.[39mwidth)[33m.[39mtoBe([35m1920[39m)[33m;[39m
     [90m 176 |[39m       expect(metadata[33m.[39mheight)[33m.[39mtoBe([35m1080[39m)[33m;[39m
     [90m 177 |[39m       expect(metadata[33m.[39mhasEXIF)[33m.[39mtoBe([36mtrue[39m)[33m;[39m[0m

      at Object.<anonymous> (tests/unit/services/image-metadata.test.ts:174:31)

  ÔùÅ ImageMetadataService ÔÇ║ extract ÔÇ║ should extract camera information

    expect(received).toBe(expected) // Object.is equality

    Expected: "Canon"
    Received: undefined

    [0m [90m 187 |[39m       [36mconst[39m metadata [33m=[39m [36mawait[39m 
service[33m.[39mextract(filePath)[33m;[39m
     [90m 188 |[39m
    [31m[1m>[22m[39m[90m 189 |[39m       
expect(metadata[33m.[39mcamera[33m?[39m[33m.[39mmake)[33m.[39mtoBe([32m"Canon"[39m)[33m;[39m
     [90m     |[39m                                     [31m[1m^[22m[39m
     [90m 190 |[39m       expect(metadata[33m.[39mcamera[33m?[39m[33m.[39mmodel)[33m.[39mtoBe([32m"EOS 
5D"[39m)[33m;[39m
     [90m 191 |[39m     })[33m;[39m
     [90m 192 |[39m[0m

      at Object.<anonymous> (tests/unit/services/image-metadata.test.ts:189:37)

  ÔùÅ ImageMetadataService ÔÇ║ extract ÔÇ║ should handle JPEG without EXIF

    expect(received).toBe(expected) // Object.is equality

    Expected: "JPEG"
    Received: "jpeg"

    [0m [90m 196 |[39m       [36mconst[39m metadata [33m=[39m [36mawait[39m 
service[33m.[39mextract(filePath)[33m;[39m
     [90m 197 |[39m
    [31m[1m>[22m[39m[90m 198 |[39m       
expect(metadata[33m.[39mformat)[33m.[39mtoBe([32m"JPEG"[39m)[33m;[39m
     [90m     |[39m                               [31m[1m^[22m[39m
     [90m 199 |[39m       expect(metadata[33m.[39mhasEXIF)[33m.[39mtoBe([36mfalse[39m)[33m;[39m
     [90m 200 |[39m     })[33m;[39m
     [90m 201 |[39m[0m

      at Object.<anonymous> (tests/unit/services/image-metadata.test.ts:198:31)

  ÔùÅ ImageMetadataService ÔÇ║ extract ÔÇ║ should detect orientation

    expect(received).toBeDefined()

    Received: undefined

    [0m [90m 205 |[39m       [36mconst[39m metadata [33m=[39m [36mawait[39m 
service[33m.[39mextract(filePath)[33m;[39m
     [90m 206 |[39m
    [31m[1m>[22m[39m[90m 207 |[39m       
expect(metadata[33m.[39morientation)[33m.[39mtoBeDefined()[33m;[39m
     [90m     |[39m                                    [31m[1m^[22m[39m
     [90m 208 |[39m     })[33m;[39m
     [90m 209 |[39m
     [90m 210 |[39m     it([32m"should handle non-existent files"[39m[33m,[39m [36masync[39m () [33m=>[39m 
{[0m

      at Object.<anonymous> (tests/unit/services/image-metadata.test.ts:207:36)

  ÔùÅ ImageMetadataService ÔÇ║ extract ÔÇ║ should handle non-existent files

    expect(received).rejects.toThrow()

    Received promise resolved instead of rejected
    Resolved to value: {"extractedAt": 2026-02-11T12:49:41.951Z, "filePath": 
"C:\\Users\\NewAdmin\\Desktop\\File-Organizer-MCP\\tests\\temp\\image-meta-0idd50\\nonexistent.jpg", "format": "jpeg", 
"hasGPS": false}

    [0m [90m 211 |[39m       [36mconst[39m filePath [33m=[39m path[33m.[39mjoin(testDir[33m,[39m 
[32m"nonexistent.jpg"[39m)[33m;[39m
     [90m 212 |[39m
    [31m[1m>[22m[39m[90m 213 |[39m       [36mawait[39m 
expect(service[33m.[39mextract(filePath))[33m.[39mrejects[33m.[39mtoThrow()[33m;[39m
     [90m     |[39m             [31m[1m^[22m[39m
     [90m 214 |[39m     })[33m;[39m
     [90m 215 |[39m
     [90m 216 |[39m     it([32m"should handle directories"[39m[33m,[39m [36masync[39m () [33m=>[39m {[0m

      at expect (node_modules/expect/build/index.js:113:15)
      at Object.<anonymous> (tests/unit/services/image-metadata.test.ts:213:13)

  ÔùÅ ImageMetadataService ÔÇ║ extract ÔÇ║ should handle directories

    expect(received).rejects.toThrow()

    Received promise resolved instead of rejected
    Resolved to value: {"extractedAt": 2026-02-11T12:49:41.959Z, "filePath": 
"C:\\Users\\NewAdmin\\Desktop\\File-Organizer-MCP\\tests\\temp\\image-meta-rW2eTT\\adir", "format": "unknown", 
"hasGPS": false}

    [0m [90m 218 |[39m       [36mawait[39m fs[33m.[39mmkdir(dirPath)[33m;[39m
     [90m 219 |[39m
    [31m[1m>[22m[39m[90m 220 |[39m       [36mawait[39m 
expect(service[33m.[39mextract(dirPath))[33m.[39mrejects[33m.[39mtoThrow()[33m;[39m
     [90m     |[39m             [31m[1m^[22m[39m
     [90m 221 |[39m     })[33m;[39m
     [90m 222 |[39m   })[33m;[39m
     [90m 223 |[39m[0m

      at expect (node_modules/expect/build/index.js:113:15)
      at Object.<anonymous> (tests/unit/services/image-metadata.test.ts:220:13)

  ÔùÅ ImageMetadataService ÔÇ║ GPS Extraction ÔÇ║ should extract GPS coordinates when available

    expect(received).toBe(expected) // Object.is equality

    Expected: true
    Received: undefined

    [0m [90m 232 |[39m       [36mconst[39m metadata [33m=[39m [36mawait[39m 
service[33m.[39mextract(filePath[33m,[39m { extractGPS[33m:[39m [36mtrue[39m })[33m;[39m
     [90m 233 |[39m
    [31m[1m>[22m[39m[90m 234 |[39m       
expect(metadata[33m.[39mgps[33m?[39m[33m.[39mhasGPS)[33m.[39mtoBe([36mtrue[39m)[33m;[39m
     [90m     |[39m                                    [31m[1m^[22m[39m
     [90m 235 |[39m       
expect(metadata[33m.[39mgps[33m?[39m[33m.[39mlatitude)[33m.[39mtoBeCloseTo([35m40.7128[39m[33m,[39m 
[35m2[39m)[33m;[39m
     [90m 236 |[39m       expect(metadata[33m.[39mgps[33m?[39m[33m.[39mlongitude)[33m.[39mtoBeCloseTo([33m-
[39m[35m74.0060[39m[33m,[39m [35m2[39m)[33m;[39m
     [90m 237 |[39m     })[33m;[39m[0m

      at Object.<anonymous> (tests/unit/services/image-metadata.test.ts:234:36)

  ÔùÅ ImageMetadataService ÔÇ║ GPS Extraction ÔÇ║ should handle images without GPS

    expect(received).toBe(expected) // Object.is equality

    Expected: false
    Received: undefined

    [0m [90m 253 |[39m       [36mconst[39m metadata [33m=[39m [36mawait[39m 
service[33m.[39mextract(filePath[33m,[39m { extractGPS[33m:[39m [36mtrue[39m })[33m;[39m
     [90m 254 |[39m
    [31m[1m>[22m[39m[90m 255 |[39m       
expect(metadata[33m.[39mgps[33m?[39m[33m.[39mhasGPS)[33m.[39mtoBe([36mfalse[39m)[33m;[39m
     [90m     |[39m                                    [31m[1m^[22m[39m
     [90m 256 |[39m     })[33m;[39m
     [90m 257 |[39m
     [90m 258 |[39m     it([32m"should extract GPS timestamp when available"[39m[33m,[39m [36masync[39m () 
[33m=>[39m {[0m

      at Object.<anonymous> (tests/unit/services/image-metadata.test.ts:255:36)

  ÔùÅ ImageMetadataService ÔÇ║ Date Extraction ÔÇ║ should fallback to file modification date

    expect(received).toBeInstanceOf(expected)

    Expected constructor: Date

    Received value has no prototype
    Received value: undefined

    [0m [90m 292 |[39m
     [90m 293 |[39m       [90m// Should use file modification date[39m
    [31m[1m>[22m[39m[90m 294 |[39m       
expect(metadata[33m.[39mdateTaken)[33m.[39mtoBeInstanceOf([33mDate[39m)[33m;[39m
     [90m     |[39m                                  [31m[1m^[22m[39m
     [90m 295 |[39m     })[33m;[39m
     [90m 296 |[39m   })[33m;[39m
     [90m 297 |[39m[0m

      at Object.<anonymous> (tests/unit/services/image-metadata.test.ts:294:34)

  ÔùÅ ImageMetadataService ÔÇ║ extractBatch ÔÇ║ should extract metadata from multiple images

    expect(received).toBe(expected) // Object.is equality

    Expected: "JPEG"
    Received: "jpeg"

    [0m [90m 315 |[39m       results[33m.[39mforEach((metadata[33m,[39m i) [33m=>[39m {
     [90m 316 |[39m         expect(metadata[33m.[39mfilePath)[33m.[39mtoBe(files[i])[33m;[39m
    [31m[1m>[22m[39m[90m 317 |[39m         
expect(metadata[33m.[39mformat)[33m.[39mtoBe([32m"JPEG"[39m)[33m;[39m
     [90m     |[39m                                 [31m[1m^[22m[39m
     [90m 318 |[39m       })[33m;[39m
     [90m 319 |[39m     })[33m;[39m
     [90m 320 |[39m[0m

      at tests/unit/services/image-metadata.test.ts:317:33
          at Array.forEach (<anonymous>)
      at Object.<anonymous> (tests/unit/services/image-metadata.test.ts:315:15)

  ÔùÅ ImageMetadataService ÔÇ║ Privacy Features ÔÇ║ should strip GPS data when requested

    TypeError: service.stripGPS is not a function

    [0m [90m 340 |[39m       [36mconst[39m outputPath [33m=[39m path[33m.[39mjoin(testDir[33m,[39m 
[32m"stripped.jpg"[39m)[33m;[39m
     [90m 341 |[39m
    [31m[1m>[22m[39m[90m 342 |[39m       [36mconst[39m result [33m=[39m [36mawait[39m 
service[33m.[39mstripGPS(filePath[33m,[39m outputPath)[33m;[39m
     [90m     |[39m                                    [31m[1m^[22m[39m
     [90m 343 |[39m
     [90m 344 |[39m       expect(result[33m.[39msuccess)[33m.[39mtoBe([36mtrue[39m)[33m;[39m
     [90m 345 |[39m       expect(result[33m.[39mgpsRemoved)[33m.[39mtoBe([36mtrue[39m)[33m;[39m[0m

      at Object.<anonymous> (tests/unit/services/image-metadata.test.ts:342:36)

  ÔùÅ ImageMetadataService ÔÇ║ Privacy Features ÔÇ║ should handle stripGPS on image without GPS

    TypeError: service.stripGPS is not a function

    [0m [90m 354 |[39m       [36mconst[39m outputPath [33m=[39m path[33m.[39mjoin(testDir[33m,[39m 
[32m"stillnogps.jpg"[39m)[33m;[39m
     [90m 355 |[39m
    [31m[1m>[22m[39m[90m 356 |[39m       [36mconst[39m result [33m=[39m [36mawait[39m 
service[33m.[39mstripGPS(filePath[33m,[39m outputPath)[33m;[39m
     [90m     |[39m                                    [31m[1m^[22m[39m
     [90m 357 |[39m
     [90m 358 |[39m       expect(result[33m.[39msuccess)[33m.[39mtoBe([36mtrue[39m)[33m;[39m
     [90m 359 |[39m       expect(result[33m.[39mgpsRemoved)[33m.[39mtoBe([36mfalse[39m)[33m;[39m[0m

      at Object.<anonymous> (tests/unit/services/image-metadata.test.ts:356:36)

  ÔùÅ ImageMetadataService ÔÇ║ Privacy Features ÔÇ║ should strip all metadata when requested

    TypeError: service.stripAllMetadata is not a function

    [0m [90m 368 |[39m       [36mconst[39m outputPath [33m=[39m path[33m.[39mjoin(testDir[33m,[39m 
[32m"stripped_all.jpg"[39m)[33m;[39m
     [90m 369 |[39m
    [31m[1m>[22m[39m[90m 370 |[39m       [36mconst[39m result [33m=[39m [36mawait[39m 
service[33m.[39mstripAllMetadata(filePath[33m,[39m outputPath)[33m;[39m
     [90m     |[39m                                    [31m[1m^[22m[39m
     [90m 371 |[39m
     [90m 372 |[39m       expect(result[33m.[39msuccess)[33m.[39mtoBe([36mtrue[39m)[33m;[39m
     [90m 373 |[39m[0m

      at Object.<anonymous> (tests/unit/services/image-metadata.test.ts:370:36)

  ÔùÅ ImageMetadataService ÔÇ║ Thumbnail Extraction ÔÇ║ should detect embedded thumbnail

    expect(received).toBe(expected) // Object.is equality

    Expected: true
    Received: false

    [0m [90m 389 |[39m
     [90m 390 |[39m       [90m// Thumbnail detection depends on implementation[39m
    [31m[1m>[22m[39m[90m 391 |[39m       expect(metadata[33m.[39mhasThumbnail [33m!==[39m 
undefined)[33m.[39mtoBe([36mtrue[39m)[33m;[39m
     [90m     |[39m                                                   [31m[1m^[22m[39m
     [90m 392 |[39m     })[33m;[39m
     [90m 393 |[39m   })[33m;[39m
     [90m 394 |[39m[0m

      at Object.<anonymous> (tests/unit/services/image-metadata.test.ts:391:51)

  ÔùÅ ImageMetadataService ÔÇ║ Edge Cases ÔÇ║ should handle empty JPEG files

    expect(received).toBe(expected) // Object.is equality

    Expected: "JPEG"
    Received: "jpeg"

    [0m [90m 402 |[39m       [36mconst[39m metadata [33m=[39m [36mawait[39m 
service[33m.[39mextract(filePath)[33m;[39m
     [90m 403 |[39m
    [31m[1m>[22m[39m[90m 404 |[39m       
expect(metadata[33m.[39mformat)[33m.[39mtoBe([32m"JPEG"[39m)[33m;[39m
     [90m     |[39m                               [31m[1m^[22m[39m
     [90m 405 |[39m     })[33m;[39m
     [90m 406 |[39m
     [90m 407 |[39m     it([32m"should handle corrupted EXIF data"[39m[33m,[39m [36masync[39m () [33m=>[39m 
{[0m

      at Object.<anonymous> (tests/unit/services/image-metadata.test.ts:404:31)

  ÔùÅ ImageMetadataService ÔÇ║ Edge Cases ÔÇ║ should handle corrupted EXIF data

    expect(received).toBe(expected) // Object.is equality

    Expected: "JPEG"
    Received: "jpeg"

    [0m [90m 423 |[39m
     [90m 424 |[39m       [90m// Should not throw[39m
    [31m[1m>[22m[39m[90m 425 |[39m       
expect(metadata[33m.[39mformat)[33m.[39mtoBe([32m"JPEG"[39m)[33m;[39m
     [90m     |[39m                               [31m[1m^[22m[39m
     [90m 426 |[39m     })[33m;[39m
     [90m 427 |[39m
     [90m 428 |[39m     it([32m"should handle very large EXIF data"[39m[33m,[39m [36masync[39m () [33m=>[39m 
{[0m

      at Object.<anonymous> (tests/unit/services/image-metadata.test.ts:425:31)

  ÔùÅ ImageMetadataService ÔÇ║ Edge Cases ÔÇ║ should handle very large EXIF data

    expect(received).toBe(expected) // Object.is equality

    Expected: "JPEG"
    Received: "jpeg"

    [0m [90m 434 |[39m       [36mconst[39m metadata [33m=[39m [36mawait[39m 
service[33m.[39mextract(filePath)[33m;[39m
     [90m 435 |[39m
    [31m[1m>[22m[39m[90m 436 |[39m       
expect(metadata[33m.[39mformat)[33m.[39mtoBe([32m"JPEG"[39m)[33m;[39m
     [90m     |[39m                               [31m[1m^[22m[39m
     [90m 437 |[39m     })[33m;[39m
     [90m 438 |[39m
     [90m 439 |[39m     it([32m"should handle Unicode in EXIF"[39m[33m,[39m [36masync[39m () [33m=>[39m {[0m

      at Object.<anonymous> (tests/unit/services/image-metadata.test.ts:436:31)

  ÔùÅ ImageMetadataService ÔÇ║ Edge Cases ÔÇ║ should handle Unicode in EXIF

    expect(received).toBe(expected) // Object.is equality

    Expected: "JPEG"
    Received: "jpeg"

    [0m [90m 445 |[39m       [36mconst[39m metadata [33m=[39m [36mawait[39m 
service[33m.[39mextract(filePath)[33m;[39m
     [90m 446 |[39m
    [31m[1m>[22m[39m[90m 447 |[39m       
expect(metadata[33m.[39mformat)[33m.[39mtoBe([32m"JPEG"[39m)[33m;[39m
     [90m     |[39m                               [31m[1m^[22m[39m
     [90m 448 |[39m     })[33m;[39m
     [90m 449 |[39m
     [90m 450 |[39m     it([32m"should handle multiple APP segments"[39m[33m,[39m [36masync[39m () 
[33m=>[39m {[0m

      at Object.<anonymous> (tests/unit/services/image-metadata.test.ts:447:31)

  ÔùÅ ImageMetadataService ÔÇ║ Edge Cases ÔÇ║ should handle multiple APP segments

    expect(received).toBe(expected) // Object.is equality

    Expected: "JPEG"
    Received: "jpeg"

    [0m [90m 466 |[39m       [36mconst[39m metadata [33m=[39m [36mawait[39m 
service[33m.[39mextract(filePath)[33m;[39m
     [90m 467 |[39m
    [31m[1m>[22m[39m[90m 468 |[39m       
expect(metadata[33m.[39mformat)[33m.[39mtoBe([32m"JPEG"[39m)[33m;[39m
     [90m     |[39m                               [31m[1m^[22m[39m
     [90m 469 |[39m     })[33m;[39m
     [90m 470 |[39m
     [90m 471 |[39m     it([32m"should handle TIFF images"[39m[33m,[39m [36masync[39m () [33m=>[39m {[0m

      at Object.<anonymous> (tests/unit/services/image-metadata.test.ts:468:31)

  ÔùÅ ImageMetadataService ÔÇ║ Edge Cases ÔÇ║ should handle TIFF images

    expect(received).toBe(expected) // Object.is equality

    Expected: "TIFF"
    Received: "tiff"

    [0m [90m 487 |[39m       [36mconst[39m metadata [33m=[39m [36mawait[39m 
service[33m.[39mextract(filePath)[33m;[39m
     [90m 488 |[39m
    [31m[1m>[22m[39m[90m 489 |[39m       
expect(metadata[33m.[39mformat)[33m.[39mtoBe([32m"TIFF"[39m)[33m;[39m
     [90m     |[39m                               [31m[1m^[22m[39m
     [90m 490 |[39m     })[33m;[39m
     [90m 491 |[39m
     [90m 492 |[39m     it([32m"should handle PNG images"[39m[33m,[39m [36masync[39m () [33m=>[39m {[0m

      at Object.<anonymous> (tests/unit/services/image-metadata.test.ts:489:31)

  ÔùÅ ImageMetadataService ÔÇ║ Edge Cases ÔÇ║ should handle PNG images

    expect(received).toBe(expected) // Object.is equality

    Expected: "PNG"
    Received: "png"

    [0m [90m 513 |[39m       [36mconst[39m metadata [33m=[39m [36mawait[39m 
service[33m.[39mextract(filePath)[33m;[39m
     [90m 514 |[39m
    [31m[1m>[22m[39m[90m 515 |[39m       
expect(metadata[33m.[39mformat)[33m.[39mtoBe([32m"PNG"[39m)[33m;[39m
     [90m     |[39m                               [31m[1m^[22m[39m
     [90m 516 |[39m       expect(metadata[33m.[39mwidth)[33m.[39mtoBe([35m100[39m)[33m;[39m
     [90m 517 |[39m       expect(metadata[33m.[39mheight)[33m.[39mtoBe([35m100[39m)[33m;[39m
     [90m 518 |[39m     })[33m;[39m[0m

      at Object.<anonymous> (tests/unit/services/image-metadata.test.ts:515:31)

  ÔùÅ ImageMetadataService ÔÇ║ Integration Tests ÔÇ║ should handle complete workflow with privacy stripping

    expect(received).toBe(expected) // Object.is equality

    Expected: true
    Received: undefined

    [0m [90m 533 |[39m       [90m// Extract original metadata[39m
     [90m 534 |[39m       [36mconst[39m originalMeta [33m=[39m [36mawait[39m 
service[33m.[39mextract(originalPath[33m,[39m { extractGPS[33m:[39m [36mtrue[39m })[33m;[39m
    [31m[1m>[22m[39m[90m 535 |[39m       
expect(originalMeta[33m.[39mgps[33m?[39m[33m.[39mhasGPS)[33m.[39mtoBe([36mtrue[39m)[33m;[39m
     [90m     |[39m                                        [31m[1m^[22m[39m
     [90m 536 |[39m       
expect(originalMeta[33m.[39mcamera[33m?[39m[33m.[39mmake)[33m.[39mtoBe([32m"Nikon"[39m)[33m;[39m
     [90m 537 |[39m
     [90m 538 |[39m       [90m// Strip GPS[39m[0m

      at Object.<anonymous> (tests/unit/services/image-metadata.test.ts:535:40)

  ÔùÅ ImageMetadataService ÔÇ║ Integration Tests ÔÇ║ should organize batch with mixed metadata

    expect(received).toBe(expected) // Object.is equality

    Expected: "Canon"
    Received: undefined

    [0m [90m 566 |[39m
     [90m 567 |[39m       expect(results)[33m.[39mtoHaveLength([35m3[39m)[33m;[39m
    [31m[1m>[22m[39m[90m 568 |[39m       
expect(results[[35m0[39m][33m.[39mcamera[33m?[39m[33m.[39mmake)[33m.[39mtoBe([32m"Canon"[39m)[33m;[39m
     [90m     |[39m                                       [31m[1m^[22m[39m
     [90m 569 |[39m       expect(results[[35m1[39m][33m.[39mhasEXIF)[33m.[39mtoBe([36mfalse[39m)[33m;[39m
     [90m 570 |[39m       
expect(results[[35m2[39m][33m.[39mgps[33m?[39m[33m.[39mhasGPS)[33m.[39mtoBe([36mtrue[39m)[33m;[39m
     [90m 571 |[39m     })[33m;[39m[0m

      at Object.<anonymous> (tests/unit/services/image-metadata.test.ts:568:39)


Test Suites: 3 failed, 54 passed, 57 total
Tests:       69 failed, 3 skipped, 911 passed, 983 total
Snapshots:   0 total
Time:        45.896 s
Ran all test suites.
